Thread(s) : 24
Fold      : 05
Debut     : 2026-05-28 15:43:45
====================================================

====================================================
Fold 05
====================================================
=== DATASET: fb15k237 | rank:200 | lambda_A:0.1 | lambda_R:0.1 ===
[Config] maxIter:20 | conv:1.0e-06 | threads:24
[Data]   n_entities:14541 | n_relations:237 | total_nnz:310116
[Data]   nnz:310116 | import_time:0.04 s
[Eval]   positifs:2000 | neg/pos:1 | folds:10 | mode:cross-validation CSR echantillonnee
INFO : RESCAL : [  0] fit: 0.28973 | delta: 2.9e-01 | secs: 18.93183
INFO : RESCAL : [  1] fit: 0.39962 | delta: 1.1e-01 | secs: 18.88636
INFO : RESCAL : [  2] fit: 0.41265 | delta: 1.3e-02 | secs: 18.39036
INFO : RESCAL : [  3] fit: 0.41732 | delta: 4.7e-03 | secs: 18.57424
INFO : RESCAL : [  4] fit: 0.41976 | delta: 2.4e-03 | secs: 18.92502
INFO : RESCAL : [  5] fit: 0.42137 | delta: 1.6e-03 | secs: 19.15683
INFO : RESCAL : [  6] fit: 0.42236 | delta: 9.9e-04 | secs: 18.25786
INFO : RESCAL : [  7] fit: 0.42307 | delta: 7.1e-04 | secs: 18.13441
INFO : RESCAL : [  8] fit: 0.42359 | delta: 5.2e-04 | secs: 18.32933
INFO : RESCAL : [  9] fit: 0.42398 | delta: 3.9e-04 | secs: 18.42571
INFO : RESCAL : [ 10] fit: 0.42428 | delta: 3.0e-04 | secs: 18.45784
INFO : RESCAL : [ 11] fit: 0.42453 | delta: 2.5e-04 | secs: 18.04974
INFO : RESCAL : [ 12] fit: 0.42473 | delta: 2.0e-04 | secs: 17.95015
INFO : RESCAL : [ 13] fit: 0.42490 | delta: 1.7e-04 | secs: 17.71729
INFO : RESCAL : [ 14] fit: 0.42504 | delta: 1.4e-04 | secs: 17.88396
INFO : RESCAL : [ 15] fit: 0.42515 | delta: 1.1e-04 | secs: 18.31120
INFO : RESCAL : [ 16] fit: 0.42524 | delta: 9.4e-05 | secs: 17.78775
INFO : RESCAL : [ 17] fit: 0.42532 | delta: 8.0e-05 | secs: 20.72637
INFO : RESCAL : [ 18] fit: 0.42539 | delta: 7.1e-05 | secs: 18.51313
INFO : RESCAL : [ 19] fit: 0.42546 | delta: 6.6e-05 | secs: 19.02973
[Fold 5] AUC-PR: 0.970496
