Thread(s) : 24
Fold      : 07
Debut     : 2026-05-28 15:43:45
====================================================

====================================================
Fold 07
====================================================
=== DATASET: fb15k237 | rank:200 | lambda_A:0.1 | lambda_R:0.1 ===
[Config] maxIter:20 | conv:1.0e-06 | threads:24
[Data]   n_entities:14541 | n_relations:237 | total_nnz:310116
[Data]   nnz:310116 | import_time:0.04 s
[Eval]   positifs:2000 | neg/pos:1 | folds:10 | mode:cross-validation CSR echantillonnee
INFO : RESCAL : [  0] fit: 0.29272 | delta: 2.9e-01 | secs: 18.75375
INFO : RESCAL : [  1] fit: 0.40371 | delta: 1.1e-01 | secs: 19.28595
INFO : RESCAL : [  2] fit: 0.41675 | delta: 1.3e-02 | secs: 18.35692
INFO : RESCAL : [  3] fit: 0.42145 | delta: 4.7e-03 | secs: 18.01322
INFO : RESCAL : [  4] fit: 0.42379 | delta: 2.3e-03 | secs: 18.78581
INFO : RESCAL : [  5] fit: 0.42512 | delta: 1.3e-03 | secs: 19.03702
INFO : RESCAL : [  6] fit: 0.42588 | delta: 7.7e-04 | secs: 18.26009
INFO : RESCAL : [  7] fit: 0.42640 | delta: 5.2e-04 | secs: 18.71135
INFO : RESCAL : [  8] fit: 0.42678 | delta: 3.8e-04 | secs: 18.34559
INFO : RESCAL : [  9] fit: 0.42709 | delta: 3.1e-04 | secs: 18.36357
INFO : RESCAL : [ 10] fit: 0.42733 | delta: 2.5e-04 | secs: 18.15768
INFO : RESCAL : [ 11] fit: 0.42754 | delta: 2.1e-04 | secs: 18.29407
INFO : RESCAL : [ 12] fit: 0.42772 | delta: 1.7e-04 | secs: 18.77329
INFO : RESCAL : [ 13] fit: 0.42787 | delta: 1.5e-04 | secs: 18.85256
INFO : RESCAL : [ 14] fit: 0.42800 | delta: 1.3e-04 | secs: 18.37586
INFO : RESCAL : [ 15] fit: 0.42812 | delta: 1.2e-04 | secs: 18.02305
INFO : RESCAL : [ 16] fit: 0.42823 | delta: 1.1e-04 | secs: 18.97774
INFO : RESCAL : [ 17] fit: 0.42833 | delta: 1.0e-04 | secs: 18.99086
INFO : RESCAL : [ 18] fit: 0.42842 | delta: 9.4e-05 | secs: 18.13998
INFO : RESCAL : [ 19] fit: 0.42851 | delta: 8.9e-05 | secs: 18.19100
[Fold 7] AUC-PR: 0.975082
