Thread(s) : 24
Fold      : 04
Debut     : 2026-05-28 15:43:45
====================================================

====================================================
Fold 04
====================================================
=== DATASET: fb15k237 | rank:200 | lambda_A:0.1 | lambda_R:0.1 ===
[Config] maxIter:20 | conv:1.0e-06 | threads:24
[Data]   n_entities:14541 | n_relations:237 | total_nnz:310116
[Data]   nnz:310116 | import_time:0.04 s
[Eval]   positifs:2000 | neg/pos:1 | folds:10 | mode:cross-validation CSR echantillonnee
INFO : RESCAL : [  0] fit: 0.29324 | delta: 2.9e-01 | secs: 18.47115
INFO : RESCAL : [  1] fit: 0.40373 | delta: 1.1e-01 | secs: 19.04358
INFO : RESCAL : [  2] fit: 0.41657 | delta: 1.3e-02 | secs: 18.38830
INFO : RESCAL : [  3] fit: 0.42145 | delta: 4.9e-03 | secs: 18.62235
INFO : RESCAL : [  4] fit: 0.42380 | delta: 2.4e-03 | secs: 18.32415
INFO : RESCAL : [  5] fit: 0.42517 | delta: 1.4e-03 | secs: 18.77940
INFO : RESCAL : [  6] fit: 0.42606 | delta: 8.9e-04 | secs: 18.44198
INFO : RESCAL : [  7] fit: 0.42668 | delta: 6.2e-04 | secs: 18.46111
INFO : RESCAL : [  8] fit: 0.42715 | delta: 4.8e-04 | secs: 18.51229
INFO : RESCAL : [  9] fit: 0.42753 | delta: 3.8e-04 | secs: 18.77860
INFO : RESCAL : [ 10] fit: 0.42785 | delta: 3.2e-04 | secs: 18.42789
INFO : RESCAL : [ 11] fit: 0.42810 | delta: 2.6e-04 | secs: 18.11604
INFO : RESCAL : [ 12] fit: 0.42833 | delta: 2.2e-04 | secs: 18.97726
INFO : RESCAL : [ 13] fit: 0.42851 | delta: 1.9e-04 | secs: 18.83748
INFO : RESCAL : [ 14] fit: 0.42868 | delta: 1.6e-04 | secs: 18.50358
INFO : RESCAL : [ 15] fit: 0.42882 | delta: 1.4e-04 | secs: 19.19684
INFO : RESCAL : [ 16] fit: 0.42894 | delta: 1.2e-04 | secs: 18.68471
INFO : RESCAL : [ 17] fit: 0.42904 | delta: 1.0e-04 | secs: 18.72828
INFO : RESCAL : [ 18] fit: 0.42913 | delta: 8.7e-05 | secs: 18.50195
INFO : RESCAL : [ 19] fit: 0.42920 | delta: 7.3e-05 | secs: 18.45339
[Fold 4] AUC-PR: 0.992219
