Thread(s) : 24
Fold      : 06
Debut     : 2026-05-28 15:43:45
====================================================

====================================================
Fold 06
====================================================
=== DATASET: fb15k237 | rank:200 | lambda_A:0.1 | lambda_R:0.1 ===
[Config] maxIter:20 | conv:1.0e-06 | threads:24
[Data]   n_entities:14541 | n_relations:237 | total_nnz:310116
[Data]   nnz:310116 | import_time:0.04 s
[Eval]   positifs:2000 | neg/pos:1 | folds:10 | mode:cross-validation CSR echantillonnee
INFO : RESCAL : [  0] fit: 0.28814 | delta: 2.9e-01 | secs: 18.70736
INFO : RESCAL : [  1] fit: 0.40275 | delta: 1.1e-01 | secs: 18.85495
INFO : RESCAL : [  2] fit: 0.41539 | delta: 1.3e-02 | secs: 17.95129
INFO : RESCAL : [  3] fit: 0.42019 | delta: 4.8e-03 | secs: 18.91641
INFO : RESCAL : [  4] fit: 0.42273 | delta: 2.5e-03 | secs: 18.42780
INFO : RESCAL : [  5] fit: 0.42443 | delta: 1.7e-03 | secs: 18.43314
INFO : RESCAL : [  6] fit: 0.42554 | delta: 1.1e-03 | secs: 18.39771
INFO : RESCAL : [  7] fit: 0.42628 | delta: 7.5e-04 | secs: 19.09212
INFO : RESCAL : [  8] fit: 0.42680 | delta: 5.2e-04 | secs: 18.25699
INFO : RESCAL : [  9] fit: 0.42719 | delta: 3.9e-04 | secs: 18.74316
INFO : RESCAL : [ 10] fit: 0.42744 | delta: 2.5e-04 | secs: 18.55576
INFO : RESCAL : [ 11] fit: 0.42764 | delta: 2.0e-04 | secs: 18.69076
INFO : RESCAL : [ 12] fit: 0.42779 | delta: 1.5e-04 | secs: 18.74663
INFO : RESCAL : [ 13] fit: 0.42793 | delta: 1.3e-04 | secs: 18.72877
INFO : RESCAL : [ 14] fit: 0.42803 | delta: 1.1e-04 | secs: 18.59075
INFO : RESCAL : [ 15] fit: 0.42813 | delta: 9.7e-05 | secs: 18.34517
INFO : RESCAL : [ 16] fit: 0.42821 | delta: 7.9e-05 | secs: 18.66424
INFO : RESCAL : [ 17] fit: 0.42828 | delta: 7.3e-05 | secs: 19.04015
INFO : RESCAL : [ 18] fit: 0.42834 | delta: 6.2e-05 | secs: 18.46718
INFO : RESCAL : [ 19] fit: 0.42840 | delta: 5.8e-05 | secs: 18.82668
[Fold 6] AUC-PR: 0.980851
