Thread(s) : 24
Fold      : 01
Debut     : 2026-05-28 15:43:45
====================================================

====================================================
Fold 01
====================================================
=== DATASET: fb15k237 | rank:200 | lambda_A:0.1 | lambda_R:0.1 ===
[Config] maxIter:20 | conv:1.0e-06 | threads:24
[Data]   n_entities:14541 | n_relations:237 | total_nnz:310116
[Data]   nnz:310116 | import_time:0.04 s
[Eval]   positifs:2000 | neg/pos:1 | folds:10 | mode:cross-validation CSR echantillonnee
INFO : RESCAL : [  0] fit: 0.28998 | delta: 2.9e-01 | secs: 18.58506
INFO : RESCAL : [  1] fit: 0.40475 | delta: 1.1e-01 | secs: 18.83561
INFO : RESCAL : [  2] fit: 0.41780 | delta: 1.3e-02 | secs: 18.74698
INFO : RESCAL : [  3] fit: 0.42236 | delta: 4.6e-03 | secs: 18.59968
INFO : RESCAL : [  4] fit: 0.42473 | delta: 2.4e-03 | secs: 18.52416
INFO : RESCAL : [  5] fit: 0.42621 | delta: 1.5e-03 | secs: 18.48515
INFO : RESCAL : [  6] fit: 0.42724 | delta: 1.0e-03 | secs: 18.56985
INFO : RESCAL : [  7] fit: 0.42795 | delta: 7.1e-04 | secs: 18.40038
INFO : RESCAL : [  8] fit: 0.42839 | delta: 4.4e-04 | secs: 18.67548
INFO : RESCAL : [  9] fit: 0.42871 | delta: 3.1e-04 | secs: 18.16030
INFO : RESCAL : [ 10] fit: 0.42895 | delta: 2.4e-04 | secs: 18.76931
INFO : RESCAL : [ 11] fit: 0.42913 | delta: 1.9e-04 | secs: 18.53982
INFO : RESCAL : [ 12] fit: 0.42927 | delta: 1.4e-04 | secs: 18.63432
INFO : RESCAL : [ 13] fit: 0.42939 | delta: 1.1e-04 | secs: 17.93545
INFO : RESCAL : [ 14] fit: 0.42948 | delta: 8.7e-05 | secs: 18.39881
INFO : RESCAL : [ 15] fit: 0.42955 | delta: 7.3e-05 | secs: 18.07412
INFO : RESCAL : [ 16] fit: 0.42961 | delta: 5.9e-05 | secs: 18.10288
INFO : RESCAL : [ 17] fit: 0.42966 | delta: 5.2e-05 | secs: 18.44092
INFO : RESCAL : [ 18] fit: 0.42970 | delta: 4.6e-05 | secs: 18.70122
INFO : RESCAL : [ 19] fit: 0.42975 | delta: 4.3e-05 | secs: 18.71814
[Fold 1] AUC-PR: 0.970459
