Thread(s) : 24
Fold      : 08
Debut     : 2026-05-28 15:43:45
====================================================

====================================================
Fold 08
====================================================
=== DATASET: fb15k237 | rank:200 | lambda_A:0.1 | lambda_R:0.1 ===
[Config] maxIter:20 | conv:1.0e-06 | threads:24
[Data]   n_entities:14541 | n_relations:237 | total_nnz:310116
[Data]   nnz:310116 | import_time:0.04 s
[Eval]   positifs:2000 | neg/pos:1 | folds:10 | mode:cross-validation CSR echantillonnee
INFO : RESCAL : [  0] fit: 0.29140 | delta: 2.9e-01 | secs: 18.67132
INFO : RESCAL : [  1] fit: 0.40383 | delta: 1.1e-01 | secs: 18.96273
INFO : RESCAL : [  2] fit: 0.41679 | delta: 1.3e-02 | secs: 17.98287
INFO : RESCAL : [  3] fit: 0.42156 | delta: 4.8e-03 | secs: 18.59033
INFO : RESCAL : [  4] fit: 0.42399 | delta: 2.4e-03 | secs: 18.03245
INFO : RESCAL : [  5] fit: 0.42532 | delta: 1.3e-03 | secs: 18.99428
INFO : RESCAL : [  6] fit: 0.42613 | delta: 8.1e-04 | secs: 18.59770
INFO : RESCAL : [  7] fit: 0.42670 | delta: 5.7e-04 | secs: 18.34525
INFO : RESCAL : [  8] fit: 0.42714 | delta: 4.4e-04 | secs: 18.15402
INFO : RESCAL : [  9] fit: 0.42748 | delta: 3.4e-04 | secs: 18.83446
INFO : RESCAL : [ 10] fit: 0.42776 | delta: 2.8e-04 | secs: 18.56867
INFO : RESCAL : [ 11] fit: 0.42799 | delta: 2.3e-04 | secs: 17.79167
INFO : RESCAL : [ 12] fit: 0.42819 | delta: 2.0e-04 | secs: 17.91978
INFO : RESCAL : [ 13] fit: 0.42836 | delta: 1.7e-04 | secs: 18.40558
INFO : RESCAL : [ 14] fit: 0.42851 | delta: 1.5e-04 | secs: 18.46482
INFO : RESCAL : [ 15] fit: 0.42864 | delta: 1.3e-04 | secs: 18.66396
INFO : RESCAL : [ 16] fit: 0.42876 | delta: 1.2e-04 | secs: 18.53643
INFO : RESCAL : [ 17] fit: 0.42886 | delta: 1.0e-04 | secs: 18.25333
INFO : RESCAL : [ 18] fit: 0.42896 | delta: 9.3e-05 | secs: 18.38506
INFO : RESCAL : [ 19] fit: 0.42904 | delta: 8.4e-05 | secs: 18.18663
[Fold 8] AUC-PR: 0.973127
