Thread(s) : 24
Fold      : 03
Debut     : 2026-05-28 15:43:45
====================================================

====================================================
Fold 03
====================================================
=== DATASET: fb15k237 | rank:200 | lambda_A:0.1 | lambda_R:0.1 ===
[Config] maxIter:20 | conv:1.0e-06 | threads:24
[Data]   n_entities:14541 | n_relations:237 | total_nnz:310116
[Data]   nnz:310116 | import_time:0.04 s
[Eval]   positifs:2000 | neg/pos:1 | folds:10 | mode:cross-validation CSR echantillonnee
INFO : RESCAL : [  0] fit: 0.28901 | delta: 2.9e-01 | secs: 18.69421
INFO : RESCAL : [  1] fit: 0.40103 | delta: 1.1e-01 | secs: 18.65020
INFO : RESCAL : [  2] fit: 0.41395 | delta: 1.3e-02 | secs: 18.60904
INFO : RESCAL : [  3] fit: 0.41866 | delta: 4.7e-03 | secs: 18.95170
INFO : RESCAL : [  4] fit: 0.42102 | delta: 2.4e-03 | secs: 18.41130
INFO : RESCAL : [  5] fit: 0.42232 | delta: 1.3e-03 | secs: 18.51513
INFO : RESCAL : [  6] fit: 0.42320 | delta: 8.8e-04 | secs: 18.61058
INFO : RESCAL : [  7] fit: 0.42386 | delta: 6.6e-04 | secs: 17.41812
INFO : RESCAL : [  8] fit: 0.42439 | delta: 5.4e-04 | secs: 18.71708
INFO : RESCAL : [  9] fit: 0.42480 | delta: 4.1e-04 | secs: 18.70694
INFO : RESCAL : [ 10] fit: 0.42514 | delta: 3.3e-04 | secs: 18.25364
INFO : RESCAL : [ 11] fit: 0.42540 | delta: 2.6e-04 | secs: 18.99552
INFO : RESCAL : [ 12] fit: 0.42562 | delta: 2.2e-04 | secs: 18.44532
INFO : RESCAL : [ 13] fit: 0.42581 | delta: 1.9e-04 | secs: 18.81667
INFO : RESCAL : [ 14] fit: 0.42597 | delta: 1.7e-04 | secs: 18.41175
INFO : RESCAL : [ 15] fit: 0.42612 | delta: 1.4e-04 | secs: 18.60764
INFO : RESCAL : [ 16] fit: 0.42625 | delta: 1.3e-04 | secs: 18.48506
INFO : RESCAL : [ 17] fit: 0.42636 | delta: 1.1e-04 | secs: 18.72105
INFO : RESCAL : [ 18] fit: 0.42646 | delta: 1.0e-04 | secs: 18.56792
INFO : RESCAL : [ 19] fit: 0.42655 | delta: 8.8e-05 | secs: 18.51869
[Fold 3] AUC-PR: 0.982305
