Thread(s) : 24
Fold      : 00
Debut     : 2026-05-28 15:43:45
====================================================

====================================================
Fold 00
====================================================
=== DATASET: fb15k237 | rank:200 | lambda_A:0.1 | lambda_R:0.1 ===
[Config] maxIter:20 | conv:1.0e-06 | threads:24
[Data]   n_entities:14541 | n_relations:237 | total_nnz:310116
[Data]   nnz:310116 | import_time:0.04 s
[Eval]   positifs:2000 | neg/pos:1 | folds:10 | mode:cross-validation CSR echantillonnee
INFO : RESCAL : [  0] fit: 0.29269 | delta: 2.9e-01 | secs: 20.95991
INFO : RESCAL : [  1] fit: 0.40661 | delta: 1.1e-01 | secs: 18.11785
INFO : RESCAL : [  2] fit: 0.42016 | delta: 1.4e-02 | secs: 18.44542
INFO : RESCAL : [  3] fit: 0.42512 | delta: 5.0e-03 | secs: 18.13847
INFO : RESCAL : [  4] fit: 0.42724 | delta: 2.1e-03 | secs: 17.58573
INFO : RESCAL : [  5] fit: 0.42841 | delta: 1.2e-03 | secs: 18.07270
INFO : RESCAL : [  6] fit: 0.42920 | delta: 8.0e-04 | secs: 18.41697
INFO : RESCAL : [  7] fit: 0.42979 | delta: 5.9e-04 | secs: 18.40318
INFO : RESCAL : [  8] fit: 0.43024 | delta: 4.5e-04 | secs: 19.06447
INFO : RESCAL : [  9] fit: 0.43060 | delta: 3.6e-04 | secs: 17.99226
INFO : RESCAL : [ 10] fit: 0.43089 | delta: 2.9e-04 | secs: 17.90836
INFO : RESCAL : [ 11] fit: 0.43114 | delta: 2.4e-04 | secs: 18.63203
INFO : RESCAL : [ 12] fit: 0.43134 | delta: 2.0e-04 | secs: 19.07892
INFO : RESCAL : [ 13] fit: 0.43151 | delta: 1.7e-04 | secs: 18.71723
INFO : RESCAL : [ 14] fit: 0.43166 | delta: 1.5e-04 | secs: 18.78679
INFO : RESCAL : [ 15] fit: 0.43179 | delta: 1.3e-04 | secs: 18.72565
INFO : RESCAL : [ 16] fit: 0.43191 | delta: 1.1e-04 | secs: 18.22350
INFO : RESCAL : [ 17] fit: 0.43201 | delta: 1.0e-04 | secs: 18.45078
INFO : RESCAL : [ 18] fit: 0.43209 | delta: 8.6e-05 | secs: 18.39345
INFO : RESCAL : [ 19] fit: 0.43217 | delta: 7.6e-05 | secs: 18.28280
[Fold 0] AUC-PR: 0.977812
