Thread(s) : 22
Fold      : 04
Debut     : 2026-05-28 14:41:14
====================================================

====================================================
Fold 04
====================================================
=== DATASET: fb15k237 | rank:200 | lambda_A:0.1 | lambda_R:0.1 ===
[Config] maxIter:20 | conv:1.0e-06 | threads:22
[Data]   n_entities:14541 | n_relations:237 | total_nnz:310116
[Data]   nnz:310116 | import_time:0.04 s
[Eval]   positifs:2000 | neg/pos:1 | folds:10 | mode:cross-validation CSR echantillonnee
INFO : RESCAL : [  0] fit: 0.29078 | delta: 2.9e-01 | secs: 18.47093
INFO : RESCAL : [  1] fit: 0.40340 | delta: 1.1e-01 | secs: 19.10034
INFO : RESCAL : [  2] fit: 0.41601 | delta: 1.3e-02 | secs: 19.02236
INFO : RESCAL : [  3] fit: 0.42088 | delta: 4.9e-03 | secs: 18.71050
INFO : RESCAL : [  4] fit: 0.42342 | delta: 2.5e-03 | secs: 19.72418
INFO : RESCAL : [  5] fit: 0.42496 | delta: 1.5e-03 | secs: 18.38684
INFO : RESCAL : [  6] fit: 0.42588 | delta: 9.3e-04 | secs: 18.23076
INFO : RESCAL : [  7] fit: 0.42654 | delta: 6.5e-04 | secs: 18.71618
INFO : RESCAL : [  8] fit: 0.42701 | delta: 4.8e-04 | secs: 17.98249
INFO : RESCAL : [  9] fit: 0.42740 | delta: 3.8e-04 | secs: 18.20754
INFO : RESCAL : [ 10] fit: 0.42770 | delta: 3.0e-04 | secs: 18.07052
INFO : RESCAL : [ 11] fit: 0.42795 | delta: 2.5e-04 | secs: 18.98836
INFO : RESCAL : [ 12] fit: 0.42815 | delta: 2.0e-04 | secs: 17.88116
INFO : RESCAL : [ 13] fit: 0.42832 | delta: 1.7e-04 | secs: 18.90166
INFO : RESCAL : [ 14] fit: 0.42846 | delta: 1.4e-04 | secs: 18.50083
INFO : RESCAL : [ 15] fit: 0.42858 | delta: 1.2e-04 | secs: 18.76728
INFO : RESCAL : [ 16] fit: 0.42868 | delta: 1.0e-04 | secs: 18.19034
INFO : RESCAL : [ 17] fit: 0.42877 | delta: 8.9e-05 | secs: 19.13985
INFO : RESCAL : [ 18] fit: 0.42885 | delta: 7.8e-05 | secs: 17.95080
INFO : RESCAL : [ 19] fit: 0.42892 | delta: 7.1e-05 | secs: 18.66275
[Fold 4] AUC-PR: 0.967731
