Thread(s) : 22
Fold      : 02
Debut     : 2026-05-28 14:41:14
====================================================

====================================================
Fold 02
====================================================
=== DATASET: fb15k237 | rank:200 | lambda_A:0.1 | lambda_R:0.1 ===
[Config] maxIter:20 | conv:1.0e-06 | threads:22
[Data]   n_entities:14541 | n_relations:237 | total_nnz:310116
[Data]   nnz:310116 | import_time:0.04 s
[Eval]   positifs:2000 | neg/pos:1 | folds:10 | mode:cross-validation CSR echantillonnee
INFO : RESCAL : [  0] fit: 0.29084 | delta: 2.9e-01 | secs: 18.62900
INFO : RESCAL : [  1] fit: 0.40543 | delta: 1.1e-01 | secs: 18.20278
INFO : RESCAL : [  2] fit: 0.41866 | delta: 1.3e-02 | secs: 18.41965
INFO : RESCAL : [  3] fit: 0.42341 | delta: 4.7e-03 | secs: 18.34088
INFO : RESCAL : [  4] fit: 0.42572 | delta: 2.3e-03 | secs: 18.62755
INFO : RESCAL : [  5] fit: 0.42691 | delta: 1.2e-03 | secs: 18.32499
INFO : RESCAL : [  6] fit: 0.42753 | delta: 6.2e-04 | secs: 18.87760
INFO : RESCAL : [  7] fit: 0.42799 | delta: 4.6e-04 | secs: 18.43567
INFO : RESCAL : [  8] fit: 0.42835 | delta: 3.7e-04 | secs: 19.01280
INFO : RESCAL : [  9] fit: 0.42868 | delta: 3.2e-04 | secs: 18.15123
INFO : RESCAL : [ 10] fit: 0.42896 | delta: 2.8e-04 | secs: 19.24447
INFO : RESCAL : [ 11] fit: 0.42921 | delta: 2.5e-04 | secs: 18.42014
INFO : RESCAL : [ 12] fit: 0.42943 | delta: 2.2e-04 | secs: 19.17792
INFO : RESCAL : [ 13] fit: 0.42962 | delta: 1.9e-04 | secs: 18.12866
INFO : RESCAL : [ 14] fit: 0.42978 | delta: 1.6e-04 | secs: 18.90115
INFO : RESCAL : [ 15] fit: 0.42991 | delta: 1.3e-04 | secs: 18.43557
INFO : RESCAL : [ 16] fit: 0.43000 | delta: 9.5e-05 | secs: 19.07761
INFO : RESCAL : [ 17] fit: 0.43008 | delta: 7.9e-05 | secs: 18.24381
INFO : RESCAL : [ 18] fit: 0.43015 | delta: 6.5e-05 | secs: 19.00343
INFO : RESCAL : [ 19] fit: 0.43020 | delta: 5.8e-05 | secs: 18.42639
[Fold 2] AUC-PR: 0.982232
