Thread(s) : 22
Fold      : 03
Debut     : 2026-05-28 14:41:14
====================================================

====================================================
Fold 03
====================================================
=== DATASET: fb15k237 | rank:200 | lambda_A:0.1 | lambda_R:0.1 ===
[Config] maxIter:20 | conv:1.0e-06 | threads:22
[Data]   n_entities:14541 | n_relations:237 | total_nnz:310116
[Data]   nnz:310116 | import_time:0.04 s
[Eval]   positifs:2000 | neg/pos:1 | folds:10 | mode:cross-validation CSR echantillonnee
INFO : RESCAL : [  0] fit: 0.29228 | delta: 2.9e-01 | secs: 18.40271
INFO : RESCAL : [  1] fit: 0.40416 | delta: 1.1e-01 | secs: 18.32418
INFO : RESCAL : [  2] fit: 0.41712 | delta: 1.3e-02 | secs: 18.62173
INFO : RESCAL : [  3] fit: 0.42190 | delta: 4.8e-03 | secs: 18.61960
INFO : RESCAL : [  4] fit: 0.42425 | delta: 2.3e-03 | secs: 18.71129
INFO : RESCAL : [  5] fit: 0.42551 | delta: 1.3e-03 | secs: 18.79522
INFO : RESCAL : [  6] fit: 0.42631 | delta: 8.0e-04 | secs: 18.88288
INFO : RESCAL : [  7] fit: 0.42694 | delta: 6.2e-04 | secs: 17.82255
INFO : RESCAL : [  8] fit: 0.42743 | delta: 5.0e-04 | secs: 17.90807
INFO : RESCAL : [  9] fit: 0.42786 | delta: 4.3e-04 | secs: 18.69626
INFO : RESCAL : [ 10] fit: 0.42823 | delta: 3.7e-04 | secs: 18.09891
INFO : RESCAL : [ 11] fit: 0.42856 | delta: 3.3e-04 | secs: 18.72134
INFO : RESCAL : [ 12] fit: 0.42884 | delta: 2.8e-04 | secs: 18.42687
INFO : RESCAL : [ 13] fit: 0.42909 | delta: 2.5e-04 | secs: 18.57419
INFO : RESCAL : [ 14] fit: 0.42929 | delta: 2.0e-04 | secs: 17.83931
INFO : RESCAL : [ 15] fit: 0.42946 | delta: 1.7e-04 | secs: 18.75619
INFO : RESCAL : [ 16] fit: 0.42961 | delta: 1.4e-04 | secs: 18.35162
INFO : RESCAL : [ 17] fit: 0.42973 | delta: 1.3e-04 | secs: 18.82469
INFO : RESCAL : [ 18] fit: 0.42984 | delta: 1.1e-04 | secs: 17.96908
INFO : RESCAL : [ 19] fit: 0.42993 | delta: 9.2e-05 | secs: 18.89692
[Fold 3] AUC-PR: 0.968231
