Thread(s) : 22
Fold      : 00
Debut     : 2026-05-28 14:41:14
====================================================

====================================================
Fold 00
====================================================
=== DATASET: fb15k237 | rank:200 | lambda_A:0.1 | lambda_R:0.1 ===
[Config] maxIter:20 | conv:1.0e-06 | threads:22
[Data]   n_entities:14541 | n_relations:237 | total_nnz:310116
[Data]   nnz:310116 | import_time:0.04 s
[Eval]   positifs:2000 | neg/pos:1 | folds:10 | mode:cross-validation CSR echantillonnee
INFO : RESCAL : [  0] fit: 0.28729 | delta: 2.9e-01 | secs: 18.95311
INFO : RESCAL : [  1] fit: 0.40111 | delta: 1.1e-01 | secs: 17.64421
INFO : RESCAL : [  2] fit: 0.41355 | delta: 1.2e-02 | secs: 18.68382
INFO : RESCAL : [  3] fit: 0.41826 | delta: 4.7e-03 | secs: 18.35432
INFO : RESCAL : [  4] fit: 0.42056 | delta: 2.3e-03 | secs: 18.38453
INFO : RESCAL : [  5] fit: 0.42177 | delta: 1.2e-03 | secs: 18.42519
INFO : RESCAL : [  6] fit: 0.42246 | delta: 6.9e-04 | secs: 18.85082
INFO : RESCAL : [  7] fit: 0.42290 | delta: 4.4e-04 | secs: 18.34776
INFO : RESCAL : [  8] fit: 0.42326 | delta: 3.6e-04 | secs: 19.02331
INFO : RESCAL : [  9] fit: 0.42355 | delta: 2.9e-04 | secs: 18.36013
INFO : RESCAL : [ 10] fit: 0.42382 | delta: 2.7e-04 | secs: 18.25489
INFO : RESCAL : [ 11] fit: 0.42408 | delta: 2.5e-04 | secs: 18.54466
INFO : RESCAL : [ 12] fit: 0.42432 | delta: 2.5e-04 | secs: 18.05278
INFO : RESCAL : [ 13] fit: 0.42455 | delta: 2.3e-04 | secs: 18.43327
INFO : RESCAL : [ 14] fit: 0.42475 | delta: 2.0e-04 | secs: 18.28632
INFO : RESCAL : [ 15] fit: 0.42492 | delta: 1.7e-04 | secs: 18.51876
INFO : RESCAL : [ 16] fit: 0.42507 | delta: 1.5e-04 | secs: 18.24449
INFO : RESCAL : [ 17] fit: 0.42521 | delta: 1.4e-04 | secs: 18.23014
INFO : RESCAL : [ 18] fit: 0.42533 | delta: 1.3e-04 | secs: 18.04837
INFO : RESCAL : [ 19] fit: 0.42545 | delta: 1.2e-04 | secs: 18.49332
[Fold 0] AUC-PR: 0.976214
