Thread(s) : 22
Fold      : 07
Debut     : 2026-05-28 14:41:14
====================================================

====================================================
Fold 07
====================================================
=== DATASET: fb15k237 | rank:200 | lambda_A:0.1 | lambda_R:0.1 ===
[Config] maxIter:20 | conv:1.0e-06 | threads:22
[Data]   n_entities:14541 | n_relations:237 | total_nnz:310116
[Data]   nnz:310116 | import_time:0.04 s
[Eval]   positifs:2000 | neg/pos:1 | folds:10 | mode:cross-validation CSR echantillonnee
INFO : RESCAL : [  0] fit: 0.29064 | delta: 2.9e-01 | secs: 18.15856
INFO : RESCAL : [  1] fit: 0.40257 | delta: 1.1e-01 | secs: 18.21446
INFO : RESCAL : [  2] fit: 0.41490 | delta: 1.2e-02 | secs: 18.73628
INFO : RESCAL : [  3] fit: 0.41966 | delta: 4.8e-03 | secs: 18.48179
INFO : RESCAL : [  4] fit: 0.42193 | delta: 2.3e-03 | secs: 18.62787
INFO : RESCAL : [  5] fit: 0.42326 | delta: 1.3e-03 | secs: 19.03160
INFO : RESCAL : [  6] fit: 0.42412 | delta: 8.6e-04 | secs: 18.16184
INFO : RESCAL : [  7] fit: 0.42479 | delta: 6.7e-04 | secs: 18.99205
INFO : RESCAL : [  8] fit: 0.42528 | delta: 4.8e-04 | secs: 18.15533
INFO : RESCAL : [  9] fit: 0.42563 | delta: 3.5e-04 | secs: 18.76298
INFO : RESCAL : [ 10] fit: 0.42592 | delta: 2.9e-04 | secs: 18.28301
INFO : RESCAL : [ 11] fit: 0.42619 | delta: 2.8e-04 | secs: 18.92689
INFO : RESCAL : [ 12] fit: 0.42645 | delta: 2.6e-04 | secs: 18.99776
INFO : RESCAL : [ 13] fit: 0.42668 | delta: 2.3e-04 | secs: 18.79304
INFO : RESCAL : [ 14] fit: 0.42685 | delta: 1.8e-04 | secs: 18.20842
INFO : RESCAL : [ 15] fit: 0.42700 | delta: 1.4e-04 | secs: 18.60690
INFO : RESCAL : [ 16] fit: 0.42711 | delta: 1.1e-04 | secs: 18.20898
INFO : RESCAL : [ 17] fit: 0.42720 | delta: 9.5e-05 | secs: 18.66008
INFO : RESCAL : [ 18] fit: 0.42728 | delta: 7.8e-05 | secs: 18.14188
INFO : RESCAL : [ 19] fit: 0.42735 | delta: 6.9e-05 | secs: 18.73120
[Fold 7] AUC-PR: 0.972929
