Thread(s) : 22
Fold      : 09
Debut     : 2026-05-28 14:41:14
====================================================

====================================================
Fold 09
====================================================
=== DATASET: fb15k237 | rank:200 | lambda_A:0.1 | lambda_R:0.1 ===
[Config] maxIter:20 | conv:1.0e-06 | threads:22
[Data]   n_entities:14541 | n_relations:237 | total_nnz:310116
[Data]   nnz:310116 | import_time:0.04 s
[Eval]   positifs:2000 | neg/pos:1 | folds:10 | mode:cross-validation CSR echantillonnee
INFO : RESCAL : [  0] fit: 0.29078 | delta: 2.9e-01 | secs: 17.91682
INFO : RESCAL : [  1] fit: 0.40459 | delta: 1.1e-01 | secs: 18.78651
INFO : RESCAL : [  2] fit: 0.41712 | delta: 1.3e-02 | secs: 19.27643
INFO : RESCAL : [  3] fit: 0.42183 | delta: 4.7e-03 | secs: 18.96025
INFO : RESCAL : [  4] fit: 0.42418 | delta: 2.3e-03 | secs: 18.54191
INFO : RESCAL : [  5] fit: 0.42555 | delta: 1.4e-03 | secs: 18.83299
INFO : RESCAL : [  6] fit: 0.42641 | delta: 8.6e-04 | secs: 18.79957
INFO : RESCAL : [  7] fit: 0.42701 | delta: 6.0e-04 | secs: 19.01404
INFO : RESCAL : [  8] fit: 0.42744 | delta: 4.3e-04 | secs: 18.30635
INFO : RESCAL : [  9] fit: 0.42778 | delta: 3.4e-04 | secs: 18.99478
INFO : RESCAL : [ 10] fit: 0.42805 | delta: 2.7e-04 | secs: 18.45184
INFO : RESCAL : [ 11] fit: 0.42827 | delta: 2.3e-04 | secs: 18.56728
INFO : RESCAL : [ 12] fit: 0.42846 | delta: 1.9e-04 | secs: 18.09907
INFO : RESCAL : [ 13] fit: 0.42863 | delta: 1.7e-04 | secs: 18.12955
INFO : RESCAL : [ 14] fit: 0.42877 | delta: 1.5e-04 | secs: 18.15036
INFO : RESCAL : [ 15] fit: 0.42891 | delta: 1.4e-04 | secs: 18.93566
INFO : RESCAL : [ 16] fit: 0.42903 | delta: 1.2e-04 | secs: 18.05135
INFO : RESCAL : [ 17] fit: 0.42914 | delta: 1.1e-04 | secs: 18.41658
INFO : RESCAL : [ 18] fit: 0.42924 | delta: 1.0e-04 | secs: 18.05828
INFO : RESCAL : [ 19] fit: 0.42934 | delta: 9.3e-05 | secs: 19.03972
[Fold 9] AUC-PR: 0.980167
