Thread(s) : 56
Fold      : 08
Debut     : 2026-05-29 08:31:46
====================================================

====================================================
Fold 08
====================================================
=== DATASET: fb15k237 | rank:200 | lambda_A:0.1 | lambda_R:0.1 ===
[Config] maxIter:20 | conv:1.0e-06 | threads:56
[Data]   n_entities:14541 | n_relations:237 | total_nnz:310116
[Data]   nnz:310116 | import_time:0.05 s
[Eval]   positifs:2000 | neg/pos:1 | folds:10 | mode:cross-validation CSR echantillonnee
INFO : RESCAL : [  0] fit: 0.29052 | delta: 2.9e-01 | secs: 19.07991
INFO : RESCAL : [  1] fit: 0.40098 | delta: 1.1e-01 | secs: 18.62231
INFO : RESCAL : [  2] fit: 0.41384 | delta: 1.3e-02 | secs: 18.55390
INFO : RESCAL : [  3] fit: 0.41872 | delta: 4.9e-03 | secs: 19.22152
INFO : RESCAL : [  4] fit: 0.42131 | delta: 2.6e-03 | secs: 18.92896
INFO : RESCAL : [  5] fit: 0.42299 | delta: 1.7e-03 | secs: 18.72212
INFO : RESCAL : [  6] fit: 0.42410 | delta: 1.1e-03 | secs: 18.28890
INFO : RESCAL : [  7] fit: 0.42484 | delta: 7.4e-04 | secs: 19.03620
INFO : RESCAL : [  8] fit: 0.42532 | delta: 4.9e-04 | secs: 18.56396
INFO : RESCAL : [  9] fit: 0.42569 | delta: 3.7e-04 | secs: 18.90411
INFO : RESCAL : [ 10] fit: 0.42598 | delta: 2.9e-04 | secs: 18.34681
INFO : RESCAL : [ 11] fit: 0.42623 | delta: 2.4e-04 | secs: 18.75861
INFO : RESCAL : [ 12] fit: 0.42643 | delta: 2.0e-04 | secs: 19.04219
INFO : RESCAL : [ 13] fit: 0.42660 | delta: 1.7e-04 | secs: 18.84529
INFO : RESCAL : [ 14] fit: 0.42675 | delta: 1.5e-04 | secs: 18.65585
INFO : RESCAL : [ 15] fit: 0.42688 | delta: 1.3e-04 | secs: 19.06958
INFO : RESCAL : [ 16] fit: 0.42700 | delta: 1.2e-04 | secs: 18.89343
INFO : RESCAL : [ 17] fit: 0.42712 | delta: 1.1e-04 | secs: 19.08072
INFO : RESCAL : [ 18] fit: 0.42722 | delta: 1.1e-04 | secs: 18.39084
INFO : RESCAL : [ 19] fit: 0.42733 | delta: 1.0e-04 | secs: 19.01731
[Fold 8] AUC-PR: 0.980459
