Thread(s) : 56
Fold      : 05
Debut     : 2026-05-29 08:31:46
====================================================

====================================================
Fold 05
====================================================
=== DATASET: fb15k237 | rank:200 | lambda_A:0.1 | lambda_R:0.1 ===
[Config] maxIter:20 | conv:1.0e-06 | threads:56
[Data]   n_entities:14541 | n_relations:237 | total_nnz:310116
[Data]   nnz:310116 | import_time:0.05 s
[Eval]   positifs:2000 | neg/pos:1 | folds:10 | mode:cross-validation CSR echantillonnee
INFO : RESCAL : [  0] fit: 0.29193 | delta: 2.9e-01 | secs: 18.78184
INFO : RESCAL : [  1] fit: 0.40497 | delta: 1.1e-01 | secs: 18.84652
INFO : RESCAL : [  2] fit: 0.41788 | delta: 1.3e-02 | secs: 18.24322
INFO : RESCAL : [  3] fit: 0.42252 | delta: 4.6e-03 | secs: 18.73930
INFO : RESCAL : [  4] fit: 0.42466 | delta: 2.1e-03 | secs: 18.73965
INFO : RESCAL : [  5] fit: 0.42592 | delta: 1.3e-03 | secs: 18.82981
INFO : RESCAL : [  6] fit: 0.42675 | delta: 8.3e-04 | secs: 18.29234
INFO : RESCAL : [  7] fit: 0.42729 | delta: 5.3e-04 | secs: 19.03546
INFO : RESCAL : [  8] fit: 0.42766 | delta: 3.8e-04 | secs: 18.98498
INFO : RESCAL : [  9] fit: 0.42799 | delta: 3.3e-04 | secs: 19.07165
INFO : RESCAL : [ 10] fit: 0.42830 | delta: 3.0e-04 | secs: 18.27197
INFO : RESCAL : [ 11] fit: 0.42857 | delta: 2.7e-04 | secs: 18.85974
INFO : RESCAL : [ 12] fit: 0.42880 | delta: 2.2e-04 | secs: 18.46563
INFO : RESCAL : [ 13] fit: 0.42899 | delta: 1.9e-04 | secs: 18.93112
INFO : RESCAL : [ 14] fit: 0.42916 | delta: 1.8e-04 | secs: 18.37635
INFO : RESCAL : [ 15] fit: 0.42933 | delta: 1.7e-04 | secs: 18.82295
INFO : RESCAL : [ 16] fit: 0.42948 | delta: 1.5e-04 | secs: 18.79922
INFO : RESCAL : [ 17] fit: 0.42962 | delta: 1.4e-04 | secs: 18.61749
INFO : RESCAL : [ 18] fit: 0.42974 | delta: 1.2e-04 | secs: 18.41164
INFO : RESCAL : [ 19] fit: 0.42985 | delta: 1.1e-04 | secs: 18.91623
[Fold 5] AUC-PR: 0.976030
