Thread(s) : 56
Fold      : 02
Debut     : 2026-05-29 08:31:46
====================================================

====================================================
Fold 02
====================================================
=== DATASET: fb15k237 | rank:200 | lambda_A:0.1 | lambda_R:0.1 ===
[Config] maxIter:20 | conv:1.0e-06 | threads:56
[Data]   n_entities:14541 | n_relations:237 | total_nnz:310116
[Data]   nnz:310116 | import_time:0.05 s
[Eval]   positifs:2000 | neg/pos:1 | folds:10 | mode:cross-validation CSR echantillonnee
INFO : RESCAL : [  0] fit: 0.29266 | delta: 2.9e-01 | secs: 18.78628
INFO : RESCAL : [  1] fit: 0.40450 | delta: 1.1e-01 | secs: 18.66500
INFO : RESCAL : [  2] fit: 0.41757 | delta: 1.3e-02 | secs: 18.97477
INFO : RESCAL : [  3] fit: 0.42227 | delta: 4.7e-03 | secs: 19.02561
INFO : RESCAL : [  4] fit: 0.42461 | delta: 2.3e-03 | secs: 18.53025
INFO : RESCAL : [  5] fit: 0.42613 | delta: 1.5e-03 | secs: 18.95851
INFO : RESCAL : [  6] fit: 0.42712 | delta: 9.9e-04 | secs: 18.79062
INFO : RESCAL : [  7] fit: 0.42781 | delta: 6.9e-04 | secs: 19.32854
INFO : RESCAL : [  8] fit: 0.42830 | delta: 4.9e-04 | secs: 18.70473
INFO : RESCAL : [  9] fit: 0.42869 | delta: 3.9e-04 | secs: 18.89775
INFO : RESCAL : [ 10] fit: 0.42900 | delta: 3.1e-04 | secs: 18.13225
INFO : RESCAL : [ 11] fit: 0.42927 | delta: 2.6e-04 | secs: 19.17551
INFO : RESCAL : [ 12] fit: 0.42949 | delta: 2.2e-04 | secs: 19.06156
INFO : RESCAL : [ 13] fit: 0.42968 | delta: 1.9e-04 | secs: 19.11264
INFO : RESCAL : [ 14] fit: 0.42983 | delta: 1.5e-04 | secs: 18.64299
INFO : RESCAL : [ 15] fit: 0.42995 | delta: 1.2e-04 | secs: 19.25577
INFO : RESCAL : [ 16] fit: 0.43006 | delta: 1.1e-04 | secs: 18.96432
INFO : RESCAL : [ 17] fit: 0.43015 | delta: 9.5e-05 | secs: 18.55229
INFO : RESCAL : [ 18] fit: 0.43024 | delta: 8.7e-05 | secs: 18.65349
INFO : RESCAL : [ 19] fit: 0.43032 | delta: 8.2e-05 | secs: 18.95094
[Fold 2] AUC-PR: 0.979500
