Thread(s) : 56
Fold      : 01
Debut     : 2026-05-29 08:31:46
====================================================

====================================================
Fold 01
====================================================
=== DATASET: fb15k237 | rank:200 | lambda_A:0.1 | lambda_R:0.1 ===
[Config] maxIter:20 | conv:1.0e-06 | threads:56
[Data]   n_entities:14541 | n_relations:237 | total_nnz:310116
[Data]   nnz:310116 | import_time:0.05 s
[Eval]   positifs:2000 | neg/pos:1 | folds:10 | mode:cross-validation CSR echantillonnee
INFO : RESCAL : [  0] fit: 0.28149 | delta: 2.8e-01 | secs: 18.95614
INFO : RESCAL : [  1] fit: 0.39673 | delta: 1.2e-01 | secs: 18.81913
INFO : RESCAL : [  2] fit: 0.41013 | delta: 1.3e-02 | secs: 18.77125
INFO : RESCAL : [  3] fit: 0.41538 | delta: 5.3e-03 | secs: 19.13814
INFO : RESCAL : [  4] fit: 0.41806 | delta: 2.7e-03 | secs: 18.70125
INFO : RESCAL : [  5] fit: 0.41950 | delta: 1.4e-03 | secs: 18.32583
INFO : RESCAL : [  6] fit: 0.42030 | delta: 8.1e-04 | secs: 18.46778
INFO : RESCAL : [  7] fit: 0.42083 | delta: 5.3e-04 | secs: 18.92430
INFO : RESCAL : [  8] fit: 0.42122 | delta: 3.9e-04 | secs: 18.82353
INFO : RESCAL : [  9] fit: 0.42153 | delta: 3.1e-04 | secs: 19.10044
INFO : RESCAL : [ 10] fit: 0.42178 | delta: 2.5e-04 | secs: 18.59409
INFO : RESCAL : [ 11] fit: 0.42199 | delta: 2.1e-04 | secs: 19.09439
INFO : RESCAL : [ 12] fit: 0.42217 | delta: 1.8e-04 | secs: 18.74384
INFO : RESCAL : [ 13] fit: 0.42233 | delta: 1.6e-04 | secs: 18.37622
INFO : RESCAL : [ 14] fit: 0.42247 | delta: 1.4e-04 | secs: 18.20029
INFO : RESCAL : [ 15] fit: 0.42258 | delta: 1.2e-04 | secs: 19.02407
INFO : RESCAL : [ 16] fit: 0.42269 | delta: 1.1e-04 | secs: 18.78507
INFO : RESCAL : [ 17] fit: 0.42278 | delta: 9.4e-05 | secs: 19.20062
INFO : RESCAL : [ 18] fit: 0.42287 | delta: 8.5e-05 | secs: 19.06675
INFO : RESCAL : [ 19] fit: 0.42294 | delta: 7.6e-05 | secs: 18.96593
[Fold 1] AUC-PR: 0.976542
