Thread(s) : 56
Fold      : 03
Debut     : 2026-05-29 08:31:46
====================================================

====================================================
Fold 03
====================================================
=== DATASET: fb15k237 | rank:200 | lambda_A:0.1 | lambda_R:0.1 ===
[Config] maxIter:20 | conv:1.0e-06 | threads:56
[Data]   n_entities:14541 | n_relations:237 | total_nnz:310116
[Data]   nnz:310116 | import_time:0.05 s
[Eval]   positifs:2000 | neg/pos:1 | folds:10 | mode:cross-validation CSR echantillonnee
INFO : RESCAL : [  0] fit: 0.29159 | delta: 2.9e-01 | secs: 18.83054
INFO : RESCAL : [  1] fit: 0.40571 | delta: 1.1e-01 | secs: 18.90894
INFO : RESCAL : [  2] fit: 0.41876 | delta: 1.3e-02 | secs: 18.55960
INFO : RESCAL : [  3] fit: 0.42363 | delta: 4.9e-03 | secs: 19.22838
INFO : RESCAL : [  4] fit: 0.42600 | delta: 2.4e-03 | secs: 18.92625
INFO : RESCAL : [  5] fit: 0.42739 | delta: 1.4e-03 | secs: 18.92067
INFO : RESCAL : [  6] fit: 0.42828 | delta: 8.9e-04 | secs: 18.59520
INFO : RESCAL : [  7] fit: 0.42889 | delta: 6.1e-04 | secs: 19.27913
INFO : RESCAL : [  8] fit: 0.42935 | delta: 4.6e-04 | secs: 18.94003
INFO : RESCAL : [  9] fit: 0.42974 | delta: 3.8e-04 | secs: 18.53929
INFO : RESCAL : [ 10] fit: 0.43005 | delta: 3.1e-04 | secs: 18.24485
INFO : RESCAL : [ 11] fit: 0.43030 | delta: 2.6e-04 | secs: 18.96191
INFO : RESCAL : [ 12] fit: 0.43052 | delta: 2.1e-04 | secs: 18.72547
INFO : RESCAL : [ 13] fit: 0.43069 | delta: 1.7e-04 | secs: 18.66728
INFO : RESCAL : [ 14] fit: 0.43083 | delta: 1.4e-04 | secs: 18.28098
INFO : RESCAL : [ 15] fit: 0.43095 | delta: 1.2e-04 | secs: 19.19779
INFO : RESCAL : [ 16] fit: 0.43105 | delta: 1.0e-04 | secs: 18.83522
INFO : RESCAL : [ 17] fit: 0.43114 | delta: 8.7e-05 | secs: 19.01573
INFO : RESCAL : [ 18] fit: 0.43122 | delta: 7.8e-05 | secs: 18.61380
INFO : RESCAL : [ 19] fit: 0.43129 | delta: 7.1e-05 | secs: 19.09398
[Fold 3] AUC-PR: 0.979003
