Thread(s) : 42
Fold      : 08
Debut     : 2026-05-29 00:58:46
====================================================

====================================================
Fold 08
====================================================
=== DATASET: fb15k237 | rank:200 | lambda_A:0.1 | lambda_R:0.1 ===
[Config] maxIter:20 | conv:1.0e-06 | threads:42
[Data]   n_entities:14541 | n_relations:237 | total_nnz:310116
[Data]   nnz:310116 | import_time:0.04 s
[Eval]   positifs:2000 | neg/pos:1 | folds:10 | mode:cross-validation CSR echantillonnee
INFO : RESCAL : [  0] fit: 0.29045 | delta: 2.9e-01 | secs: 18.51381
INFO : RESCAL : [  1] fit: 0.40201 | delta: 1.1e-01 | secs: 18.80352
INFO : RESCAL : [  2] fit: 0.41494 | delta: 1.3e-02 | secs: 18.37526
INFO : RESCAL : [  3] fit: 0.41979 | delta: 4.8e-03 | secs: 19.27581
INFO : RESCAL : [  4] fit: 0.42213 | delta: 2.3e-03 | secs: 18.63344
INFO : RESCAL : [  5] fit: 0.42346 | delta: 1.3e-03 | secs: 21.45957
INFO : RESCAL : [  6] fit: 0.42432 | delta: 8.5e-04 | secs: 18.87521
INFO : RESCAL : [  7] fit: 0.42494 | delta: 6.2e-04 | secs: 18.83708
INFO : RESCAL : [  8] fit: 0.42541 | delta: 4.8e-04 | secs: 18.72274
INFO : RESCAL : [  9] fit: 0.42580 | delta: 3.9e-04 | secs: 19.14306
INFO : RESCAL : [ 10] fit: 0.42612 | delta: 3.2e-04 | secs: 18.31238
INFO : RESCAL : [ 11] fit: 0.42638 | delta: 2.7e-04 | secs: 19.01422
INFO : RESCAL : [ 12] fit: 0.42661 | delta: 2.3e-04 | secs: 18.86946
INFO : RESCAL : [ 13] fit: 0.42681 | delta: 2.0e-04 | secs: 19.37884
INFO : RESCAL : [ 14] fit: 0.42698 | delta: 1.7e-04 | secs: 18.56053
INFO : RESCAL : [ 15] fit: 0.42713 | delta: 1.5e-04 | secs: 21.52407
INFO : RESCAL : [ 16] fit: 0.42726 | delta: 1.3e-04 | secs: 18.84141
INFO : RESCAL : [ 17] fit: 0.42738 | delta: 1.2e-04 | secs: 20.76898
INFO : RESCAL : [ 18] fit: 0.42749 | delta: 1.1e-04 | secs: 18.65596
INFO : RESCAL : [ 19] fit: 0.42758 | delta: 9.5e-05 | secs: 19.46784
[Fold 8] AUC-PR: 0.976331
