Thread(s) : 42
Fold      : 04
Debut     : 2026-05-29 00:58:46
====================================================

====================================================
Fold 04
====================================================
=== DATASET: fb15k237 | rank:200 | lambda_A:0.1 | lambda_R:0.1 ===
[Config] maxIter:20 | conv:1.0e-06 | threads:42
[Data]   n_entities:14541 | n_relations:237 | total_nnz:310116
[Data]   nnz:310116 | import_time:0.04 s
[Eval]   positifs:2000 | neg/pos:1 | folds:10 | mode:cross-validation CSR echantillonnee
INFO : RESCAL : [  0] fit: 0.29059 | delta: 2.9e-01 | secs: 18.55794
INFO : RESCAL : [  1] fit: 0.40647 | delta: 1.2e-01 | secs: 18.80477
INFO : RESCAL : [  2] fit: 0.41931 | delta: 1.3e-02 | secs: 18.99058
INFO : RESCAL : [  3] fit: 0.42390 | delta: 4.6e-03 | secs: 21.24896
INFO : RESCAL : [  4] fit: 0.42605 | delta: 2.1e-03 | secs: 18.80426
INFO : RESCAL : [  5] fit: 0.42728 | delta: 1.2e-03 | secs: 18.97252
INFO : RESCAL : [  6] fit: 0.42805 | delta: 7.7e-04 | secs: 18.48276
INFO : RESCAL : [  7] fit: 0.42858 | delta: 5.3e-04 | secs: 18.96489
INFO : RESCAL : [  8] fit: 0.42896 | delta: 3.7e-04 | secs: 18.89416
INFO : RESCAL : [  9] fit: 0.42922 | delta: 2.7e-04 | secs: 19.11916
INFO : RESCAL : [ 10] fit: 0.42942 | delta: 2.0e-04 | secs: 18.86596
INFO : RESCAL : [ 11] fit: 0.42960 | delta: 1.8e-04 | secs: 18.80148
INFO : RESCAL : [ 12] fit: 0.42976 | delta: 1.6e-04 | secs: 18.50117
INFO : RESCAL : [ 13] fit: 0.42990 | delta: 1.5e-04 | secs: 19.61778
INFO : RESCAL : [ 14] fit: 0.43003 | delta: 1.3e-04 | secs: 18.76193
INFO : RESCAL : [ 15] fit: 0.43015 | delta: 1.2e-04 | secs: 19.19850
INFO : RESCAL : [ 16] fit: 0.43026 | delta: 1.1e-04 | secs: 18.13966
INFO : RESCAL : [ 17] fit: 0.43036 | delta: 9.9e-05 | secs: 18.69140
INFO : RESCAL : [ 18] fit: 0.43045 | delta: 9.1e-05 | secs: 18.46361
INFO : RESCAL : [ 19] fit: 0.43054 | delta: 8.4e-05 | secs: 18.90669
[Fold 4] AUC-PR: 0.972115
