Thread(s) : 42
Fold      : 05
Debut     : 2026-05-29 00:58:46
====================================================

====================================================
Fold 05
====================================================
=== DATASET: fb15k237 | rank:200 | lambda_A:0.1 | lambda_R:0.1 ===
[Config] maxIter:20 | conv:1.0e-06 | threads:42
[Data]   n_entities:14541 | n_relations:237 | total_nnz:310116
[Data]   nnz:310116 | import_time:0.04 s
[Eval]   positifs:2000 | neg/pos:1 | folds:10 | mode:cross-validation CSR echantillonnee
INFO : RESCAL : [  0] fit: 0.29266 | delta: 2.9e-01 | secs: 18.81383
INFO : RESCAL : [  1] fit: 0.40543 | delta: 1.1e-01 | secs: 18.59382
INFO : RESCAL : [  2] fit: 0.41799 | delta: 1.3e-02 | secs: 18.58242
INFO : RESCAL : [  3] fit: 0.42279 | delta: 4.8e-03 | secs: 21.54100
INFO : RESCAL : [  4] fit: 0.42505 | delta: 2.3e-03 | secs: 18.52458
INFO : RESCAL : [  5] fit: 0.42623 | delta: 1.2e-03 | secs: 18.97925
INFO : RESCAL : [  6] fit: 0.42691 | delta: 6.9e-04 | secs: 18.70750
INFO : RESCAL : [  7] fit: 0.42741 | delta: 5.0e-04 | secs: 19.16880
INFO : RESCAL : [  8] fit: 0.42781 | delta: 4.0e-04 | secs: 18.67713
INFO : RESCAL : [  9] fit: 0.42816 | delta: 3.4e-04 | secs: 21.75754
INFO : RESCAL : [ 10] fit: 0.42846 | delta: 3.0e-04 | secs: 18.88281
INFO : RESCAL : [ 11] fit: 0.42872 | delta: 2.6e-04 | secs: 21.75909
INFO : RESCAL : [ 12] fit: 0.42894 | delta: 2.3e-04 | secs: 19.07609
INFO : RESCAL : [ 13] fit: 0.42914 | delta: 1.9e-04 | secs: 21.47518
INFO : RESCAL : [ 14] fit: 0.42930 | delta: 1.6e-04 | secs: 18.60117
INFO : RESCAL : [ 15] fit: 0.42944 | delta: 1.4e-04 | secs: 21.46136
INFO : RESCAL : [ 16] fit: 0.42956 | delta: 1.2e-04 | secs: 18.69581
INFO : RESCAL : [ 17] fit: 0.42966 | delta: 1.0e-04 | secs: 21.50687
INFO : RESCAL : [ 18] fit: 0.42975 | delta: 8.9e-05 | secs: 18.82581
INFO : RESCAL : [ 19] fit: 0.42983 | delta: 7.7e-05 | secs: 21.35115
[Fold 5] AUC-PR: 0.966264
