Thread(s) : 42
Fold      : 03
Debut     : 2026-05-29 00:58:46
====================================================

====================================================
Fold 03
====================================================
=== DATASET: fb15k237 | rank:200 | lambda_A:0.1 | lambda_R:0.1 ===
[Config] maxIter:20 | conv:1.0e-06 | threads:42
[Data]   n_entities:14541 | n_relations:237 | total_nnz:310116
[Data]   nnz:310116 | import_time:0.04 s
[Eval]   positifs:2000 | neg/pos:1 | folds:10 | mode:cross-validation CSR echantillonnee
INFO : RESCAL : [  0] fit: 0.28826 | delta: 2.9e-01 | secs: 19.13917
INFO : RESCAL : [  1] fit: 0.40091 | delta: 1.1e-01 | secs: 18.94612
INFO : RESCAL : [  2] fit: 0.41396 | delta: 1.3e-02 | secs: 18.55055
INFO : RESCAL : [  3] fit: 0.41865 | delta: 4.7e-03 | secs: 21.30963
INFO : RESCAL : [  4] fit: 0.42098 | delta: 2.3e-03 | secs: 18.59066
INFO : RESCAL : [  5] fit: 0.42229 | delta: 1.3e-03 | secs: 21.57355
INFO : RESCAL : [  6] fit: 0.42297 | delta: 6.8e-04 | secs: 18.75730
INFO : RESCAL : [  7] fit: 0.42341 | delta: 4.4e-04 | secs: 21.62982
INFO : RESCAL : [  8] fit: 0.42374 | delta: 3.3e-04 | secs: 18.84595
INFO : RESCAL : [  9] fit: 0.42401 | delta: 2.7e-04 | secs: 19.25482
INFO : RESCAL : [ 10] fit: 0.42423 | delta: 2.3e-04 | secs: 18.97588
INFO : RESCAL : [ 11] fit: 0.42444 | delta: 2.0e-04 | secs: 21.50920
INFO : RESCAL : [ 12] fit: 0.42461 | delta: 1.8e-04 | secs: 18.92422
INFO : RESCAL : [ 13] fit: 0.42477 | delta: 1.6e-04 | secs: 21.58413
INFO : RESCAL : [ 14] fit: 0.42491 | delta: 1.4e-04 | secs: 18.73072
INFO : RESCAL : [ 15] fit: 0.42503 | delta: 1.2e-04 | secs: 21.21187
INFO : RESCAL : [ 16] fit: 0.42514 | delta: 1.1e-04 | secs: 18.66773
INFO : RESCAL : [ 17] fit: 0.42523 | delta: 9.7e-05 | secs: 21.59112
INFO : RESCAL : [ 18] fit: 0.42532 | delta: 8.5e-05 | secs: 18.82676
INFO : RESCAL : [ 19] fit: 0.42540 | delta: 7.8e-05 | secs: 21.76080
[Fold 3] AUC-PR: 0.975975
