Thread(s) : 42
Fold      : 07
Debut     : 2026-05-29 00:58:46
====================================================

====================================================
Fold 07
====================================================
=== DATASET: fb15k237 | rank:200 | lambda_A:0.1 | lambda_R:0.1 ===
[Config] maxIter:20 | conv:1.0e-06 | threads:42
[Data]   n_entities:14541 | n_relations:237 | total_nnz:310116
[Data]   nnz:310116 | import_time:0.04 s
[Eval]   positifs:2000 | neg/pos:1 | folds:10 | mode:cross-validation CSR echantillonnee
INFO : RESCAL : [  0] fit: 0.28746 | delta: 2.9e-01 | secs: 19.28032
INFO : RESCAL : [  1] fit: 0.40217 | delta: 1.1e-01 | secs: 18.96596
INFO : RESCAL : [  2] fit: 0.41470 | delta: 1.3e-02 | secs: 19.14194
INFO : RESCAL : [  3] fit: 0.41932 | delta: 4.6e-03 | secs: 18.86544
INFO : RESCAL : [  4] fit: 0.42169 | delta: 2.4e-03 | secs: 19.40886
INFO : RESCAL : [  5] fit: 0.42307 | delta: 1.4e-03 | secs: 18.10157
INFO : RESCAL : [  6] fit: 0.42392 | delta: 8.4e-04 | secs: 19.37904
INFO : RESCAL : [  7] fit: 0.42456 | delta: 6.4e-04 | secs: 18.25009
INFO : RESCAL : [  8] fit: 0.42511 | delta: 5.6e-04 | secs: 18.97730
INFO : RESCAL : [  9] fit: 0.42561 | delta: 5.0e-04 | secs: 18.53234
INFO : RESCAL : [ 10] fit: 0.42607 | delta: 4.6e-04 | secs: 21.53894
INFO : RESCAL : [ 11] fit: 0.42646 | delta: 3.9e-04 | secs: 18.71638
INFO : RESCAL : [ 12] fit: 0.42678 | delta: 3.2e-04 | secs: 21.77017
INFO : RESCAL : [ 13] fit: 0.42704 | delta: 2.6e-04 | secs: 18.47913
INFO : RESCAL : [ 14] fit: 0.42726 | delta: 2.2e-04 | secs: 19.17008
INFO : RESCAL : [ 15] fit: 0.42745 | delta: 1.9e-04 | secs: 18.62366
INFO : RESCAL : [ 16] fit: 0.42762 | delta: 1.7e-04 | secs: 19.34176
INFO : RESCAL : [ 17] fit: 0.42778 | delta: 1.5e-04 | secs: 18.55094
INFO : RESCAL : [ 18] fit: 0.42791 | delta: 1.3e-04 | secs: 21.39855
INFO : RESCAL : [ 19] fit: 0.42802 | delta: 1.1e-04 | secs: 18.75965
[Fold 7] AUC-PR: 0.977489
