Thread(s) : 42
Fold      : 02
Debut     : 2026-05-29 00:58:46
====================================================

====================================================
Fold 02
====================================================
=== DATASET: fb15k237 | rank:200 | lambda_A:0.1 | lambda_R:0.1 ===
[Config] maxIter:20 | conv:1.0e-06 | threads:42
[Data]   n_entities:14541 | n_relations:237 | total_nnz:310116
[Data]   nnz:310116 | import_time:0.04 s
[Eval]   positifs:2000 | neg/pos:1 | folds:10 | mode:cross-validation CSR echantillonnee
INFO : RESCAL : [  0] fit: 0.29086 | delta: 2.9e-01 | secs: 18.44002
INFO : RESCAL : [  1] fit: 0.40417 | delta: 1.1e-01 | secs: 18.77387
INFO : RESCAL : [  2] fit: 0.41721 | delta: 1.3e-02 | secs: 18.75510
INFO : RESCAL : [  3] fit: 0.42243 | delta: 5.2e-03 | secs: 21.80118
INFO : RESCAL : [  4] fit: 0.42507 | delta: 2.6e-03 | secs: 18.90125
INFO : RESCAL : [  5] fit: 0.42658 | delta: 1.5e-03 | secs: 21.45533
INFO : RESCAL : [  6] fit: 0.42751 | delta: 9.3e-04 | secs: 18.67815
INFO : RESCAL : [  7] fit: 0.42818 | delta: 6.7e-04 | secs: 21.12763
INFO : RESCAL : [  8] fit: 0.42867 | delta: 4.9e-04 | secs: 19.13403
INFO : RESCAL : [  9] fit: 0.42905 | delta: 3.8e-04 | secs: 21.33672
INFO : RESCAL : [ 10] fit: 0.42934 | delta: 2.9e-04 | secs: 18.66363
INFO : RESCAL : [ 11] fit: 0.42958 | delta: 2.4e-04 | secs: 21.29803
INFO : RESCAL : [ 12] fit: 0.42979 | delta: 2.0e-04 | secs: 18.98562
INFO : RESCAL : [ 13] fit: 0.42997 | delta: 1.8e-04 | secs: 21.78636
INFO : RESCAL : [ 14] fit: 0.43012 | delta: 1.6e-04 | secs: 18.49320
INFO : RESCAL : [ 15] fit: 0.43026 | delta: 1.4e-04 | secs: 21.42926
INFO : RESCAL : [ 16] fit: 0.43038 | delta: 1.2e-04 | secs: 18.54774
INFO : RESCAL : [ 17] fit: 0.43049 | delta: 1.1e-04 | secs: 21.33151
INFO : RESCAL : [ 18] fit: 0.43059 | delta: 1.0e-04 | secs: 18.62454
INFO : RESCAL : [ 19] fit: 0.43068 | delta: 9.0e-05 | secs: 21.74993
[Fold 2] AUC-PR: 0.985238
