Thread(s) : 42
Fold      : 09
Debut     : 2026-05-29 00:58:46
====================================================

====================================================
Fold 09
====================================================
=== DATASET: fb15k237 | rank:200 | lambda_A:0.1 | lambda_R:0.1 ===
[Config] maxIter:20 | conv:1.0e-06 | threads:42
[Data]   n_entities:14541 | n_relations:237 | total_nnz:310116
[Data]   nnz:310116 | import_time:0.04 s
[Eval]   positifs:2000 | neg/pos:1 | folds:10 | mode:cross-validation CSR echantillonnee
INFO : RESCAL : [  0] fit: 0.29124 | delta: 2.9e-01 | secs: 19.22064
INFO : RESCAL : [  1] fit: 0.40186 | delta: 1.1e-01 | secs: 19.04258
INFO : RESCAL : [  2] fit: 0.41440 | delta: 1.3e-02 | secs: 18.93654
INFO : RESCAL : [  3] fit: 0.41900 | delta: 4.6e-03 | secs: 21.11948
INFO : RESCAL : [  4] fit: 0.42133 | delta: 2.3e-03 | secs: 18.95800
INFO : RESCAL : [  5] fit: 0.42276 | delta: 1.4e-03 | secs: 18.53781
INFO : RESCAL : [  6] fit: 0.42369 | delta: 9.3e-04 | secs: 18.60744
INFO : RESCAL : [  7] fit: 0.42432 | delta: 6.3e-04 | secs: 18.87033
INFO : RESCAL : [  8] fit: 0.42483 | delta: 5.1e-04 | secs: 18.61322
INFO : RESCAL : [  9] fit: 0.42523 | delta: 4.0e-04 | secs: 19.08599
INFO : RESCAL : [ 10] fit: 0.42554 | delta: 3.1e-04 | secs: 18.88641
INFO : RESCAL : [ 11] fit: 0.42579 | delta: 2.5e-04 | secs: 19.18252
INFO : RESCAL : [ 12] fit: 0.42601 | delta: 2.1e-04 | secs: 18.39422
INFO : RESCAL : [ 13] fit: 0.42619 | delta: 1.8e-04 | secs: 19.08814
INFO : RESCAL : [ 14] fit: 0.42635 | delta: 1.6e-04 | secs: 18.23506
INFO : RESCAL : [ 15] fit: 0.42649 | delta: 1.4e-04 | secs: 19.32348
INFO : RESCAL : [ 16] fit: 0.42661 | delta: 1.2e-04 | secs: 18.65534
INFO : RESCAL : [ 17] fit: 0.42671 | delta: 1.0e-04 | secs: 19.30400
INFO : RESCAL : [ 18] fit: 0.42680 | delta: 9.2e-05 | secs: 18.51651
INFO : RESCAL : [ 19] fit: 0.42689 | delta: 8.1e-05 | secs: 19.14871
[Fold 9] AUC-PR: 0.976476
