Thread(s) : 58
Fold      : 02
Debut     : 2026-05-29 09:35:16
====================================================

====================================================
Fold 02
====================================================
=== DATASET: fb15k237 | rank:200 | lambda_A:0.1 | lambda_R:0.1 ===
[Config] maxIter:20 | conv:1.0e-06 | threads:58
[Data]   n_entities:14541 | n_relations:237 | total_nnz:310116
[Data]   nnz:310116 | import_time:0.04 s
[Eval]   positifs:2000 | neg/pos:1 | folds:10 | mode:cross-validation CSR echantillonnee
INFO : RESCAL : [  0] fit: 0.29180 | delta: 2.9e-01 | secs: 18.34276
INFO : RESCAL : [  1] fit: 0.40248 | delta: 1.1e-01 | secs: 18.60063
INFO : RESCAL : [  2] fit: 0.41537 | delta: 1.3e-02 | secs: 18.97691
INFO : RESCAL : [  3] fit: 0.41982 | delta: 4.4e-03 | secs: 21.91154
INFO : RESCAL : [  4] fit: 0.42195 | delta: 2.1e-03 | secs: 18.71656
INFO : RESCAL : [  5] fit: 0.42322 | delta: 1.3e-03 | secs: 19.02614
INFO : RESCAL : [  6] fit: 0.42400 | delta: 7.8e-04 | secs: 18.75658
INFO : RESCAL : [  7] fit: 0.42451 | delta: 5.2e-04 | secs: 19.07540
INFO : RESCAL : [  8] fit: 0.42495 | delta: 4.3e-04 | secs: 18.73770
INFO : RESCAL : [  9] fit: 0.42534 | delta: 3.9e-04 | secs: 18.90620
INFO : RESCAL : [ 10] fit: 0.42568 | delta: 3.4e-04 | secs: 18.73069
INFO : RESCAL : [ 11] fit: 0.42598 | delta: 2.9e-04 | secs: 18.67925
INFO : RESCAL : [ 12] fit: 0.42622 | delta: 2.4e-04 | secs: 18.61040
INFO : RESCAL : [ 13] fit: 0.42643 | delta: 2.0e-04 | secs: 18.70571
INFO : RESCAL : [ 14] fit: 0.42659 | delta: 1.7e-04 | secs: 18.22700
INFO : RESCAL : [ 15] fit: 0.42673 | delta: 1.4e-04 | secs: 18.47077
INFO : RESCAL : [ 16] fit: 0.42685 | delta: 1.1e-04 | secs: 18.34415
INFO : RESCAL : [ 17] fit: 0.42694 | delta: 9.7e-05 | secs: 18.60820
INFO : RESCAL : [ 18] fit: 0.42703 | delta: 8.2e-05 | secs: 19.22067
INFO : RESCAL : [ 19] fit: 0.42710 | delta: 7.2e-05 | secs: 18.99494
[Fold 2] AUC-PR: 0.977560
