Thread(s) : 58
Fold      : 03
Debut     : 2026-05-29 09:35:16
====================================================

====================================================
Fold 03
====================================================
=== DATASET: fb15k237 | rank:200 | lambda_A:0.1 | lambda_R:0.1 ===
[Config] maxIter:20 | conv:1.0e-06 | threads:58
[Data]   n_entities:14541 | n_relations:237 | total_nnz:310116
[Data]   nnz:310116 | import_time:0.04 s
[Eval]   positifs:2000 | neg/pos:1 | folds:10 | mode:cross-validation CSR echantillonnee
INFO : RESCAL : [  0] fit: 0.28880 | delta: 2.9e-01 | secs: 18.82961
INFO : RESCAL : [  1] fit: 0.39980 | delta: 1.1e-01 | secs: 18.56844
INFO : RESCAL : [  2] fit: 0.41228 | delta: 1.2e-02 | secs: 18.34270
INFO : RESCAL : [  3] fit: 0.41682 | delta: 4.5e-03 | secs: 18.73608
INFO : RESCAL : [  4] fit: 0.41923 | delta: 2.4e-03 | secs: 18.40569
INFO : RESCAL : [  5] fit: 0.42080 | delta: 1.6e-03 | secs: 21.40815
INFO : RESCAL : [  6] fit: 0.42185 | delta: 1.0e-03 | secs: 18.32981
INFO : RESCAL : [  7] fit: 0.42259 | delta: 7.4e-04 | secs: 19.29894
INFO : RESCAL : [  8] fit: 0.42312 | delta: 5.3e-04 | secs: 18.52545
INFO : RESCAL : [  9] fit: 0.42355 | delta: 4.3e-04 | secs: 19.30252
INFO : RESCAL : [ 10] fit: 0.42389 | delta: 3.4e-04 | secs: 18.38511
INFO : RESCAL : [ 11] fit: 0.42418 | delta: 2.9e-04 | secs: 18.83846
INFO : RESCAL : [ 12] fit: 0.42442 | delta: 2.4e-04 | secs: 18.52796
INFO : RESCAL : [ 13] fit: 0.42464 | delta: 2.2e-04 | secs: 19.13410
INFO : RESCAL : [ 14] fit: 0.42483 | delta: 1.9e-04 | secs: 18.88211
INFO : RESCAL : [ 15] fit: 0.42500 | delta: 1.7e-04 | secs: 18.66579
INFO : RESCAL : [ 16] fit: 0.42515 | delta: 1.5e-04 | secs: 18.63042
INFO : RESCAL : [ 17] fit: 0.42529 | delta: 1.4e-04 | secs: 21.87327
INFO : RESCAL : [ 18] fit: 0.42542 | delta: 1.2e-04 | secs: 18.79562
INFO : RESCAL : [ 19] fit: 0.42553 | delta: 1.1e-04 | secs: 22.18945
[Fold 3] AUC-PR: 0.980353
