Thread(s) : 58
Fold      : 04
Debut     : 2026-05-29 09:35:16
====================================================

====================================================
Fold 04
====================================================
=== DATASET: fb15k237 | rank:200 | lambda_A:0.1 | lambda_R:0.1 ===
[Config] maxIter:20 | conv:1.0e-06 | threads:58
[Data]   n_entities:14541 | n_relations:237 | total_nnz:310116
[Data]   nnz:310116 | import_time:0.04 s
[Eval]   positifs:2000 | neg/pos:1 | folds:10 | mode:cross-validation CSR echantillonnee
INFO : RESCAL : [  0] fit: 0.29125 | delta: 2.9e-01 | secs: 18.32554
INFO : RESCAL : [  1] fit: 0.40182 | delta: 1.1e-01 | secs: 18.60065
INFO : RESCAL : [  2] fit: 0.41445 | delta: 1.3e-02 | secs: 18.54436
INFO : RESCAL : [  3] fit: 0.41903 | delta: 4.6e-03 | secs: 18.43485
INFO : RESCAL : [  4] fit: 0.42142 | delta: 2.4e-03 | secs: 18.90083
INFO : RESCAL : [  5] fit: 0.42275 | delta: 1.3e-03 | secs: 22.21341
INFO : RESCAL : [  6] fit: 0.42357 | delta: 8.2e-04 | secs: 18.13614
INFO : RESCAL : [  7] fit: 0.42414 | delta: 5.7e-04 | secs: 19.27467
INFO : RESCAL : [  8] fit: 0.42457 | delta: 4.3e-04 | secs: 18.50564
INFO : RESCAL : [  9] fit: 0.42490 | delta: 3.3e-04 | secs: 19.28644
INFO : RESCAL : [ 10] fit: 0.42517 | delta: 2.6e-04 | secs: 18.37282
INFO : RESCAL : [ 11] fit: 0.42539 | delta: 2.2e-04 | secs: 19.16013
INFO : RESCAL : [ 12] fit: 0.42558 | delta: 1.9e-04 | secs: 18.35573
INFO : RESCAL : [ 13] fit: 0.42575 | delta: 1.7e-04 | secs: 18.86192
INFO : RESCAL : [ 14] fit: 0.42589 | delta: 1.5e-04 | secs: 18.93799
INFO : RESCAL : [ 15] fit: 0.42603 | delta: 1.3e-04 | secs: 19.12763
INFO : RESCAL : [ 16] fit: 0.42615 | delta: 1.2e-04 | secs: 18.47915
INFO : RESCAL : [ 17] fit: 0.42626 | delta: 1.1e-04 | secs: 19.09437
INFO : RESCAL : [ 18] fit: 0.42636 | delta: 9.9e-05 | secs: 18.54823
INFO : RESCAL : [ 19] fit: 0.42645 | delta: 9.0e-05 | secs: 18.13760
[Fold 4] AUC-PR: 0.979870
