Thread(s) : 58
Fold      : 09
Debut     : 2026-05-29 09:35:16
====================================================

====================================================
Fold 09
====================================================
=== DATASET: fb15k237 | rank:200 | lambda_A:0.1 | lambda_R:0.1 ===
[Config] maxIter:20 | conv:1.0e-06 | threads:58
[Data]   n_entities:14541 | n_relations:237 | total_nnz:310116
[Data]   nnz:310116 | import_time:0.04 s
[Eval]   positifs:2000 | neg/pos:1 | folds:10 | mode:cross-validation CSR echantillonnee
INFO : RESCAL : [  0] fit: 0.28804 | delta: 2.9e-01 | secs: 18.91612
INFO : RESCAL : [  1] fit: 0.40197 | delta: 1.1e-01 | secs: 19.03233
INFO : RESCAL : [  2] fit: 0.41501 | delta: 1.3e-02 | secs: 18.54188
INFO : RESCAL : [  3] fit: 0.41981 | delta: 4.8e-03 | secs: 18.69345
INFO : RESCAL : [  4] fit: 0.42205 | delta: 2.2e-03 | secs: 18.58856
INFO : RESCAL : [  5] fit: 0.42333 | delta: 1.3e-03 | secs: 21.78497
INFO : RESCAL : [  6] fit: 0.42416 | delta: 8.3e-04 | secs: 18.21212
INFO : RESCAL : [  7] fit: 0.42471 | delta: 5.6e-04 | secs: 21.75835
INFO : RESCAL : [  8] fit: 0.42514 | delta: 4.3e-04 | secs: 18.19858
INFO : RESCAL : [  9] fit: 0.42549 | delta: 3.5e-04 | secs: 18.94723
INFO : RESCAL : [ 10] fit: 0.42578 | delta: 2.9e-04 | secs: 18.89234
INFO : RESCAL : [ 11] fit: 0.42603 | delta: 2.4e-04 | secs: 18.94172
INFO : RESCAL : [ 12] fit: 0.42624 | delta: 2.1e-04 | secs: 18.30636
INFO : RESCAL : [ 13] fit: 0.42642 | delta: 1.8e-04 | secs: 18.95173
INFO : RESCAL : [ 14] fit: 0.42657 | delta: 1.5e-04 | secs: 18.32410
INFO : RESCAL : [ 15] fit: 0.42670 | delta: 1.3e-04 | secs: 18.52262
INFO : RESCAL : [ 16] fit: 0.42682 | delta: 1.2e-04 | secs: 19.07097
INFO : RESCAL : [ 17] fit: 0.42693 | delta: 1.1e-04 | secs: 19.29831
INFO : RESCAL : [ 18] fit: 0.42703 | delta: 9.7e-05 | secs: 18.76841
INFO : RESCAL : [ 19] fit: 0.42712 | delta: 8.8e-05 | secs: 18.71594
[Fold 9] AUC-PR: 0.985480
