Thread(s) : 58
Fold      : 00
Debut     : 2026-05-29 09:35:16
====================================================

====================================================
Fold 00
====================================================
=== DATASET: fb15k237 | rank:200 | lambda_A:0.1 | lambda_R:0.1 ===
[Config] maxIter:20 | conv:1.0e-06 | threads:58
[Data]   n_entities:14541 | n_relations:237 | total_nnz:310116
[Data]   nnz:310116 | import_time:0.04 s
[Eval]   positifs:2000 | neg/pos:1 | folds:10 | mode:cross-validation CSR echantillonnee
INFO : RESCAL : [  0] fit: 0.29196 | delta: 2.9e-01 | secs: 18.53875
INFO : RESCAL : [  1] fit: 0.40031 | delta: 1.1e-01 | secs: 17.90914
INFO : RESCAL : [  2] fit: 0.41292 | delta: 1.3e-02 | secs: 19.01845
INFO : RESCAL : [  3] fit: 0.41741 | delta: 4.5e-03 | secs: 18.73077
INFO : RESCAL : [  4] fit: 0.41957 | delta: 2.2e-03 | secs: 18.89376
INFO : RESCAL : [  5] fit: 0.42093 | delta: 1.4e-03 | secs: 18.57323
INFO : RESCAL : [  6] fit: 0.42190 | delta: 9.7e-04 | secs: 18.71735
INFO : RESCAL : [  7] fit: 0.42258 | delta: 6.9e-04 | secs: 18.21377
INFO : RESCAL : [  8] fit: 0.42307 | delta: 4.8e-04 | secs: 18.63281
INFO : RESCAL : [  9] fit: 0.42345 | delta: 3.8e-04 | secs: 18.62379
INFO : RESCAL : [ 10] fit: 0.42375 | delta: 3.1e-04 | secs: 18.72206
INFO : RESCAL : [ 11] fit: 0.42401 | delta: 2.6e-04 | secs: 18.70852
INFO : RESCAL : [ 12] fit: 0.42422 | delta: 2.1e-04 | secs: 18.95184
INFO : RESCAL : [ 13] fit: 0.42440 | delta: 1.7e-04 | secs: 18.37072
INFO : RESCAL : [ 14] fit: 0.42455 | delta: 1.5e-04 | secs: 18.85044
INFO : RESCAL : [ 15] fit: 0.42467 | delta: 1.3e-04 | secs: 18.85554
INFO : RESCAL : [ 16] fit: 0.42479 | delta: 1.1e-04 | secs: 18.55271
INFO : RESCAL : [ 17] fit: 0.42489 | delta: 1.0e-04 | secs: 18.60370
INFO : RESCAL : [ 18] fit: 0.42498 | delta: 9.2e-05 | secs: 22.17686
INFO : RESCAL : [ 19] fit: 0.42506 | delta: 8.3e-05 | secs: 18.43886
[Fold 0] AUC-PR: 0.972506
