Thread(s) : 58
Fold      : 08
Debut     : 2026-05-29 09:35:16
====================================================

====================================================
Fold 08
====================================================
=== DATASET: fb15k237 | rank:200 | lambda_A:0.1 | lambda_R:0.1 ===
[Config] maxIter:20 | conv:1.0e-06 | threads:58
[Data]   n_entities:14541 | n_relations:237 | total_nnz:310116
[Data]   nnz:310116 | import_time:0.04 s
[Eval]   positifs:2000 | neg/pos:1 | folds:10 | mode:cross-validation CSR echantillonnee
INFO : RESCAL : [  0] fit: 0.29186 | delta: 2.9e-01 | secs: 18.47892
INFO : RESCAL : [  1] fit: 0.40555 | delta: 1.1e-01 | secs: 18.83989
INFO : RESCAL : [  2] fit: 0.41799 | delta: 1.2e-02 | secs: 18.27349
INFO : RESCAL : [  3] fit: 0.42261 | delta: 4.6e-03 | secs: 21.87747
INFO : RESCAL : [  4] fit: 0.42481 | delta: 2.2e-03 | secs: 18.80484
INFO : RESCAL : [  5] fit: 0.42606 | delta: 1.3e-03 | secs: 18.52815
INFO : RESCAL : [  6] fit: 0.42688 | delta: 8.1e-04 | secs: 19.01950
INFO : RESCAL : [  7] fit: 0.42749 | delta: 6.1e-04 | secs: 18.77688
INFO : RESCAL : [  8] fit: 0.42797 | delta: 4.8e-04 | secs: 18.02023
INFO : RESCAL : [  9] fit: 0.42836 | delta: 3.9e-04 | secs: 18.58124
INFO : RESCAL : [ 10] fit: 0.42867 | delta: 3.1e-04 | secs: 18.93993
INFO : RESCAL : [ 11] fit: 0.42892 | delta: 2.5e-04 | secs: 18.82435
INFO : RESCAL : [ 12] fit: 0.42912 | delta: 2.0e-04 | secs: 18.52219
INFO : RESCAL : [ 13] fit: 0.42929 | delta: 1.7e-04 | secs: 19.05198
INFO : RESCAL : [ 14] fit: 0.42944 | delta: 1.5e-04 | secs: 18.45771
INFO : RESCAL : [ 15] fit: 0.42958 | delta: 1.4e-04 | secs: 18.23474
INFO : RESCAL : [ 16] fit: 0.42971 | delta: 1.3e-04 | secs: 19.06389
INFO : RESCAL : [ 17] fit: 0.42983 | delta: 1.2e-04 | secs: 18.76942
INFO : RESCAL : [ 18] fit: 0.42994 | delta: 1.1e-04 | secs: 18.32904
INFO : RESCAL : [ 19] fit: 0.43004 | delta: 1.0e-04 | secs: 18.69006
[Fold 8] AUC-PR: 0.984532
