Thread(s) : 58
Fold      : 05
Debut     : 2026-05-29 09:35:16
====================================================

====================================================
Fold 05
====================================================
=== DATASET: fb15k237 | rank:200 | lambda_A:0.1 | lambda_R:0.1 ===
[Config] maxIter:20 | conv:1.0e-06 | threads:58
[Data]   n_entities:14541 | n_relations:237 | total_nnz:310116
[Data]   nnz:310116 | import_time:0.04 s
[Eval]   positifs:2000 | neg/pos:1 | folds:10 | mode:cross-validation CSR echantillonnee
INFO : RESCAL : [  0] fit: 0.29159 | delta: 2.9e-01 | secs: 18.56536
INFO : RESCAL : [  1] fit: 0.40365 | delta: 1.1e-01 | secs: 18.96128
INFO : RESCAL : [  2] fit: 0.41718 | delta: 1.4e-02 | secs: 18.43950
INFO : RESCAL : [  3] fit: 0.42216 | delta: 5.0e-03 | secs: 18.09996
INFO : RESCAL : [  4] fit: 0.42448 | delta: 2.3e-03 | secs: 18.63707
INFO : RESCAL : [  5] fit: 0.42594 | delta: 1.5e-03 | secs: 19.01660
INFO : RESCAL : [  6] fit: 0.42683 | delta: 8.9e-04 | secs: 18.21536
INFO : RESCAL : [  7] fit: 0.42734 | delta: 5.1e-04 | secs: 18.45410
INFO : RESCAL : [  8] fit: 0.42771 | delta: 3.7e-04 | secs: 18.60462
INFO : RESCAL : [  9] fit: 0.42802 | delta: 3.1e-04 | secs: 18.53908
INFO : RESCAL : [ 10] fit: 0.42829 | delta: 2.7e-04 | secs: 18.76044
INFO : RESCAL : [ 11] fit: 0.42854 | delta: 2.4e-04 | secs: 19.04245
INFO : RESCAL : [ 12] fit: 0.42874 | delta: 2.1e-04 | secs: 18.79481
INFO : RESCAL : [ 13] fit: 0.42892 | delta: 1.7e-04 | secs: 18.37658
INFO : RESCAL : [ 14] fit: 0.42906 | delta: 1.4e-04 | secs: 18.30600
INFO : RESCAL : [ 15] fit: 0.42918 | delta: 1.2e-04 | secs: 21.83893
INFO : RESCAL : [ 16] fit: 0.42929 | delta: 1.1e-04 | secs: 18.54612
INFO : RESCAL : [ 17] fit: 0.42939 | delta: 9.5e-05 | secs: 21.11216
INFO : RESCAL : [ 18] fit: 0.42947 | delta: 8.3e-05 | secs: 17.92967
INFO : RESCAL : [ 19] fit: 0.42955 | delta: 7.5e-05 | secs: 18.24446
[Fold 5] AUC-PR: 0.978749
