Thread(s) : 58
Fold      : 01
Debut     : 2026-05-29 09:35:16
====================================================

====================================================
Fold 01
====================================================
=== DATASET: fb15k237 | rank:200 | lambda_A:0.1 | lambda_R:0.1 ===
[Config] maxIter:20 | conv:1.0e-06 | threads:58
[Data]   n_entities:14541 | n_relations:237 | total_nnz:310116
[Data]   nnz:310116 | import_time:0.04 s
[Eval]   positifs:2000 | neg/pos:1 | folds:10 | mode:cross-validation CSR echantillonnee
INFO : RESCAL : [  0] fit: 0.28802 | delta: 2.9e-01 | secs: 18.98357
INFO : RESCAL : [  1] fit: 0.40052 | delta: 1.1e-01 | secs: 19.01297
INFO : RESCAL : [  2] fit: 0.41364 | delta: 1.3e-02 | secs: 18.58323
INFO : RESCAL : [  3] fit: 0.41832 | delta: 4.7e-03 | secs: 21.80741
INFO : RESCAL : [  4] fit: 0.42063 | delta: 2.3e-03 | secs: 18.85073
INFO : RESCAL : [  5] fit: 0.42202 | delta: 1.4e-03 | secs: 21.82458
INFO : RESCAL : [  6] fit: 0.42283 | delta: 8.1e-04 | secs: 18.64369
INFO : RESCAL : [  7] fit: 0.42338 | delta: 5.4e-04 | secs: 19.13641
INFO : RESCAL : [  8] fit: 0.42378 | delta: 4.0e-04 | secs: 18.52009
INFO : RESCAL : [  9] fit: 0.42410 | delta: 3.2e-04 | secs: 18.95454
INFO : RESCAL : [ 10] fit: 0.42436 | delta: 2.6e-04 | secs: 18.41089
INFO : RESCAL : [ 11] fit: 0.42457 | delta: 2.1e-04 | secs: 18.93889
INFO : RESCAL : [ 12] fit: 0.42475 | delta: 1.8e-04 | secs: 18.98158
INFO : RESCAL : [ 13] fit: 0.42491 | delta: 1.6e-04 | secs: 18.98657
INFO : RESCAL : [ 14] fit: 0.42505 | delta: 1.4e-04 | secs: 18.69650
INFO : RESCAL : [ 15] fit: 0.42518 | delta: 1.2e-04 | secs: 18.94651
INFO : RESCAL : [ 16] fit: 0.42529 | delta: 1.1e-04 | secs: 18.68591
INFO : RESCAL : [ 17] fit: 0.42539 | delta: 1.0e-04 | secs: 18.48577
INFO : RESCAL : [ 18] fit: 0.42548 | delta: 9.2e-05 | secs: 18.85234
INFO : RESCAL : [ 19] fit: 0.42556 | delta: 8.4e-05 | secs: 18.59383
[Fold 1] AUC-PR: 0.979598
