Thread(s) : 58
Fold      : 07
Debut     : 2026-05-29 09:35:16
====================================================

====================================================
Fold 07
====================================================
=== DATASET: fb15k237 | rank:200 | lambda_A:0.1 | lambda_R:0.1 ===
[Config] maxIter:20 | conv:1.0e-06 | threads:58
[Data]   n_entities:14541 | n_relations:237 | total_nnz:310116
[Data]   nnz:310116 | import_time:0.04 s
[Eval]   positifs:2000 | neg/pos:1 | folds:10 | mode:cross-validation CSR echantillonnee
INFO : RESCAL : [  0] fit: 0.28969 | delta: 2.9e-01 | secs: 18.44700
INFO : RESCAL : [  1] fit: 0.40297 | delta: 1.1e-01 | secs: 18.53822
INFO : RESCAL : [  2] fit: 0.41649 | delta: 1.4e-02 | secs: 19.04767
INFO : RESCAL : [  3] fit: 0.42165 | delta: 5.2e-03 | secs: 18.48437
INFO : RESCAL : [  4] fit: 0.42412 | delta: 2.5e-03 | secs: 18.63128
INFO : RESCAL : [  5] fit: 0.42550 | delta: 1.4e-03 | secs: 18.13461
INFO : RESCAL : [  6] fit: 0.42635 | delta: 8.5e-04 | secs: 18.87296
INFO : RESCAL : [  7] fit: 0.42698 | delta: 6.3e-04 | secs: 18.55440
INFO : RESCAL : [  8] fit: 0.42746 | delta: 4.8e-04 | secs: 21.95013
INFO : RESCAL : [  9] fit: 0.42783 | delta: 3.7e-04 | secs: 18.58108
INFO : RESCAL : [ 10] fit: 0.42811 | delta: 2.8e-04 | secs: 21.92675
INFO : RESCAL : [ 11] fit: 0.42833 | delta: 2.2e-04 | secs: 18.46636
INFO : RESCAL : [ 12] fit: 0.42851 | delta: 1.8e-04 | secs: 18.86824
INFO : RESCAL : [ 13] fit: 0.42866 | delta: 1.5e-04 | secs: 18.91978
INFO : RESCAL : [ 14] fit: 0.42879 | delta: 1.3e-04 | secs: 18.39916
INFO : RESCAL : [ 15] fit: 0.42890 | delta: 1.1e-04 | secs: 18.43994
INFO : RESCAL : [ 16] fit: 0.42899 | delta: 9.5e-05 | secs: 19.19086
INFO : RESCAL : [ 17] fit: 0.42908 | delta: 8.4e-05 | secs: 18.49896
INFO : RESCAL : [ 18] fit: 0.42915 | delta: 7.5e-05 | secs: 18.60182
INFO : RESCAL : [ 19] fit: 0.42922 | delta: 6.7e-05 | secs: 18.90929
[Fold 7] AUC-PR: 0.987755
