Thread(s) : 58
Fold      : 06
Debut     : 2026-05-29 09:35:16
====================================================

====================================================
Fold 06
====================================================
=== DATASET: fb15k237 | rank:200 | lambda_A:0.1 | lambda_R:0.1 ===
[Config] maxIter:20 | conv:1.0e-06 | threads:58
[Data]   n_entities:14541 | n_relations:237 | total_nnz:310116
[Data]   nnz:310116 | import_time:0.04 s
[Eval]   positifs:2000 | neg/pos:1 | folds:10 | mode:cross-validation CSR echantillonnee
INFO : RESCAL : [  0] fit: 0.28907 | delta: 2.9e-01 | secs: 18.37279
INFO : RESCAL : [  1] fit: 0.40112 | delta: 1.1e-01 | secs: 18.66949
INFO : RESCAL : [  2] fit: 0.41443 | delta: 1.3e-02 | secs: 18.60105
INFO : RESCAL : [  3] fit: 0.41916 | delta: 4.7e-03 | secs: 21.92482
INFO : RESCAL : [  4] fit: 0.42132 | delta: 2.2e-03 | secs: 18.35167
INFO : RESCAL : [  5] fit: 0.42265 | delta: 1.3e-03 | secs: 21.69803
INFO : RESCAL : [  6] fit: 0.42347 | delta: 8.2e-04 | secs: 18.55576
INFO : RESCAL : [  7] fit: 0.42410 | delta: 6.3e-04 | secs: 21.92439
INFO : RESCAL : [  8] fit: 0.42461 | delta: 5.1e-04 | secs: 18.85647
INFO : RESCAL : [  9] fit: 0.42507 | delta: 4.7e-04 | secs: 22.09078
INFO : RESCAL : [ 10] fit: 0.42549 | delta: 4.2e-04 | secs: 18.64079
INFO : RESCAL : [ 11] fit: 0.42591 | delta: 4.2e-04 | secs: 22.04794
INFO : RESCAL : [ 12] fit: 0.42628 | delta: 3.8e-04 | secs: 18.37542
INFO : RESCAL : [ 13] fit: 0.42656 | delta: 2.8e-04 | secs: 18.31071
INFO : RESCAL : [ 14] fit: 0.42671 | delta: 1.5e-04 | secs: 18.80454
INFO : RESCAL : [ 15] fit: 0.42684 | delta: 1.2e-04 | secs: 21.67903
INFO : RESCAL : [ 16] fit: 0.42695 | delta: 1.1e-04 | secs: 18.34888
INFO : RESCAL : [ 17] fit: 0.42705 | delta: 1.1e-04 | secs: 21.82260
INFO : RESCAL : [ 18] fit: 0.42714 | delta: 9.3e-05 | secs: 18.44204
INFO : RESCAL : [ 19] fit: 0.42723 | delta: 8.7e-05 | secs: 18.88891
[Fold 6] AUC-PR: 0.989205
