Thread(s) : 12
Fold      : 06
Debut     : 2026-05-28 08:52:31
====================================================

====================================================
Fold 06
====================================================
=== DATASET: fb15k237 | rank:200 | lambda_A:0.1 | lambda_R:0.1 ===
[Config] maxIter:20 | conv:1.0e-06 | threads:12
[Data]   n_entities:14541 | n_relations:237 | total_nnz:310116
[Data]   nnz:310116 | import_time:0.04 s
[Eval]   positifs:2000 | neg/pos:1 | folds:10 | mode:cross-validation CSR echantillonnee
INFO : RESCAL : [  0] fit: 0.28999 | delta: 2.9e-01 | secs: 21.79648
INFO : RESCAL : [  1] fit: 0.40035 | delta: 1.1e-01 | secs: 24.67887
INFO : RESCAL : [  2] fit: 0.41359 | delta: 1.3e-02 | secs: 21.68965
INFO : RESCAL : [  3] fit: 0.41850 | delta: 4.9e-03 | secs: 25.53364
INFO : RESCAL : [  4] fit: 0.42081 | delta: 2.3e-03 | secs: 21.60503
INFO : RESCAL : [  5] fit: 0.42210 | delta: 1.3e-03 | secs: 24.59268
INFO : RESCAL : [  6] fit: 0.42290 | delta: 7.9e-04 | secs: 21.78235
INFO : RESCAL : [  7] fit: 0.42344 | delta: 5.4e-04 | secs: 24.64722
INFO : RESCAL : [  8] fit: 0.42386 | delta: 4.2e-04 | secs: 22.28099
INFO : RESCAL : [  9] fit: 0.42420 | delta: 3.5e-04 | secs: 25.37179
INFO : RESCAL : [ 10] fit: 0.42449 | delta: 2.9e-04 | secs: 22.01885
INFO : RESCAL : [ 11] fit: 0.42473 | delta: 2.4e-04 | secs: 25.05574
INFO : RESCAL : [ 12] fit: 0.42492 | delta: 1.9e-04 | secs: 22.28525
INFO : RESCAL : [ 13] fit: 0.42507 | delta: 1.5e-04 | secs: 25.15246
INFO : RESCAL : [ 14] fit: 0.42519 | delta: 1.2e-04 | secs: 22.11028
INFO : RESCAL : [ 15] fit: 0.42528 | delta: 9.6e-05 | secs: 24.76967
INFO : RESCAL : [ 16] fit: 0.42537 | delta: 8.4e-05 | secs: 22.09532
INFO : RESCAL : [ 17] fit: 0.42544 | delta: 7.5e-05 | secs: 25.01760
INFO : RESCAL : [ 18] fit: 0.42551 | delta: 7.0e-05 | secs: 22.08216
INFO : RESCAL : [ 19] fit: 0.42558 | delta: 6.6e-05 | secs: 25.10982
[Fold 6] AUC-PR: 0.983805
