Thread(s) : 12
Fold      : 09
Debut     : 2026-05-28 08:52:31
====================================================

====================================================
Fold 09
====================================================
=== DATASET: fb15k237 | rank:200 | lambda_A:0.1 | lambda_R:0.1 ===
[Config] maxIter:20 | conv:1.0e-06 | threads:12
[Data]   n_entities:14541 | n_relations:237 | total_nnz:310116
[Data]   nnz:310116 | import_time:0.04 s
[Eval]   positifs:2000 | neg/pos:1 | folds:10 | mode:cross-validation CSR echantillonnee
INFO : RESCAL : [  0] fit: 0.28540 | delta: 2.9e-01 | secs: 21.80804
INFO : RESCAL : [  1] fit: 0.39678 | delta: 1.1e-01 | secs: 25.35024
INFO : RESCAL : [  2] fit: 0.41006 | delta: 1.3e-02 | secs: 22.13394
INFO : RESCAL : [  3] fit: 0.41498 | delta: 4.9e-03 | secs: 25.46150
INFO : RESCAL : [  4] fit: 0.41729 | delta: 2.3e-03 | secs: 22.44908
INFO : RESCAL : [  5] fit: 0.41865 | delta: 1.4e-03 | secs: 24.40698
INFO : RESCAL : [  6] fit: 0.41956 | delta: 9.1e-04 | secs: 21.71010
INFO : RESCAL : [  7] fit: 0.42022 | delta: 6.6e-04 | secs: 24.84818
INFO : RESCAL : [  8] fit: 0.42067 | delta: 4.5e-04 | secs: 22.30871
INFO : RESCAL : [  9] fit: 0.42097 | delta: 3.0e-04 | secs: 24.92401
INFO : RESCAL : [ 10] fit: 0.42119 | delta: 2.2e-04 | secs: 21.54505
INFO : RESCAL : [ 11] fit: 0.42136 | delta: 1.8e-04 | secs: 25.03090
INFO : RESCAL : [ 12] fit: 0.42152 | delta: 1.6e-04 | secs: 22.03163
INFO : RESCAL : [ 13] fit: 0.42166 | delta: 1.4e-04 | secs: 24.41341
INFO : RESCAL : [ 14] fit: 0.42180 | delta: 1.3e-04 | secs: 22.02915
INFO : RESCAL : [ 15] fit: 0.42191 | delta: 1.2e-04 | secs: 25.40299
INFO : RESCAL : [ 16] fit: 0.42202 | delta: 1.1e-04 | secs: 22.07557
INFO : RESCAL : [ 17] fit: 0.42212 | delta: 9.7e-05 | secs: 24.78703
INFO : RESCAL : [ 18] fit: 0.42221 | delta: 9.1e-05 | secs: 22.12955
INFO : RESCAL : [ 19] fit: 0.42229 | delta: 8.0e-05 | secs: 24.97959
[Fold 9] AUC-PR: 0.977253
