Thread(s) : 12
Fold      : 00
Debut     : 2026-05-28 08:52:31
====================================================

====================================================
Fold 00
====================================================
=== DATASET: fb15k237 | rank:200 | lambda_A:0.1 | lambda_R:0.1 ===
[Config] maxIter:20 | conv:1.0e-06 | threads:12
[Data]   n_entities:14541 | n_relations:237 | total_nnz:310116
[Data]   nnz:310116 | import_time:0.04 s
[Eval]   positifs:2000 | neg/pos:1 | folds:10 | mode:cross-validation CSR echantillonnee
INFO : RESCAL : [  0] fit: 0.29256 | delta: 2.9e-01 | secs: 21.37186
INFO : RESCAL : [  1] fit: 0.40273 | delta: 1.1e-01 | secs: 21.67084
INFO : RESCAL : [  2] fit: 0.41499 | delta: 1.2e-02 | secs: 21.84082
INFO : RESCAL : [  3] fit: 0.41950 | delta: 4.5e-03 | secs: 21.80991
INFO : RESCAL : [  4] fit: 0.42192 | delta: 2.4e-03 | secs: 21.34271
INFO : RESCAL : [  5] fit: 0.42341 | delta: 1.5e-03 | secs: 21.28319
INFO : RESCAL : [  6] fit: 0.42435 | delta: 9.4e-04 | secs: 21.40419
INFO : RESCAL : [  7] fit: 0.42499 | delta: 6.5e-04 | secs: 24.86710
INFO : RESCAL : [  8] fit: 0.42542 | delta: 4.3e-04 | secs: 21.61833
INFO : RESCAL : [  9] fit: 0.42576 | delta: 3.4e-04 | secs: 24.93075
INFO : RESCAL : [ 10] fit: 0.42604 | delta: 2.8e-04 | secs: 21.57374
INFO : RESCAL : [ 11] fit: 0.42630 | delta: 2.6e-04 | secs: 24.91924
INFO : RESCAL : [ 12] fit: 0.42654 | delta: 2.5e-04 | secs: 21.54895
INFO : RESCAL : [ 13] fit: 0.42679 | delta: 2.5e-04 | secs: 24.63582
INFO : RESCAL : [ 14] fit: 0.42702 | delta: 2.3e-04 | secs: 21.62584
INFO : RESCAL : [ 15] fit: 0.42721 | delta: 1.9e-04 | secs: 25.19465
INFO : RESCAL : [ 16] fit: 0.42735 | delta: 1.4e-04 | secs: 21.65512
INFO : RESCAL : [ 17] fit: 0.42747 | delta: 1.2e-04 | secs: 25.02206
INFO : RESCAL : [ 18] fit: 0.42757 | delta: 1.0e-04 | secs: 21.63606
INFO : RESCAL : [ 19] fit: 0.42766 | delta: 9.3e-05 | secs: 24.83296
[Fold 0] AUC-PR: 0.972874
