Thread(s) : 12
Fold      : 02
Debut     : 2026-05-28 08:52:31
====================================================

====================================================
Fold 02
====================================================
=== DATASET: fb15k237 | rank:200 | lambda_A:0.1 | lambda_R:0.1 ===
[Config] maxIter:20 | conv:1.0e-06 | threads:12
[Data]   n_entities:14541 | n_relations:237 | total_nnz:310116
[Data]   nnz:310116 | import_time:0.04 s
[Eval]   positifs:2000 | neg/pos:1 | folds:10 | mode:cross-validation CSR echantillonnee
INFO : RESCAL : [  0] fit: 0.29353 | delta: 2.9e-01 | secs: 21.99289
INFO : RESCAL : [  1] fit: 0.40628 | delta: 1.1e-01 | secs: 25.47056
INFO : RESCAL : [  2] fit: 0.41908 | delta: 1.3e-02 | secs: 22.17233
INFO : RESCAL : [  3] fit: 0.42382 | delta: 4.7e-03 | secs: 24.74656
INFO : RESCAL : [  4] fit: 0.42619 | delta: 2.4e-03 | secs: 21.71605
INFO : RESCAL : [  5] fit: 0.42761 | delta: 1.4e-03 | secs: 24.34493
INFO : RESCAL : [  6] fit: 0.42850 | delta: 8.9e-04 | secs: 21.56710
INFO : RESCAL : [  7] fit: 0.42916 | delta: 6.6e-04 | secs: 24.84407
INFO : RESCAL : [  8] fit: 0.42968 | delta: 5.2e-04 | secs: 22.25616
INFO : RESCAL : [  9] fit: 0.43011 | delta: 4.3e-04 | secs: 25.11287
INFO : RESCAL : [ 10] fit: 0.43047 | delta: 3.6e-04 | secs: 22.13915
INFO : RESCAL : [ 11] fit: 0.43079 | delta: 3.2e-04 | secs: 24.94028
INFO : RESCAL : [ 12] fit: 0.43108 | delta: 2.8e-04 | secs: 22.14920
INFO : RESCAL : [ 13] fit: 0.43131 | delta: 2.4e-04 | secs: 24.85128
INFO : RESCAL : [ 14] fit: 0.43151 | delta: 2.0e-04 | secs: 21.89674
INFO : RESCAL : [ 15] fit: 0.43167 | delta: 1.7e-04 | secs: 25.31655
INFO : RESCAL : [ 16] fit: 0.43182 | delta: 1.5e-04 | secs: 22.23769
INFO : RESCAL : [ 17] fit: 0.43195 | delta: 1.3e-04 | secs: 25.07339
INFO : RESCAL : [ 18] fit: 0.43207 | delta: 1.2e-04 | secs: 21.93773
INFO : RESCAL : [ 19] fit: 0.43217 | delta: 1.0e-04 | secs: 24.76733
[Fold 2] AUC-PR: 0.983190
