Thread(s) : 12
Fold      : 08
Debut     : 2026-05-28 08:52:31
====================================================

====================================================
Fold 08
====================================================
=== DATASET: fb15k237 | rank:200 | lambda_A:0.1 | lambda_R:0.1 ===
[Config] maxIter:20 | conv:1.0e-06 | threads:12
[Data]   n_entities:14541 | n_relations:237 | total_nnz:310116
[Data]   nnz:310116 | import_time:0.04 s
[Eval]   positifs:2000 | neg/pos:1 | folds:10 | mode:cross-validation CSR echantillonnee
INFO : RESCAL : [  0] fit: 0.28950 | delta: 2.9e-01 | secs: 21.57164
INFO : RESCAL : [  1] fit: 0.40340 | delta: 1.1e-01 | secs: 24.47777
INFO : RESCAL : [  2] fit: 0.41686 | delta: 1.3e-02 | secs: 21.91436
INFO : RESCAL : [  3] fit: 0.42168 | delta: 4.8e-03 | secs: 24.93032
INFO : RESCAL : [  4] fit: 0.42373 | delta: 2.0e-03 | secs: 22.22935
INFO : RESCAL : [  5] fit: 0.42484 | delta: 1.1e-03 | secs: 24.64954
INFO : RESCAL : [  6] fit: 0.42558 | delta: 7.4e-04 | secs: 21.99169
INFO : RESCAL : [  7] fit: 0.42614 | delta: 5.6e-04 | secs: 24.92025
INFO : RESCAL : [  8] fit: 0.42658 | delta: 4.4e-04 | secs: 22.17946
INFO : RESCAL : [  9] fit: 0.42695 | delta: 3.7e-04 | secs: 24.96589
INFO : RESCAL : [ 10] fit: 0.42726 | delta: 3.1e-04 | secs: 22.28233
INFO : RESCAL : [ 11] fit: 0.42753 | delta: 2.7e-04 | secs: 24.94465
INFO : RESCAL : [ 12] fit: 0.42776 | delta: 2.3e-04 | secs: 22.05095
INFO : RESCAL : [ 13] fit: 0.42796 | delta: 2.0e-04 | secs: 24.91640
INFO : RESCAL : [ 14] fit: 0.42813 | delta: 1.7e-04 | secs: 22.00241
INFO : RESCAL : [ 15] fit: 0.42827 | delta: 1.4e-04 | secs: 25.03961
INFO : RESCAL : [ 16] fit: 0.42839 | delta: 1.2e-04 | secs: 21.66322
INFO : RESCAL : [ 17] fit: 0.42850 | delta: 1.1e-04 | secs: 25.20982
INFO : RESCAL : [ 18] fit: 0.42859 | delta: 9.3e-05 | secs: 22.16837
INFO : RESCAL : [ 19] fit: 0.42868 | delta: 8.2e-05 | secs: 25.17686
[Fold 8] AUC-PR: 0.977379
