Thread(s) : 12
Fold      : 05
Debut     : 2026-05-28 08:52:31
====================================================

====================================================
Fold 05
====================================================
=== DATASET: fb15k237 | rank:200 | lambda_A:0.1 | lambda_R:0.1 ===
[Config] maxIter:20 | conv:1.0e-06 | threads:12
[Data]   n_entities:14541 | n_relations:237 | total_nnz:310116
[Data]   nnz:310116 | import_time:0.04 s
[Eval]   positifs:2000 | neg/pos:1 | folds:10 | mode:cross-validation CSR echantillonnee
INFO : RESCAL : [  0] fit: 0.29008 | delta: 2.9e-01 | secs: 21.56770
INFO : RESCAL : [  1] fit: 0.40236 | delta: 1.1e-01 | secs: 24.80766
INFO : RESCAL : [  2] fit: 0.41519 | delta: 1.3e-02 | secs: 22.13861
INFO : RESCAL : [  3] fit: 0.42001 | delta: 4.8e-03 | secs: 24.73987
INFO : RESCAL : [  4] fit: 0.42233 | delta: 2.3e-03 | secs: 22.01004
INFO : RESCAL : [  5] fit: 0.42367 | delta: 1.3e-03 | secs: 21.94926
INFO : RESCAL : [  6] fit: 0.42458 | delta: 9.1e-04 | secs: 22.38050
INFO : RESCAL : [  7] fit: 0.42520 | delta: 6.2e-04 | secs: 24.75746
INFO : RESCAL : [  8] fit: 0.42564 | delta: 4.4e-04 | secs: 22.02558
INFO : RESCAL : [  9] fit: 0.42597 | delta: 3.2e-04 | secs: 25.06185
INFO : RESCAL : [ 10] fit: 0.42623 | delta: 2.6e-04 | secs: 22.23494
INFO : RESCAL : [ 11] fit: 0.42645 | delta: 2.2e-04 | secs: 25.43526
INFO : RESCAL : [ 12] fit: 0.42665 | delta: 2.0e-04 | secs: 21.94481
INFO : RESCAL : [ 13] fit: 0.42682 | delta: 1.7e-04 | secs: 24.80476
INFO : RESCAL : [ 14] fit: 0.42697 | delta: 1.5e-04 | secs: 22.20657
INFO : RESCAL : [ 15] fit: 0.42711 | delta: 1.4e-04 | secs: 25.01103
INFO : RESCAL : [ 16] fit: 0.42723 | delta: 1.2e-04 | secs: 22.18322
INFO : RESCAL : [ 17] fit: 0.42735 | delta: 1.1e-04 | secs: 24.97836
INFO : RESCAL : [ 18] fit: 0.42745 | delta: 1.0e-04 | secs: 22.19335
INFO : RESCAL : [ 19] fit: 0.42754 | delta: 9.3e-05 | secs: 24.88620
[Fold 5] AUC-PR: 0.964990
