Thread(s) : 12
Fold      : 04
Debut     : 2026-05-28 08:52:31
====================================================

====================================================
Fold 04
====================================================
=== DATASET: fb15k237 | rank:200 | lambda_A:0.1 | lambda_R:0.1 ===
[Config] maxIter:20 | conv:1.0e-06 | threads:12
[Data]   n_entities:14541 | n_relations:237 | total_nnz:310116
[Data]   nnz:310116 | import_time:0.04 s
[Eval]   positifs:2000 | neg/pos:1 | folds:10 | mode:cross-validation CSR echantillonnee
INFO : RESCAL : [  0] fit: 0.29154 | delta: 2.9e-01 | secs: 22.08826
INFO : RESCAL : [  1] fit: 0.40279 | delta: 1.1e-01 | secs: 24.73881
INFO : RESCAL : [  2] fit: 0.41559 | delta: 1.3e-02 | secs: 22.09321
INFO : RESCAL : [  3] fit: 0.42019 | delta: 4.6e-03 | secs: 24.94285
INFO : RESCAL : [  4] fit: 0.42243 | delta: 2.2e-03 | secs: 21.94327
INFO : RESCAL : [  5] fit: 0.42367 | delta: 1.2e-03 | secs: 25.04680
INFO : RESCAL : [  6] fit: 0.42438 | delta: 7.1e-04 | secs: 22.22631
INFO : RESCAL : [  7] fit: 0.42488 | delta: 5.0e-04 | secs: 24.91298
INFO : RESCAL : [  8] fit: 0.42526 | delta: 3.8e-04 | secs: 21.65832
INFO : RESCAL : [  9] fit: 0.42555 | delta: 2.9e-04 | secs: 24.79538
INFO : RESCAL : [ 10] fit: 0.42578 | delta: 2.3e-04 | secs: 22.27824
INFO : RESCAL : [ 11] fit: 0.42597 | delta: 1.9e-04 | secs: 25.00372
INFO : RESCAL : [ 12] fit: 0.42612 | delta: 1.5e-04 | secs: 21.58833
INFO : RESCAL : [ 13] fit: 0.42626 | delta: 1.3e-04 | secs: 25.14673
INFO : RESCAL : [ 14] fit: 0.42637 | delta: 1.2e-04 | secs: 21.51732
INFO : RESCAL : [ 15] fit: 0.42648 | delta: 1.1e-04 | secs: 24.66026
INFO : RESCAL : [ 16] fit: 0.42658 | delta: 1.0e-04 | secs: 22.59891
INFO : RESCAL : [ 17] fit: 0.42668 | delta: 9.7e-05 | secs: 21.83666
INFO : RESCAL : [ 18] fit: 0.42677 | delta: 9.1e-05 | secs: 21.21615
INFO : RESCAL : [ 19] fit: 0.42686 | delta: 8.6e-05 | secs: 22.06670
[Fold 4] AUC-PR: 0.987343
