Thread(s) : 12
Fold      : 01
Debut     : 2026-05-28 08:52:31
====================================================

====================================================
Fold 01
====================================================
=== DATASET: fb15k237 | rank:200 | lambda_A:0.1 | lambda_R:0.1 ===
[Config] maxIter:20 | conv:1.0e-06 | threads:12
[Data]   n_entities:14541 | n_relations:237 | total_nnz:310116
[Data]   nnz:310116 | import_time:0.04 s
[Eval]   positifs:2000 | neg/pos:1 | folds:10 | mode:cross-validation CSR echantillonnee
INFO : RESCAL : [  0] fit: 0.29202 | delta: 2.9e-01 | secs: 21.71716
INFO : RESCAL : [  1] fit: 0.40373 | delta: 1.1e-01 | secs: 24.88129
INFO : RESCAL : [  2] fit: 0.41692 | delta: 1.3e-02 | secs: 22.03095
INFO : RESCAL : [  3] fit: 0.42158 | delta: 4.7e-03 | secs: 25.16401
INFO : RESCAL : [  4] fit: 0.42368 | delta: 2.1e-03 | secs: 21.83456
INFO : RESCAL : [  5] fit: 0.42491 | delta: 1.2e-03 | secs: 25.02130
INFO : RESCAL : [  6] fit: 0.42578 | delta: 8.7e-04 | secs: 22.15492
INFO : RESCAL : [  7] fit: 0.42644 | delta: 6.6e-04 | secs: 25.06304
INFO : RESCAL : [  8] fit: 0.42696 | delta: 5.2e-04 | secs: 22.18618
INFO : RESCAL : [  9] fit: 0.42739 | delta: 4.3e-04 | secs: 24.99823
INFO : RESCAL : [ 10] fit: 0.42776 | delta: 3.7e-04 | secs: 21.87941
INFO : RESCAL : [ 11] fit: 0.42807 | delta: 3.1e-04 | secs: 24.76919
INFO : RESCAL : [ 12] fit: 0.42834 | delta: 2.7e-04 | secs: 22.05221
INFO : RESCAL : [ 13] fit: 0.42857 | delta: 2.3e-04 | secs: 25.23597
INFO : RESCAL : [ 14] fit: 0.42878 | delta: 2.1e-04 | secs: 22.09849
INFO : RESCAL : [ 15] fit: 0.42897 | delta: 1.9e-04 | secs: 25.11805
INFO : RESCAL : [ 16] fit: 0.42913 | delta: 1.7e-04 | secs: 21.80362
INFO : RESCAL : [ 17] fit: 0.42928 | delta: 1.5e-04 | secs: 24.63925
INFO : RESCAL : [ 18] fit: 0.42941 | delta: 1.2e-04 | secs: 22.07574
INFO : RESCAL : [ 19] fit: 0.42951 | delta: 1.0e-04 | secs: 25.00702
[Fold 1] AUC-PR: 0.984938
