Thread(s) : 12
Fold      : 07
Debut     : 2026-05-28 08:52:31
====================================================

====================================================
Fold 07
====================================================
=== DATASET: fb15k237 | rank:200 | lambda_A:0.1 | lambda_R:0.1 ===
[Config] maxIter:20 | conv:1.0e-06 | threads:12
[Data]   n_entities:14541 | n_relations:237 | total_nnz:310116
[Data]   nnz:310116 | import_time:0.04 s
[Eval]   positifs:2000 | neg/pos:1 | folds:10 | mode:cross-validation CSR echantillonnee
INFO : RESCAL : [  0] fit: 0.29028 | delta: 2.9e-01 | secs: 21.86987
INFO : RESCAL : [  1] fit: 0.40293 | delta: 1.1e-01 | secs: 25.54362
INFO : RESCAL : [  2] fit: 0.41594 | delta: 1.3e-02 | secs: 21.56199
INFO : RESCAL : [  3] fit: 0.42065 | delta: 4.7e-03 | secs: 25.44858
INFO : RESCAL : [  4] fit: 0.42289 | delta: 2.2e-03 | secs: 22.16832
INFO : RESCAL : [  5] fit: 0.42424 | delta: 1.3e-03 | secs: 24.93102
INFO : RESCAL : [  6] fit: 0.42513 | delta: 8.9e-04 | secs: 21.42546
INFO : RESCAL : [  7] fit: 0.42575 | delta: 6.2e-04 | secs: 24.53336
INFO : RESCAL : [  8] fit: 0.42621 | delta: 4.6e-04 | secs: 22.13740
INFO : RESCAL : [  9] fit: 0.42655 | delta: 3.4e-04 | secs: 25.37777
INFO : RESCAL : [ 10] fit: 0.42680 | delta: 2.5e-04 | secs: 21.87676
INFO : RESCAL : [ 11] fit: 0.42699 | delta: 1.8e-04 | secs: 24.74057
INFO : RESCAL : [ 12] fit: 0.42713 | delta: 1.4e-04 | secs: 21.98810
INFO : RESCAL : [ 13] fit: 0.42724 | delta: 1.1e-04 | secs: 24.76248
INFO : RESCAL : [ 14] fit: 0.42734 | delta: 9.8e-05 | secs: 22.20808
INFO : RESCAL : [ 15] fit: 0.42743 | delta: 9.2e-05 | secs: 24.71130
INFO : RESCAL : [ 16] fit: 0.42753 | delta: 9.3e-05 | secs: 21.97337
INFO : RESCAL : [ 17] fit: 0.42762 | delta: 9.3e-05 | secs: 25.03730
INFO : RESCAL : [ 18] fit: 0.42771 | delta: 9.5e-05 | secs: 22.02226
INFO : RESCAL : [ 19] fit: 0.42781 | delta: 9.4e-05 | secs: 24.89873
[Fold 7] AUC-PR: 0.982947
