Thread(s) : 64
Fold      : 00
Debut     : 2026-05-30 17:07:37
====================================================

====================================================
Fold 00
====================================================
=== DATASET: fb15k237 | rank:200 | lambda_A:0.1 | lambda_R:0.1 ===
[Config] maxIter:20 | conv:1.0e-06 | threads:64
[Data]   n_entities:14541 | n_relations:237 | total_nnz:310116
[Data]   nnz:310116 | import_time:0.04 s
[Eval]   positifs:2000 | neg/pos:1 | folds:10 | mode:cross-validation CSR echantillonnee
INFO : RESCAL : [  0] fit: 0.29075 | delta: 2.9e-01 | secs: 18.59938
INFO : RESCAL : [  1] fit: 0.40321 | delta: 1.1e-01 | secs: 18.59160
INFO : RESCAL : [  2] fit: 0.41650 | delta: 1.3e-02 | secs: 18.61200
INFO : RESCAL : [  3] fit: 0.42079 | delta: 4.3e-03 | secs: 18.49046
INFO : RESCAL : [  4] fit: 0.42270 | delta: 1.9e-03 | secs: 18.87101
INFO : RESCAL : [  5] fit: 0.42383 | delta: 1.1e-03 | secs: 18.53211
INFO : RESCAL : [  6] fit: 0.42458 | delta: 7.5e-04 | secs: 19.10992
INFO : RESCAL : [  7] fit: 0.42511 | delta: 5.3e-04 | secs: 18.68802
INFO : RESCAL : [  8] fit: 0.42552 | delta: 4.1e-04 | secs: 18.65792
INFO : RESCAL : [  9] fit: 0.42586 | delta: 3.4e-04 | secs: 18.79219
INFO : RESCAL : [ 10] fit: 0.42616 | delta: 2.9e-04 | secs: 18.64933
INFO : RESCAL : [ 11] fit: 0.42641 | delta: 2.5e-04 | secs: 18.63279
INFO : RESCAL : [ 12] fit: 0.42663 | delta: 2.2e-04 | secs: 18.74941
INFO : RESCAL : [ 13] fit: 0.42683 | delta: 1.9e-04 | secs: 18.44119
INFO : RESCAL : [ 14] fit: 0.42699 | delta: 1.7e-04 | secs: 18.91022
INFO : RESCAL : [ 15] fit: 0.42714 | delta: 1.5e-04 | secs: 18.80510
INFO : RESCAL : [ 16] fit: 0.42727 | delta: 1.3e-04 | secs: 18.61048
INFO : RESCAL : [ 17] fit: 0.42738 | delta: 1.1e-04 | secs: 18.18277
INFO : RESCAL : [ 18] fit: 0.42748 | delta: 9.9e-05 | secs: 18.72809
INFO : RESCAL : [ 19] fit: 0.42757 | delta: 8.7e-05 | secs: 18.47651
[Fold 0] AUC-PR: 0.978274
