Thread(s) : 64
Fold      : 04
Debut     : 2026-05-30 17:07:37
====================================================

====================================================
Fold 04
====================================================
=== DATASET: fb15k237 | rank:200 | lambda_A:0.1 | lambda_R:0.1 ===
[Config] maxIter:20 | conv:1.0e-06 | threads:64
[Data]   n_entities:14541 | n_relations:237 | total_nnz:310116
[Data]   nnz:310116 | import_time:0.04 s
[Eval]   positifs:2000 | neg/pos:1 | folds:10 | mode:cross-validation CSR echantillonnee
INFO : RESCAL : [  0] fit: 0.29218 | delta: 2.9e-01 | secs: 18.97872
INFO : RESCAL : [  1] fit: 0.40219 | delta: 1.1e-01 | secs: 18.77804
INFO : RESCAL : [  2] fit: 0.41524 | delta: 1.3e-02 | secs: 18.75414
INFO : RESCAL : [  3] fit: 0.42018 | delta: 4.9e-03 | secs: 18.41680
INFO : RESCAL : [  4] fit: 0.42273 | delta: 2.6e-03 | secs: 18.91013
INFO : RESCAL : [  5] fit: 0.42423 | delta: 1.5e-03 | secs: 18.97878
INFO : RESCAL : [  6] fit: 0.42504 | delta: 8.1e-04 | secs: 18.44772
INFO : RESCAL : [  7] fit: 0.42556 | delta: 5.1e-04 | secs: 18.62915
INFO : RESCAL : [  8] fit: 0.42591 | delta: 3.5e-04 | secs: 18.46476
INFO : RESCAL : [  9] fit: 0.42619 | delta: 2.8e-04 | secs: 18.51228
INFO : RESCAL : [ 10] fit: 0.42643 | delta: 2.4e-04 | secs: 18.68041
INFO : RESCAL : [ 11] fit: 0.42664 | delta: 2.1e-04 | secs: 18.38563
INFO : RESCAL : [ 12] fit: 0.42683 | delta: 1.9e-04 | secs: 18.62413
INFO : RESCAL : [ 13] fit: 0.42700 | delta: 1.7e-04 | secs: 18.45435
INFO : RESCAL : [ 14] fit: 0.42715 | delta: 1.5e-04 | secs: 18.46595
INFO : RESCAL : [ 15] fit: 0.42729 | delta: 1.4e-04 | secs: 18.60481
INFO : RESCAL : [ 16] fit: 0.42741 | delta: 1.2e-04 | secs: 18.63625
INFO : RESCAL : [ 17] fit: 0.42752 | delta: 1.1e-04 | secs: 18.92155
INFO : RESCAL : [ 18] fit: 0.42762 | delta: 9.8e-05 | secs: 19.00176
INFO : RESCAL : [ 19] fit: 0.42771 | delta: 8.8e-05 | secs: 18.55445
[Fold 4] AUC-PR: 0.969902
