Thread(s) : 64
Fold      : 06
Debut     : 2026-05-30 17:07:37
====================================================

====================================================
Fold 06
====================================================
=== DATASET: fb15k237 | rank:200 | lambda_A:0.1 | lambda_R:0.1 ===
[Config] maxIter:20 | conv:1.0e-06 | threads:64
[Data]   n_entities:14541 | n_relations:237 | total_nnz:310116
[Data]   nnz:310116 | import_time:0.04 s
[Eval]   positifs:2000 | neg/pos:1 | folds:10 | mode:cross-validation CSR echantillonnee
INFO : RESCAL : [  0] fit: 0.28969 | delta: 2.9e-01 | secs: 18.57699
INFO : RESCAL : [  1] fit: 0.40535 | delta: 1.2e-01 | secs: 18.57881
INFO : RESCAL : [  2] fit: 0.41809 | delta: 1.3e-02 | secs: 18.92097
INFO : RESCAL : [  3] fit: 0.42318 | delta: 5.1e-03 | secs: 18.70968
INFO : RESCAL : [  4] fit: 0.42600 | delta: 2.8e-03 | secs: 18.55235
INFO : RESCAL : [  5] fit: 0.42773 | delta: 1.7e-03 | secs: 18.57440
INFO : RESCAL : [  6] fit: 0.42871 | delta: 9.8e-04 | secs: 18.81536
INFO : RESCAL : [  7] fit: 0.42933 | delta: 6.2e-04 | secs: 18.38604
INFO : RESCAL : [  8] fit: 0.42980 | delta: 4.7e-04 | secs: 18.94618
INFO : RESCAL : [  9] fit: 0.43018 | delta: 3.8e-04 | secs: 18.80375
INFO : RESCAL : [ 10] fit: 0.43050 | delta: 3.2e-04 | secs: 18.52165
INFO : RESCAL : [ 11] fit: 0.43076 | delta: 2.5e-04 | secs: 18.75198
INFO : RESCAL : [ 12] fit: 0.43096 | delta: 2.0e-04 | secs: 18.49534
INFO : RESCAL : [ 13] fit: 0.43112 | delta: 1.6e-04 | secs: 18.51224
INFO : RESCAL : [ 14] fit: 0.43126 | delta: 1.4e-04 | secs: 18.95767
INFO : RESCAL : [ 15] fit: 0.43137 | delta: 1.2e-04 | secs: 18.34831
INFO : RESCAL : [ 16] fit: 0.43148 | delta: 1.0e-04 | secs: 18.34283
INFO : RESCAL : [ 17] fit: 0.43157 | delta: 9.3e-05 | secs: 18.51726
INFO : RESCAL : [ 18] fit: 0.43165 | delta: 8.5e-05 | secs: 18.55101
INFO : RESCAL : [ 19] fit: 0.43173 | delta: 7.7e-05 | secs: 18.51638
[Fold 6] AUC-PR: 0.965889
