Thread(s) : 64
Fold      : 07
Debut     : 2026-05-30 17:07:37
====================================================

====================================================
Fold 07
====================================================
=== DATASET: fb15k237 | rank:200 | lambda_A:0.1 | lambda_R:0.1 ===
[Config] maxIter:20 | conv:1.0e-06 | threads:64
[Data]   n_entities:14541 | n_relations:237 | total_nnz:310116
[Data]   nnz:310116 | import_time:0.04 s
[Eval]   positifs:2000 | neg/pos:1 | folds:10 | mode:cross-validation CSR echantillonnee
INFO : RESCAL : [  0] fit: 0.29000 | delta: 2.9e-01 | secs: 18.87073
INFO : RESCAL : [  1] fit: 0.39998 | delta: 1.1e-01 | secs: 18.64230
INFO : RESCAL : [  2] fit: 0.41280 | delta: 1.3e-02 | secs: 18.83960
INFO : RESCAL : [  3] fit: 0.41745 | delta: 4.7e-03 | secs: 18.65310
INFO : RESCAL : [  4] fit: 0.41956 | delta: 2.1e-03 | secs: 18.36688
INFO : RESCAL : [  5] fit: 0.42069 | delta: 1.1e-03 | secs: 18.25620
INFO : RESCAL : [  6] fit: 0.42136 | delta: 6.8e-04 | secs: 18.73322
INFO : RESCAL : [  7] fit: 0.42184 | delta: 4.8e-04 | secs: 18.68252
INFO : RESCAL : [  8] fit: 0.42219 | delta: 3.5e-04 | secs: 18.34724
INFO : RESCAL : [  9] fit: 0.42246 | delta: 2.7e-04 | secs: 18.60711
INFO : RESCAL : [ 10] fit: 0.42267 | delta: 2.1e-04 | secs: 18.91052
INFO : RESCAL : [ 11] fit: 0.42286 | delta: 1.8e-04 | secs: 18.77426
INFO : RESCAL : [ 12] fit: 0.42302 | delta: 1.7e-04 | secs: 18.49866
INFO : RESCAL : [ 13] fit: 0.42318 | delta: 1.6e-04 | secs: 18.49658
INFO : RESCAL : [ 14] fit: 0.42333 | delta: 1.5e-04 | secs: 18.81401
INFO : RESCAL : [ 15] fit: 0.42346 | delta: 1.4e-04 | secs: 18.74855
INFO : RESCAL : [ 16] fit: 0.42359 | delta: 1.3e-04 | secs: 18.58372
INFO : RESCAL : [ 17] fit: 0.42371 | delta: 1.2e-04 | secs: 18.40482
INFO : RESCAL : [ 18] fit: 0.42383 | delta: 1.1e-04 | secs: 18.66777
INFO : RESCAL : [ 19] fit: 0.42393 | delta: 1.1e-04 | secs: 18.47816
[Fold 7] AUC-PR: 0.986366
