Thread(s) : 64
Fold      : 05
Debut     : 2026-05-30 17:07:37
====================================================

====================================================
Fold 05
====================================================
=== DATASET: fb15k237 | rank:200 | lambda_A:0.1 | lambda_R:0.1 ===
[Config] maxIter:20 | conv:1.0e-06 | threads:64
[Data]   n_entities:14541 | n_relations:237 | total_nnz:310116
[Data]   nnz:310116 | import_time:0.04 s
[Eval]   positifs:2000 | neg/pos:1 | folds:10 | mode:cross-validation CSR echantillonnee
INFO : RESCAL : [  0] fit: 0.29361 | delta: 2.9e-01 | secs: 18.53223
INFO : RESCAL : [  1] fit: 0.40544 | delta: 1.1e-01 | secs: 18.55736
INFO : RESCAL : [  2] fit: 0.41831 | delta: 1.3e-02 | secs: 18.81910
INFO : RESCAL : [  3] fit: 0.42302 | delta: 4.7e-03 | secs: 18.92355
INFO : RESCAL : [  4] fit: 0.42531 | delta: 2.3e-03 | secs: 18.76020
INFO : RESCAL : [  5] fit: 0.42673 | delta: 1.4e-03 | secs: 18.64971
INFO : RESCAL : [  6] fit: 0.42765 | delta: 9.2e-04 | secs: 18.78930
INFO : RESCAL : [  7] fit: 0.42833 | delta: 6.7e-04 | secs: 18.54620
INFO : RESCAL : [  8] fit: 0.42882 | delta: 4.9e-04 | secs: 19.03254
INFO : RESCAL : [  9] fit: 0.42924 | delta: 4.2e-04 | secs: 18.40648
INFO : RESCAL : [ 10] fit: 0.42959 | delta: 3.5e-04 | secs: 18.63695
INFO : RESCAL : [ 11] fit: 0.42991 | delta: 3.2e-04 | secs: 18.84157
INFO : RESCAL : [ 12] fit: 0.43017 | delta: 2.6e-04 | secs: 18.45260
INFO : RESCAL : [ 13] fit: 0.43040 | delta: 2.4e-04 | secs: 18.55949
INFO : RESCAL : [ 14] fit: 0.43060 | delta: 2.0e-04 | secs: 18.44189
INFO : RESCAL : [ 15] fit: 0.43077 | delta: 1.7e-04 | secs: 18.76655
INFO : RESCAL : [ 16] fit: 0.43092 | delta: 1.4e-04 | secs: 18.21625
INFO : RESCAL : [ 17] fit: 0.43105 | delta: 1.3e-04 | secs: 18.64901
INFO : RESCAL : [ 18] fit: 0.43115 | delta: 1.1e-04 | secs: 18.44557
INFO : RESCAL : [ 19] fit: 0.43124 | delta: 9.3e-05 | secs: 18.72148
[Fold 5] AUC-PR: 0.985746
