Thread(s) : 64
Fold      : 03
Debut     : 2026-05-30 17:07:37
====================================================

====================================================
Fold 03
====================================================
=== DATASET: fb15k237 | rank:200 | lambda_A:0.1 | lambda_R:0.1 ===
[Config] maxIter:20 | conv:1.0e-06 | threads:64
[Data]   n_entities:14541 | n_relations:237 | total_nnz:310116
[Data]   nnz:310116 | import_time:0.04 s
[Eval]   positifs:2000 | neg/pos:1 | folds:10 | mode:cross-validation CSR echantillonnee
INFO : RESCAL : [  0] fit: 0.28953 | delta: 2.9e-01 | secs: 18.76450
INFO : RESCAL : [  1] fit: 0.40115 | delta: 1.1e-01 | secs: 18.90602
INFO : RESCAL : [  2] fit: 0.41458 | delta: 1.3e-02 | secs: 18.65008
INFO : RESCAL : [  3] fit: 0.41975 | delta: 5.2e-03 | secs: 22.58919
INFO : RESCAL : [  4] fit: 0.42229 | delta: 2.5e-03 | secs: 18.74166
INFO : RESCAL : [  5] fit: 0.42361 | delta: 1.3e-03 | secs: 18.48477
INFO : RESCAL : [  6] fit: 0.42451 | delta: 9.0e-04 | secs: 18.49443
INFO : RESCAL : [  7] fit: 0.42509 | delta: 5.9e-04 | secs: 18.72923
INFO : RESCAL : [  8] fit: 0.42555 | delta: 4.5e-04 | secs: 18.60097
INFO : RESCAL : [  9] fit: 0.42585 | delta: 3.0e-04 | secs: 18.90003
INFO : RESCAL : [ 10] fit: 0.42610 | delta: 2.5e-04 | secs: 18.51028
INFO : RESCAL : [ 11] fit: 0.42628 | delta: 1.8e-04 | secs: 18.88342
INFO : RESCAL : [ 12] fit: 0.42645 | delta: 1.6e-04 | secs: 18.71908
INFO : RESCAL : [ 13] fit: 0.42657 | delta: 1.3e-04 | secs: 18.87438
INFO : RESCAL : [ 14] fit: 0.42670 | delta: 1.2e-04 | secs: 18.99630
INFO : RESCAL : [ 15] fit: 0.42680 | delta: 9.9e-05 | secs: 18.64131
INFO : RESCAL : [ 16] fit: 0.42689 | delta: 9.7e-05 | secs: 18.96827
INFO : RESCAL : [ 17] fit: 0.42697 | delta: 8.0e-05 | secs: 18.63668
INFO : RESCAL : [ 18] fit: 0.42705 | delta: 7.7e-05 | secs: 18.96404
INFO : RESCAL : [ 19] fit: 0.42711 | delta: 6.4e-05 | secs: 18.74369
[Fold 3] AUC-PR: 0.968804
