Thread(s) : 64
Fold      : 02
Debut     : 2026-05-30 17:07:37
====================================================

====================================================
Fold 02
====================================================
=== DATASET: fb15k237 | rank:200 | lambda_A:0.1 | lambda_R:0.1 ===
[Config] maxIter:20 | conv:1.0e-06 | threads:64
[Data]   n_entities:14541 | n_relations:237 | total_nnz:310116
[Data]   nnz:310116 | import_time:0.04 s
[Eval]   positifs:2000 | neg/pos:1 | folds:10 | mode:cross-validation CSR echantillonnee
INFO : RESCAL : [  0] fit: 0.28960 | delta: 2.9e-01 | secs: 18.82679
INFO : RESCAL : [  1] fit: 0.40230 | delta: 1.1e-01 | secs: 18.86153
INFO : RESCAL : [  2] fit: 0.41479 | delta: 1.2e-02 | secs: 18.14381
INFO : RESCAL : [  3] fit: 0.41957 | delta: 4.8e-03 | secs: 18.79242
INFO : RESCAL : [  4] fit: 0.42192 | delta: 2.4e-03 | secs: 18.51869
INFO : RESCAL : [  5] fit: 0.42328 | delta: 1.4e-03 | secs: 18.36218
INFO : RESCAL : [  6] fit: 0.42409 | delta: 8.1e-04 | secs: 18.84479
INFO : RESCAL : [  7] fit: 0.42463 | delta: 5.4e-04 | secs: 18.67897
INFO : RESCAL : [  8] fit: 0.42504 | delta: 4.1e-04 | secs: 18.61144
INFO : RESCAL : [  9] fit: 0.42540 | delta: 3.6e-04 | secs: 18.49145
INFO : RESCAL : [ 10] fit: 0.42572 | delta: 3.2e-04 | secs: 18.85158
INFO : RESCAL : [ 11] fit: 0.42600 | delta: 2.8e-04 | secs: 18.43121
INFO : RESCAL : [ 12] fit: 0.42621 | delta: 2.2e-04 | secs: 19.03233
INFO : RESCAL : [ 13] fit: 0.42639 | delta: 1.8e-04 | secs: 18.61421
INFO : RESCAL : [ 14] fit: 0.42655 | delta: 1.5e-04 | secs: 18.56947
INFO : RESCAL : [ 15] fit: 0.42668 | delta: 1.3e-04 | secs: 18.34402
INFO : RESCAL : [ 16] fit: 0.42679 | delta: 1.2e-04 | secs: 18.67422
INFO : RESCAL : [ 17] fit: 0.42690 | delta: 1.0e-04 | secs: 18.80222
INFO : RESCAL : [ 18] fit: 0.42699 | delta: 9.1e-05 | secs: 18.52287
INFO : RESCAL : [ 19] fit: 0.42707 | delta: 8.1e-05 | secs: 18.53625
[Fold 2] AUC-PR: 0.978515
