Thread(s) : 64
Fold      : 09
Debut     : 2026-05-30 17:07:37
====================================================

====================================================
Fold 09
====================================================
=== DATASET: fb15k237 | rank:200 | lambda_A:0.1 | lambda_R:0.1 ===
[Config] maxIter:20 | conv:1.0e-06 | threads:64
[Data]   n_entities:14541 | n_relations:237 | total_nnz:310116
[Data]   nnz:310116 | import_time:0.04 s
[Eval]   positifs:2000 | neg/pos:1 | folds:10 | mode:cross-validation CSR echantillonnee
INFO : RESCAL : [  0] fit: 0.28934 | delta: 2.9e-01 | secs: 18.45186
INFO : RESCAL : [  1] fit: 0.40331 | delta: 1.1e-01 | secs: 18.90419
INFO : RESCAL : [  2] fit: 0.41576 | delta: 1.2e-02 | secs: 18.46808
INFO : RESCAL : [  3] fit: 0.42027 | delta: 4.5e-03 | secs: 18.70929
INFO : RESCAL : [  4] fit: 0.42257 | delta: 2.3e-03 | secs: 18.69911
INFO : RESCAL : [  5] fit: 0.42392 | delta: 1.3e-03 | secs: 18.45719
INFO : RESCAL : [  6] fit: 0.42471 | delta: 7.9e-04 | secs: 18.60221
INFO : RESCAL : [  7] fit: 0.42529 | delta: 5.8e-04 | secs: 18.57598
INFO : RESCAL : [  8] fit: 0.42572 | delta: 4.3e-04 | secs: 18.39508
INFO : RESCAL : [  9] fit: 0.42607 | delta: 3.5e-04 | secs: 18.41829
INFO : RESCAL : [ 10] fit: 0.42636 | delta: 2.8e-04 | secs: 18.66385
INFO : RESCAL : [ 11] fit: 0.42660 | delta: 2.5e-04 | secs: 18.49764
INFO : RESCAL : [ 12] fit: 0.42681 | delta: 2.1e-04 | secs: 18.48296
INFO : RESCAL : [ 13] fit: 0.42700 | delta: 1.9e-04 | secs: 18.76555
INFO : RESCAL : [ 14] fit: 0.42716 | delta: 1.6e-04 | secs: 18.56702
INFO : RESCAL : [ 15] fit: 0.42731 | delta: 1.5e-04 | secs: 18.68079
INFO : RESCAL : [ 16] fit: 0.42743 | delta: 1.3e-04 | secs: 18.80065
INFO : RESCAL : [ 17] fit: 0.42754 | delta: 1.1e-04 | secs: 18.73774
INFO : RESCAL : [ 18] fit: 0.42763 | delta: 9.1e-05 | secs: 18.32293
INFO : RESCAL : [ 19] fit: 0.42771 | delta: 7.7e-05 | secs: 18.77742
[Fold 9] AUC-PR: 0.985718
