Thread(s) : 46
Fold      : 09
Debut     : 2026-05-29 03:12:31
====================================================

====================================================
Fold 09
====================================================
=== DATASET: fb15k237 | rank:200 | lambda_A:0.1 | lambda_R:0.1 ===
[Config] maxIter:20 | conv:1.0e-06 | threads:46
[Data]   n_entities:14541 | n_relations:237 | total_nnz:310116
[Data]   nnz:310116 | import_time:0.04 s
[Eval]   positifs:2000 | neg/pos:1 | folds:10 | mode:cross-validation CSR echantillonnee
INFO : RESCAL : [  0] fit: 0.28928 | delta: 2.9e-01 | secs: 18.69188
INFO : RESCAL : [  1] fit: 0.40154 | delta: 1.1e-01 | secs: 18.78302
INFO : RESCAL : [  2] fit: 0.41423 | delta: 1.3e-02 | secs: 18.75052
INFO : RESCAL : [  3] fit: 0.41904 | delta: 4.8e-03 | secs: 19.07242
INFO : RESCAL : [  4] fit: 0.42133 | delta: 2.3e-03 | secs: 18.79383
INFO : RESCAL : [  5] fit: 0.42261 | delta: 1.3e-03 | secs: 19.16544
INFO : RESCAL : [  6] fit: 0.42340 | delta: 7.9e-04 | secs: 18.55717
INFO : RESCAL : [  7] fit: 0.42390 | delta: 5.0e-04 | secs: 18.99101
INFO : RESCAL : [  8] fit: 0.42430 | delta: 4.0e-04 | secs: 18.66849
INFO : RESCAL : [  9] fit: 0.42463 | delta: 3.3e-04 | secs: 18.92882
INFO : RESCAL : [ 10] fit: 0.42492 | delta: 2.9e-04 | secs: 18.79511
INFO : RESCAL : [ 11] fit: 0.42517 | delta: 2.5e-04 | secs: 18.98097
INFO : RESCAL : [ 12] fit: 0.42538 | delta: 2.2e-04 | secs: 18.95220
INFO : RESCAL : [ 13] fit: 0.42558 | delta: 1.9e-04 | secs: 18.44882
INFO : RESCAL : [ 14] fit: 0.42575 | delta: 1.7e-04 | secs: 19.17457
INFO : RESCAL : [ 15] fit: 0.42589 | delta: 1.5e-04 | secs: 18.30307
INFO : RESCAL : [ 16] fit: 0.42602 | delta: 1.3e-04 | secs: 18.96000
INFO : RESCAL : [ 17] fit: 0.42614 | delta: 1.1e-04 | secs: 18.76906
INFO : RESCAL : [ 18] fit: 0.42624 | delta: 1.0e-04 | secs: 19.04996
INFO : RESCAL : [ 19] fit: 0.42633 | delta: 8.9e-05 | secs: 18.75315
[Fold 9] AUC-PR: 0.981270
