Thread(s) : 46
Fold      : 06
Debut     : 2026-05-29 03:12:31
====================================================

====================================================
Fold 06
====================================================
=== DATASET: fb15k237 | rank:200 | lambda_A:0.1 | lambda_R:0.1 ===
[Config] maxIter:20 | conv:1.0e-06 | threads:46
[Data]   n_entities:14541 | n_relations:237 | total_nnz:310116
[Data]   nnz:310116 | import_time:0.04 s
[Eval]   positifs:2000 | neg/pos:1 | folds:10 | mode:cross-validation CSR echantillonnee
INFO : RESCAL : [  0] fit: 0.29113 | delta: 2.9e-01 | secs: 19.04986
INFO : RESCAL : [  1] fit: 0.40348 | delta: 1.1e-01 | secs: 19.02775
INFO : RESCAL : [  2] fit: 0.41663 | delta: 1.3e-02 | secs: 19.04516
INFO : RESCAL : [  3] fit: 0.42118 | delta: 4.6e-03 | secs: 18.85089
INFO : RESCAL : [  4] fit: 0.42326 | delta: 2.1e-03 | secs: 18.85224
INFO : RESCAL : [  5] fit: 0.42430 | delta: 1.0e-03 | secs: 19.19521
INFO : RESCAL : [  6] fit: 0.42488 | delta: 5.8e-04 | secs: 18.68867
INFO : RESCAL : [  7] fit: 0.42534 | delta: 4.5e-04 | secs: 18.48311
INFO : RESCAL : [  8] fit: 0.42573 | delta: 4.0e-04 | secs: 18.48331
INFO : RESCAL : [  9] fit: 0.42608 | delta: 3.5e-04 | secs: 18.54639
INFO : RESCAL : [ 10] fit: 0.42639 | delta: 3.0e-04 | secs: 18.94802
INFO : RESCAL : [ 11] fit: 0.42665 | delta: 2.6e-04 | secs: 19.50647
INFO : RESCAL : [ 12] fit: 0.42688 | delta: 2.3e-04 | secs: 18.27999
INFO : RESCAL : [ 13] fit: 0.42708 | delta: 2.0e-04 | secs: 19.08311
INFO : RESCAL : [ 14] fit: 0.42725 | delta: 1.7e-04 | secs: 18.33997
INFO : RESCAL : [ 15] fit: 0.42739 | delta: 1.4e-04 | secs: 19.11198
INFO : RESCAL : [ 16] fit: 0.42752 | delta: 1.2e-04 | secs: 18.47094
INFO : RESCAL : [ 17] fit: 0.42762 | delta: 1.1e-04 | secs: 19.08649
INFO : RESCAL : [ 18] fit: 0.42772 | delta: 9.5e-05 | secs: 18.51073
INFO : RESCAL : [ 19] fit: 0.42780 | delta: 8.2e-05 | secs: 19.09326
[Fold 6] AUC-PR: 0.992111
