Thread(s) : 46
Fold      : 00
Debut     : 2026-05-29 03:12:31
====================================================

====================================================
Fold 00
====================================================
=== DATASET: fb15k237 | rank:200 | lambda_A:0.1 | lambda_R:0.1 ===
[Config] maxIter:20 | conv:1.0e-06 | threads:46
[Data]   n_entities:14541 | n_relations:237 | total_nnz:310116
[Data]   nnz:310116 | import_time:0.04 s
[Eval]   positifs:2000 | neg/pos:1 | folds:10 | mode:cross-validation CSR echantillonnee
INFO : RESCAL : [  0] fit: 0.28991 | delta: 2.9e-01 | secs: 19.03242
INFO : RESCAL : [  1] fit: 0.40031 | delta: 1.1e-01 | secs: 19.13428
INFO : RESCAL : [  2] fit: 0.41287 | delta: 1.3e-02 | secs: 18.72147
INFO : RESCAL : [  3] fit: 0.41751 | delta: 4.6e-03 | secs: 18.81820
INFO : RESCAL : [  4] fit: 0.41977 | delta: 2.3e-03 | secs: 18.71498
INFO : RESCAL : [  5] fit: 0.42103 | delta: 1.3e-03 | secs: 18.80498
INFO : RESCAL : [  6] fit: 0.42185 | delta: 8.1e-04 | secs: 19.06912
INFO : RESCAL : [  7] fit: 0.42246 | delta: 6.2e-04 | secs: 18.70623
INFO : RESCAL : [  8] fit: 0.42294 | delta: 4.8e-04 | secs: 18.97336
INFO : RESCAL : [  9] fit: 0.42332 | delta: 3.8e-04 | secs: 18.49071
INFO : RESCAL : [ 10] fit: 0.42362 | delta: 3.0e-04 | secs: 18.36641
INFO : RESCAL : [ 11] fit: 0.42388 | delta: 2.5e-04 | secs: 18.71669
INFO : RESCAL : [ 12] fit: 0.42409 | delta: 2.1e-04 | secs: 18.93548
INFO : RESCAL : [ 13] fit: 0.42428 | delta: 1.9e-04 | secs: 18.94538
INFO : RESCAL : [ 14] fit: 0.42444 | delta: 1.6e-04 | secs: 18.78406
INFO : RESCAL : [ 15] fit: 0.42459 | delta: 1.4e-04 | secs: 18.79620
INFO : RESCAL : [ 16] fit: 0.42471 | delta: 1.2e-04 | secs: 18.70181
INFO : RESCAL : [ 17] fit: 0.42481 | delta: 1.0e-04 | secs: 18.63163
INFO : RESCAL : [ 18] fit: 0.42490 | delta: 8.6e-05 | secs: 18.97024
INFO : RESCAL : [ 19] fit: 0.42497 | delta: 7.4e-05 | secs: 19.12528
[Fold 0] AUC-PR: 0.969299
