Thread(s) : 46
Fold      : 01
Debut     : 2026-05-29 03:12:31
====================================================

====================================================
Fold 01
====================================================
=== DATASET: fb15k237 | rank:200 | lambda_A:0.1 | lambda_R:0.1 ===
[Config] maxIter:20 | conv:1.0e-06 | threads:46
[Data]   n_entities:14541 | n_relations:237 | total_nnz:310116
[Data]   nnz:310116 | import_time:0.04 s
[Eval]   positifs:2000 | neg/pos:1 | folds:10 | mode:cross-validation CSR echantillonnee
INFO : RESCAL : [  0] fit: 0.29063 | delta: 2.9e-01 | secs: 18.82964
INFO : RESCAL : [  1] fit: 0.40153 | delta: 1.1e-01 | secs: 19.05406
INFO : RESCAL : [  2] fit: 0.41474 | delta: 1.3e-02 | secs: 18.76015
INFO : RESCAL : [  3] fit: 0.41951 | delta: 4.8e-03 | secs: 18.50871
INFO : RESCAL : [  4] fit: 0.42195 | delta: 2.4e-03 | secs: 19.01978
INFO : RESCAL : [  5] fit: 0.42348 | delta: 1.5e-03 | secs: 18.94140
INFO : RESCAL : [  6] fit: 0.42438 | delta: 9.0e-04 | secs: 18.76768
INFO : RESCAL : [  7] fit: 0.42495 | delta: 5.7e-04 | secs: 18.72778
INFO : RESCAL : [  8] fit: 0.42537 | delta: 4.3e-04 | secs: 18.58283
INFO : RESCAL : [  9] fit: 0.42573 | delta: 3.5e-04 | secs: 18.98682
INFO : RESCAL : [ 10] fit: 0.42602 | delta: 2.9e-04 | secs: 18.62912
INFO : RESCAL : [ 11] fit: 0.42626 | delta: 2.5e-04 | secs: 19.21718
INFO : RESCAL : [ 12] fit: 0.42647 | delta: 2.0e-04 | secs: 18.51464
INFO : RESCAL : [ 13] fit: 0.42664 | delta: 1.8e-04 | secs: 19.12615
INFO : RESCAL : [ 14] fit: 0.42679 | delta: 1.5e-04 | secs: 18.48120
INFO : RESCAL : [ 15] fit: 0.42692 | delta: 1.3e-04 | secs: 18.87946
INFO : RESCAL : [ 16] fit: 0.42703 | delta: 1.1e-04 | secs: 18.97308
INFO : RESCAL : [ 17] fit: 0.42712 | delta: 9.7e-05 | secs: 19.18943
INFO : RESCAL : [ 18] fit: 0.42721 | delta: 8.5e-05 | secs: 18.61840
INFO : RESCAL : [ 19] fit: 0.42729 | delta: 7.8e-05 | secs: 18.62841
[Fold 1] AUC-PR: 0.970051
