Thread(s) : 46
Fold      : 08
Debut     : 2026-05-29 03:12:31
====================================================

====================================================
Fold 08
====================================================
=== DATASET: fb15k237 | rank:200 | lambda_A:0.1 | lambda_R:0.1 ===
[Config] maxIter:20 | conv:1.0e-06 | threads:46
[Data]   n_entities:14541 | n_relations:237 | total_nnz:310116
[Data]   nnz:310116 | import_time:0.04 s
[Eval]   positifs:2000 | neg/pos:1 | folds:10 | mode:cross-validation CSR echantillonnee
INFO : RESCAL : [  0] fit: 0.29348 | delta: 2.9e-01 | secs: 18.52985
INFO : RESCAL : [  1] fit: 0.40354 | delta: 1.1e-01 | secs: 19.03113
INFO : RESCAL : [  2] fit: 0.41664 | delta: 1.3e-02 | secs: 18.44725
INFO : RESCAL : [  3] fit: 0.42182 | delta: 5.2e-03 | secs: 18.64658
INFO : RESCAL : [  4] fit: 0.42430 | delta: 2.5e-03 | secs: 18.45464
INFO : RESCAL : [  5] fit: 0.42561 | delta: 1.3e-03 | secs: 18.82615
INFO : RESCAL : [  6] fit: 0.42642 | delta: 8.0e-04 | secs: 18.77204
INFO : RESCAL : [  7] fit: 0.42699 | delta: 5.7e-04 | secs: 18.50610
INFO : RESCAL : [  8] fit: 0.42740 | delta: 4.2e-04 | secs: 18.47734
INFO : RESCAL : [  9] fit: 0.42774 | delta: 3.3e-04 | secs: 18.43953
INFO : RESCAL : [ 10] fit: 0.42801 | delta: 2.7e-04 | secs: 18.46082
INFO : RESCAL : [ 11] fit: 0.42825 | delta: 2.3e-04 | secs: 18.32973
INFO : RESCAL : [ 12] fit: 0.42844 | delta: 2.0e-04 | secs: 18.27752
INFO : RESCAL : [ 13] fit: 0.42862 | delta: 1.7e-04 | secs: 18.34590
INFO : RESCAL : [ 14] fit: 0.42876 | delta: 1.5e-04 | secs: 18.36071
INFO : RESCAL : [ 15] fit: 0.42889 | delta: 1.3e-04 | secs: 18.82699
INFO : RESCAL : [ 16] fit: 0.42900 | delta: 1.1e-04 | secs: 18.62756
INFO : RESCAL : [ 17] fit: 0.42910 | delta: 9.8e-05 | secs: 18.38051
INFO : RESCAL : [ 18] fit: 0.42918 | delta: 8.6e-05 | secs: 18.45252
INFO : RESCAL : [ 19] fit: 0.42926 | delta: 7.8e-05 | secs: 19.06462
[Fold 8] AUC-PR: 0.979682
