Thread(s) : 46
Fold      : 02
Debut     : 2026-05-29 03:12:31
====================================================

====================================================
Fold 02
====================================================
=== DATASET: fb15k237 | rank:200 | lambda_A:0.1 | lambda_R:0.1 ===
[Config] maxIter:20 | conv:1.0e-06 | threads:46
[Data]   n_entities:14541 | n_relations:237 | total_nnz:310116
[Data]   nnz:310116 | import_time:0.04 s
[Eval]   positifs:2000 | neg/pos:1 | folds:10 | mode:cross-validation CSR echantillonnee
INFO : RESCAL : [  0] fit: 0.29074 | delta: 2.9e-01 | secs: 18.90668
INFO : RESCAL : [  1] fit: 0.40131 | delta: 1.1e-01 | secs: 19.01552
INFO : RESCAL : [  2] fit: 0.41423 | delta: 1.3e-02 | secs: 18.22116
INFO : RESCAL : [  3] fit: 0.41893 | delta: 4.7e-03 | secs: 18.78138
INFO : RESCAL : [  4] fit: 0.42121 | delta: 2.3e-03 | secs: 18.75718
INFO : RESCAL : [  5] fit: 0.42262 | delta: 1.4e-03 | secs: 18.80686
INFO : RESCAL : [  6] fit: 0.42361 | delta: 9.9e-04 | secs: 18.95509
INFO : RESCAL : [  7] fit: 0.42425 | delta: 6.4e-04 | secs: 18.89004
INFO : RESCAL : [  8] fit: 0.42465 | delta: 4.1e-04 | secs: 19.02190
INFO : RESCAL : [  9] fit: 0.42497 | delta: 3.1e-04 | secs: 18.94156
INFO : RESCAL : [ 10] fit: 0.42524 | delta: 2.7e-04 | secs: 18.87545
INFO : RESCAL : [ 11] fit: 0.42549 | delta: 2.5e-04 | secs: 19.01901
INFO : RESCAL : [ 12] fit: 0.42571 | delta: 2.2e-04 | secs: 18.61442
INFO : RESCAL : [ 13] fit: 0.42590 | delta: 1.9e-04 | secs: 18.79812
INFO : RESCAL : [ 14] fit: 0.42607 | delta: 1.7e-04 | secs: 18.15004
INFO : RESCAL : [ 15] fit: 0.42622 | delta: 1.5e-04 | secs: 18.71311
INFO : RESCAL : [ 16] fit: 0.42635 | delta: 1.4e-04 | secs: 18.63816
INFO : RESCAL : [ 17] fit: 0.42647 | delta: 1.2e-04 | secs: 19.07167
INFO : RESCAL : [ 18] fit: 0.42658 | delta: 1.1e-04 | secs: 18.47515
INFO : RESCAL : [ 19] fit: 0.42668 | delta: 9.7e-05 | secs: 18.72572
[Fold 2] AUC-PR: 0.993058
