Thread(s) : 46
Fold      : 07
Debut     : 2026-05-29 03:12:31
====================================================

====================================================
Fold 07
====================================================
=== DATASET: fb15k237 | rank:200 | lambda_A:0.1 | lambda_R:0.1 ===
[Config] maxIter:20 | conv:1.0e-06 | threads:46
[Data]   n_entities:14541 | n_relations:237 | total_nnz:310116
[Data]   nnz:310116 | import_time:0.04 s
[Eval]   positifs:2000 | neg/pos:1 | folds:10 | mode:cross-validation CSR echantillonnee
INFO : RESCAL : [  0] fit: 0.29131 | delta: 2.9e-01 | secs: 18.55189
INFO : RESCAL : [  1] fit: 0.40347 | delta: 1.1e-01 | secs: 18.73737
INFO : RESCAL : [  2] fit: 0.41624 | delta: 1.3e-02 | secs: 18.68623
INFO : RESCAL : [  3] fit: 0.42101 | delta: 4.8e-03 | secs: 18.64714
INFO : RESCAL : [  4] fit: 0.42351 | delta: 2.5e-03 | secs: 18.46626
INFO : RESCAL : [  5] fit: 0.42503 | delta: 1.5e-03 | secs: 18.77960
INFO : RESCAL : [  6] fit: 0.42595 | delta: 9.2e-04 | secs: 18.89301
INFO : RESCAL : [  7] fit: 0.42654 | delta: 5.9e-04 | secs: 18.72476
INFO : RESCAL : [  8] fit: 0.42698 | delta: 4.4e-04 | secs: 19.23850
INFO : RESCAL : [  9] fit: 0.42731 | delta: 3.3e-04 | secs: 18.65008
INFO : RESCAL : [ 10] fit: 0.42758 | delta: 2.7e-04 | secs: 18.82665
INFO : RESCAL : [ 11] fit: 0.42781 | delta: 2.3e-04 | secs: 18.45366
INFO : RESCAL : [ 12] fit: 0.42800 | delta: 2.0e-04 | secs: 18.52973
INFO : RESCAL : [ 13] fit: 0.42817 | delta: 1.7e-04 | secs: 18.74148
INFO : RESCAL : [ 14] fit: 0.42831 | delta: 1.4e-04 | secs: 18.77466
INFO : RESCAL : [ 15] fit: 0.42843 | delta: 1.2e-04 | secs: 18.54721
INFO : RESCAL : [ 16] fit: 0.42853 | delta: 1.0e-04 | secs: 19.17699
INFO : RESCAL : [ 17] fit: 0.42863 | delta: 9.2e-05 | secs: 18.74197
INFO : RESCAL : [ 18] fit: 0.42871 | delta: 8.3e-05 | secs: 18.93694
INFO : RESCAL : [ 19] fit: 0.42879 | delta: 8.0e-05 | secs: 18.38470
[Fold 7] AUC-PR: 0.984596
