Thread(s) : 46
Fold      : 04
Debut     : 2026-05-29 03:12:31
====================================================

====================================================
Fold 04
====================================================
=== DATASET: fb15k237 | rank:200 | lambda_A:0.1 | lambda_R:0.1 ===
[Config] maxIter:20 | conv:1.0e-06 | threads:46
[Data]   n_entities:14541 | n_relations:237 | total_nnz:310116
[Data]   nnz:310116 | import_time:0.04 s
[Eval]   positifs:2000 | neg/pos:1 | folds:10 | mode:cross-validation CSR echantillonnee
INFO : RESCAL : [  0] fit: 0.29052 | delta: 2.9e-01 | secs: 18.75496
INFO : RESCAL : [  1] fit: 0.40214 | delta: 1.1e-01 | secs: 19.13043
INFO : RESCAL : [  2] fit: 0.41520 | delta: 1.3e-02 | secs: 18.92159
INFO : RESCAL : [  3] fit: 0.42030 | delta: 5.1e-03 | secs: 19.15348
INFO : RESCAL : [  4] fit: 0.42285 | delta: 2.6e-03 | secs: 18.56922
INFO : RESCAL : [  5] fit: 0.42431 | delta: 1.5e-03 | secs: 18.50291
INFO : RESCAL : [  6] fit: 0.42516 | delta: 8.5e-04 | secs: 18.86448
INFO : RESCAL : [  7] fit: 0.42571 | delta: 5.5e-04 | secs: 19.00286
INFO : RESCAL : [  8] fit: 0.42610 | delta: 3.9e-04 | secs: 18.81886
INFO : RESCAL : [  9] fit: 0.42641 | delta: 3.1e-04 | secs: 18.75137
INFO : RESCAL : [ 10] fit: 0.42666 | delta: 2.5e-04 | secs: 18.43946
INFO : RESCAL : [ 11] fit: 0.42687 | delta: 2.1e-04 | secs: 18.63902
INFO : RESCAL : [ 12] fit: 0.42705 | delta: 1.8e-04 | secs: 18.45596
INFO : RESCAL : [ 13] fit: 0.42720 | delta: 1.5e-04 | secs: 18.72944
INFO : RESCAL : [ 14] fit: 0.42733 | delta: 1.3e-04 | secs: 18.47384
INFO : RESCAL : [ 15] fit: 0.42745 | delta: 1.2e-04 | secs: 19.07343
INFO : RESCAL : [ 16] fit: 0.42756 | delta: 1.1e-04 | secs: 18.54039
INFO : RESCAL : [ 17] fit: 0.42766 | delta: 9.9e-05 | secs: 19.03268
INFO : RESCAL : [ 18] fit: 0.42775 | delta: 9.0e-05 | secs: 18.18427
INFO : RESCAL : [ 19] fit: 0.42783 | delta: 8.3e-05 | secs: 18.86542
[Fold 4] AUC-PR: 0.975033
