Thread(s) : 8
Fold      : 01
Debut     : 2026-05-28 06:09:49
====================================================

====================================================
Fold 01
====================================================
=== DATASET: fb15k237 | rank:200 | lambda_A:0.1 | lambda_R:0.1 ===
[Config] maxIter:20 | conv:1.0e-06 | threads:8
[Data]   n_entities:14541 | n_relations:237 | total_nnz:310116
[Data]   nnz:310116 | import_time:0.04 s
[Eval]   positifs:2000 | neg/pos:1 | folds:10 | mode:cross-validation CSR echantillonnee
INFO : RESCAL : [  0] fit: 0.29080 | delta: 2.9e-01 | secs: 25.56516
INFO : RESCAL : [  1] fit: 0.40234 | delta: 1.1e-01 | secs: 24.58069
INFO : RESCAL : [  2] fit: 0.41549 | delta: 1.3e-02 | secs: 25.23444
INFO : RESCAL : [  3] fit: 0.42040 | delta: 4.9e-03 | secs: 24.75416
INFO : RESCAL : [  4] fit: 0.42276 | delta: 2.4e-03 | secs: 25.11396
INFO : RESCAL : [  5] fit: 0.42415 | delta: 1.4e-03 | secs: 24.99851
INFO : RESCAL : [  6] fit: 0.42501 | delta: 8.6e-04 | secs: 25.19362
INFO : RESCAL : [  7] fit: 0.42560 | delta: 5.9e-04 | secs: 24.81647
INFO : RESCAL : [  8] fit: 0.42602 | delta: 4.2e-04 | secs: 25.28324
INFO : RESCAL : [  9] fit: 0.42636 | delta: 3.4e-04 | secs: 24.85862
INFO : RESCAL : [ 10] fit: 0.42661 | delta: 2.5e-04 | secs: 25.22659
INFO : RESCAL : [ 11] fit: 0.42679 | delta: 1.8e-04 | secs: 24.61215
INFO : RESCAL : [ 12] fit: 0.42691 | delta: 1.2e-04 | secs: 25.39880
INFO : RESCAL : [ 13] fit: 0.42703 | delta: 1.2e-04 | secs: 24.87780
INFO : RESCAL : [ 14] fit: 0.42714 | delta: 1.1e-04 | secs: 25.28942
INFO : RESCAL : [ 15] fit: 0.42724 | delta: 1.0e-04 | secs: 24.72791
INFO : RESCAL : [ 16] fit: 0.42733 | delta: 9.2e-05 | secs: 25.30795
INFO : RESCAL : [ 17] fit: 0.42742 | delta: 9.0e-05 | secs: 24.81662
INFO : RESCAL : [ 18] fit: 0.42750 | delta: 7.9e-05 | secs: 25.35222
INFO : RESCAL : [ 19] fit: 0.42758 | delta: 7.6e-05 | secs: 24.96588
[Fold 1] AUC-PR: 0.981638
