Thread(s) : 8
Fold      : 04
Debut     : 2026-05-28 06:09:49
====================================================

====================================================
Fold 04
====================================================
=== DATASET: fb15k237 | rank:200 | lambda_A:0.1 | lambda_R:0.1 ===
[Config] maxIter:20 | conv:1.0e-06 | threads:8
[Data]   n_entities:14541 | n_relations:237 | total_nnz:310116
[Data]   nnz:310116 | import_time:0.04 s
[Eval]   positifs:2000 | neg/pos:1 | folds:10 | mode:cross-validation CSR echantillonnee
INFO : RESCAL : [  0] fit: 0.29208 | delta: 2.9e-01 | secs: 25.54599
INFO : RESCAL : [  1] fit: 0.40282 | delta: 1.1e-01 | secs: 25.43004
INFO : RESCAL : [  2] fit: 0.41589 | delta: 1.3e-02 | secs: 25.20226
INFO : RESCAL : [  3] fit: 0.42076 | delta: 4.9e-03 | secs: 24.90394
INFO : RESCAL : [  4] fit: 0.42324 | delta: 2.5e-03 | secs: 25.21351
INFO : RESCAL : [  5] fit: 0.42457 | delta: 1.3e-03 | secs: 24.77228
INFO : RESCAL : [  6] fit: 0.42530 | delta: 7.4e-04 | secs: 23.68648
INFO : RESCAL : [  7] fit: 0.42575 | delta: 4.5e-04 | secs: 25.70596
INFO : RESCAL : [  8] fit: 0.42610 | delta: 3.5e-04 | secs: 25.03780
INFO : RESCAL : [  9] fit: 0.42637 | delta: 2.7e-04 | secs: 25.66578
INFO : RESCAL : [ 10] fit: 0.42660 | delta: 2.3e-04 | secs: 25.02685
INFO : RESCAL : [ 11] fit: 0.42678 | delta: 1.8e-04 | secs: 25.54080
INFO : RESCAL : [ 12] fit: 0.42694 | delta: 1.6e-04 | secs: 25.29624
INFO : RESCAL : [ 13] fit: 0.42708 | delta: 1.4e-04 | secs: 25.78487
INFO : RESCAL : [ 14] fit: 0.42720 | delta: 1.2e-04 | secs: 23.46647
INFO : RESCAL : [ 15] fit: 0.42730 | delta: 1.0e-04 | secs: 25.70236
INFO : RESCAL : [ 16] fit: 0.42739 | delta: 8.8e-05 | secs: 25.24722
INFO : RESCAL : [ 17] fit: 0.42746 | delta: 7.4e-05 | secs: 24.59023
INFO : RESCAL : [ 18] fit: 0.42752 | delta: 6.3e-05 | secs: 25.36321
INFO : RESCAL : [ 19] fit: 0.42758 | delta: 5.3e-05 | secs: 24.76017
[Fold 4] AUC-PR: 0.976458
