Thread(s) : 8
Fold      : 07
Debut     : 2026-05-28 06:09:49
====================================================

====================================================
Fold 07
====================================================
=== DATASET: fb15k237 | rank:200 | lambda_A:0.1 | lambda_R:0.1 ===
[Config] maxIter:20 | conv:1.0e-06 | threads:8
[Data]   n_entities:14541 | n_relations:237 | total_nnz:310116
[Data]   nnz:310116 | import_time:0.04 s
[Eval]   positifs:2000 | neg/pos:1 | folds:10 | mode:cross-validation CSR echantillonnee
INFO : RESCAL : [  0] fit: 0.28918 | delta: 2.9e-01 | secs: 25.57665
INFO : RESCAL : [  1] fit: 0.40053 | delta: 1.1e-01 | secs: 25.57133
INFO : RESCAL : [  2] fit: 0.41391 | delta: 1.3e-02 | secs: 25.12238
INFO : RESCAL : [  3] fit: 0.41887 | delta: 5.0e-03 | secs: 24.69796
INFO : RESCAL : [  4] fit: 0.42128 | delta: 2.4e-03 | secs: 25.33458
INFO : RESCAL : [  5] fit: 0.42266 | delta: 1.4e-03 | secs: 24.68992
INFO : RESCAL : [  6] fit: 0.42347 | delta: 8.1e-04 | secs: 25.21397
INFO : RESCAL : [  7] fit: 0.42401 | delta: 5.4e-04 | secs: 24.97752
INFO : RESCAL : [  8] fit: 0.42445 | delta: 4.4e-04 | secs: 25.22620
INFO : RESCAL : [  9] fit: 0.42481 | delta: 3.6e-04 | secs: 24.76348
INFO : RESCAL : [ 10] fit: 0.42512 | delta: 3.1e-04 | secs: 25.23664
INFO : RESCAL : [ 11] fit: 0.42537 | delta: 2.5e-04 | secs: 24.73137
INFO : RESCAL : [ 12] fit: 0.42560 | delta: 2.3e-04 | secs: 25.27285
INFO : RESCAL : [ 13] fit: 0.42579 | delta: 1.9e-04 | secs: 24.60859
INFO : RESCAL : [ 14] fit: 0.42596 | delta: 1.7e-04 | secs: 25.32820
INFO : RESCAL : [ 15] fit: 0.42611 | delta: 1.5e-04 | secs: 24.97815
INFO : RESCAL : [ 16] fit: 0.42625 | delta: 1.4e-04 | secs: 25.27297
INFO : RESCAL : [ 17] fit: 0.42637 | delta: 1.2e-04 | secs: 24.99365
INFO : RESCAL : [ 18] fit: 0.42649 | delta: 1.1e-04 | secs: 25.36310
INFO : RESCAL : [ 19] fit: 0.42659 | delta: 1.0e-04 | secs: 24.86086
[Fold 7] AUC-PR: 0.988239
