Thread(s) : 8
Fold      : 06
Debut     : 2026-05-28 06:09:49
====================================================

====================================================
Fold 06
====================================================
=== DATASET: fb15k237 | rank:200 | lambda_A:0.1 | lambda_R:0.1 ===
[Config] maxIter:20 | conv:1.0e-06 | threads:8
[Data]   n_entities:14541 | n_relations:237 | total_nnz:310116
[Data]   nnz:310116 | import_time:0.04 s
[Eval]   positifs:2000 | neg/pos:1 | folds:10 | mode:cross-validation CSR echantillonnee
INFO : RESCAL : [  0] fit: 0.29034 | delta: 2.9e-01 | secs: 25.42571
INFO : RESCAL : [  1] fit: 0.40237 | delta: 1.1e-01 | secs: 24.76795
INFO : RESCAL : [  2] fit: 0.41493 | delta: 1.3e-02 | secs: 25.13028
INFO : RESCAL : [  3] fit: 0.41949 | delta: 4.6e-03 | secs: 24.77240
INFO : RESCAL : [  4] fit: 0.42182 | delta: 2.3e-03 | secs: 25.29223
INFO : RESCAL : [  5] fit: 0.42318 | delta: 1.4e-03 | secs: 24.71102
INFO : RESCAL : [  6] fit: 0.42395 | delta: 7.7e-04 | secs: 25.22621
INFO : RESCAL : [  7] fit: 0.42447 | delta: 5.2e-04 | secs: 24.61442
INFO : RESCAL : [  8] fit: 0.42485 | delta: 3.8e-04 | secs: 25.18634
INFO : RESCAL : [  9] fit: 0.42515 | delta: 3.1e-04 | secs: 24.69182
INFO : RESCAL : [ 10] fit: 0.42541 | delta: 2.5e-04 | secs: 25.28159
INFO : RESCAL : [ 11] fit: 0.42563 | delta: 2.2e-04 | secs: 25.65320
INFO : RESCAL : [ 12] fit: 0.42582 | delta: 1.9e-04 | secs: 24.62876
INFO : RESCAL : [ 13] fit: 0.42598 | delta: 1.6e-04 | secs: 24.85036
INFO : RESCAL : [ 14] fit: 0.42612 | delta: 1.4e-04 | secs: 25.34237
INFO : RESCAL : [ 15] fit: 0.42625 | delta: 1.3e-04 | secs: 24.86834
INFO : RESCAL : [ 16] fit: 0.42636 | delta: 1.1e-04 | secs: 25.03569
INFO : RESCAL : [ 17] fit: 0.42646 | delta: 9.9e-05 | secs: 24.67922
INFO : RESCAL : [ 18] fit: 0.42655 | delta: 8.9e-05 | secs: 25.25715
INFO : RESCAL : [ 19] fit: 0.42663 | delta: 8.0e-05 | secs: 25.66980
[Fold 6] AUC-PR: 0.991901
