Thread(s) : 8
Fold      : 03
Debut     : 2026-05-28 06:09:49
====================================================

====================================================
Fold 03
====================================================
=== DATASET: fb15k237 | rank:200 | lambda_A:0.1 | lambda_R:0.1 ===
[Config] maxIter:20 | conv:1.0e-06 | threads:8
[Data]   n_entities:14541 | n_relations:237 | total_nnz:310116
[Data]   nnz:310116 | import_time:0.04 s
[Eval]   positifs:2000 | neg/pos:1 | folds:10 | mode:cross-validation CSR echantillonnee
INFO : RESCAL : [  0] fit: 0.29198 | delta: 2.9e-01 | secs: 25.44822
INFO : RESCAL : [  1] fit: 0.40168 | delta: 1.1e-01 | secs: 25.57646
INFO : RESCAL : [  2] fit: 0.41390 | delta: 1.2e-02 | secs: 25.18886
INFO : RESCAL : [  3] fit: 0.41854 | delta: 4.6e-03 | secs: 24.89093
INFO : RESCAL : [  4] fit: 0.42076 | delta: 2.2e-03 | secs: 25.16635
INFO : RESCAL : [  5] fit: 0.42196 | delta: 1.2e-03 | secs: 24.66323
INFO : RESCAL : [  6] fit: 0.42266 | delta: 7.0e-04 | secs: 23.71786
INFO : RESCAL : [  7] fit: 0.42317 | delta: 5.1e-04 | secs: 25.53138
INFO : RESCAL : [  8] fit: 0.42356 | delta: 3.9e-04 | secs: 24.30972
INFO : RESCAL : [  9] fit: 0.42389 | delta: 3.3e-04 | secs: 24.75685
INFO : RESCAL : [ 10] fit: 0.42418 | delta: 2.9e-04 | secs: 23.76069
INFO : RESCAL : [ 11] fit: 0.42443 | delta: 2.5e-04 | secs: 25.46397
INFO : RESCAL : [ 12] fit: 0.42465 | delta: 2.2e-04 | secs: 25.06884
INFO : RESCAL : [ 13] fit: 0.42483 | delta: 1.8e-04 | secs: 24.87937
INFO : RESCAL : [ 14] fit: 0.42498 | delta: 1.6e-04 | secs: 25.35039
INFO : RESCAL : [ 15] fit: 0.42511 | delta: 1.3e-04 | secs: 24.80060
INFO : RESCAL : [ 16] fit: 0.42523 | delta: 1.1e-04 | secs: 25.12952
INFO : RESCAL : [ 17] fit: 0.42532 | delta: 9.4e-05 | secs: 24.53095
INFO : RESCAL : [ 18] fit: 0.42540 | delta: 8.1e-05 | secs: 24.41704
INFO : RESCAL : [ 19] fit: 0.42547 | delta: 6.9e-05 | secs: 24.97485
[Fold 3] AUC-PR: 0.990593
