Thread(s) : 8
Fold      : 02
Debut     : 2026-05-28 06:09:49
====================================================

====================================================
Fold 02
====================================================
=== DATASET: fb15k237 | rank:200 | lambda_A:0.1 | lambda_R:0.1 ===
[Config] maxIter:20 | conv:1.0e-06 | threads:8
[Data]   n_entities:14541 | n_relations:237 | total_nnz:310116
[Data]   nnz:310116 | import_time:0.04 s
[Eval]   positifs:2000 | neg/pos:1 | folds:10 | mode:cross-validation CSR echantillonnee
INFO : RESCAL : [  0] fit: 0.28870 | delta: 2.9e-01 | secs: 25.55692
INFO : RESCAL : [  1] fit: 0.40121 | delta: 1.1e-01 | secs: 24.83316
INFO : RESCAL : [  2] fit: 0.41411 | delta: 1.3e-02 | secs: 25.16833
INFO : RESCAL : [  3] fit: 0.41893 | delta: 4.8e-03 | secs: 24.83513
INFO : RESCAL : [  4] fit: 0.42132 | delta: 2.4e-03 | secs: 25.28346
INFO : RESCAL : [  5] fit: 0.42264 | delta: 1.3e-03 | secs: 24.72937
INFO : RESCAL : [  6] fit: 0.42347 | delta: 8.3e-04 | secs: 25.16718
INFO : RESCAL : [  7] fit: 0.42404 | delta: 5.6e-04 | secs: 24.52602
INFO : RESCAL : [  8] fit: 0.42446 | delta: 4.2e-04 | secs: 25.32690
INFO : RESCAL : [  9] fit: 0.42479 | delta: 3.3e-04 | secs: 24.81575
INFO : RESCAL : [ 10] fit: 0.42505 | delta: 2.6e-04 | secs: 25.36625
INFO : RESCAL : [ 11] fit: 0.42525 | delta: 2.0e-04 | secs: 24.79782
INFO : RESCAL : [ 12] fit: 0.42541 | delta: 1.6e-04 | secs: 25.23948
INFO : RESCAL : [ 13] fit: 0.42553 | delta: 1.3e-04 | secs: 24.76203
INFO : RESCAL : [ 14] fit: 0.42565 | delta: 1.1e-04 | secs: 25.13167
INFO : RESCAL : [ 15] fit: 0.42574 | delta: 9.7e-05 | secs: 24.68531
INFO : RESCAL : [ 16] fit: 0.42583 | delta: 8.8e-05 | secs: 25.15173
INFO : RESCAL : [ 17] fit: 0.42591 | delta: 8.1e-05 | secs: 24.80489
INFO : RESCAL : [ 18] fit: 0.42599 | delta: 7.5e-05 | secs: 23.61055
INFO : RESCAL : [ 19] fit: 0.42606 | delta: 7.0e-05 | secs: 25.62255
[Fold 2] AUC-PR: 0.973759
