Thread(s) : 8
Fold      : 08
Debut     : 2026-05-28 06:09:49
====================================================

====================================================
Fold 08
====================================================
=== DATASET: fb15k237 | rank:200 | lambda_A:0.1 | lambda_R:0.1 ===
[Config] maxIter:20 | conv:1.0e-06 | threads:8
[Data]   n_entities:14541 | n_relations:237 | total_nnz:310116
[Data]   nnz:310116 | import_time:0.04 s
[Eval]   positifs:2000 | neg/pos:1 | folds:10 | mode:cross-validation CSR echantillonnee
INFO : RESCAL : [  0] fit: 0.28713 | delta: 2.9e-01 | secs: 25.67832
INFO : RESCAL : [  1] fit: 0.39983 | delta: 1.1e-01 | secs: 24.77994
INFO : RESCAL : [  2] fit: 0.41256 | delta: 1.3e-02 | secs: 25.43085
INFO : RESCAL : [  3] fit: 0.41720 | delta: 4.6e-03 | secs: 24.79247
INFO : RESCAL : [  4] fit: 0.41924 | delta: 2.0e-03 | secs: 25.29022
INFO : RESCAL : [  5] fit: 0.42036 | delta: 1.1e-03 | secs: 24.96631
INFO : RESCAL : [  6] fit: 0.42108 | delta: 7.2e-04 | secs: 24.49311
INFO : RESCAL : [  7] fit: 0.42165 | delta: 5.8e-04 | secs: 25.02488
INFO : RESCAL : [  8] fit: 0.42211 | delta: 4.6e-04 | secs: 24.64597
INFO : RESCAL : [  9] fit: 0.42252 | delta: 4.1e-04 | secs: 24.93696
INFO : RESCAL : [ 10] fit: 0.42285 | delta: 3.3e-04 | secs: 25.71585
INFO : RESCAL : [ 11] fit: 0.42311 | delta: 2.6e-04 | secs: 24.90577
INFO : RESCAL : [ 12] fit: 0.42330 | delta: 1.9e-04 | secs: 25.20057
INFO : RESCAL : [ 13] fit: 0.42345 | delta: 1.6e-04 | secs: 24.76733
INFO : RESCAL : [ 14] fit: 0.42358 | delta: 1.2e-04 | secs: 24.47752
INFO : RESCAL : [ 15] fit: 0.42369 | delta: 1.1e-04 | secs: 24.69375
INFO : RESCAL : [ 16] fit: 0.42379 | delta: 9.8e-05 | secs: 25.40048
INFO : RESCAL : [ 17] fit: 0.42388 | delta: 9.5e-05 | secs: 25.80533
INFO : RESCAL : [ 18] fit: 0.42397 | delta: 8.4e-05 | secs: 24.60344
INFO : RESCAL : [ 19] fit: 0.42405 | delta: 8.1e-05 | secs: 25.42482
[Fold 8] AUC-PR: 0.986620
