Thread(s) : 8
Fold      : 09
Debut     : 2026-05-28 06:09:49
====================================================

====================================================
Fold 09
====================================================
=== DATASET: fb15k237 | rank:200 | lambda_A:0.1 | lambda_R:0.1 ===
[Config] maxIter:20 | conv:1.0e-06 | threads:8
[Data]   n_entities:14541 | n_relations:237 | total_nnz:310116
[Data]   nnz:310116 | import_time:0.04 s
[Eval]   positifs:2000 | neg/pos:1 | folds:10 | mode:cross-validation CSR echantillonnee
INFO : RESCAL : [  0] fit: 0.29068 | delta: 2.9e-01 | secs: 25.45452
INFO : RESCAL : [  1] fit: 0.40102 | delta: 1.1e-01 | secs: 24.80131
INFO : RESCAL : [  2] fit: 0.41425 | delta: 1.3e-02 | secs: 25.36059
INFO : RESCAL : [  3] fit: 0.41913 | delta: 4.9e-03 | secs: 24.68089
INFO : RESCAL : [  4] fit: 0.42149 | delta: 2.4e-03 | secs: 25.10718
INFO : RESCAL : [  5] fit: 0.42291 | delta: 1.4e-03 | secs: 24.61350
INFO : RESCAL : [  6] fit: 0.42381 | delta: 9.0e-04 | secs: 25.17989
INFO : RESCAL : [  7] fit: 0.42446 | delta: 6.5e-04 | secs: 24.77453
INFO : RESCAL : [  8] fit: 0.42496 | delta: 5.0e-04 | secs: 25.21959
INFO : RESCAL : [  9] fit: 0.42536 | delta: 4.0e-04 | secs: 24.53899
INFO : RESCAL : [ 10] fit: 0.42569 | delta: 3.3e-04 | secs: 25.18674
INFO : RESCAL : [ 11] fit: 0.42597 | delta: 2.8e-04 | secs: 24.86717
INFO : RESCAL : [ 12] fit: 0.42621 | delta: 2.4e-04 | secs: 24.91135
INFO : RESCAL : [ 13] fit: 0.42642 | delta: 2.1e-04 | secs: 24.55946
INFO : RESCAL : [ 14] fit: 0.42660 | delta: 1.8e-04 | secs: 25.25780
INFO : RESCAL : [ 15] fit: 0.42676 | delta: 1.6e-04 | secs: 24.65130
INFO : RESCAL : [ 16] fit: 0.42691 | delta: 1.4e-04 | secs: 25.15835
INFO : RESCAL : [ 17] fit: 0.42703 | delta: 1.2e-04 | secs: 25.65908
INFO : RESCAL : [ 18] fit: 0.42714 | delta: 1.1e-04 | secs: 23.56822
INFO : RESCAL : [ 19] fit: 0.42723 | delta: 8.9e-05 | secs: 25.48334
[Fold 9] AUC-PR: 0.991115
