Thread(s) : 62
Fold      : 02
Debut     : 2026-05-29 11:47:13
====================================================

====================================================
Fold 02
====================================================
=== DATASET: fb15k237 | rank:200 | lambda_A:0.1 | lambda_R:0.1 ===
[Config] maxIter:20 | conv:1.0e-06 | threads:62
[Data]   n_entities:14541 | n_relations:237 | total_nnz:310116
[Data]   nnz:310116 | import_time:0.04 s
[Eval]   positifs:2000 | neg/pos:1 | folds:10 | mode:cross-validation CSR echantillonnee
INFO : RESCAL : [  0] fit: 0.28890 | delta: 2.9e-01 | secs: 18.50403
INFO : RESCAL : [  1] fit: 0.40154 | delta: 1.1e-01 | secs: 18.64194
INFO : RESCAL : [  2] fit: 0.41435 | delta: 1.3e-02 | secs: 18.82943
INFO : RESCAL : [  3] fit: 0.41921 | delta: 4.9e-03 | secs: 18.13627
INFO : RESCAL : [  4] fit: 0.42154 | delta: 2.3e-03 | secs: 18.46723
INFO : RESCAL : [  5] fit: 0.42279 | delta: 1.3e-03 | secs: 18.53216
INFO : RESCAL : [  6] fit: 0.42359 | delta: 8.0e-04 | secs: 18.92857
INFO : RESCAL : [  7] fit: 0.42419 | delta: 6.1e-04 | secs: 18.97698
INFO : RESCAL : [  8] fit: 0.42466 | delta: 4.7e-04 | secs: 18.97728
INFO : RESCAL : [  9] fit: 0.42503 | delta: 3.7e-04 | secs: 19.07093
INFO : RESCAL : [ 10] fit: 0.42532 | delta: 2.9e-04 | secs: 18.70461
INFO : RESCAL : [ 11] fit: 0.42557 | delta: 2.5e-04 | secs: 18.49913
INFO : RESCAL : [ 12] fit: 0.42578 | delta: 2.1e-04 | secs: 18.88210
INFO : RESCAL : [ 13] fit: 0.42597 | delta: 1.9e-04 | secs: 18.64122
INFO : RESCAL : [ 14] fit: 0.42613 | delta: 1.6e-04 | secs: 18.75210
INFO : RESCAL : [ 15] fit: 0.42628 | delta: 1.5e-04 | secs: 18.56789
INFO : RESCAL : [ 16] fit: 0.42640 | delta: 1.3e-04 | secs: 18.51706
INFO : RESCAL : [ 17] fit: 0.42652 | delta: 1.1e-04 | secs: 18.84712
INFO : RESCAL : [ 18] fit: 0.42662 | delta: 1.0e-04 | secs: 18.84541
INFO : RESCAL : [ 19] fit: 0.42671 | delta: 9.1e-05 | secs: 18.52765
[Fold 2] AUC-PR: 0.966454
