Thread(s) : 62
Fold      : 03
Debut     : 2026-05-29 11:47:13
====================================================

====================================================
Fold 03
====================================================
=== DATASET: fb15k237 | rank:200 | lambda_A:0.1 | lambda_R:0.1 ===
[Config] maxIter:20 | conv:1.0e-06 | threads:62
[Data]   n_entities:14541 | n_relations:237 | total_nnz:310116
[Data]   nnz:310116 | import_time:0.04 s
[Eval]   positifs:2000 | neg/pos:1 | folds:10 | mode:cross-validation CSR echantillonnee
INFO : RESCAL : [  0] fit: 0.29227 | delta: 2.9e-01 | secs: 18.80229
INFO : RESCAL : [  1] fit: 0.40108 | delta: 1.1e-01 | secs: 18.44206
INFO : RESCAL : [  2] fit: 0.41334 | delta: 1.2e-02 | secs: 18.71698
INFO : RESCAL : [  3] fit: 0.41784 | delta: 4.5e-03 | secs: 18.24742
INFO : RESCAL : [  4] fit: 0.42008 | delta: 2.2e-03 | secs: 18.77397
INFO : RESCAL : [  5] fit: 0.42148 | delta: 1.4e-03 | secs: 18.72581
INFO : RESCAL : [  6] fit: 0.42240 | delta: 9.2e-04 | secs: 18.63765
INFO : RESCAL : [  7] fit: 0.42307 | delta: 6.6e-04 | secs: 18.00476
INFO : RESCAL : [  8] fit: 0.42357 | delta: 5.0e-04 | secs: 18.62516
INFO : RESCAL : [  9] fit: 0.42400 | delta: 4.3e-04 | secs: 18.74426
INFO : RESCAL : [ 10] fit: 0.42431 | delta: 3.1e-04 | secs: 19.28429
INFO : RESCAL : [ 11] fit: 0.42454 | delta: 2.3e-04 | secs: 18.39416
INFO : RESCAL : [ 12] fit: 0.42473 | delta: 1.9e-04 | secs: 18.88527
INFO : RESCAL : [ 13] fit: 0.42489 | delta: 1.6e-04 | secs: 18.62749
INFO : RESCAL : [ 14] fit: 0.42503 | delta: 1.4e-04 | secs: 18.70364
INFO : RESCAL : [ 15] fit: 0.42516 | delta: 1.2e-04 | secs: 18.78550
INFO : RESCAL : [ 16] fit: 0.42527 | delta: 1.1e-04 | secs: 19.15184
INFO : RESCAL : [ 17] fit: 0.42536 | delta: 9.6e-05 | secs: 18.49870
INFO : RESCAL : [ 18] fit: 0.42545 | delta: 8.6e-05 | secs: 18.94692
INFO : RESCAL : [ 19] fit: 0.42553 | delta: 7.7e-05 | secs: 18.27188
[Fold 3] AUC-PR: 0.993946
