Thread(s) : 62
Fold      : 05
Debut     : 2026-05-29 11:47:13
====================================================

====================================================
Fold 05
====================================================
=== DATASET: fb15k237 | rank:200 | lambda_A:0.1 | lambda_R:0.1 ===
[Config] maxIter:20 | conv:1.0e-06 | threads:62
[Data]   n_entities:14541 | n_relations:237 | total_nnz:310116
[Data]   nnz:310116 | import_time:0.04 s
[Eval]   positifs:2000 | neg/pos:1 | folds:10 | mode:cross-validation CSR echantillonnee
INFO : RESCAL : [  0] fit: 0.29122 | delta: 2.9e-01 | secs: 18.74663
INFO : RESCAL : [  1] fit: 0.40256 | delta: 1.1e-01 | secs: 18.76874
INFO : RESCAL : [  2] fit: 0.41539 | delta: 1.3e-02 | secs: 18.75646
INFO : RESCAL : [  3] fit: 0.42012 | delta: 4.7e-03 | secs: 18.37098
INFO : RESCAL : [  4] fit: 0.42230 | delta: 2.2e-03 | secs: 18.86001
INFO : RESCAL : [  5] fit: 0.42343 | delta: 1.1e-03 | secs: 19.12215
INFO : RESCAL : [  6] fit: 0.42415 | delta: 7.3e-04 | secs: 19.03927
INFO : RESCAL : [  7] fit: 0.42471 | delta: 5.6e-04 | secs: 18.08412
INFO : RESCAL : [  8] fit: 0.42519 | delta: 4.8e-04 | secs: 18.58349
INFO : RESCAL : [  9] fit: 0.42560 | delta: 4.1e-04 | secs: 18.94101
INFO : RESCAL : [ 10] fit: 0.42598 | delta: 3.7e-04 | secs: 18.92538
INFO : RESCAL : [ 11] fit: 0.42626 | delta: 2.8e-04 | secs: 18.25114
INFO : RESCAL : [ 12] fit: 0.42643 | delta: 1.7e-04 | secs: 18.60253
INFO : RESCAL : [ 13] fit: 0.42656 | delta: 1.3e-04 | secs: 18.78951
INFO : RESCAL : [ 14] fit: 0.42668 | delta: 1.2e-04 | secs: 19.03151
INFO : RESCAL : [ 15] fit: 0.42679 | delta: 1.1e-04 | secs: 19.02813
INFO : RESCAL : [ 16] fit: 0.42690 | delta: 1.0e-04 | secs: 18.78864
INFO : RESCAL : [ 17] fit: 0.42699 | delta: 9.1e-05 | secs: 18.48482
INFO : RESCAL : [ 18] fit: 0.42707 | delta: 8.4e-05 | secs: 18.72448
INFO : RESCAL : [ 19] fit: 0.42715 | delta: 7.7e-05 | secs: 18.60561
[Fold 5] AUC-PR: 0.978972
