Thread(s) : 62
Fold      : 01
Debut     : 2026-05-29 11:47:13
====================================================

====================================================
Fold 01
====================================================
=== DATASET: fb15k237 | rank:200 | lambda_A:0.1 | lambda_R:0.1 ===
[Config] maxIter:20 | conv:1.0e-06 | threads:62
[Data]   n_entities:14541 | n_relations:237 | total_nnz:310116
[Data]   nnz:310116 | import_time:0.04 s
[Eval]   positifs:2000 | neg/pos:1 | folds:10 | mode:cross-validation CSR echantillonnee
INFO : RESCAL : [  0] fit: 0.29216 | delta: 2.9e-01 | secs: 19.03002
INFO : RESCAL : [  1] fit: 0.40371 | delta: 1.1e-01 | secs: 19.15286
INFO : RESCAL : [  2] fit: 0.41662 | delta: 1.3e-02 | secs: 18.78795
INFO : RESCAL : [  3] fit: 0.42125 | delta: 4.6e-03 | secs: 18.32592
INFO : RESCAL : [  4] fit: 0.42358 | delta: 2.3e-03 | secs: 18.67591
INFO : RESCAL : [  5] fit: 0.42500 | delta: 1.4e-03 | secs: 18.57568
INFO : RESCAL : [  6] fit: 0.42591 | delta: 9.2e-04 | secs: 18.48006
INFO : RESCAL : [  7] fit: 0.42660 | delta: 6.8e-04 | secs: 18.38074
INFO : RESCAL : [  8] fit: 0.42714 | delta: 5.4e-04 | secs: 18.30417
INFO : RESCAL : [  9] fit: 0.42754 | delta: 4.0e-04 | secs: 18.71657
INFO : RESCAL : [ 10] fit: 0.42783 | delta: 2.9e-04 | secs: 19.00895
INFO : RESCAL : [ 11] fit: 0.42806 | delta: 2.2e-04 | secs: 18.90472
INFO : RESCAL : [ 12] fit: 0.42824 | delta: 1.9e-04 | secs: 18.86594
INFO : RESCAL : [ 13] fit: 0.42840 | delta: 1.6e-04 | secs: 18.96375
INFO : RESCAL : [ 14] fit: 0.42854 | delta: 1.4e-04 | secs: 18.89551
INFO : RESCAL : [ 15] fit: 0.42866 | delta: 1.2e-04 | secs: 18.52050
INFO : RESCAL : [ 16] fit: 0.42876 | delta: 1.1e-04 | secs: 18.76466
INFO : RESCAL : [ 17] fit: 0.42886 | delta: 9.3e-05 | secs: 18.59934
INFO : RESCAL : [ 18] fit: 0.42894 | delta: 8.4e-05 | secs: 19.07113
INFO : RESCAL : [ 19] fit: 0.42902 | delta: 7.4e-05 | secs: 18.49676
[Fold 1] AUC-PR: 0.980341
