Thread(s) : 62
Fold      : 09
Debut     : 2026-05-29 11:47:13
====================================================

====================================================
Fold 09
====================================================
=== DATASET: fb15k237 | rank:200 | lambda_A:0.1 | lambda_R:0.1 ===
[Config] maxIter:20 | conv:1.0e-06 | threads:62
[Data]   n_entities:14541 | n_relations:237 | total_nnz:310116
[Data]   nnz:310116 | import_time:0.04 s
[Eval]   positifs:2000 | neg/pos:1 | folds:10 | mode:cross-validation CSR echantillonnee
INFO : RESCAL : [  0] fit: 0.29318 | delta: 2.9e-01 | secs: 19.10241
INFO : RESCAL : [  1] fit: 0.40587 | delta: 1.1e-01 | secs: 18.54259
INFO : RESCAL : [  2] fit: 0.41874 | delta: 1.3e-02 | secs: 18.87654
INFO : RESCAL : [  3] fit: 0.42352 | delta: 4.8e-03 | secs: 18.37021
INFO : RESCAL : [  4] fit: 0.42611 | delta: 2.6e-03 | secs: 18.68135
INFO : RESCAL : [  5] fit: 0.42764 | delta: 1.5e-03 | secs: 18.36088
INFO : RESCAL : [  6] fit: 0.42850 | delta: 8.6e-04 | secs: 18.93630
INFO : RESCAL : [  7] fit: 0.42903 | delta: 5.3e-04 | secs: 18.33800
INFO : RESCAL : [  8] fit: 0.42933 | delta: 3.0e-04 | secs: 19.27238
INFO : RESCAL : [  9] fit: 0.42956 | delta: 2.3e-04 | secs: 18.83509
INFO : RESCAL : [ 10] fit: 0.42977 | delta: 2.1e-04 | secs: 19.24058
INFO : RESCAL : [ 11] fit: 0.42996 | delta: 1.9e-04 | secs: 18.57357
INFO : RESCAL : [ 12] fit: 0.43012 | delta: 1.6e-04 | secs: 18.44129
INFO : RESCAL : [ 13] fit: 0.43026 | delta: 1.4e-04 | secs: 18.25561
INFO : RESCAL : [ 14] fit: 0.43038 | delta: 1.2e-04 | secs: 18.64591
INFO : RESCAL : [ 15] fit: 0.43049 | delta: 1.1e-04 | secs: 18.55754
INFO : RESCAL : [ 16] fit: 0.43059 | delta: 9.7e-05 | secs: 18.89148
INFO : RESCAL : [ 17] fit: 0.43068 | delta: 8.8e-05 | secs: 18.24624
INFO : RESCAL : [ 18] fit: 0.43076 | delta: 8.1e-05 | secs: 19.00095
INFO : RESCAL : [ 19] fit: 0.43083 | delta: 7.5e-05 | secs: 18.64042
[Fold 9] AUC-PR: 0.986160
