Thread(s) : 62
Fold      : 06
Debut     : 2026-05-29 11:47:13
====================================================

====================================================
Fold 06
====================================================
=== DATASET: fb15k237 | rank:200 | lambda_A:0.1 | lambda_R:0.1 ===
[Config] maxIter:20 | conv:1.0e-06 | threads:62
[Data]   n_entities:14541 | n_relations:237 | total_nnz:310116
[Data]   nnz:310116 | import_time:0.04 s
[Eval]   positifs:2000 | neg/pos:1 | folds:10 | mode:cross-validation CSR echantillonnee
INFO : RESCAL : [  0] fit: 0.29035 | delta: 2.9e-01 | secs: 19.27785
INFO : RESCAL : [  1] fit: 0.40401 | delta: 1.1e-01 | secs: 19.14774
INFO : RESCAL : [  2] fit: 0.41718 | delta: 1.3e-02 | secs: 18.94602
INFO : RESCAL : [  3] fit: 0.42204 | delta: 4.9e-03 | secs: 18.34676
INFO : RESCAL : [  4] fit: 0.42453 | delta: 2.5e-03 | secs: 18.88912
INFO : RESCAL : [  5] fit: 0.42592 | delta: 1.4e-03 | secs: 18.58740
INFO : RESCAL : [  6] fit: 0.42685 | delta: 9.2e-04 | secs: 18.84040
INFO : RESCAL : [  7] fit: 0.42744 | delta: 5.9e-04 | secs: 18.42743
INFO : RESCAL : [  8] fit: 0.42789 | delta: 4.5e-04 | secs: 18.32721
INFO : RESCAL : [  9] fit: 0.42822 | delta: 3.3e-04 | secs: 18.82149
INFO : RESCAL : [ 10] fit: 0.42848 | delta: 2.7e-04 | secs: 18.82311
INFO : RESCAL : [ 11] fit: 0.42869 | delta: 2.0e-04 | secs: 18.78016
INFO : RESCAL : [ 12] fit: 0.42886 | delta: 1.7e-04 | secs: 18.85668
INFO : RESCAL : [ 13] fit: 0.42900 | delta: 1.4e-04 | secs: 18.38203
INFO : RESCAL : [ 14] fit: 0.42912 | delta: 1.3e-04 | secs: 18.92160
INFO : RESCAL : [ 15] fit: 0.42923 | delta: 1.1e-04 | secs: 18.40459
INFO : RESCAL : [ 16] fit: 0.42933 | delta: 1.0e-04 | secs: 18.27090
INFO : RESCAL : [ 17] fit: 0.42943 | delta: 9.1e-05 | secs: 18.49869
INFO : RESCAL : [ 18] fit: 0.42951 | delta: 8.6e-05 | secs: 18.52704
INFO : RESCAL : [ 19] fit: 0.42959 | delta: 7.8e-05 | secs: 18.63092
[Fold 6] AUC-PR: 0.972632
