Thread(s) : 62
Fold      : 04
Debut     : 2026-05-29 11:47:13
====================================================

====================================================
Fold 04
====================================================
=== DATASET: fb15k237 | rank:200 | lambda_A:0.1 | lambda_R:0.1 ===
[Config] maxIter:20 | conv:1.0e-06 | threads:62
[Data]   n_entities:14541 | n_relations:237 | total_nnz:310116
[Data]   nnz:310116 | import_time:0.04 s
[Eval]   positifs:2000 | neg/pos:1 | folds:10 | mode:cross-validation CSR echantillonnee
INFO : RESCAL : [  0] fit: 0.28847 | delta: 2.9e-01 | secs: 18.55898
INFO : RESCAL : [  1] fit: 0.40019 | delta: 1.1e-01 | secs: 18.72290
INFO : RESCAL : [  2] fit: 0.41350 | delta: 1.3e-02 | secs: 18.86313
INFO : RESCAL : [  3] fit: 0.41846 | delta: 5.0e-03 | secs: 18.29982
INFO : RESCAL : [  4] fit: 0.42069 | delta: 2.2e-03 | secs: 18.93119
INFO : RESCAL : [  5] fit: 0.42187 | delta: 1.2e-03 | secs: 18.97936
INFO : RESCAL : [  6] fit: 0.42259 | delta: 7.1e-04 | secs: 18.90940
INFO : RESCAL : [  7] fit: 0.42311 | delta: 5.3e-04 | secs: 18.36223
INFO : RESCAL : [  8] fit: 0.42353 | delta: 4.1e-04 | secs: 18.18866
INFO : RESCAL : [  9] fit: 0.42387 | delta: 3.4e-04 | secs: 19.07625
INFO : RESCAL : [ 10] fit: 0.42415 | delta: 2.8e-04 | secs: 18.37880
INFO : RESCAL : [ 11] fit: 0.42439 | delta: 2.4e-04 | secs: 18.48220
INFO : RESCAL : [ 12] fit: 0.42460 | delta: 2.1e-04 | secs: 18.87263
INFO : RESCAL : [ 13] fit: 0.42478 | delta: 1.8e-04 | secs: 19.00482
INFO : RESCAL : [ 14] fit: 0.42494 | delta: 1.6e-04 | secs: 18.61657
INFO : RESCAL : [ 15] fit: 0.42508 | delta: 1.4e-04 | secs: 18.99181
INFO : RESCAL : [ 16] fit: 0.42520 | delta: 1.2e-04 | secs: 18.80885
INFO : RESCAL : [ 17] fit: 0.42531 | delta: 1.1e-04 | secs: 18.63371
INFO : RESCAL : [ 18] fit: 0.42540 | delta: 9.7e-05 | secs: 18.27822
INFO : RESCAL : [ 19] fit: 0.42549 | delta: 8.8e-05 | secs: 18.51400
[Fold 4] AUC-PR: 0.980078
