Thread(s) : 62
Fold      : 08
Debut     : 2026-05-29 11:47:13
====================================================

====================================================
Fold 08
====================================================
=== DATASET: fb15k237 | rank:200 | lambda_A:0.1 | lambda_R:0.1 ===
[Config] maxIter:20 | conv:1.0e-06 | threads:62
[Data]   n_entities:14541 | n_relations:237 | total_nnz:310116
[Data]   nnz:310116 | import_time:0.04 s
[Eval]   positifs:2000 | neg/pos:1 | folds:10 | mode:cross-validation CSR echantillonnee
INFO : RESCAL : [  0] fit: 0.29096 | delta: 2.9e-01 | secs: 18.88512
INFO : RESCAL : [  1] fit: 0.40372 | delta: 1.1e-01 | secs: 18.72712
INFO : RESCAL : [  2] fit: 0.41610 | delta: 1.2e-02 | secs: 18.67571
INFO : RESCAL : [  3] fit: 0.42064 | delta: 4.5e-03 | secs: 18.31029
INFO : RESCAL : [  4] fit: 0.42286 | delta: 2.2e-03 | secs: 18.88197
INFO : RESCAL : [  5] fit: 0.42413 | delta: 1.3e-03 | secs: 18.35073
INFO : RESCAL : [  6] fit: 0.42490 | delta: 7.7e-04 | secs: 18.74313
INFO : RESCAL : [  7] fit: 0.42546 | delta: 5.6e-04 | secs: 18.30292
INFO : RESCAL : [  8] fit: 0.42588 | delta: 4.2e-04 | secs: 18.56638
INFO : RESCAL : [  9] fit: 0.42622 | delta: 3.4e-04 | secs: 18.28986
INFO : RESCAL : [ 10] fit: 0.42651 | delta: 2.8e-04 | secs: 19.00046
INFO : RESCAL : [ 11] fit: 0.42676 | delta: 2.5e-04 | secs: 18.68194
INFO : RESCAL : [ 12] fit: 0.42699 | delta: 2.2e-04 | secs: 18.88849
INFO : RESCAL : [ 13] fit: 0.42719 | delta: 2.1e-04 | secs: 18.26190
INFO : RESCAL : [ 14] fit: 0.42738 | delta: 1.9e-04 | secs: 18.69370
INFO : RESCAL : [ 15] fit: 0.42755 | delta: 1.7e-04 | secs: 18.36184
INFO : RESCAL : [ 16] fit: 0.42771 | delta: 1.5e-04 | secs: 18.70205
INFO : RESCAL : [ 17] fit: 0.42785 | delta: 1.4e-04 | secs: 18.47203
INFO : RESCAL : [ 18] fit: 0.42798 | delta: 1.3e-04 | secs: 18.65127
INFO : RESCAL : [ 19] fit: 0.42809 | delta: 1.2e-04 | secs: 17.94918
[Fold 8] AUC-PR: 0.980149
