Thread(s) : 14
Fold      : 07
Debut     : 2026-05-28 10:11:16
====================================================

====================================================
Fold 07
====================================================
=== DATASET: fb15k237 | rank:200 | lambda_A:0.1 | lambda_R:0.1 ===
[Config] maxIter:20 | conv:1.0e-06 | threads:14
[Data]   n_entities:14541 | n_relations:237 | total_nnz:310116
[Data]   nnz:310116 | import_time:0.04 s
[Eval]   positifs:2000 | neg/pos:1 | folds:10 | mode:cross-validation CSR echantillonnee
INFO : RESCAL : [  0] fit: 0.29098 | delta: 2.9e-01 | secs: 21.43417
INFO : RESCAL : [  1] fit: 0.40292 | delta: 1.1e-01 | secs: 20.76412
INFO : RESCAL : [  2] fit: 0.41579 | delta: 1.3e-02 | secs: 20.71968
INFO : RESCAL : [  3] fit: 0.42014 | delta: 4.4e-03 | secs: 21.44455
INFO : RESCAL : [  4] fit: 0.42212 | delta: 2.0e-03 | secs: 20.79521
INFO : RESCAL : [  5] fit: 0.42319 | delta: 1.1e-03 | secs: 21.24939
INFO : RESCAL : [  6] fit: 0.42391 | delta: 7.2e-04 | secs: 21.37360
INFO : RESCAL : [  7] fit: 0.42440 | delta: 4.9e-04 | secs: 20.75443
INFO : RESCAL : [  8] fit: 0.42481 | delta: 4.1e-04 | secs: 21.55111
INFO : RESCAL : [  9] fit: 0.42513 | delta: 3.2e-04 | secs: 20.85856
INFO : RESCAL : [ 10] fit: 0.42542 | delta: 2.9e-04 | secs: 20.90817
INFO : RESCAL : [ 11] fit: 0.42568 | delta: 2.5e-04 | secs: 21.22049
INFO : RESCAL : [ 12] fit: 0.42593 | delta: 2.5e-04 | secs: 20.85288
INFO : RESCAL : [ 13] fit: 0.42617 | delta: 2.5e-04 | secs: 21.34693
INFO : RESCAL : [ 14] fit: 0.42642 | delta: 2.5e-04 | secs: 21.34122
INFO : RESCAL : [ 15] fit: 0.42664 | delta: 2.2e-04 | secs: 20.90849
INFO : RESCAL : [ 16] fit: 0.42683 | delta: 1.8e-04 | secs: 20.82762
INFO : RESCAL : [ 17] fit: 0.42698 | delta: 1.5e-04 | secs: 21.56506
INFO : RESCAL : [ 18] fit: 0.42711 | delta: 1.3e-04 | secs: 21.04331
INFO : RESCAL : [ 19] fit: 0.42723 | delta: 1.2e-04 | secs: 20.75941
[Fold 7] AUC-PR: 0.976475
