Thread(s) : 14
Fold      : 03
Debut     : 2026-05-28 10:11:16
====================================================

====================================================
Fold 03
====================================================
=== DATASET: fb15k237 | rank:200 | lambda_A:0.1 | lambda_R:0.1 ===
[Config] maxIter:20 | conv:1.0e-06 | threads:14
[Data]   n_entities:14541 | n_relations:237 | total_nnz:310116
[Data]   nnz:310116 | import_time:0.04 s
[Eval]   positifs:2000 | neg/pos:1 | folds:10 | mode:cross-validation CSR echantillonnee
INFO : RESCAL : [  0] fit: 0.29176 | delta: 2.9e-01 | secs: 21.49894
INFO : RESCAL : [  1] fit: 0.40619 | delta: 1.1e-01 | secs: 20.56729
INFO : RESCAL : [  2] fit: 0.41929 | delta: 1.3e-02 | secs: 20.84280
INFO : RESCAL : [  3] fit: 0.42398 | delta: 4.7e-03 | secs: 21.24664
INFO : RESCAL : [  4] fit: 0.42641 | delta: 2.4e-03 | secs: 21.40198
INFO : RESCAL : [  5] fit: 0.42777 | delta: 1.4e-03 | secs: 20.71248
INFO : RESCAL : [  6] fit: 0.42857 | delta: 8.0e-04 | secs: 20.82876
INFO : RESCAL : [  7] fit: 0.42906 | delta: 4.9e-04 | secs: 21.26497
INFO : RESCAL : [  8] fit: 0.42942 | delta: 3.7e-04 | secs: 21.38823
INFO : RESCAL : [  9] fit: 0.42972 | delta: 3.0e-04 | secs: 21.41698
INFO : RESCAL : [ 10] fit: 0.42997 | delta: 2.5e-04 | secs: 21.44885
INFO : RESCAL : [ 11] fit: 0.43018 | delta: 2.1e-04 | secs: 21.48170
INFO : RESCAL : [ 12] fit: 0.43036 | delta: 1.8e-04 | secs: 21.45892
INFO : RESCAL : [ 13] fit: 0.43051 | delta: 1.5e-04 | secs: 20.57164
INFO : RESCAL : [ 14] fit: 0.43064 | delta: 1.3e-04 | secs: 21.39327
INFO : RESCAL : [ 15] fit: 0.43074 | delta: 1.0e-04 | secs: 20.86608
INFO : RESCAL : [ 16] fit: 0.43083 | delta: 8.6e-05 | secs: 21.54876
INFO : RESCAL : [ 17] fit: 0.43090 | delta: 7.0e-05 | secs: 20.80652
INFO : RESCAL : [ 18] fit: 0.43096 | delta: 6.0e-05 | secs: 21.58500
INFO : RESCAL : [ 19] fit: 0.43101 | delta: 5.0e-05 | secs: 20.71341
[Fold 3] AUC-PR: 0.966972
