Thread(s) : 14
Fold      : 05
Debut     : 2026-05-28 10:11:16
====================================================

====================================================
Fold 05
====================================================
=== DATASET: fb15k237 | rank:200 | lambda_A:0.1 | lambda_R:0.1 ===
[Config] maxIter:20 | conv:1.0e-06 | threads:14
[Data]   n_entities:14541 | n_relations:237 | total_nnz:310116
[Data]   nnz:310116 | import_time:0.04 s
[Eval]   positifs:2000 | neg/pos:1 | folds:10 | mode:cross-validation CSR echantillonnee
INFO : RESCAL : [  0] fit: 0.29135 | delta: 2.9e-01 | secs: 21.49599
INFO : RESCAL : [  1] fit: 0.40365 | delta: 1.1e-01 | secs: 20.68780
INFO : RESCAL : [  2] fit: 0.41644 | delta: 1.3e-02 | secs: 21.00866
INFO : RESCAL : [  3] fit: 0.42122 | delta: 4.8e-03 | secs: 21.45544
INFO : RESCAL : [  4] fit: 0.42340 | delta: 2.2e-03 | secs: 21.21486
INFO : RESCAL : [  5] fit: 0.42455 | delta: 1.1e-03 | secs: 20.91912
INFO : RESCAL : [  6] fit: 0.42531 | delta: 7.6e-04 | secs: 20.89016
INFO : RESCAL : [  7] fit: 0.42589 | delta: 5.8e-04 | secs: 21.45857
INFO : RESCAL : [  8] fit: 0.42634 | delta: 4.4e-04 | secs: 21.32537
INFO : RESCAL : [  9] fit: 0.42669 | delta: 3.5e-04 | secs: 20.93338
INFO : RESCAL : [ 10] fit: 0.42698 | delta: 2.9e-04 | secs: 20.90380
INFO : RESCAL : [ 11] fit: 0.42723 | delta: 2.5e-04 | secs: 21.44712
INFO : RESCAL : [ 12] fit: 0.42745 | delta: 2.2e-04 | secs: 21.15459
INFO : RESCAL : [ 13] fit: 0.42764 | delta: 1.9e-04 | secs: 20.98674
INFO : RESCAL : [ 14] fit: 0.42781 | delta: 1.7e-04 | secs: 20.96025
INFO : RESCAL : [ 15] fit: 0.42796 | delta: 1.5e-04 | secs: 21.24436
INFO : RESCAL : [ 16] fit: 0.42810 | delta: 1.4e-04 | secs: 21.31310
INFO : RESCAL : [ 17] fit: 0.42822 | delta: 1.2e-04 | secs: 20.86349
INFO : RESCAL : [ 18] fit: 0.42833 | delta: 1.1e-04 | secs: 20.82683
INFO : RESCAL : [ 19] fit: 0.42843 | delta: 9.9e-05 | secs: 21.40460
[Fold 5] AUC-PR: 0.987293
