Thread(s) : 14
Fold      : 08
Debut     : 2026-05-28 10:11:16
====================================================

====================================================
Fold 08
====================================================
=== DATASET: fb15k237 | rank:200 | lambda_A:0.1 | lambda_R:0.1 ===
[Config] maxIter:20 | conv:1.0e-06 | threads:14
[Data]   n_entities:14541 | n_relations:237 | total_nnz:310116
[Data]   nnz:310116 | import_time:0.04 s
[Eval]   positifs:2000 | neg/pos:1 | folds:10 | mode:cross-validation CSR echantillonnee
INFO : RESCAL : [  0] fit: 0.29106 | delta: 2.9e-01 | secs: 21.42771
INFO : RESCAL : [  1] fit: 0.40330 | delta: 1.1e-01 | secs: 20.74658
INFO : RESCAL : [  2] fit: 0.41602 | delta: 1.3e-02 | secs: 20.76215
INFO : RESCAL : [  3] fit: 0.42076 | delta: 4.7e-03 | secs: 21.09603
INFO : RESCAL : [  4] fit: 0.42321 | delta: 2.4e-03 | secs: 21.04369
INFO : RESCAL : [  5] fit: 0.42481 | delta: 1.6e-03 | secs: 21.85424
INFO : RESCAL : [  6] fit: 0.42588 | delta: 1.1e-03 | secs: 20.96727
INFO : RESCAL : [  7] fit: 0.42664 | delta: 7.7e-04 | secs: 21.49218
INFO : RESCAL : [  8] fit: 0.42717 | delta: 5.3e-04 | secs: 20.91766
INFO : RESCAL : [  9] fit: 0.42756 | delta: 3.9e-04 | secs: 21.19383
INFO : RESCAL : [ 10] fit: 0.42784 | delta: 2.9e-04 | secs: 21.04519
INFO : RESCAL : [ 11] fit: 0.42809 | delta: 2.4e-04 | secs: 21.47959
INFO : RESCAL : [ 12] fit: 0.42829 | delta: 2.0e-04 | secs: 21.12692
INFO : RESCAL : [ 13] fit: 0.42846 | delta: 1.7e-04 | secs: 21.91308
INFO : RESCAL : [ 14] fit: 0.42861 | delta: 1.5e-04 | secs: 21.06302
INFO : RESCAL : [ 15] fit: 0.42873 | delta: 1.3e-04 | secs: 21.67579
INFO : RESCAL : [ 16] fit: 0.42884 | delta: 1.1e-04 | secs: 21.56214
INFO : RESCAL : [ 17] fit: 0.42893 | delta: 9.2e-05 | secs: 20.66955
INFO : RESCAL : [ 18] fit: 0.42901 | delta: 7.9e-05 | secs: 21.00129
INFO : RESCAL : [ 19] fit: 0.42908 | delta: 7.2e-05 | secs: 21.27342
[Fold 8] AUC-PR: 0.987727
