Thread(s) : 14
Fold      : 02
Debut     : 2026-05-28 10:11:16
====================================================

====================================================
Fold 02
====================================================
=== DATASET: fb15k237 | rank:200 | lambda_A:0.1 | lambda_R:0.1 ===
[Config] maxIter:20 | conv:1.0e-06 | threads:14
[Data]   n_entities:14541 | n_relations:237 | total_nnz:310116
[Data]   nnz:310116 | import_time:0.04 s
[Eval]   positifs:2000 | neg/pos:1 | folds:10 | mode:cross-validation CSR echantillonnee
INFO : RESCAL : [  0] fit: 0.29178 | delta: 2.9e-01 | secs: 21.21515
INFO : RESCAL : [  1] fit: 0.40196 | delta: 1.1e-01 | secs: 20.92060
INFO : RESCAL : [  2] fit: 0.41505 | delta: 1.3e-02 | secs: 21.56129
INFO : RESCAL : [  3] fit: 0.41990 | delta: 4.9e-03 | secs: 20.84672
INFO : RESCAL : [  4] fit: 0.42233 | delta: 2.4e-03 | secs: 21.46796
INFO : RESCAL : [  5] fit: 0.42374 | delta: 1.4e-03 | secs: 20.70296
INFO : RESCAL : [  6] fit: 0.42468 | delta: 9.4e-04 | secs: 21.21054
INFO : RESCAL : [  7] fit: 0.42540 | delta: 7.2e-04 | secs: 20.85428
INFO : RESCAL : [  8] fit: 0.42590 | delta: 5.0e-04 | secs: 20.84859
INFO : RESCAL : [  9] fit: 0.42624 | delta: 3.4e-04 | secs: 21.18785
INFO : RESCAL : [ 10] fit: 0.42650 | delta: 2.6e-04 | secs: 21.21524
INFO : RESCAL : [ 11] fit: 0.42672 | delta: 2.2e-04 | secs: 20.84625
INFO : RESCAL : [ 12] fit: 0.42691 | delta: 1.9e-04 | secs: 20.89146
INFO : RESCAL : [ 13] fit: 0.42708 | delta: 1.7e-04 | secs: 21.36016
INFO : RESCAL : [ 14] fit: 0.42724 | delta: 1.6e-04 | secs: 20.76175
INFO : RESCAL : [ 15] fit: 0.42738 | delta: 1.4e-04 | secs: 21.49970
INFO : RESCAL : [ 16] fit: 0.42751 | delta: 1.3e-04 | secs: 21.42802
INFO : RESCAL : [ 17] fit: 0.42762 | delta: 1.2e-04 | secs: 20.94093
INFO : RESCAL : [ 18] fit: 0.42773 | delta: 1.1e-04 | secs: 21.64978
INFO : RESCAL : [ 19] fit: 0.42782 | delta: 9.7e-05 | secs: 21.86284
[Fold 2] AUC-PR: 0.973788
