Thread(s) : 14
Fold      : 09
Debut     : 2026-05-28 10:11:16
====================================================

====================================================
Fold 09
====================================================
=== DATASET: fb15k237 | rank:200 | lambda_A:0.1 | lambda_R:0.1 ===
[Config] maxIter:20 | conv:1.0e-06 | threads:14
[Data]   n_entities:14541 | n_relations:237 | total_nnz:310116
[Data]   nnz:310116 | import_time:0.04 s
[Eval]   positifs:2000 | neg/pos:1 | folds:10 | mode:cross-validation CSR echantillonnee
INFO : RESCAL : [  0] fit: 0.29194 | delta: 2.9e-01 | secs: 21.56392
INFO : RESCAL : [  1] fit: 0.40597 | delta: 1.1e-01 | secs: 21.24961
INFO : RESCAL : [  2] fit: 0.41909 | delta: 1.3e-02 | secs: 21.40247
INFO : RESCAL : [  3] fit: 0.42402 | delta: 4.9e-03 | secs: 21.23087
INFO : RESCAL : [  4] fit: 0.42630 | delta: 2.3e-03 | secs: 20.74424
INFO : RESCAL : [  5] fit: 0.42762 | delta: 1.3e-03 | secs: 21.67464
INFO : RESCAL : [  6] fit: 0.42841 | delta: 7.9e-04 | secs: 20.52143
INFO : RESCAL : [  7] fit: 0.42895 | delta: 5.4e-04 | secs: 21.46242
INFO : RESCAL : [  8] fit: 0.42939 | delta: 4.3e-04 | secs: 20.90036
INFO : RESCAL : [  9] fit: 0.42975 | delta: 3.6e-04 | secs: 21.29260
INFO : RESCAL : [ 10] fit: 0.43006 | delta: 3.1e-04 | secs: 21.57637
INFO : RESCAL : [ 11] fit: 0.43033 | delta: 2.7e-04 | secs: 20.81083
INFO : RESCAL : [ 12] fit: 0.43057 | delta: 2.3e-04 | secs: 20.86307
INFO : RESCAL : [ 13] fit: 0.43076 | delta: 1.9e-04 | secs: 21.27632
INFO : RESCAL : [ 14] fit: 0.43092 | delta: 1.6e-04 | secs: 21.24577
INFO : RESCAL : [ 15] fit: 0.43106 | delta: 1.4e-04 | secs: 20.94815
INFO : RESCAL : [ 16] fit: 0.43118 | delta: 1.2e-04 | secs: 21.05539
INFO : RESCAL : [ 17] fit: 0.43130 | delta: 1.1e-04 | secs: 21.37209
INFO : RESCAL : [ 18] fit: 0.43140 | delta: 1.1e-04 | secs: 20.84489
INFO : RESCAL : [ 19] fit: 0.43150 | delta: 9.9e-05 | secs: 21.43239
[Fold 9] AUC-PR: 0.975639
