Thread(s) : 14
Fold      : 01
Debut     : 2026-05-28 10:11:16
====================================================

====================================================
Fold 01
====================================================
=== DATASET: fb15k237 | rank:200 | lambda_A:0.1 | lambda_R:0.1 ===
[Config] maxIter:20 | conv:1.0e-06 | threads:14
[Data]   n_entities:14541 | n_relations:237 | total_nnz:310116
[Data]   nnz:310116 | import_time:0.04 s
[Eval]   positifs:2000 | neg/pos:1 | folds:10 | mode:cross-validation CSR echantillonnee
INFO : RESCAL : [  0] fit: 0.29102 | delta: 2.9e-01 | secs: 21.21337
INFO : RESCAL : [  1] fit: 0.40481 | delta: 1.1e-01 | secs: 20.66101
INFO : RESCAL : [  2] fit: 0.41793 | delta: 1.3e-02 | secs: 21.19785
INFO : RESCAL : [  3] fit: 0.42287 | delta: 4.9e-03 | secs: 21.61252
INFO : RESCAL : [  4] fit: 0.42517 | delta: 2.3e-03 | secs: 20.99171
INFO : RESCAL : [  5] fit: 0.42650 | delta: 1.3e-03 | secs: 21.41722
INFO : RESCAL : [  6] fit: 0.42746 | delta: 9.6e-04 | secs: 20.96820
INFO : RESCAL : [  7] fit: 0.42828 | delta: 8.2e-04 | secs: 21.50702
INFO : RESCAL : [  8] fit: 0.42887 | delta: 5.9e-04 | secs: 21.10035
INFO : RESCAL : [  9] fit: 0.42923 | delta: 3.6e-04 | secs: 21.34355
INFO : RESCAL : [ 10] fit: 0.42951 | delta: 2.7e-04 | secs: 21.13457
INFO : RESCAL : [ 11] fit: 0.42974 | delta: 2.4e-04 | secs: 21.42167
INFO : RESCAL : [ 12] fit: 0.42995 | delta: 2.1e-04 | secs: 20.65159
INFO : RESCAL : [ 13] fit: 0.43014 | delta: 1.9e-04 | secs: 24.41364
INFO : RESCAL : [ 14] fit: 0.43030 | delta: 1.7e-04 | secs: 20.74485
INFO : RESCAL : [ 15] fit: 0.43045 | delta: 1.5e-04 | secs: 21.69000
INFO : RESCAL : [ 16] fit: 0.43059 | delta: 1.3e-04 | secs: 20.74955
INFO : RESCAL : [ 17] fit: 0.43071 | delta: 1.2e-04 | secs: 24.09868
INFO : RESCAL : [ 18] fit: 0.43082 | delta: 1.1e-04 | secs: 21.88621
INFO : RESCAL : [ 19] fit: 0.43091 | delta: 9.8e-05 | secs: 23.70817
[Fold 1] AUC-PR: 0.978003
