Thread(s) : 14
Fold      : 04
Debut     : 2026-05-28 10:11:16
====================================================

====================================================
Fold 04
====================================================
=== DATASET: fb15k237 | rank:200 | lambda_A:0.1 | lambda_R:0.1 ===
[Config] maxIter:20 | conv:1.0e-06 | threads:14
[Data]   n_entities:14541 | n_relations:237 | total_nnz:310116
[Data]   nnz:310116 | import_time:0.04 s
[Eval]   positifs:2000 | neg/pos:1 | folds:10 | mode:cross-validation CSR echantillonnee
INFO : RESCAL : [  0] fit: 0.29068 | delta: 2.9e-01 | secs: 21.44946
INFO : RESCAL : [  1] fit: 0.40306 | delta: 1.1e-01 | secs: 20.87523
INFO : RESCAL : [  2] fit: 0.41622 | delta: 1.3e-02 | secs: 20.91641
INFO : RESCAL : [  3] fit: 0.42105 | delta: 4.8e-03 | secs: 21.44466
INFO : RESCAL : [  4] fit: 0.42361 | delta: 2.6e-03 | secs: 21.24100
INFO : RESCAL : [  5] fit: 0.42517 | delta: 1.6e-03 | secs: 20.74800
INFO : RESCAL : [  6] fit: 0.42626 | delta: 1.1e-03 | secs: 21.25314
INFO : RESCAL : [  7] fit: 0.42702 | delta: 7.6e-04 | secs: 20.89819
INFO : RESCAL : [  8] fit: 0.42756 | delta: 5.4e-04 | secs: 20.71496
INFO : RESCAL : [  9] fit: 0.42794 | delta: 3.9e-04 | secs: 21.28863
INFO : RESCAL : [ 10] fit: 0.42826 | delta: 3.1e-04 | secs: 20.80884
INFO : RESCAL : [ 11] fit: 0.42851 | delta: 2.5e-04 | secs: 21.56170
INFO : RESCAL : [ 12] fit: 0.42872 | delta: 2.1e-04 | secs: 21.45468
INFO : RESCAL : [ 13] fit: 0.42888 | delta: 1.7e-04 | secs: 22.00714
INFO : RESCAL : [ 14] fit: 0.42903 | delta: 1.4e-04 | secs: 21.10990
INFO : RESCAL : [ 15] fit: 0.42914 | delta: 1.2e-04 | secs: 22.06058
INFO : RESCAL : [ 16] fit: 0.42924 | delta: 9.8e-05 | secs: 21.07642
INFO : RESCAL : [ 17] fit: 0.42932 | delta: 8.0e-05 | secs: 21.47177
INFO : RESCAL : [ 18] fit: 0.42939 | delta: 6.6e-05 | secs: 20.93726
INFO : RESCAL : [ 19] fit: 0.42944 | delta: 5.4e-05 | secs: 21.43730
[Fold 4] AUC-PR: 0.987474
