Thread(s) : 28
Fold      : 08
Debut     : 2026-05-28 17:46:53
====================================================

====================================================
Fold 08
====================================================
=== DATASET: fb15k237 | rank:200 | lambda_A:0.1 | lambda_R:0.1 ===
[Config] maxIter:20 | conv:1.0e-06 | threads:28
[Data]   n_entities:14541 | n_relations:237 | total_nnz:310116
[Data]   nnz:310116 | import_time:0.04 s
[Eval]   positifs:2000 | neg/pos:1 | folds:10 | mode:cross-validation CSR echantillonnee
INFO : RESCAL : [  0] fit: 0.29391 | delta: 2.9e-01 | secs: 17.25422
INFO : RESCAL : [  1] fit: 0.40352 | delta: 1.1e-01 | secs: 17.95563
INFO : RESCAL : [  2] fit: 0.41604 | delta: 1.3e-02 | secs: 17.38401
INFO : RESCAL : [  3] fit: 0.42066 | delta: 4.6e-03 | secs: 17.40001
INFO : RESCAL : [  4] fit: 0.42293 | delta: 2.3e-03 | secs: 17.26446
INFO : RESCAL : [  5] fit: 0.42433 | delta: 1.4e-03 | secs: 17.75147
INFO : RESCAL : [  6] fit: 0.42525 | delta: 9.2e-04 | secs: 17.57918
INFO : RESCAL : [  7] fit: 0.42586 | delta: 6.1e-04 | secs: 17.57894
INFO : RESCAL : [  8] fit: 0.42633 | delta: 4.7e-04 | secs: 17.48312
INFO : RESCAL : [  9] fit: 0.42670 | delta: 3.7e-04 | secs: 17.07475
INFO : RESCAL : [ 10] fit: 0.42701 | delta: 3.1e-04 | secs: 17.94104
INFO : RESCAL : [ 11] fit: 0.42726 | delta: 2.5e-04 | secs: 17.81776
INFO : RESCAL : [ 12] fit: 0.42748 | delta: 2.2e-04 | secs: 17.51882
INFO : RESCAL : [ 13] fit: 0.42766 | delta: 1.8e-04 | secs: 17.00844
INFO : RESCAL : [ 14] fit: 0.42783 | delta: 1.6e-04 | secs: 16.95606
INFO : RESCAL : [ 15] fit: 0.42797 | delta: 1.4e-04 | secs: 17.35855
INFO : RESCAL : [ 16] fit: 0.42810 | delta: 1.3e-04 | secs: 17.52756
INFO : RESCAL : [ 17] fit: 0.42821 | delta: 1.2e-04 | secs: 17.33478
INFO : RESCAL : [ 18] fit: 0.42832 | delta: 1.1e-04 | secs: 17.11822
INFO : RESCAL : [ 19] fit: 0.42842 | delta: 1.0e-04 | secs: 17.21423
[Fold 8] AUC-PR: 0.971262
