Thread(s) : 28
Fold      : 03
Debut     : 2026-05-28 17:46:53
====================================================

====================================================
Fold 03
====================================================
=== DATASET: fb15k237 | rank:200 | lambda_A:0.1 | lambda_R:0.1 ===
[Config] maxIter:20 | conv:1.0e-06 | threads:28
[Data]   n_entities:14541 | n_relations:237 | total_nnz:310116
[Data]   nnz:310116 | import_time:0.04 s
[Eval]   positifs:2000 | neg/pos:1 | folds:10 | mode:cross-validation CSR echantillonnee
INFO : RESCAL : [  0] fit: 0.28919 | delta: 2.9e-01 | secs: 17.51194
INFO : RESCAL : [  1] fit: 0.40098 | delta: 1.1e-01 | secs: 17.33791
INFO : RESCAL : [  2] fit: 0.41363 | delta: 1.3e-02 | secs: 17.64102
INFO : RESCAL : [  3] fit: 0.41831 | delta: 4.7e-03 | secs: 17.81137
INFO : RESCAL : [  4] fit: 0.42063 | delta: 2.3e-03 | secs: 17.20678
INFO : RESCAL : [  5] fit: 0.42211 | delta: 1.5e-03 | secs: 17.57219
INFO : RESCAL : [  6] fit: 0.42307 | delta: 9.5e-04 | secs: 17.84793
INFO : RESCAL : [  7] fit: 0.42366 | delta: 5.9e-04 | secs: 17.20275
INFO : RESCAL : [  8] fit: 0.42402 | delta: 3.6e-04 | secs: 17.60107
INFO : RESCAL : [  9] fit: 0.42431 | delta: 2.9e-04 | secs: 17.72577
INFO : RESCAL : [ 10] fit: 0.42456 | delta: 2.5e-04 | secs: 17.00166
INFO : RESCAL : [ 11] fit: 0.42479 | delta: 2.3e-04 | secs: 17.87715
INFO : RESCAL : [ 12] fit: 0.42500 | delta: 2.0e-04 | secs: 16.85223
INFO : RESCAL : [ 13] fit: 0.42518 | delta: 1.8e-04 | secs: 17.54579
INFO : RESCAL : [ 14] fit: 0.42533 | delta: 1.6e-04 | secs: 16.79884
INFO : RESCAL : [ 15] fit: 0.42548 | delta: 1.4e-04 | secs: 18.20141
INFO : RESCAL : [ 16] fit: 0.42560 | delta: 1.2e-04 | secs: 17.11078
INFO : RESCAL : [ 17] fit: 0.42571 | delta: 1.1e-04 | secs: 16.88504
INFO : RESCAL : [ 18] fit: 0.42581 | delta: 9.9e-05 | secs: 18.01350
INFO : RESCAL : [ 19] fit: 0.42590 | delta: 9.2e-05 | secs: 17.31048
[Fold 3] AUC-PR: 0.978368
