Thread(s) : 28
Fold      : 04
Debut     : 2026-05-28 17:46:53
====================================================

====================================================
Fold 04
====================================================
=== DATASET: fb15k237 | rank:200 | lambda_A:0.1 | lambda_R:0.1 ===
[Config] maxIter:20 | conv:1.0e-06 | threads:28
[Data]   n_entities:14541 | n_relations:237 | total_nnz:310116
[Data]   nnz:310116 | import_time:0.04 s
[Eval]   positifs:2000 | neg/pos:1 | folds:10 | mode:cross-validation CSR echantillonnee
INFO : RESCAL : [  0] fit: 0.28736 | delta: 2.9e-01 | secs: 17.05753
INFO : RESCAL : [  1] fit: 0.40063 | delta: 1.1e-01 | secs: 17.84849
INFO : RESCAL : [  2] fit: 0.41375 | delta: 1.3e-02 | secs: 16.95756
INFO : RESCAL : [  3] fit: 0.41837 | delta: 4.6e-03 | secs: 17.71817
INFO : RESCAL : [  4] fit: 0.42061 | delta: 2.2e-03 | secs: 17.62033
INFO : RESCAL : [  5] fit: 0.42193 | delta: 1.3e-03 | secs: 16.94753
INFO : RESCAL : [  6] fit: 0.42287 | delta: 9.4e-04 | secs: 17.68907
INFO : RESCAL : [  7] fit: 0.42359 | delta: 7.2e-04 | secs: 17.86016
INFO : RESCAL : [  8] fit: 0.42413 | delta: 5.4e-04 | secs: 17.65998
INFO : RESCAL : [  9] fit: 0.42455 | delta: 4.2e-04 | secs: 17.40980
INFO : RESCAL : [ 10] fit: 0.42490 | delta: 3.5e-04 | secs: 17.03644
INFO : RESCAL : [ 11] fit: 0.42519 | delta: 2.9e-04 | secs: 17.67822
INFO : RESCAL : [ 12] fit: 0.42542 | delta: 2.3e-04 | secs: 17.67275
INFO : RESCAL : [ 13] fit: 0.42561 | delta: 1.9e-04 | secs: 16.93177
INFO : RESCAL : [ 14] fit: 0.42577 | delta: 1.6e-04 | secs: 17.90214
INFO : RESCAL : [ 15] fit: 0.42591 | delta: 1.4e-04 | secs: 16.94914
INFO : RESCAL : [ 16] fit: 0.42603 | delta: 1.2e-04 | secs: 17.62908
INFO : RESCAL : [ 17] fit: 0.42613 | delta: 1.0e-04 | secs: 17.82378
INFO : RESCAL : [ 18] fit: 0.42622 | delta: 9.2e-05 | secs: 17.22486
INFO : RESCAL : [ 19] fit: 0.42630 | delta: 8.2e-05 | secs: 18.12550
[Fold 4] AUC-PR: 0.969974
