Thread(s) : 28
Fold      : 02
Debut     : 2026-05-28 17:46:53
====================================================

====================================================
Fold 02
====================================================
=== DATASET: fb15k237 | rank:200 | lambda_A:0.1 | lambda_R:0.1 ===
[Config] maxIter:20 | conv:1.0e-06 | threads:28
[Data]   n_entities:14541 | n_relations:237 | total_nnz:310116
[Data]   nnz:310116 | import_time:0.04 s
[Eval]   positifs:2000 | neg/pos:1 | folds:10 | mode:cross-validation CSR echantillonnee
INFO : RESCAL : [  0] fit: 0.28950 | delta: 2.9e-01 | secs: 17.09377
INFO : RESCAL : [  1] fit: 0.40295 | delta: 1.1e-01 | secs: 16.76825
INFO : RESCAL : [  2] fit: 0.41602 | delta: 1.3e-02 | secs: 17.58185
INFO : RESCAL : [  3] fit: 0.42080 | delta: 4.8e-03 | secs: 17.08084
INFO : RESCAL : [  4] fit: 0.42320 | delta: 2.4e-03 | secs: 17.52872
INFO : RESCAL : [  5] fit: 0.42442 | delta: 1.2e-03 | secs: 16.86433
INFO : RESCAL : [  6] fit: 0.42521 | delta: 7.9e-04 | secs: 16.92326
INFO : RESCAL : [  7] fit: 0.42573 | delta: 5.2e-04 | secs: 17.25987
INFO : RESCAL : [  8] fit: 0.42615 | delta: 4.2e-04 | secs: 16.95348
INFO : RESCAL : [  9] fit: 0.42647 | delta: 3.2e-04 | secs: 17.48273
INFO : RESCAL : [ 10] fit: 0.42675 | delta: 2.8e-04 | secs: 17.88226
INFO : RESCAL : [ 11] fit: 0.42698 | delta: 2.3e-04 | secs: 17.31923
INFO : RESCAL : [ 12] fit: 0.42718 | delta: 2.0e-04 | secs: 16.80726
INFO : RESCAL : [ 13] fit: 0.42735 | delta: 1.7e-04 | secs: 17.38243
INFO : RESCAL : [ 14] fit: 0.42750 | delta: 1.5e-04 | secs: 17.57824
INFO : RESCAL : [ 15] fit: 0.42763 | delta: 1.3e-04 | secs: 17.35943
INFO : RESCAL : [ 16] fit: 0.42774 | delta: 1.1e-04 | secs: 17.47241
INFO : RESCAL : [ 17] fit: 0.42783 | delta: 9.2e-05 | secs: 17.85043
INFO : RESCAL : [ 18] fit: 0.42791 | delta: 7.9e-05 | secs: 17.53614
INFO : RESCAL : [ 19] fit: 0.42798 | delta: 6.8e-05 | secs: 17.53403
[Fold 2] AUC-PR: 0.976801
