Thread(s) : 28
Fold      : 07
Debut     : 2026-05-28 17:46:53
====================================================

====================================================
Fold 07
====================================================
=== DATASET: fb15k237 | rank:200 | lambda_A:0.1 | lambda_R:0.1 ===
[Config] maxIter:20 | conv:1.0e-06 | threads:28
[Data]   n_entities:14541 | n_relations:237 | total_nnz:310116
[Data]   nnz:310116 | import_time:0.04 s
[Eval]   positifs:2000 | neg/pos:1 | folds:10 | mode:cross-validation CSR echantillonnee
INFO : RESCAL : [  0] fit: 0.29185 | delta: 2.9e-01 | secs: 18.01414
INFO : RESCAL : [  1] fit: 0.40268 | delta: 1.1e-01 | secs: 17.06958
INFO : RESCAL : [  2] fit: 0.41573 | delta: 1.3e-02 | secs: 17.93950
INFO : RESCAL : [  3] fit: 0.42056 | delta: 4.8e-03 | secs: 17.35563
INFO : RESCAL : [  4] fit: 0.42278 | delta: 2.2e-03 | secs: 16.91151
INFO : RESCAL : [  5] fit: 0.42413 | delta: 1.4e-03 | secs: 17.93087
INFO : RESCAL : [  6] fit: 0.42501 | delta: 8.7e-04 | secs: 17.12407
INFO : RESCAL : [  7] fit: 0.42561 | delta: 6.0e-04 | secs: 16.98656
INFO : RESCAL : [  8] fit: 0.42605 | delta: 4.5e-04 | secs: 16.92619
INFO : RESCAL : [  9] fit: 0.42641 | delta: 3.6e-04 | secs: 17.51645
INFO : RESCAL : [ 10] fit: 0.42670 | delta: 2.9e-04 | secs: 17.06872
INFO : RESCAL : [ 11] fit: 0.42693 | delta: 2.3e-04 | secs: 17.56141
INFO : RESCAL : [ 12] fit: 0.42710 | delta: 1.8e-04 | secs: 17.87809
INFO : RESCAL : [ 13] fit: 0.42724 | delta: 1.4e-04 | secs: 17.90657
INFO : RESCAL : [ 14] fit: 0.42735 | delta: 1.1e-04 | secs: 18.01702
INFO : RESCAL : [ 15] fit: 0.42746 | delta: 1.0e-04 | secs: 17.89001
INFO : RESCAL : [ 16] fit: 0.42755 | delta: 9.3e-05 | secs: 17.53424
INFO : RESCAL : [ 17] fit: 0.42764 | delta: 8.8e-05 | secs: 17.36413
INFO : RESCAL : [ 18] fit: 0.42772 | delta: 8.3e-05 | secs: 17.41231
INFO : RESCAL : [ 19] fit: 0.42780 | delta: 7.8e-05 | secs: 17.16475
[Fold 7] AUC-PR: 0.968886
