Thread(s) : 64
Fold      : 00
Debut     : 2026-05-29 12:50:15
====================================================

====================================================
Fold 00
====================================================
=== DATASET: fb15k237 | rank:200 | lambda_A:0.1 | lambda_R:0.1 ===
[Config] maxIter:20 | conv:1.0e-06 | threads:64
[Data]   n_entities:14541 | n_relations:237 | total_nnz:310116
[Data]   nnz:310116 | import_time:0.04 s
[Eval]   positifs:2000 | neg/pos:1 | folds:10 | mode:cross-validation CSR echantillonnee
INFO : RESCAL : [  0] fit: 0.29263 | delta: 2.9e-01 | secs: 18.57515
INFO : RESCAL : [  1] fit: 0.40493 | delta: 1.1e-01 | secs: 19.02461
INFO : RESCAL : [  2] fit: 0.41783 | delta: 1.3e-02 | secs: 18.44658
INFO : RESCAL : [  3] fit: 0.42236 | delta: 4.5e-03 | secs: 18.83439
INFO : RESCAL : [  4] fit: 0.42480 | delta: 2.4e-03 | secs: 18.78089
INFO : RESCAL : [  5] fit: 0.42635 | delta: 1.5e-03 | secs: 18.30989
INFO : RESCAL : [  6] fit: 0.42740 | delta: 1.1e-03 | secs: 18.27824
INFO : RESCAL : [  7] fit: 0.42815 | delta: 7.5e-04 | secs: 18.48286
INFO : RESCAL : [  8] fit: 0.42873 | delta: 5.8e-04 | secs: 18.46071
INFO : RESCAL : [  9] fit: 0.42917 | delta: 4.5e-04 | secs: 18.59254
INFO : RESCAL : [ 10] fit: 0.42956 | delta: 3.9e-04 | secs: 18.56713
INFO : RESCAL : [ 11] fit: 0.42989 | delta: 3.3e-04 | secs: 18.53250
INFO : RESCAL : [ 12] fit: 0.43017 | delta: 2.8e-04 | secs: 18.12557
INFO : RESCAL : [ 13] fit: 0.43039 | delta: 2.2e-04 | secs: 18.81374
INFO : RESCAL : [ 14] fit: 0.43056 | delta: 1.8e-04 | secs: 18.62589
INFO : RESCAL : [ 15] fit: 0.43070 | delta: 1.3e-04 | secs: 18.45893
INFO : RESCAL : [ 16] fit: 0.43080 | delta: 1.1e-04 | secs: 18.38936
INFO : RESCAL : [ 17] fit: 0.43088 | delta: 7.8e-05 | secs: 19.04069
INFO : RESCAL : [ 18] fit: 0.43094 | delta: 6.0e-05 | secs: 18.55987
INFO : RESCAL : [ 19] fit: 0.43098 | delta: 4.3e-05 | secs: 18.45913
[Fold 0] AUC-PR: 0.986548
