Thread(s) : 64
Fold      : 05
Debut     : 2026-05-29 12:50:15
====================================================

====================================================
Fold 05
====================================================
=== DATASET: fb15k237 | rank:200 | lambda_A:0.1 | lambda_R:0.1 ===
[Config] maxIter:20 | conv:1.0e-06 | threads:64
[Data]   n_entities:14541 | n_relations:237 | total_nnz:310116
[Data]   nnz:310116 | import_time:0.04 s
[Eval]   positifs:2000 | neg/pos:1 | folds:10 | mode:cross-validation CSR echantillonnee
INFO : RESCAL : [  0] fit: 0.29107 | delta: 2.9e-01 | secs: 18.91498
INFO : RESCAL : [  1] fit: 0.40183 | delta: 1.1e-01 | secs: 18.94156
INFO : RESCAL : [  2] fit: 0.41494 | delta: 1.3e-02 | secs: 18.57518
INFO : RESCAL : [  3] fit: 0.42005 | delta: 5.1e-03 | secs: 18.25207
INFO : RESCAL : [  4] fit: 0.42249 | delta: 2.4e-03 | secs: 18.33816
INFO : RESCAL : [  5] fit: 0.42381 | delta: 1.3e-03 | secs: 18.61650
INFO : RESCAL : [  6] fit: 0.42467 | delta: 8.5e-04 | secs: 18.20765
INFO : RESCAL : [  7] fit: 0.42533 | delta: 6.6e-04 | secs: 18.38674
INFO : RESCAL : [  8] fit: 0.42585 | delta: 5.2e-04 | secs: 18.49738
INFO : RESCAL : [  9] fit: 0.42626 | delta: 4.1e-04 | secs: 18.58618
INFO : RESCAL : [ 10] fit: 0.42659 | delta: 3.2e-04 | secs: 18.73878
INFO : RESCAL : [ 11] fit: 0.42685 | delta: 2.7e-04 | secs: 18.86631
INFO : RESCAL : [ 12] fit: 0.42707 | delta: 2.2e-04 | secs: 18.88769
INFO : RESCAL : [ 13] fit: 0.42727 | delta: 1.9e-04 | secs: 18.67267
INFO : RESCAL : [ 14] fit: 0.42744 | delta: 1.7e-04 | secs: 18.71978
INFO : RESCAL : [ 15] fit: 0.42759 | delta: 1.5e-04 | secs: 18.27732
INFO : RESCAL : [ 16] fit: 0.42772 | delta: 1.3e-04 | secs: 18.61730
INFO : RESCAL : [ 17] fit: 0.42784 | delta: 1.2e-04 | secs: 18.54024
INFO : RESCAL : [ 18] fit: 0.42795 | delta: 1.1e-04 | secs: 18.70512
INFO : RESCAL : [ 19] fit: 0.42805 | delta: 9.9e-05 | secs: 18.43033
[Fold 5] AUC-PR: 0.992314
