Thread(s) : 64
Fold      : 07
Debut     : 2026-05-29 12:50:15
====================================================

====================================================
Fold 07
====================================================
=== DATASET: fb15k237 | rank:200 | lambda_A:0.1 | lambda_R:0.1 ===
[Config] maxIter:20 | conv:1.0e-06 | threads:64
[Data]   n_entities:14541 | n_relations:237 | total_nnz:310116
[Data]   nnz:310116 | import_time:0.04 s
[Eval]   positifs:2000 | neg/pos:1 | folds:10 | mode:cross-validation CSR echantillonnee
INFO : RESCAL : [  0] fit: 0.29018 | delta: 2.9e-01 | secs: 18.40234
INFO : RESCAL : [  1] fit: 0.40201 | delta: 1.1e-01 | secs: 18.59460
INFO : RESCAL : [  2] fit: 0.41454 | delta: 1.3e-02 | secs: 18.14957
INFO : RESCAL : [  3] fit: 0.41910 | delta: 4.6e-03 | secs: 18.50315
INFO : RESCAL : [  4] fit: 0.42133 | delta: 2.2e-03 | secs: 18.56832
INFO : RESCAL : [  5] fit: 0.42256 | delta: 1.2e-03 | secs: 18.80332
INFO : RESCAL : [  6] fit: 0.42332 | delta: 7.6e-04 | secs: 18.61240
INFO : RESCAL : [  7] fit: 0.42385 | delta: 5.3e-04 | secs: 18.55105
INFO : RESCAL : [  8] fit: 0.42422 | delta: 3.8e-04 | secs: 18.79169
INFO : RESCAL : [  9] fit: 0.42451 | delta: 2.8e-04 | secs: 18.60560
INFO : RESCAL : [ 10] fit: 0.42472 | delta: 2.2e-04 | secs: 18.69007
INFO : RESCAL : [ 11] fit: 0.42491 | delta: 1.8e-04 | secs: 18.58506
INFO : RESCAL : [ 12] fit: 0.42506 | delta: 1.5e-04 | secs: 18.38338
INFO : RESCAL : [ 13] fit: 0.42520 | delta: 1.4e-04 | secs: 18.69869
INFO : RESCAL : [ 14] fit: 0.42532 | delta: 1.2e-04 | secs: 18.84095
INFO : RESCAL : [ 15] fit: 0.42544 | delta: 1.2e-04 | secs: 18.60589
INFO : RESCAL : [ 16] fit: 0.42554 | delta: 1.0e-04 | secs: 18.78540
INFO : RESCAL : [ 17] fit: 0.42564 | delta: 9.9e-05 | secs: 18.72396
INFO : RESCAL : [ 18] fit: 0.42573 | delta: 8.7e-05 | secs: 18.51213
INFO : RESCAL : [ 19] fit: 0.42581 | delta: 8.4e-05 | secs: 18.84446
[Fold 7] AUC-PR: 0.983734
