Thread(s) : 64
Fold      : 01
Debut     : 2026-05-29 12:50:15
====================================================

====================================================
Fold 01
====================================================
=== DATASET: fb15k237 | rank:200 | lambda_A:0.1 | lambda_R:0.1 ===
[Config] maxIter:20 | conv:1.0e-06 | threads:64
[Data]   n_entities:14541 | n_relations:237 | total_nnz:310116
[Data]   nnz:310116 | import_time:0.04 s
[Eval]   positifs:2000 | neg/pos:1 | folds:10 | mode:cross-validation CSR echantillonnee
INFO : RESCAL : [  0] fit: 0.29063 | delta: 2.9e-01 | secs: 18.68762
INFO : RESCAL : [  1] fit: 0.40198 | delta: 1.1e-01 | secs: 18.54239
INFO : RESCAL : [  2] fit: 0.41552 | delta: 1.4e-02 | secs: 19.05740
INFO : RESCAL : [  3] fit: 0.42046 | delta: 4.9e-03 | secs: 18.37970
INFO : RESCAL : [  4] fit: 0.42279 | delta: 2.3e-03 | secs: 18.73937
INFO : RESCAL : [  5] fit: 0.42397 | delta: 1.2e-03 | secs: 18.80311
INFO : RESCAL : [  6] fit: 0.42472 | delta: 7.5e-04 | secs: 18.77970
INFO : RESCAL : [  7] fit: 0.42522 | delta: 5.0e-04 | secs: 18.50991
INFO : RESCAL : [  8] fit: 0.42562 | delta: 4.0e-04 | secs: 18.41690
INFO : RESCAL : [  9] fit: 0.42593 | delta: 3.1e-04 | secs: 18.79604
INFO : RESCAL : [ 10] fit: 0.42621 | delta: 2.8e-04 | secs: 19.04576
INFO : RESCAL : [ 11] fit: 0.42644 | delta: 2.3e-04 | secs: 18.71297
INFO : RESCAL : [ 12] fit: 0.42664 | delta: 2.0e-04 | secs: 18.35439
INFO : RESCAL : [ 13] fit: 0.42681 | delta: 1.7e-04 | secs: 18.94184
INFO : RESCAL : [ 14] fit: 0.42696 | delta: 1.5e-04 | secs: 19.01555
INFO : RESCAL : [ 15] fit: 0.42708 | delta: 1.2e-04 | secs: 18.82808
INFO : RESCAL : [ 16] fit: 0.42718 | delta: 1.0e-04 | secs: 18.68003
INFO : RESCAL : [ 17] fit: 0.42727 | delta: 8.4e-05 | secs: 18.90367
INFO : RESCAL : [ 18] fit: 0.42734 | delta: 7.2e-05 | secs: 18.76222
INFO : RESCAL : [ 19] fit: 0.42740 | delta: 6.0e-05 | secs: 18.72781
[Fold 1] AUC-PR: 0.981014
