Thread(s) : 64
Fold      : 09
Debut     : 2026-05-29 12:50:15
====================================================

====================================================
Fold 09
====================================================
=== DATASET: fb15k237 | rank:200 | lambda_A:0.1 | lambda_R:0.1 ===
[Config] maxIter:20 | conv:1.0e-06 | threads:64
[Data]   n_entities:14541 | n_relations:237 | total_nnz:310116
[Data]   nnz:310116 | import_time:0.04 s
[Eval]   positifs:2000 | neg/pos:1 | folds:10 | mode:cross-validation CSR echantillonnee
INFO : RESCAL : [  0] fit: 0.28978 | delta: 2.9e-01 | secs: 18.63346
INFO : RESCAL : [  1] fit: 0.40218 | delta: 1.1e-01 | secs: 18.46442
INFO : RESCAL : [  2] fit: 0.41507 | delta: 1.3e-02 | secs: 18.74844
INFO : RESCAL : [  3] fit: 0.41975 | delta: 4.7e-03 | secs: 18.67121
INFO : RESCAL : [  4] fit: 0.42198 | delta: 2.2e-03 | secs: 18.85277
INFO : RESCAL : [  5] fit: 0.42321 | delta: 1.2e-03 | secs: 18.42818
INFO : RESCAL : [  6] fit: 0.42405 | delta: 8.4e-04 | secs: 18.66591
INFO : RESCAL : [  7] fit: 0.42469 | delta: 6.4e-04 | secs: 18.49835
INFO : RESCAL : [  8] fit: 0.42520 | delta: 5.1e-04 | secs: 18.47242
INFO : RESCAL : [  9] fit: 0.42561 | delta: 4.1e-04 | secs: 18.65387
INFO : RESCAL : [ 10] fit: 0.42596 | delta: 3.6e-04 | secs: 18.55026
INFO : RESCAL : [ 11] fit: 0.42628 | delta: 3.1e-04 | secs: 19.03127
INFO : RESCAL : [ 12] fit: 0.42656 | delta: 2.8e-04 | secs: 18.86173
INFO : RESCAL : [ 13] fit: 0.42680 | delta: 2.4e-04 | secs: 18.35701
INFO : RESCAL : [ 14] fit: 0.42701 | delta: 2.1e-04 | secs: 18.19912
INFO : RESCAL : [ 15] fit: 0.42718 | delta: 1.8e-04 | secs: 18.97376
INFO : RESCAL : [ 16] fit: 0.42733 | delta: 1.5e-04 | secs: 18.67976
INFO : RESCAL : [ 17] fit: 0.42745 | delta: 1.2e-04 | secs: 18.40262
INFO : RESCAL : [ 18] fit: 0.42755 | delta: 9.7e-05 | secs: 19.11293
INFO : RESCAL : [ 19] fit: 0.42763 | delta: 8.0e-05 | secs: 18.62508
[Fold 9] AUC-PR: 0.978727
