Thread(s) : 44
Fold      : 03
Debut     : 2026-05-29 02:04:05
====================================================

====================================================
Fold 03
====================================================
=== DATASET: fb15k237 | rank:200 | lambda_A:0.1 | lambda_R:0.1 ===
[Config] maxIter:20 | conv:1.0e-06 | threads:44
[Data]   n_entities:14541 | n_relations:237 | total_nnz:310116
[Data]   nnz:310116 | import_time:0.04 s
[Eval]   positifs:2000 | neg/pos:1 | folds:10 | mode:cross-validation CSR echantillonnee
INFO : RESCAL : [  0] fit: 0.29085 | delta: 2.9e-01 | secs: 18.50316
INFO : RESCAL : [  1] fit: 0.40513 | delta: 1.1e-01 | secs: 21.48185
INFO : RESCAL : [  2] fit: 0.41805 | delta: 1.3e-02 | secs: 18.42101
INFO : RESCAL : [  3] fit: 0.42284 | delta: 4.8e-03 | secs: 21.92580
INFO : RESCAL : [  4] fit: 0.42508 | delta: 2.2e-03 | secs: 18.89845
INFO : RESCAL : [  5] fit: 0.42628 | delta: 1.2e-03 | secs: 21.37849
INFO : RESCAL : [  6] fit: 0.42702 | delta: 7.4e-04 | secs: 19.11777
INFO : RESCAL : [  7] fit: 0.42758 | delta: 5.6e-04 | secs: 21.49272
INFO : RESCAL : [  8] fit: 0.42804 | delta: 4.6e-04 | secs: 18.99188
INFO : RESCAL : [  9] fit: 0.42845 | delta: 4.0e-04 | secs: 21.59920
INFO : RESCAL : [ 10] fit: 0.42879 | delta: 3.4e-04 | secs: 18.76675
INFO : RESCAL : [ 11] fit: 0.42908 | delta: 3.0e-04 | secs: 21.45181
INFO : RESCAL : [ 12] fit: 0.42934 | delta: 2.6e-04 | secs: 18.96907
INFO : RESCAL : [ 13] fit: 0.42956 | delta: 2.2e-04 | secs: 21.51459
INFO : RESCAL : [ 14] fit: 0.42974 | delta: 1.9e-04 | secs: 18.99957
INFO : RESCAL : [ 15] fit: 0.42990 | delta: 1.6e-04 | secs: 21.70601
INFO : RESCAL : [ 16] fit: 0.43005 | delta: 1.4e-04 | secs: 18.73519
INFO : RESCAL : [ 17] fit: 0.43017 | delta: 1.3e-04 | secs: 21.22050
INFO : RESCAL : [ 18] fit: 0.43029 | delta: 1.2e-04 | secs: 19.17789
INFO : RESCAL : [ 19] fit: 0.43039 | delta: 1.0e-04 | secs: 21.36256
[Fold 3] AUC-PR: 0.972434
