Thread(s) : 44
Fold      : 09
Debut     : 2026-05-29 02:04:05
====================================================

====================================================
Fold 09
====================================================
=== DATASET: fb15k237 | rank:200 | lambda_A:0.1 | lambda_R:0.1 ===
[Config] maxIter:20 | conv:1.0e-06 | threads:44
[Data]   n_entities:14541 | n_relations:237 | total_nnz:310116
[Data]   nnz:310116 | import_time:0.04 s
[Eval]   positifs:2000 | neg/pos:1 | folds:10 | mode:cross-validation CSR echantillonnee
INFO : RESCAL : [  0] fit: 0.28985 | delta: 2.9e-01 | secs: 18.81596
INFO : RESCAL : [  1] fit: 0.40238 | delta: 1.1e-01 | secs: 21.57409
INFO : RESCAL : [  2] fit: 0.41563 | delta: 1.3e-02 | secs: 18.97117
INFO : RESCAL : [  3] fit: 0.42029 | delta: 4.7e-03 | secs: 21.84488
INFO : RESCAL : [  4] fit: 0.42254 | delta: 2.2e-03 | secs: 19.22685
INFO : RESCAL : [  5] fit: 0.42383 | delta: 1.3e-03 | secs: 21.67913
INFO : RESCAL : [  6] fit: 0.42473 | delta: 9.0e-04 | secs: 19.23838
INFO : RESCAL : [  7] fit: 0.42543 | delta: 7.0e-04 | secs: 21.30797
INFO : RESCAL : [  8] fit: 0.42598 | delta: 5.5e-04 | secs: 18.99404
INFO : RESCAL : [  9] fit: 0.42638 | delta: 4.0e-04 | secs: 21.36822
INFO : RESCAL : [ 10] fit: 0.42668 | delta: 3.0e-04 | secs: 18.72863
INFO : RESCAL : [ 11] fit: 0.42692 | delta: 2.4e-04 | secs: 21.80087
INFO : RESCAL : [ 12] fit: 0.42712 | delta: 2.0e-04 | secs: 18.87233
INFO : RESCAL : [ 13] fit: 0.42730 | delta: 1.7e-04 | secs: 21.48159
INFO : RESCAL : [ 14] fit: 0.42744 | delta: 1.5e-04 | secs: 19.00851
INFO : RESCAL : [ 15] fit: 0.42758 | delta: 1.3e-04 | secs: 21.47190
INFO : RESCAL : [ 16] fit: 0.42769 | delta: 1.2e-04 | secs: 19.07370
INFO : RESCAL : [ 17] fit: 0.42780 | delta: 1.1e-04 | secs: 21.33875
INFO : RESCAL : [ 18] fit: 0.42790 | delta: 9.5e-05 | secs: 18.61797
INFO : RESCAL : [ 19] fit: 0.42798 | delta: 8.7e-05 | secs: 21.79613
[Fold 9] AUC-PR: 0.969086
