Thread(s) : 44
Fold      : 02
Debut     : 2026-05-29 02:04:05
====================================================

====================================================
Fold 02
====================================================
=== DATASET: fb15k237 | rank:200 | lambda_A:0.1 | lambda_R:0.1 ===
[Config] maxIter:20 | conv:1.0e-06 | threads:44
[Data]   n_entities:14541 | n_relations:237 | total_nnz:310116
[Data]   nnz:310116 | import_time:0.04 s
[Eval]   positifs:2000 | neg/pos:1 | folds:10 | mode:cross-validation CSR echantillonnee
INFO : RESCAL : [  0] fit: 0.29130 | delta: 2.9e-01 | secs: 18.76297
INFO : RESCAL : [  1] fit: 0.40255 | delta: 1.1e-01 | secs: 21.80491
INFO : RESCAL : [  2] fit: 0.41574 | delta: 1.3e-02 | secs: 18.65640
INFO : RESCAL : [  3] fit: 0.42034 | delta: 4.6e-03 | secs: 21.73154
INFO : RESCAL : [  4] fit: 0.42256 | delta: 2.2e-03 | secs: 18.84111
INFO : RESCAL : [  5] fit: 0.42385 | delta: 1.3e-03 | secs: 21.70735
INFO : RESCAL : [  6] fit: 0.42472 | delta: 8.7e-04 | secs: 19.26853
INFO : RESCAL : [  7] fit: 0.42535 | delta: 6.3e-04 | secs: 21.46623
INFO : RESCAL : [  8] fit: 0.42582 | delta: 4.7e-04 | secs: 18.91129
INFO : RESCAL : [  9] fit: 0.42617 | delta: 3.6e-04 | secs: 21.40057
INFO : RESCAL : [ 10] fit: 0.42646 | delta: 2.9e-04 | secs: 19.09089
INFO : RESCAL : [ 11] fit: 0.42670 | delta: 2.4e-04 | secs: 21.61407
INFO : RESCAL : [ 12] fit: 0.42690 | delta: 2.0e-04 | secs: 18.80219
INFO : RESCAL : [ 13] fit: 0.42707 | delta: 1.7e-04 | secs: 21.92759
INFO : RESCAL : [ 14] fit: 0.42721 | delta: 1.5e-04 | secs: 18.82777
INFO : RESCAL : [ 15] fit: 0.42734 | delta: 1.3e-04 | secs: 21.63956
INFO : RESCAL : [ 16] fit: 0.42745 | delta: 1.1e-04 | secs: 19.07698
INFO : RESCAL : [ 17] fit: 0.42755 | delta: 9.9e-05 | secs: 21.79761
INFO : RESCAL : [ 18] fit: 0.42764 | delta: 9.0e-05 | secs: 18.93231
INFO : RESCAL : [ 19] fit: 0.42772 | delta: 8.1e-05 | secs: 21.36473
[Fold 2] AUC-PR: 0.988047
