Thread(s) : 44
Fold      : 08
Debut     : 2026-05-29 02:04:05
====================================================

====================================================
Fold 08
====================================================
=== DATASET: fb15k237 | rank:200 | lambda_A:0.1 | lambda_R:0.1 ===
[Config] maxIter:20 | conv:1.0e-06 | threads:44
[Data]   n_entities:14541 | n_relations:237 | total_nnz:310116
[Data]   nnz:310116 | import_time:0.04 s
[Eval]   positifs:2000 | neg/pos:1 | folds:10 | mode:cross-validation CSR echantillonnee
INFO : RESCAL : [  0] fit: 0.29008 | delta: 2.9e-01 | secs: 18.77848
INFO : RESCAL : [  1] fit: 0.40268 | delta: 1.1e-01 | secs: 21.17062
INFO : RESCAL : [  2] fit: 0.41567 | delta: 1.3e-02 | secs: 18.99014
INFO : RESCAL : [  3] fit: 0.42055 | delta: 4.9e-03 | secs: 21.37365
INFO : RESCAL : [  4] fit: 0.42293 | delta: 2.4e-03 | secs: 19.25060
INFO : RESCAL : [  5] fit: 0.42420 | delta: 1.3e-03 | secs: 21.67474
INFO : RESCAL : [  6] fit: 0.42493 | delta: 7.3e-04 | secs: 18.88261
INFO : RESCAL : [  7] fit: 0.42537 | delta: 4.4e-04 | secs: 21.28306
INFO : RESCAL : [  8] fit: 0.42575 | delta: 3.7e-04 | secs: 19.25666
INFO : RESCAL : [  9] fit: 0.42606 | delta: 3.2e-04 | secs: 21.73460
INFO : RESCAL : [ 10] fit: 0.42637 | delta: 3.0e-04 | secs: 19.26387
INFO : RESCAL : [ 11] fit: 0.42663 | delta: 2.6e-04 | secs: 21.68241
INFO : RESCAL : [ 12] fit: 0.42687 | delta: 2.4e-04 | secs: 18.73288
INFO : RESCAL : [ 13] fit: 0.42707 | delta: 2.0e-04 | secs: 21.67644
INFO : RESCAL : [ 14] fit: 0.42725 | delta: 1.8e-04 | secs: 19.27067
INFO : RESCAL : [ 15] fit: 0.42741 | delta: 1.6e-04 | secs: 21.36716
INFO : RESCAL : [ 16] fit: 0.42755 | delta: 1.4e-04 | secs: 18.72218
INFO : RESCAL : [ 17] fit: 0.42767 | delta: 1.2e-04 | secs: 21.29024
INFO : RESCAL : [ 18] fit: 0.42778 | delta: 1.1e-04 | secs: 18.98551
INFO : RESCAL : [ 19] fit: 0.42788 | delta: 9.7e-05 | secs: 21.42975
[Fold 8] AUC-PR: 0.978176
