Thread(s) : 44
Fold      : 06
Debut     : 2026-05-29 02:04:05
====================================================

====================================================
Fold 06
====================================================
=== DATASET: fb15k237 | rank:200 | lambda_A:0.1 | lambda_R:0.1 ===
[Config] maxIter:20 | conv:1.0e-06 | threads:44
[Data]   n_entities:14541 | n_relations:237 | total_nnz:310116
[Data]   nnz:310116 | import_time:0.04 s
[Eval]   positifs:2000 | neg/pos:1 | folds:10 | mode:cross-validation CSR echantillonnee
INFO : RESCAL : [  0] fit: 0.29209 | delta: 2.9e-01 | secs: 18.44791
INFO : RESCAL : [  1] fit: 0.40387 | delta: 1.1e-01 | secs: 21.95271
INFO : RESCAL : [  2] fit: 0.41665 | delta: 1.3e-02 | secs: 18.60006
INFO : RESCAL : [  3] fit: 0.42137 | delta: 4.7e-03 | secs: 22.24516
INFO : RESCAL : [  4] fit: 0.42373 | delta: 2.4e-03 | secs: 19.02195
INFO : RESCAL : [  5] fit: 0.42508 | delta: 1.4e-03 | secs: 21.87961
INFO : RESCAL : [  6] fit: 0.42599 | delta: 9.1e-04 | secs: 19.23811
INFO : RESCAL : [  7] fit: 0.42662 | delta: 6.3e-04 | secs: 21.68644
INFO : RESCAL : [  8] fit: 0.42709 | delta: 4.8e-04 | secs: 19.15728
INFO : RESCAL : [  9] fit: 0.42745 | delta: 3.5e-04 | secs: 21.66487
INFO : RESCAL : [ 10] fit: 0.42774 | delta: 2.9e-04 | secs: 19.00336
INFO : RESCAL : [ 11] fit: 0.42798 | delta: 2.4e-04 | secs: 21.49206
INFO : RESCAL : [ 12] fit: 0.42821 | delta: 2.3e-04 | secs: 18.98795
INFO : RESCAL : [ 13] fit: 0.42842 | delta: 2.1e-04 | secs: 21.30023
INFO : RESCAL : [ 14] fit: 0.42855 | delta: 1.3e-04 | secs: 18.75123
INFO : RESCAL : [ 15] fit: 0.42859 | delta: 4.2e-05 | secs: 21.10100
INFO : RESCAL : [ 16] fit: 0.42863 | delta: 4.0e-05 | secs: 19.27364
INFO : RESCAL : [ 17] fit: 0.42868 | delta: 4.5e-05 | secs: 21.20761
INFO : RESCAL : [ 18] fit: 0.42873 | delta: 4.9e-05 | secs: 19.01416
INFO : RESCAL : [ 19] fit: 0.42878 | delta: 4.9e-05 | secs: 21.70534
[Fold 6] AUC-PR: 0.973318
