Thread(s) : 44
Fold      : 01
Debut     : 2026-05-29 02:04:05
====================================================

====================================================
Fold 01
====================================================
=== DATASET: fb15k237 | rank:200 | lambda_A:0.1 | lambda_R:0.1 ===
[Config] maxIter:20 | conv:1.0e-06 | threads:44
[Data]   n_entities:14541 | n_relations:237 | total_nnz:310116
[Data]   nnz:310116 | import_time:0.04 s
[Eval]   positifs:2000 | neg/pos:1 | folds:10 | mode:cross-validation CSR echantillonnee
INFO : RESCAL : [  0] fit: 0.29122 | delta: 2.9e-01 | secs: 18.71454
INFO : RESCAL : [  1] fit: 0.40369 | delta: 1.1e-01 | secs: 21.59877
INFO : RESCAL : [  2] fit: 0.41699 | delta: 1.3e-02 | secs: 19.16189
INFO : RESCAL : [  3] fit: 0.42178 | delta: 4.8e-03 | secs: 22.06743
INFO : RESCAL : [  4] fit: 0.42402 | delta: 2.2e-03 | secs: 18.89421
INFO : RESCAL : [  5] fit: 0.42531 | delta: 1.3e-03 | secs: 22.05259
INFO : RESCAL : [  6] fit: 0.42616 | delta: 8.5e-04 | secs: 19.15821
INFO : RESCAL : [  7] fit: 0.42678 | delta: 6.2e-04 | secs: 21.67212
INFO : RESCAL : [  8] fit: 0.42729 | delta: 5.1e-04 | secs: 19.16671
INFO : RESCAL : [  9] fit: 0.42773 | delta: 4.4e-04 | secs: 21.20129
INFO : RESCAL : [ 10] fit: 0.42812 | delta: 3.9e-04 | secs: 18.77433
INFO : RESCAL : [ 11] fit: 0.42844 | delta: 3.2e-04 | secs: 21.51354
INFO : RESCAL : [ 12] fit: 0.42870 | delta: 2.6e-04 | secs: 18.82983
INFO : RESCAL : [ 13] fit: 0.42890 | delta: 2.0e-04 | secs: 21.88975
INFO : RESCAL : [ 14] fit: 0.42906 | delta: 1.7e-04 | secs: 18.79050
INFO : RESCAL : [ 15] fit: 0.42921 | delta: 1.4e-04 | secs: 21.85392
INFO : RESCAL : [ 16] fit: 0.42933 | delta: 1.2e-04 | secs: 19.08623
INFO : RESCAL : [ 17] fit: 0.42944 | delta: 1.1e-04 | secs: 21.86079
INFO : RESCAL : [ 18] fit: 0.42953 | delta: 9.4e-05 | secs: 18.35787
INFO : RESCAL : [ 19] fit: 0.42961 | delta: 8.2e-05 | secs: 21.84373
[Fold 1] AUC-PR: 0.983174
