Thread(s) : 44
Fold      : 00
Debut     : 2026-05-29 02:04:05
====================================================

====================================================
Fold 00
====================================================
=== DATASET: fb15k237 | rank:200 | lambda_A:0.1 | lambda_R:0.1 ===
[Config] maxIter:20 | conv:1.0e-06 | threads:44
[Data]   n_entities:14541 | n_relations:237 | total_nnz:310116
[Data]   nnz:310116 | import_time:0.04 s
[Eval]   positifs:2000 | neg/pos:1 | folds:10 | mode:cross-validation CSR echantillonnee
INFO : RESCAL : [  0] fit: 0.28735 | delta: 2.9e-01 | secs: 20.79849
INFO : RESCAL : [  1] fit: 0.40417 | delta: 1.2e-01 | secs: 18.84571
INFO : RESCAL : [  2] fit: 0.41765 | delta: 1.3e-02 | secs: 21.85956
INFO : RESCAL : [  3] fit: 0.42208 | delta: 4.4e-03 | secs: 18.46353
INFO : RESCAL : [  4] fit: 0.42417 | delta: 2.1e-03 | secs: 22.13698
INFO : RESCAL : [  5] fit: 0.42533 | delta: 1.2e-03 | secs: 19.10539
INFO : RESCAL : [  6] fit: 0.42607 | delta: 7.4e-04 | secs: 21.80205
INFO : RESCAL : [  7] fit: 0.42664 | delta: 5.6e-04 | secs: 19.23342
INFO : RESCAL : [  8] fit: 0.42709 | delta: 4.6e-04 | secs: 21.39312
INFO : RESCAL : [  9] fit: 0.42746 | delta: 3.7e-04 | secs: 18.81992
INFO : RESCAL : [ 10] fit: 0.42776 | delta: 3.0e-04 | secs: 21.56435
INFO : RESCAL : [ 11] fit: 0.42800 | delta: 2.5e-04 | secs: 18.90789
INFO : RESCAL : [ 12] fit: 0.42821 | delta: 2.1e-04 | secs: 21.93140
INFO : RESCAL : [ 13] fit: 0.42839 | delta: 1.8e-04 | secs: 19.09540
INFO : RESCAL : [ 14] fit: 0.42854 | delta: 1.6e-04 | secs: 21.53987
INFO : RESCAL : [ 15] fit: 0.42868 | delta: 1.4e-04 | secs: 19.17107
INFO : RESCAL : [ 16] fit: 0.42880 | delta: 1.2e-04 | secs: 21.58143
INFO : RESCAL : [ 17] fit: 0.42891 | delta: 1.1e-04 | secs: 19.07006
INFO : RESCAL : [ 18] fit: 0.42900 | delta: 9.6e-05 | secs: 21.83078
INFO : RESCAL : [ 19] fit: 0.42909 | delta: 8.7e-05 | secs: 18.91059
[Fold 0] AUC-PR: 0.969681
