Thread(s) : 48
Fold      : 04
Debut     : 2026-05-29 04:15:53
====================================================

====================================================
Fold 04
====================================================
=== DATASET: fb15k237 | rank:200 | lambda_A:0.1 | lambda_R:0.1 ===
[Config] maxIter:20 | conv:1.0e-06 | threads:48
[Data]   n_entities:14541 | n_relations:237 | total_nnz:310116
[Data]   nnz:310116 | import_time:0.04 s
[Eval]   positifs:2000 | neg/pos:1 | folds:10 | mode:cross-validation CSR echantillonnee
INFO : RESCAL : [  0] fit: 0.29169 | delta: 2.9e-01 | secs: 18.77666
INFO : RESCAL : [  1] fit: 0.40459 | delta: 1.1e-01 | secs: 22.16023
INFO : RESCAL : [  2] fit: 0.41768 | delta: 1.3e-02 | secs: 18.87204
INFO : RESCAL : [  3] fit: 0.42232 | delta: 4.6e-03 | secs: 22.23954
INFO : RESCAL : [  4] fit: 0.42446 | delta: 2.1e-03 | secs: 18.88834
INFO : RESCAL : [  5] fit: 0.42573 | delta: 1.3e-03 | secs: 18.31040
INFO : RESCAL : [  6] fit: 0.42657 | delta: 8.4e-04 | secs: 19.24867
INFO : RESCAL : [  7] fit: 0.42713 | delta: 5.7e-04 | secs: 18.66518
INFO : RESCAL : [  8] fit: 0.42752 | delta: 3.9e-04 | secs: 19.03100
INFO : RESCAL : [  9] fit: 0.42784 | delta: 3.2e-04 | secs: 18.80296
INFO : RESCAL : [ 10] fit: 0.42811 | delta: 2.6e-04 | secs: 19.21263
INFO : RESCAL : [ 11] fit: 0.42834 | delta: 2.3e-04 | secs: 18.67743
INFO : RESCAL : [ 12] fit: 0.42853 | delta: 1.9e-04 | secs: 19.31524
INFO : RESCAL : [ 13] fit: 0.42870 | delta: 1.7e-04 | secs: 18.81272
INFO : RESCAL : [ 14] fit: 0.42884 | delta: 1.5e-04 | secs: 19.21819
INFO : RESCAL : [ 15] fit: 0.42898 | delta: 1.3e-04 | secs: 18.85865
INFO : RESCAL : [ 16] fit: 0.42910 | delta: 1.2e-04 | secs: 19.11779
INFO : RESCAL : [ 17] fit: 0.42921 | delta: 1.1e-04 | secs: 18.72724
INFO : RESCAL : [ 18] fit: 0.42930 | delta: 9.8e-05 | secs: 18.97752
INFO : RESCAL : [ 19] fit: 0.42940 | delta: 9.3e-05 | secs: 18.31639
[Fold 4] AUC-PR: 0.972961
