Thread(s) : 48
Fold      : 07
Debut     : 2026-05-29 04:15:53
====================================================

====================================================
Fold 07
====================================================
=== DATASET: fb15k237 | rank:200 | lambda_A:0.1 | lambda_R:0.1 ===
[Config] maxIter:20 | conv:1.0e-06 | threads:48
[Data]   n_entities:14541 | n_relations:237 | total_nnz:310116
[Data]   nnz:310116 | import_time:0.04 s
[Eval]   positifs:2000 | neg/pos:1 | folds:10 | mode:cross-validation CSR echantillonnee
INFO : RESCAL : [  0] fit: 0.29120 | delta: 2.9e-01 | secs: 18.20092
INFO : RESCAL : [  1] fit: 0.40096 | delta: 1.1e-01 | secs: 21.73941
INFO : RESCAL : [  2] fit: 0.41402 | delta: 1.3e-02 | secs: 19.14142
INFO : RESCAL : [  3] fit: 0.41889 | delta: 4.9e-03 | secs: 18.67794
INFO : RESCAL : [  4] fit: 0.42130 | delta: 2.4e-03 | secs: 19.14146
INFO : RESCAL : [  5] fit: 0.42268 | delta: 1.4e-03 | secs: 18.77109
INFO : RESCAL : [  6] fit: 0.42357 | delta: 8.9e-04 | secs: 19.11857
INFO : RESCAL : [  7] fit: 0.42418 | delta: 6.0e-04 | secs: 18.91979
INFO : RESCAL : [  8] fit: 0.42464 | delta: 4.6e-04 | secs: 19.44130
INFO : RESCAL : [  9] fit: 0.42501 | delta: 3.7e-04 | secs: 18.57651
INFO : RESCAL : [ 10] fit: 0.42533 | delta: 3.2e-04 | secs: 19.21081
INFO : RESCAL : [ 11] fit: 0.42559 | delta: 2.6e-04 | secs: 18.95896
INFO : RESCAL : [ 12] fit: 0.42579 | delta: 2.1e-04 | secs: 18.97276
INFO : RESCAL : [ 13] fit: 0.42596 | delta: 1.7e-04 | secs: 18.26482
INFO : RESCAL : [ 14] fit: 0.42610 | delta: 1.4e-04 | secs: 18.80185
INFO : RESCAL : [ 15] fit: 0.42622 | delta: 1.2e-04 | secs: 18.79518
INFO : RESCAL : [ 16] fit: 0.42633 | delta: 1.1e-04 | secs: 19.17469
INFO : RESCAL : [ 17] fit: 0.42642 | delta: 9.5e-05 | secs: 18.76538
INFO : RESCAL : [ 18] fit: 0.42651 | delta: 8.8e-05 | secs: 19.19836
INFO : RESCAL : [ 19] fit: 0.42659 | delta: 8.0e-05 | secs: 18.44276
[Fold 7] AUC-PR: 0.990520
