Thread(s) : 48
Fold      : 00
Debut     : 2026-05-29 04:15:53
====================================================

====================================================
Fold 00
====================================================
=== DATASET: fb15k237 | rank:200 | lambda_A:0.1 | lambda_R:0.1 ===
[Config] maxIter:20 | conv:1.0e-06 | threads:48
[Data]   n_entities:14541 | n_relations:237 | total_nnz:310116
[Data]   nnz:310116 | import_time:0.04 s
[Eval]   positifs:2000 | neg/pos:1 | folds:10 | mode:cross-validation CSR echantillonnee
INFO : RESCAL : [  0] fit: 0.29100 | delta: 2.9e-01 | secs: 18.75760
INFO : RESCAL : [  1] fit: 0.40403 | delta: 1.1e-01 | secs: 18.86242
INFO : RESCAL : [  2] fit: 0.41702 | delta: 1.3e-02 | secs: 18.75642
INFO : RESCAL : [  3] fit: 0.42168 | delta: 4.7e-03 | secs: 18.55129
INFO : RESCAL : [  4] fit: 0.42386 | delta: 2.2e-03 | secs: 18.42045
INFO : RESCAL : [  5] fit: 0.42511 | delta: 1.3e-03 | secs: 18.74772
INFO : RESCAL : [  6] fit: 0.42585 | delta: 7.3e-04 | secs: 19.22774
INFO : RESCAL : [  7] fit: 0.42637 | delta: 5.3e-04 | secs: 18.34241
INFO : RESCAL : [  8] fit: 0.42676 | delta: 3.9e-04 | secs: 19.16510
INFO : RESCAL : [  9] fit: 0.42709 | delta: 3.3e-04 | secs: 18.42761
INFO : RESCAL : [ 10] fit: 0.42737 | delta: 2.8e-04 | secs: 18.92907
INFO : RESCAL : [ 11] fit: 0.42763 | delta: 2.5e-04 | secs: 18.75442
INFO : RESCAL : [ 12] fit: 0.42785 | delta: 2.2e-04 | secs: 19.09687
INFO : RESCAL : [ 13] fit: 0.42806 | delta: 2.1e-04 | secs: 18.92164
INFO : RESCAL : [ 14] fit: 0.42824 | delta: 1.8e-04 | secs: 21.80608
INFO : RESCAL : [ 15] fit: 0.42841 | delta: 1.7e-04 | secs: 18.85221
INFO : RESCAL : [ 16] fit: 0.42856 | delta: 1.5e-04 | secs: 21.83876
INFO : RESCAL : [ 17] fit: 0.42869 | delta: 1.3e-04 | secs: 18.83819
INFO : RESCAL : [ 18] fit: 0.42881 | delta: 1.2e-04 | secs: 21.76972
INFO : RESCAL : [ 19] fit: 0.42891 | delta: 1.0e-04 | secs: 18.93259
[Fold 0] AUC-PR: 0.974731
