Thread(s) : 48
Fold      : 08
Debut     : 2026-05-29 04:15:53
====================================================

====================================================
Fold 08
====================================================
=== DATASET: fb15k237 | rank:200 | lambda_A:0.1 | lambda_R:0.1 ===
[Config] maxIter:20 | conv:1.0e-06 | threads:48
[Data]   n_entities:14541 | n_relations:237 | total_nnz:310116
[Data]   nnz:310116 | import_time:0.04 s
[Eval]   positifs:2000 | neg/pos:1 | folds:10 | mode:cross-validation CSR echantillonnee
INFO : RESCAL : [  0] fit: 0.28820 | delta: 2.9e-01 | secs: 18.68290
INFO : RESCAL : [  1] fit: 0.40224 | delta: 1.1e-01 | secs: 22.16392
INFO : RESCAL : [  2] fit: 0.41506 | delta: 1.3e-02 | secs: 19.21184
INFO : RESCAL : [  3] fit: 0.41989 | delta: 4.8e-03 | secs: 18.37369
INFO : RESCAL : [  4] fit: 0.42237 | delta: 2.5e-03 | secs: 19.07370
INFO : RESCAL : [  5] fit: 0.42386 | delta: 1.5e-03 | secs: 18.57078
INFO : RESCAL : [  6] fit: 0.42471 | delta: 8.5e-04 | secs: 19.22753
INFO : RESCAL : [  7] fit: 0.42521 | delta: 5.0e-04 | secs: 18.59612
INFO : RESCAL : [  8] fit: 0.42558 | delta: 3.6e-04 | secs: 19.18946
INFO : RESCAL : [  9] fit: 0.42587 | delta: 2.9e-04 | secs: 22.20411
INFO : RESCAL : [ 10] fit: 0.42612 | delta: 2.5e-04 | secs: 19.27911
INFO : RESCAL : [ 11] fit: 0.42634 | delta: 2.2e-04 | secs: 22.15038
INFO : RESCAL : [ 12] fit: 0.42654 | delta: 2.0e-04 | secs: 18.45650
INFO : RESCAL : [ 13] fit: 0.42672 | delta: 1.8e-04 | secs: 18.99257
INFO : RESCAL : [ 14] fit: 0.42688 | delta: 1.6e-04 | secs: 19.05236
INFO : RESCAL : [ 15] fit: 0.42703 | delta: 1.5e-04 | secs: 18.71040
INFO : RESCAL : [ 16] fit: 0.42716 | delta: 1.3e-04 | secs: 18.66905
INFO : RESCAL : [ 17] fit: 0.42728 | delta: 1.2e-04 | secs: 22.19090
INFO : RESCAL : [ 18] fit: 0.42740 | delta: 1.1e-04 | secs: 19.34988
INFO : RESCAL : [ 19] fit: 0.42750 | delta: 1.0e-04 | secs: 18.52450
[Fold 8] AUC-PR: 0.974281
