Thread(s) : 48
Fold      : 06
Debut     : 2026-05-29 04:15:53
====================================================

====================================================
Fold 06
====================================================
=== DATASET: fb15k237 | rank:200 | lambda_A:0.1 | lambda_R:0.1 ===
[Config] maxIter:20 | conv:1.0e-06 | threads:48
[Data]   n_entities:14541 | n_relations:237 | total_nnz:310116
[Data]   nnz:310116 | import_time:0.04 s
[Eval]   positifs:2000 | neg/pos:1 | folds:10 | mode:cross-validation CSR echantillonnee
INFO : RESCAL : [  0] fit: 0.29235 | delta: 2.9e-01 | secs: 18.30233
INFO : RESCAL : [  1] fit: 0.40224 | delta: 1.1e-01 | secs: 21.94685
INFO : RESCAL : [  2] fit: 0.41483 | delta: 1.3e-02 | secs: 19.24834
INFO : RESCAL : [  3] fit: 0.41962 | delta: 4.8e-03 | secs: 18.62039
INFO : RESCAL : [  4] fit: 0.42186 | delta: 2.2e-03 | secs: 19.26093
INFO : RESCAL : [  5] fit: 0.42306 | delta: 1.2e-03 | secs: 18.78070
INFO : RESCAL : [  6] fit: 0.42380 | delta: 7.4e-04 | secs: 19.42777
INFO : RESCAL : [  7] fit: 0.42434 | delta: 5.4e-04 | secs: 18.89240
INFO : RESCAL : [  8] fit: 0.42477 | delta: 4.3e-04 | secs: 19.37082
INFO : RESCAL : [  9] fit: 0.42511 | delta: 3.5e-04 | secs: 18.71673
INFO : RESCAL : [ 10] fit: 0.42541 | delta: 3.0e-04 | secs: 19.39160
INFO : RESCAL : [ 11] fit: 0.42568 | delta: 2.6e-04 | secs: 18.67152
INFO : RESCAL : [ 12] fit: 0.42591 | delta: 2.3e-04 | secs: 19.44319
INFO : RESCAL : [ 13] fit: 0.42611 | delta: 2.0e-04 | secs: 18.38678
INFO : RESCAL : [ 14] fit: 0.42628 | delta: 1.7e-04 | secs: 18.82425
INFO : RESCAL : [ 15] fit: 0.42643 | delta: 1.5e-04 | secs: 18.34062
INFO : RESCAL : [ 16] fit: 0.42657 | delta: 1.3e-04 | secs: 18.91927
INFO : RESCAL : [ 17] fit: 0.42669 | delta: 1.2e-04 | secs: 18.51702
INFO : RESCAL : [ 18] fit: 0.42679 | delta: 1.1e-04 | secs: 19.19945
INFO : RESCAL : [ 19] fit: 0.42689 | delta: 9.4e-05 | secs: 18.82119
[Fold 6] AUC-PR: 0.979370
