Thread(s) : 4
Fold      : 04
Debut     : 2026-05-28 02:22:33
====================================================

====================================================
Fold 04
====================================================
=== DATASET: fb15k237 | rank:200 | lambda_A:0.1 | lambda_R:0.1 ===
[Config] maxIter:20 | conv:1.0e-06 | threads:4
[Data]   n_entities:14541 | n_relations:237 | total_nnz:310116
[Data]   nnz:310116 | import_time:0.04 s
[Eval]   positifs:2000 | neg/pos:1 | folds:10 | mode:cross-validation CSR echantillonnee
INFO : RESCAL : [  0] fit: 0.28672 | delta: 2.9e-01 | secs: 39.68336
INFO : RESCAL : [  1] fit: 0.39976 | delta: 1.1e-01 | secs: 36.17011
INFO : RESCAL : [  2] fit: 0.41306 | delta: 1.3e-02 | secs: 37.93119
INFO : RESCAL : [  3] fit: 0.41819 | delta: 5.1e-03 | secs: 37.05844
INFO : RESCAL : [  4] fit: 0.42073 | delta: 2.5e-03 | secs: 37.92374
INFO : RESCAL : [  5] fit: 0.42217 | delta: 1.4e-03 | secs: 36.34650
INFO : RESCAL : [  6] fit: 0.42300 | delta: 8.3e-04 | secs: 39.78743
INFO : RESCAL : [  7] fit: 0.42357 | delta: 5.7e-04 | secs: 36.38147
INFO : RESCAL : [  8] fit: 0.42403 | delta: 4.5e-04 | secs: 38.10581
INFO : RESCAL : [  9] fit: 0.42441 | delta: 3.8e-04 | secs: 38.28006
INFO : RESCAL : [ 10] fit: 0.42472 | delta: 3.1e-04 | secs: 37.88760
INFO : RESCAL : [ 11] fit: 0.42497 | delta: 2.5e-04 | secs: 38.24026
INFO : RESCAL : [ 12] fit: 0.42519 | delta: 2.1e-04 | secs: 39.91557
INFO : RESCAL : [ 13] fit: 0.42537 | delta: 1.8e-04 | secs: 37.15153
INFO : RESCAL : [ 14] fit: 0.42552 | delta: 1.6e-04 | secs: 38.23420
INFO : RESCAL : [ 15] fit: 0.42566 | delta: 1.4e-04 | secs: 39.01401
INFO : RESCAL : [ 16] fit: 0.42578 | delta: 1.2e-04 | secs: 38.03881
INFO : RESCAL : [ 17] fit: 0.42588 | delta: 1.1e-04 | secs: 36.42238
INFO : RESCAL : [ 18] fit: 0.42598 | delta: 9.5e-05 | secs: 39.96694
INFO : RESCAL : [ 19] fit: 0.42606 | delta: 8.4e-05 | secs: 36.45060
[Fold 4] AUC-PR: 0.972498
