Thread(s) : 4
Fold      : 06
Debut     : 2026-05-28 02:22:33
====================================================

====================================================
Fold 06
====================================================
=== DATASET: fb15k237 | rank:200 | lambda_A:0.1 | lambda_R:0.1 ===
[Config] maxIter:20 | conv:1.0e-06 | threads:4
[Data]   n_entities:14541 | n_relations:237 | total_nnz:310116
[Data]   nnz:310116 | import_time:0.04 s
[Eval]   positifs:2000 | neg/pos:1 | folds:10 | mode:cross-validation CSR echantillonnee
INFO : RESCAL : [  0] fit: 0.29078 | delta: 2.9e-01 | secs: 39.76762
INFO : RESCAL : [  1] fit: 0.40499 | delta: 1.1e-01 | secs: 36.36882
INFO : RESCAL : [  2] fit: 0.41798 | delta: 1.3e-02 | secs: 37.94284
INFO : RESCAL : [  3] fit: 0.42300 | delta: 5.0e-03 | secs: 38.08902
INFO : RESCAL : [  4] fit: 0.42547 | delta: 2.5e-03 | secs: 40.00808
INFO : RESCAL : [  5] fit: 0.42681 | delta: 1.3e-03 | secs: 38.25841
INFO : RESCAL : [  6] fit: 0.42764 | delta: 8.3e-04 | secs: 40.04582
INFO : RESCAL : [  7] fit: 0.42826 | delta: 6.2e-04 | secs: 38.17508
INFO : RESCAL : [  8] fit: 0.42874 | delta: 4.8e-04 | secs: 38.19794
INFO : RESCAL : [  9] fit: 0.42912 | delta: 3.9e-04 | secs: 38.14131
INFO : RESCAL : [ 10] fit: 0.42942 | delta: 3.0e-04 | secs: 38.09424
INFO : RESCAL : [ 11] fit: 0.42967 | delta: 2.4e-04 | secs: 38.10405
INFO : RESCAL : [ 12] fit: 0.42987 | delta: 2.0e-04 | secs: 39.94467
INFO : RESCAL : [ 13] fit: 0.43003 | delta: 1.7e-04 | secs: 36.39551
INFO : RESCAL : [ 14] fit: 0.43017 | delta: 1.4e-04 | secs: 39.92344
INFO : RESCAL : [ 15] fit: 0.43030 | delta: 1.2e-04 | secs: 38.30382
INFO : RESCAL : [ 16] fit: 0.43040 | delta: 1.1e-04 | secs: 40.10256
INFO : RESCAL : [ 17] fit: 0.43050 | delta: 9.6e-05 | secs: 38.10805
INFO : RESCAL : [ 18] fit: 0.43059 | delta: 8.6e-05 | secs: 40.00312
INFO : RESCAL : [ 19] fit: 0.43066 | delta: 7.9e-05 | secs: 38.18090
[Fold 6] AUC-PR: 0.980480
