Thread(s) : 4
Fold      : 07
Debut     : 2026-05-28 02:22:33
====================================================

====================================================
Fold 07
====================================================
=== DATASET: fb15k237 | rank:200 | lambda_A:0.1 | lambda_R:0.1 ===
[Config] maxIter:20 | conv:1.0e-06 | threads:4
[Data]   n_entities:14541 | n_relations:237 | total_nnz:310116
[Data]   nnz:310116 | import_time:0.04 s
[Eval]   positifs:2000 | neg/pos:1 | folds:10 | mode:cross-validation CSR echantillonnee
INFO : RESCAL : [  0] fit: 0.29159 | delta: 2.9e-01 | secs: 39.68506
INFO : RESCAL : [  1] fit: 0.40245 | delta: 1.1e-01 | secs: 36.22790
INFO : RESCAL : [  2] fit: 0.41509 | delta: 1.3e-02 | secs: 38.15620
INFO : RESCAL : [  3] fit: 0.42002 | delta: 4.9e-03 | secs: 38.13268
INFO : RESCAL : [  4] fit: 0.42259 | delta: 2.6e-03 | secs: 39.91050
INFO : RESCAL : [  5] fit: 0.42405 | delta: 1.5e-03 | secs: 38.25085
INFO : RESCAL : [  6] fit: 0.42488 | delta: 8.3e-04 | secs: 39.91833
INFO : RESCAL : [  7] fit: 0.42545 | delta: 5.7e-04 | secs: 38.13967
INFO : RESCAL : [  8] fit: 0.42592 | delta: 4.7e-04 | secs: 38.04608
INFO : RESCAL : [  9] fit: 0.42630 | delta: 3.8e-04 | secs: 36.34264
INFO : RESCAL : [ 10] fit: 0.42660 | delta: 3.0e-04 | secs: 38.18574
INFO : RESCAL : [ 11] fit: 0.42682 | delta: 2.3e-04 | secs: 38.39064
INFO : RESCAL : [ 12] fit: 0.42701 | delta: 1.9e-04 | secs: 39.95617
INFO : RESCAL : [ 13] fit: 0.42717 | delta: 1.6e-04 | secs: 36.32267
INFO : RESCAL : [ 14] fit: 0.42732 | delta: 1.5e-04 | secs: 38.10181
INFO : RESCAL : [ 15] fit: 0.42745 | delta: 1.3e-04 | secs: 36.28955
INFO : RESCAL : [ 16] fit: 0.42758 | delta: 1.2e-04 | secs: 38.04261
INFO : RESCAL : [ 17] fit: 0.42769 | delta: 1.1e-04 | secs: 38.02595
INFO : RESCAL : [ 18] fit: 0.42780 | delta: 1.1e-04 | secs: 38.08168
INFO : RESCAL : [ 19] fit: 0.42790 | delta: 9.8e-05 | secs: 38.21420
[Fold 7] AUC-PR: 0.984647
