Thread(s) : 4
Fold      : 09
Debut     : 2026-05-28 02:22:33
====================================================

====================================================
Fold 09
====================================================
=== DATASET: fb15k237 | rank:200 | lambda_A:0.1 | lambda_R:0.1 ===
[Config] maxIter:20 | conv:1.0e-06 | threads:4
[Data]   n_entities:14541 | n_relations:237 | total_nnz:310116
[Data]   nnz:310116 | import_time:0.04 s
[Eval]   positifs:2000 | neg/pos:1 | folds:10 | mode:cross-validation CSR echantillonnee
INFO : RESCAL : [  0] fit: 0.29092 | delta: 2.9e-01 | secs: 41.61339
INFO : RESCAL : [  1] fit: 0.40527 | delta: 1.1e-01 | secs: 36.28346
INFO : RESCAL : [  2] fit: 0.41853 | delta: 1.3e-02 | secs: 38.10399
INFO : RESCAL : [  3] fit: 0.42331 | delta: 4.8e-03 | secs: 36.42676
INFO : RESCAL : [  4] fit: 0.42545 | delta: 2.1e-03 | secs: 38.16264
INFO : RESCAL : [  5] fit: 0.42663 | delta: 1.2e-03 | secs: 36.28138
INFO : RESCAL : [  6] fit: 0.42733 | delta: 7.0e-04 | secs: 38.10384
INFO : RESCAL : [  7] fit: 0.42783 | delta: 5.0e-04 | secs: 38.21112
INFO : RESCAL : [  8] fit: 0.42820 | delta: 3.8e-04 | secs: 40.09760
INFO : RESCAL : [  9] fit: 0.42854 | delta: 3.3e-04 | secs: 38.20452
INFO : RESCAL : [ 10] fit: 0.42883 | delta: 2.9e-04 | secs: 38.16524
INFO : RESCAL : [ 11] fit: 0.42910 | delta: 2.7e-04 | secs: 38.19365
INFO : RESCAL : [ 12] fit: 0.42934 | delta: 2.4e-04 | secs: 38.17938
INFO : RESCAL : [ 13] fit: 0.42955 | delta: 2.1e-04 | secs: 36.38929
INFO : RESCAL : [ 14] fit: 0.42974 | delta: 1.9e-04 | secs: 39.62332
INFO : RESCAL : [ 15] fit: 0.42991 | delta: 1.6e-04 | secs: 39.61350
INFO : RESCAL : [ 16] fit: 0.43005 | delta: 1.4e-04 | secs: 39.88776
INFO : RESCAL : [ 17] fit: 0.43017 | delta: 1.2e-04 | secs: 36.34394
INFO : RESCAL : [ 18] fit: 0.43028 | delta: 1.1e-04 | secs: 39.95171
INFO : RESCAL : [ 19] fit: 0.43038 | delta: 9.4e-05 | secs: 38.01386
[Fold 9] AUC-PR: 0.982995
