Thread(s) : 4
Fold      : 08
Debut     : 2026-05-28 02:22:33
====================================================

====================================================
Fold 08
====================================================
=== DATASET: fb15k237 | rank:200 | lambda_A:0.1 | lambda_R:0.1 ===
[Config] maxIter:20 | conv:1.0e-06 | threads:4
[Data]   n_entities:14541 | n_relations:237 | total_nnz:310116
[Data]   nnz:310116 | import_time:0.04 s
[Eval]   positifs:2000 | neg/pos:1 | folds:10 | mode:cross-validation CSR echantillonnee
INFO : RESCAL : [  0] fit: 0.29178 | delta: 2.9e-01 | secs: 41.63005
INFO : RESCAL : [  1] fit: 0.40298 | delta: 1.1e-01 | secs: 34.57226
INFO : RESCAL : [  2] fit: 0.41539 | delta: 1.2e-02 | secs: 38.21604
INFO : RESCAL : [  3] fit: 0.42014 | delta: 4.8e-03 | secs: 38.20548
INFO : RESCAL : [  4] fit: 0.42261 | delta: 2.5e-03 | secs: 38.24389
INFO : RESCAL : [  5] fit: 0.42401 | delta: 1.4e-03 | secs: 36.34123
INFO : RESCAL : [  6] fit: 0.42485 | delta: 8.4e-04 | secs: 38.26405
INFO : RESCAL : [  7] fit: 0.42543 | delta: 5.8e-04 | secs: 38.22868
INFO : RESCAL : [  8] fit: 0.42587 | delta: 4.4e-04 | secs: 38.10016
INFO : RESCAL : [  9] fit: 0.42622 | delta: 3.5e-04 | secs: 38.04206
INFO : RESCAL : [ 10] fit: 0.42650 | delta: 2.8e-04 | secs: 38.01496
INFO : RESCAL : [ 11] fit: 0.42673 | delta: 2.3e-04 | secs: 38.02839
INFO : RESCAL : [ 12] fit: 0.42692 | delta: 1.9e-04 | secs: 40.05394
INFO : RESCAL : [ 13] fit: 0.42707 | delta: 1.5e-04 | secs: 37.94985
INFO : RESCAL : [ 14] fit: 0.42720 | delta: 1.3e-04 | secs: 39.91184
INFO : RESCAL : [ 15] fit: 0.42731 | delta: 1.0e-04 | secs: 38.08567
INFO : RESCAL : [ 16] fit: 0.42739 | delta: 8.8e-05 | secs: 38.02660
INFO : RESCAL : [ 17] fit: 0.42747 | delta: 7.3e-05 | secs: 38.16353
INFO : RESCAL : [ 18] fit: 0.42753 | delta: 6.4e-05 | secs: 39.86139
INFO : RESCAL : [ 19] fit: 0.42759 | delta: 5.5e-05 | secs: 38.13008
[Fold 8] AUC-PR: 0.979565
