Thread(s) : 4
Fold      : 05
Debut     : 2026-05-28 02:22:33
====================================================

====================================================
Fold 05
====================================================
=== DATASET: fb15k237 | rank:200 | lambda_A:0.1 | lambda_R:0.1 ===
[Config] maxIter:20 | conv:1.0e-06 | threads:4
[Data]   n_entities:14541 | n_relations:237 | total_nnz:310116
[Data]   nnz:310116 | import_time:0.04 s
[Eval]   positifs:2000 | neg/pos:1 | folds:10 | mode:cross-validation CSR echantillonnee
INFO : RESCAL : [  0] fit: 0.29077 | delta: 2.9e-01 | secs: 41.59237
INFO : RESCAL : [  1] fit: 0.40394 | delta: 1.1e-01 | secs: 36.38281
INFO : RESCAL : [  2] fit: 0.41662 | delta: 1.3e-02 | secs: 36.88328
INFO : RESCAL : [  3] fit: 0.42125 | delta: 4.6e-03 | secs: 36.33613
INFO : RESCAL : [  4] fit: 0.42355 | delta: 2.3e-03 | secs: 39.91338
INFO : RESCAL : [  5] fit: 0.42496 | delta: 1.4e-03 | secs: 36.45911
INFO : RESCAL : [  6] fit: 0.42593 | delta: 9.7e-04 | secs: 38.06754
INFO : RESCAL : [  7] fit: 0.42662 | delta: 6.9e-04 | secs: 36.35278
INFO : RESCAL : [  8] fit: 0.42708 | delta: 4.6e-04 | secs: 39.94153
INFO : RESCAL : [  9] fit: 0.42742 | delta: 3.4e-04 | secs: 38.14614
INFO : RESCAL : [ 10] fit: 0.42768 | delta: 2.6e-04 | secs: 39.93411
INFO : RESCAL : [ 11] fit: 0.42790 | delta: 2.2e-04 | secs: 38.24102
INFO : RESCAL : [ 12] fit: 0.42807 | delta: 1.8e-04 | secs: 37.19939
INFO : RESCAL : [ 13] fit: 0.42823 | delta: 1.6e-04 | secs: 37.13168
INFO : RESCAL : [ 14] fit: 0.42837 | delta: 1.3e-04 | secs: 37.15220
INFO : RESCAL : [ 15] fit: 0.42849 | delta: 1.2e-04 | secs: 38.15796
INFO : RESCAL : [ 16] fit: 0.42859 | delta: 1.1e-04 | secs: 39.04643
INFO : RESCAL : [ 17] fit: 0.42869 | delta: 9.6e-05 | secs: 36.35238
INFO : RESCAL : [ 18] fit: 0.42877 | delta: 8.6e-05 | secs: 39.89359
INFO : RESCAL : [ 19] fit: 0.42885 | delta: 7.9e-05 | secs: 36.40623
[Fold 5] AUC-PR: 0.984689
