Thread(s) : 4
Fold      : 02
Debut     : 2026-05-28 02:22:33
====================================================

====================================================
Fold 02
====================================================
=== DATASET: fb15k237 | rank:200 | lambda_A:0.1 | lambda_R:0.1 ===
[Config] maxIter:20 | conv:1.0e-06 | threads:4
[Data]   n_entities:14541 | n_relations:237 | total_nnz:310116
[Data]   nnz:310116 | import_time:0.04 s
[Eval]   positifs:2000 | neg/pos:1 | folds:10 | mode:cross-validation CSR echantillonnee
INFO : RESCAL : [  0] fit: 0.28561 | delta: 2.9e-01 | secs: 41.33818
INFO : RESCAL : [  1] fit: 0.39890 | delta: 1.1e-01 | secs: 34.46151
INFO : RESCAL : [  2] fit: 0.41141 | delta: 1.3e-02 | secs: 39.72724
INFO : RESCAL : [  3] fit: 0.41599 | delta: 4.6e-03 | secs: 36.39402
INFO : RESCAL : [  4] fit: 0.41824 | delta: 2.3e-03 | secs: 39.77244
INFO : RESCAL : [  5] fit: 0.41958 | delta: 1.3e-03 | secs: 36.40714
INFO : RESCAL : [  6] fit: 0.42042 | delta: 8.4e-04 | secs: 38.01466
INFO : RESCAL : [  7] fit: 0.42104 | delta: 6.3e-04 | secs: 36.49630
INFO : RESCAL : [  8] fit: 0.42151 | delta: 4.7e-04 | secs: 39.78773
INFO : RESCAL : [  9] fit: 0.42190 | delta: 3.9e-04 | secs: 36.34934
INFO : RESCAL : [ 10] fit: 0.42221 | delta: 3.1e-04 | secs: 38.05340
INFO : RESCAL : [ 11] fit: 0.42248 | delta: 2.7e-04 | secs: 36.37839
INFO : RESCAL : [ 12] fit: 0.42271 | delta: 2.3e-04 | secs: 39.88410
INFO : RESCAL : [ 13] fit: 0.42292 | delta: 2.0e-04 | secs: 38.14147
INFO : RESCAL : [ 14] fit: 0.42309 | delta: 1.7e-04 | secs: 38.10845
INFO : RESCAL : [ 15] fit: 0.42324 | delta: 1.5e-04 | secs: 38.14274
INFO : RESCAL : [ 16] fit: 0.42338 | delta: 1.3e-04 | secs: 39.93560
INFO : RESCAL : [ 17] fit: 0.42350 | delta: 1.2e-04 | secs: 36.31318
INFO : RESCAL : [ 18] fit: 0.42360 | delta: 1.0e-04 | secs: 38.91477
INFO : RESCAL : [ 19] fit: 0.42369 | delta: 9.3e-05 | secs: 36.33460
[Fold 2] AUC-PR: 0.977505
