Thread(s) : 4
Fold      : 00
Debut     : 2026-05-28 02:22:33
====================================================

====================================================
Fold 00
====================================================
=== DATASET: fb15k237 | rank:200 | lambda_A:0.1 | lambda_R:0.1 ===
[Config] maxIter:20 | conv:1.0e-06 | threads:4
[Data]   n_entities:14541 | n_relations:237 | total_nnz:310116
[Data]   nnz:310116 | import_time:0.04 s
[Eval]   positifs:2000 | neg/pos:1 | folds:10 | mode:cross-validation CSR echantillonnee
INFO : RESCAL : [  0] fit: 0.29060 | delta: 2.9e-01 | secs: 38.86590
INFO : RESCAL : [  1] fit: 0.40401 | delta: 1.1e-01 | secs: 34.97743
INFO : RESCAL : [  2] fit: 0.41738 | delta: 1.3e-02 | secs: 35.64756
INFO : RESCAL : [  3] fit: 0.42219 | delta: 4.8e-03 | secs: 36.72572
INFO : RESCAL : [  4] fit: 0.42444 | delta: 2.2e-03 | secs: 40.26823
INFO : RESCAL : [  5] fit: 0.42567 | delta: 1.2e-03 | secs: 38.36659
INFO : RESCAL : [  6] fit: 0.42649 | delta: 8.2e-04 | secs: 39.96792
INFO : RESCAL : [  7] fit: 0.42709 | delta: 6.0e-04 | secs: 39.04522
INFO : RESCAL : [  8] fit: 0.42755 | delta: 4.6e-04 | secs: 39.92483
INFO : RESCAL : [  9] fit: 0.42792 | delta: 3.7e-04 | secs: 39.20246
INFO : RESCAL : [ 10] fit: 0.42821 | delta: 2.9e-04 | secs: 39.89049
INFO : RESCAL : [ 11] fit: 0.42845 | delta: 2.4e-04 | secs: 39.04184
INFO : RESCAL : [ 12] fit: 0.42865 | delta: 2.0e-04 | secs: 39.96252
INFO : RESCAL : [ 13] fit: 0.42883 | delta: 1.7e-04 | secs: 38.96381
INFO : RESCAL : [ 14] fit: 0.42897 | delta: 1.4e-04 | secs: 39.79950
INFO : RESCAL : [ 15] fit: 0.42910 | delta: 1.3e-04 | secs: 39.01407
INFO : RESCAL : [ 16] fit: 0.42920 | delta: 1.1e-04 | secs: 40.00773
INFO : RESCAL : [ 17] fit: 0.42930 | delta: 9.3e-05 | secs: 38.97496
INFO : RESCAL : [ 18] fit: 0.42938 | delta: 8.0e-05 | secs: 39.90217
INFO : RESCAL : [ 19] fit: 0.42945 | delta: 7.2e-05 | secs: 39.09096
[Fold 0] AUC-PR: 0.980984
