[Threads] Utilisation de 8 thread(s) sur 64 disponibles
[Reprise] Mode force active : les combinaisons deja presentes seront recalculees
=== DATASET: fb15k237 | rank:200 | lambda_A:0.1 | lambda_R:0.1 ===
[Config] maxIter:20 | conv:1.0e-06 | threads:8
[Data]   n_entities:14541 | n_relations:237 | total_nnz:310116
[Data]   nnz:310116 | import_time:0.04 s
[Eval]   positifs:2000 | neg/pos:1 | folds:10 | mode:cross-validation CSR echantillonnee
INFO : RESCAL : [  0] fit: 0.28943 | delta: 2.9e-01 | secs: 25.33639
INFO : RESCAL : [  1] fit: 0.39993 | delta: 1.1e-01 | secs: 24.23812
INFO : RESCAL : [  2] fit: 0.41211 | delta: 1.2e-02 | secs: 25.56666
INFO : RESCAL : [  3] fit: 0.41675 | delta: 4.6e-03 | secs: 24.78683
INFO : RESCAL : [  4] fit: 0.41902 | delta: 2.3e-03 | secs: 24.65455
INFO : RESCAL : [  5] fit: 0.42039 | delta: 1.4e-03 | secs: 24.91519
INFO : RESCAL : [  6] fit: 0.42120 | delta: 8.1e-04 | secs: 25.58069
INFO : RESCAL : [  7] fit: 0.42180 | delta: 6.0e-04 | secs: 24.60463
INFO : RESCAL : [  8] fit: 0.42225 | delta: 4.5e-04 | secs: 25.17442
INFO : RESCAL : [  9] fit: 0.42261 | delta: 3.7e-04 | secs: 24.71917
INFO : RESCAL : [ 10] fit: 0.42292 | delta: 3.0e-04 | secs: 25.06353
INFO : RESCAL : [ 11] fit: 0.42318 | delta: 2.7e-04 | secs: 24.76431
INFO : RESCAL : [ 12] fit: 0.42341 | delta: 2.3e-04 | secs: 25.19169
INFO : RESCAL : [ 13] fit: 0.42361 | delta: 2.0e-04 | secs: 24.86381
INFO : RESCAL : [ 14] fit: 0.42378 | delta: 1.7e-04 | secs: 25.18623
INFO : RESCAL : [ 15] fit: 0.42391 | delta: 1.4e-04 | secs: 24.64066
INFO : RESCAL : [ 16] fit: 0.42402 | delta: 1.0e-04 | secs: 25.24854
INFO : RESCAL : [ 17] fit: 0.42410 | delta: 8.8e-05 | secs: 24.72482
INFO : RESCAL : [ 18] fit: 0.42418 | delta: 7.6e-05 | secs: 25.24483
INFO : RESCAL : [ 19] fit: 0.42425 | delta: 7.0e-05 | secs: 24.69241
[Fold 0] AUC-PR: 0.973139
INFO : RESCAL : [  0] fit: 0.29080 | delta: 2.9e-01 | secs: 25.56516
INFO : RESCAL : [  1] fit: 0.40234 | delta: 1.1e-01 | secs: 24.58069
INFO : RESCAL : [  2] fit: 0.41549 | delta: 1.3e-02 | secs: 25.23444
INFO : RESCAL : [  3] fit: 0.42040 | delta: 4.9e-03 | secs: 24.75416
INFO : RESCAL : [  4] fit: 0.42276 | delta: 2.4e-03 | secs: 25.11396
INFO : RESCAL : [  5] fit: 0.42415 | delta: 1.4e-03 | secs: 24.99851
INFO : RESCAL : [  6] fit: 0.42501 | delta: 8.6e-04 | secs: 25.19362
INFO : RESCAL : [  7] fit: 0.42560 | delta: 5.9e-04 | secs: 24.81647
INFO : RESCAL : [  8] fit: 0.42602 | delta: 4.2e-04 | secs: 25.28324
INFO : RESCAL : [  9] fit: 0.42636 | delta: 3.4e-04 | secs: 24.85862
INFO : RESCAL : [ 10] fit: 0.42661 | delta: 2.5e-04 | secs: 25.22659
INFO : RESCAL : [ 11] fit: 0.42679 | delta: 1.8e-04 | secs: 24.61215
INFO : RESCAL : [ 12] fit: 0.42691 | delta: 1.2e-04 | secs: 25.39880
INFO : RESCAL : [ 13] fit: 0.42703 | delta: 1.2e-04 | secs: 24.87780
INFO : RESCAL : [ 14] fit: 0.42714 | delta: 1.1e-04 | secs: 25.28942
INFO : RESCAL : [ 15] fit: 0.42724 | delta: 1.0e-04 | secs: 24.72791
INFO : RESCAL : [ 16] fit: 0.42733 | delta: 9.2e-05 | secs: 25.30795
INFO : RESCAL : [ 17] fit: 0.42742 | delta: 9.0e-05 | secs: 24.81662
INFO : RESCAL : [ 18] fit: 0.42750 | delta: 7.9e-05 | secs: 25.35222
INFO : RESCAL : [ 19] fit: 0.42758 | delta: 7.6e-05 | secs: 24.96588
[Fold 1] AUC-PR: 0.981638
INFO : RESCAL : [  0] fit: 0.28870 | delta: 2.9e-01 | secs: 25.55692
INFO : RESCAL : [  1] fit: 0.40121 | delta: 1.1e-01 | secs: 24.83316
INFO : RESCAL : [  2] fit: 0.41411 | delta: 1.3e-02 | secs: 25.16833
INFO : RESCAL : [  3] fit: 0.41893 | delta: 4.8e-03 | secs: 24.83513
INFO : RESCAL : [  4] fit: 0.42132 | delta: 2.4e-03 | secs: 25.28346
INFO : RESCAL : [  5] fit: 0.42264 | delta: 1.3e-03 | secs: 24.72937
INFO : RESCAL : [  6] fit: 0.42347 | delta: 8.3e-04 | secs: 25.16718
INFO : RESCAL : [  7] fit: 0.42404 | delta: 5.6e-04 | secs: 24.52602
INFO : RESCAL : [  8] fit: 0.42446 | delta: 4.2e-04 | secs: 25.32690
INFO : RESCAL : [  9] fit: 0.42479 | delta: 3.3e-04 | secs: 24.81575
INFO : RESCAL : [ 10] fit: 0.42505 | delta: 2.6e-04 | secs: 25.36625
INFO : RESCAL : [ 11] fit: 0.42525 | delta: 2.0e-04 | secs: 24.79782
INFO : RESCAL : [ 12] fit: 0.42541 | delta: 1.6e-04 | secs: 25.23948
INFO : RESCAL : [ 13] fit: 0.42553 | delta: 1.3e-04 | secs: 24.76203
INFO : RESCAL : [ 14] fit: 0.42565 | delta: 1.1e-04 | secs: 25.13167
INFO : RESCAL : [ 15] fit: 0.42574 | delta: 9.7e-05 | secs: 24.68531
INFO : RESCAL : [ 16] fit: 0.42583 | delta: 8.8e-05 | secs: 25.15173
INFO : RESCAL : [ 17] fit: 0.42591 | delta: 8.1e-05 | secs: 24.80489
INFO : RESCAL : [ 18] fit: 0.42599 | delta: 7.5e-05 | secs: 23.61055
INFO : RESCAL : [ 19] fit: 0.42606 | delta: 7.0e-05 | secs: 25.62255
[Fold 2] AUC-PR: 0.973759
INFO : RESCAL : [  0] fit: 0.29198 | delta: 2.9e-01 | secs: 25.44822
INFO : RESCAL : [  1] fit: 0.40168 | delta: 1.1e-01 | secs: 25.57646
INFO : RESCAL : [  2] fit: 0.41390 | delta: 1.2e-02 | secs: 25.18886
INFO : RESCAL : [  3] fit: 0.41854 | delta: 4.6e-03 | secs: 24.89093
INFO : RESCAL : [  4] fit: 0.42076 | delta: 2.2e-03 | secs: 25.16635
INFO : RESCAL : [  5] fit: 0.42196 | delta: 1.2e-03 | secs: 24.66323
INFO : RESCAL : [  6] fit: 0.42266 | delta: 7.0e-04 | secs: 23.71786
INFO : RESCAL : [  7] fit: 0.42317 | delta: 5.1e-04 | secs: 25.53138
INFO : RESCAL : [  8] fit: 0.42356 | delta: 3.9e-04 | secs: 24.30972
INFO : RESCAL : [  9] fit: 0.42389 | delta: 3.3e-04 | secs: 24.75685
INFO : RESCAL : [ 10] fit: 0.42418 | delta: 2.9e-04 | secs: 23.76069
INFO : RESCAL : [ 11] fit: 0.42443 | delta: 2.5e-04 | secs: 25.46397
INFO : RESCAL : [ 12] fit: 0.42465 | delta: 2.2e-04 | secs: 25.06884
INFO : RESCAL : [ 13] fit: 0.42483 | delta: 1.8e-04 | secs: 24.87937
INFO : RESCAL : [ 14] fit: 0.42498 | delta: 1.6e-04 | secs: 25.35039
INFO : RESCAL : [ 15] fit: 0.42511 | delta: 1.3e-04 | secs: 24.80060
INFO : RESCAL : [ 16] fit: 0.42523 | delta: 1.1e-04 | secs: 25.12952
INFO : RESCAL : [ 17] fit: 0.42532 | delta: 9.4e-05 | secs: 24.53095
INFO : RESCAL : [ 18] fit: 0.42540 | delta: 8.1e-05 | secs: 24.41704
INFO : RESCAL : [ 19] fit: 0.42547 | delta: 6.9e-05 | secs: 24.97485
[Fold 3] AUC-PR: 0.990593
INFO : RESCAL : [  0] fit: 0.29208 | delta: 2.9e-01 | secs: 25.54599
INFO : RESCAL : [  1] fit: 0.40282 | delta: 1.1e-01 | secs: 25.43004
INFO : RESCAL : [  2] fit: 0.41589 | delta: 1.3e-02 | secs: 25.20226
INFO : RESCAL : [  3] fit: 0.42076 | delta: 4.9e-03 | secs: 24.90394
INFO : RESCAL : [  4] fit: 0.42324 | delta: 2.5e-03 | secs: 25.21351
INFO : RESCAL : [  5] fit: 0.42457 | delta: 1.3e-03 | secs: 24.77228
INFO : RESCAL : [  6] fit: 0.42530 | delta: 7.4e-04 | secs: 23.68648
INFO : RESCAL : [  7] fit: 0.42575 | delta: 4.5e-04 | secs: 25.70596
INFO : RESCAL : [  8] fit: 0.42610 | delta: 3.5e-04 | secs: 25.03780
INFO : RESCAL : [  9] fit: 0.42637 | delta: 2.7e-04 | secs: 25.66578
INFO : RESCAL : [ 10] fit: 0.42660 | delta: 2.3e-04 | secs: 25.02685
INFO : RESCAL : [ 11] fit: 0.42678 | delta: 1.8e-04 | secs: 25.54080
INFO : RESCAL : [ 12] fit: 0.42694 | delta: 1.6e-04 | secs: 25.29624
INFO : RESCAL : [ 13] fit: 0.42708 | delta: 1.4e-04 | secs: 25.78487
INFO : RESCAL : [ 14] fit: 0.42720 | delta: 1.2e-04 | secs: 23.46647
INFO : RESCAL : [ 15] fit: 0.42730 | delta: 1.0e-04 | secs: 25.70236
INFO : RESCAL : [ 16] fit: 0.42739 | delta: 8.8e-05 | secs: 25.24722
INFO : RESCAL : [ 17] fit: 0.42746 | delta: 7.4e-05 | secs: 24.59023
INFO : RESCAL : [ 18] fit: 0.42752 | delta: 6.3e-05 | secs: 25.36321
INFO : RESCAL : [ 19] fit: 0.42758 | delta: 5.3e-05 | secs: 24.76017
[Fold 4] AUC-PR: 0.976458
INFO : RESCAL : [  0] fit: 0.28894 | delta: 2.9e-01 | secs: 25.61998
INFO : RESCAL : [  1] fit: 0.40488 | delta: 1.2e-01 | secs: 24.78177
INFO : RESCAL : [  2] fit: 0.41823 | delta: 1.3e-02 | secs: 25.17914
INFO : RESCAL : [  3] fit: 0.42297 | delta: 4.7e-03 | secs: 24.71195
INFO : RESCAL : [  4] fit: 0.42506 | delta: 2.1e-03 | secs: 25.28605
INFO : RESCAL : [  5] fit: 0.42623 | delta: 1.2e-03 | secs: 24.68165
INFO : RESCAL : [  6] fit: 0.42694 | delta: 7.1e-04 | secs: 25.17038
INFO : RESCAL : [  7] fit: 0.42746 | delta: 5.2e-04 | secs: 25.64588
INFO : RESCAL : [  8] fit: 0.42785 | delta: 3.9e-04 | secs: 25.32973
INFO : RESCAL : [  9] fit: 0.42817 | delta: 3.2e-04 | secs: 24.89032
INFO : RESCAL : [ 10] fit: 0.42843 | delta: 2.6e-04 | secs: 25.19727
INFO : RESCAL : [ 11] fit: 0.42865 | delta: 2.2e-04 | secs: 25.49238
INFO : RESCAL : [ 12] fit: 0.42883 | delta: 1.8e-04 | secs: 23.76418
INFO : RESCAL : [ 13] fit: 0.42899 | delta: 1.6e-04 | secs: 25.78505
INFO : RESCAL : [ 14] fit: 0.42913 | delta: 1.4e-04 | secs: 25.31977
INFO : RESCAL : [ 15] fit: 0.42925 | delta: 1.2e-04 | secs: 24.85920
INFO : RESCAL : [ 16] fit: 0.42936 | delta: 1.1e-04 | secs: 25.59335
INFO : RESCAL : [ 17] fit: 0.42946 | delta: 9.7e-05 | secs: 25.60185
INFO : RESCAL : [ 18] fit: 0.42954 | delta: 8.7e-05 | secs: 24.95011
INFO : RESCAL : [ 19] fit: 0.42962 | delta: 8.0e-05 | secs: 24.95226
[Fold 5] AUC-PR: 0.977807
INFO : RESCAL : [  0] fit: 0.29034 | delta: 2.9e-01 | secs: 25.42571
INFO : RESCAL : [  1] fit: 0.40237 | delta: 1.1e-01 | secs: 24.76795
INFO : RESCAL : [  2] fit: 0.41493 | delta: 1.3e-02 | secs: 25.13028
INFO : RESCAL : [  3] fit: 0.41949 | delta: 4.6e-03 | secs: 24.77240
INFO : RESCAL : [  4] fit: 0.42182 | delta: 2.3e-03 | secs: 25.29223
INFO : RESCAL : [  5] fit: 0.42318 | delta: 1.4e-03 | secs: 24.71102
INFO : RESCAL : [  6] fit: 0.42395 | delta: 7.7e-04 | secs: 25.22621
INFO : RESCAL : [  7] fit: 0.42447 | delta: 5.2e-04 | secs: 24.61442
INFO : RESCAL : [  8] fit: 0.42485 | delta: 3.8e-04 | secs: 25.18634
INFO : RESCAL : [  9] fit: 0.42515 | delta: 3.1e-04 | secs: 24.69182
INFO : RESCAL : [ 10] fit: 0.42541 | delta: 2.5e-04 | secs: 25.28159
INFO : RESCAL : [ 11] fit: 0.42563 | delta: 2.2e-04 | secs: 25.65320
INFO : RESCAL : [ 12] fit: 0.42582 | delta: 1.9e-04 | secs: 24.62876
INFO : RESCAL : [ 13] fit: 0.42598 | delta: 1.6e-04 | secs: 24.85036
INFO : RESCAL : [ 14] fit: 0.42612 | delta: 1.4e-04 | secs: 25.34237
INFO : RESCAL : [ 15] fit: 0.42625 | delta: 1.3e-04 | secs: 24.86834
INFO : RESCAL : [ 16] fit: 0.42636 | delta: 1.1e-04 | secs: 25.03569
INFO : RESCAL : [ 17] fit: 0.42646 | delta: 9.9e-05 | secs: 24.67922
INFO : RESCAL : [ 18] fit: 0.42655 | delta: 8.9e-05 | secs: 25.25715
INFO : RESCAL : [ 19] fit: 0.42663 | delta: 8.0e-05 | secs: 25.66980
[Fold 6] AUC-PR: 0.991901
INFO : RESCAL : [  0] fit: 0.28918 | delta: 2.9e-01 | secs: 25.57665
INFO : RESCAL : [  1] fit: 0.40053 | delta: 1.1e-01 | secs: 25.57133
INFO : RESCAL : [  2] fit: 0.41391 | delta: 1.3e-02 | secs: 25.12238
INFO : RESCAL : [  3] fit: 0.41887 | delta: 5.0e-03 | secs: 24.69796
INFO : RESCAL : [  4] fit: 0.42128 | delta: 2.4e-03 | secs: 25.33458
INFO : RESCAL : [  5] fit: 0.42266 | delta: 1.4e-03 | secs: 24.68992
INFO : RESCAL : [  6] fit: 0.42347 | delta: 8.1e-04 | secs: 25.21397
INFO : RESCAL : [  7] fit: 0.42401 | delta: 5.4e-04 | secs: 24.97752
INFO : RESCAL : [  8] fit: 0.42445 | delta: 4.4e-04 | secs: 25.22620
INFO : RESCAL : [  9] fit: 0.42481 | delta: 3.6e-04 | secs: 24.76348
INFO : RESCAL : [ 10] fit: 0.42512 | delta: 3.1e-04 | secs: 25.23664
INFO : RESCAL : [ 11] fit: 0.42537 | delta: 2.5e-04 | secs: 24.73137
INFO : RESCAL : [ 12] fit: 0.42560 | delta: 2.3e-04 | secs: 25.27285
INFO : RESCAL : [ 13] fit: 0.42579 | delta: 1.9e-04 | secs: 24.60859
INFO : RESCAL : [ 14] fit: 0.42596 | delta: 1.7e-04 | secs: 25.32820
INFO : RESCAL : [ 15] fit: 0.42611 | delta: 1.5e-04 | secs: 24.97815
INFO : RESCAL : [ 16] fit: 0.42625 | delta: 1.4e-04 | secs: 25.27297
INFO : RESCAL : [ 17] fit: 0.42637 | delta: 1.2e-04 | secs: 24.99365
INFO : RESCAL : [ 18] fit: 0.42649 | delta: 1.1e-04 | secs: 25.36310
INFO : RESCAL : [ 19] fit: 0.42659 | delta: 1.0e-04 | secs: 24.86086
[Fold 7] AUC-PR: 0.988239
INFO : RESCAL : [  0] fit: 0.28713 | delta: 2.9e-01 | secs: 25.67832
INFO : RESCAL : [  1] fit: 0.39983 | delta: 1.1e-01 | secs: 24.77994
INFO : RESCAL : [  2] fit: 0.41256 | delta: 1.3e-02 | secs: 25.43085
INFO : RESCAL : [  3] fit: 0.41720 | delta: 4.6e-03 | secs: 24.79247
INFO : RESCAL : [  4] fit: 0.41924 | delta: 2.0e-03 | secs: 25.29022
INFO : RESCAL : [  5] fit: 0.42036 | delta: 1.1e-03 | secs: 24.96631
INFO : RESCAL : [  6] fit: 0.42108 | delta: 7.2e-04 | secs: 24.49311
INFO : RESCAL : [  7] fit: 0.42165 | delta: 5.8e-04 | secs: 25.02488
INFO : RESCAL : [  8] fit: 0.42211 | delta: 4.6e-04 | secs: 24.64597
INFO : RESCAL : [  9] fit: 0.42252 | delta: 4.1e-04 | secs: 24.93696
INFO : RESCAL : [ 10] fit: 0.42285 | delta: 3.3e-04 | secs: 25.71585
INFO : RESCAL : [ 11] fit: 0.42311 | delta: 2.6e-04 | secs: 24.90577
INFO : RESCAL : [ 12] fit: 0.42330 | delta: 1.9e-04 | secs: 25.20057
INFO : RESCAL : [ 13] fit: 0.42345 | delta: 1.6e-04 | secs: 24.76733
INFO : RESCAL : [ 14] fit: 0.42358 | delta: 1.2e-04 | secs: 24.47752
INFO : RESCAL : [ 15] fit: 0.42369 | delta: 1.1e-04 | secs: 24.69375
INFO : RESCAL : [ 16] fit: 0.42379 | delta: 9.8e-05 | secs: 25.40048
INFO : RESCAL : [ 17] fit: 0.42388 | delta: 9.5e-05 | secs: 25.80533
INFO : RESCAL : [ 18] fit: 0.42397 | delta: 8.4e-05 | secs: 24.60344
INFO : RESCAL : [ 19] fit: 0.42405 | delta: 8.1e-05 | secs: 25.42482
[Fold 8] AUC-PR: 0.986620
INFO : RESCAL : [  0] fit: 0.29068 | delta: 2.9e-01 | secs: 25.45452
INFO : RESCAL : [  1] fit: 0.40102 | delta: 1.1e-01 | secs: 24.80131
INFO : RESCAL : [  2] fit: 0.41425 | delta: 1.3e-02 | secs: 25.36059
INFO : RESCAL : [  3] fit: 0.41913 | delta: 4.9e-03 | secs: 24.68089
INFO : RESCAL : [  4] fit: 0.42149 | delta: 2.4e-03 | secs: 25.10718
INFO : RESCAL : [  5] fit: 0.42291 | delta: 1.4e-03 | secs: 24.61350
INFO : RESCAL : [  6] fit: 0.42381 | delta: 9.0e-04 | secs: 25.17989
INFO : RESCAL : [  7] fit: 0.42446 | delta: 6.5e-04 | secs: 24.77453
INFO : RESCAL : [  8] fit: 0.42496 | delta: 5.0e-04 | secs: 25.21959
INFO : RESCAL : [  9] fit: 0.42536 | delta: 4.0e-04 | secs: 24.53899
INFO : RESCAL : [ 10] fit: 0.42569 | delta: 3.3e-04 | secs: 25.18674
INFO : RESCAL : [ 11] fit: 0.42597 | delta: 2.8e-04 | secs: 24.86717
INFO : RESCAL : [ 12] fit: 0.42621 | delta: 2.4e-04 | secs: 24.91135
INFO : RESCAL : [ 13] fit: 0.42642 | delta: 2.1e-04 | secs: 24.55946
INFO : RESCAL : [ 14] fit: 0.42660 | delta: 1.8e-04 | secs: 25.25780
INFO : RESCAL : [ 15] fit: 0.42676 | delta: 1.6e-04 | secs: 24.65130
INFO : RESCAL : [ 16] fit: 0.42691 | delta: 1.4e-04 | secs: 25.15835
INFO : RESCAL : [ 17] fit: 0.42703 | delta: 1.2e-04 | secs: 25.65908
INFO : RESCAL : [ 18] fit: 0.42714 | delta: 1.1e-04 | secs: 23.56822
INFO : RESCAL : [ 19] fit: 0.42723 | delta: 8.9e-05 | secs: 25.48334
[Fold 9] AUC-PR: 0.991115
[Result] AUC-PR mean:0.983127 | std:0.007053 | time:5071.90 s
[CSV]    Ligne écrite dans rescal_results.csv
=== FIN: fb15k237 rank:200 ===
====================================================
RÉSUMÉ FINAL
====================================================
Combinaisons exécutées : 1 / 1
Résultats sauvegardés  : rescal_results.csv
====================================================
