Thread(s) : 30
Fold      : 02
Debut     : 2026-05-28 18:45:46
====================================================

====================================================
Fold 02
====================================================
=== DATASET: fb15k237 | rank:200 | lambda_A:0.1 | lambda_R:0.1 ===
[Config] maxIter:20 | conv:1.0e-06 | threads:30
[Data]   n_entities:14541 | n_relations:237 | total_nnz:310116
[Data]   nnz:310116 | import_time:0.04 s
[Eval]   positifs:2000 | neg/pos:1 | folds:10 | mode:cross-validation CSR echantillonnee
INFO : RESCAL : [  0] fit: 0.28736 | delta: 2.9e-01 | secs: 17.27338
INFO : RESCAL : [  1] fit: 0.40009 | delta: 1.1e-01 | secs: 17.49321
INFO : RESCAL : [  2] fit: 0.41312 | delta: 1.3e-02 | secs: 17.15678
INFO : RESCAL : [  3] fit: 0.41794 | delta: 4.8e-03 | secs: 16.56093
INFO : RESCAL : [  4] fit: 0.42011 | delta: 2.2e-03 | secs: 17.02053
INFO : RESCAL : [  5] fit: 0.42128 | delta: 1.2e-03 | secs: 17.15340
INFO : RESCAL : [  6] fit: 0.42194 | delta: 6.6e-04 | secs: 17.25972
INFO : RESCAL : [  7] fit: 0.42235 | delta: 4.1e-04 | secs: 17.15654
INFO : RESCAL : [  8] fit: 0.42270 | delta: 3.4e-04 | secs: 16.94100
INFO : RESCAL : [  9] fit: 0.42300 | delta: 3.0e-04 | secs: 17.63589
INFO : RESCAL : [ 10] fit: 0.42327 | delta: 2.7e-04 | secs: 16.22513
INFO : RESCAL : [ 11] fit: 0.42351 | delta: 2.4e-04 | secs: 16.81106
INFO : RESCAL : [ 12] fit: 0.42372 | delta: 2.2e-04 | secs: 16.39684
INFO : RESCAL : [ 13] fit: 0.42392 | delta: 1.9e-04 | secs: 17.45579
INFO : RESCAL : [ 14] fit: 0.42409 | delta: 1.7e-04 | secs: 17.04867
INFO : RESCAL : [ 15] fit: 0.42424 | delta: 1.5e-04 | secs: 17.64494
INFO : RESCAL : [ 16] fit: 0.42438 | delta: 1.4e-04 | secs: 17.21446
INFO : RESCAL : [ 17] fit: 0.42450 | delta: 1.2e-04 | secs: 17.64792
INFO : RESCAL : [ 18] fit: 0.42461 | delta: 1.1e-04 | secs: 16.66818
INFO : RESCAL : [ 19] fit: 0.42470 | delta: 9.4e-05 | secs: 16.70167
[Fold 2] AUC-PR: 0.978130
