Thread(s) : 30
Fold      : 08
Debut     : 2026-05-28 18:45:46
====================================================

====================================================
Fold 08
====================================================
=== DATASET: fb15k237 | rank:200 | lambda_A:0.1 | lambda_R:0.1 ===
[Config] maxIter:20 | conv:1.0e-06 | threads:30
[Data]   n_entities:14541 | n_relations:237 | total_nnz:310116
[Data]   nnz:310116 | import_time:0.04 s
[Eval]   positifs:2000 | neg/pos:1 | folds:10 | mode:cross-validation CSR echantillonnee
INFO : RESCAL : [  0] fit: 0.28840 | delta: 2.9e-01 | secs: 17.61661
INFO : RESCAL : [  1] fit: 0.40298 | delta: 1.1e-01 | secs: 16.92713
INFO : RESCAL : [  2] fit: 0.41653 | delta: 1.4e-02 | secs: 16.90361
INFO : RESCAL : [  3] fit: 0.42180 | delta: 5.3e-03 | secs: 16.27551
INFO : RESCAL : [  4] fit: 0.42418 | delta: 2.4e-03 | secs: 16.99609
INFO : RESCAL : [  5] fit: 0.42544 | delta: 1.3e-03 | secs: 16.87791
INFO : RESCAL : [  6] fit: 0.42626 | delta: 8.2e-04 | secs: 17.69072
INFO : RESCAL : [  7] fit: 0.42689 | delta: 6.2e-04 | secs: 16.58522
INFO : RESCAL : [  8] fit: 0.42737 | delta: 4.8e-04 | secs: 16.42582
INFO : RESCAL : [  9] fit: 0.42774 | delta: 3.7e-04 | secs: 16.61605
INFO : RESCAL : [ 10] fit: 0.42804 | delta: 3.0e-04 | secs: 16.95276
INFO : RESCAL : [ 11] fit: 0.42829 | delta: 2.5e-04 | secs: 17.05693
INFO : RESCAL : [ 12] fit: 0.42851 | delta: 2.2e-04 | secs: 17.26567
INFO : RESCAL : [ 13] fit: 0.42869 | delta: 1.9e-04 | secs: 17.61854
INFO : RESCAL : [ 14] fit: 0.42886 | delta: 1.6e-04 | secs: 16.82657
INFO : RESCAL : [ 15] fit: 0.42900 | delta: 1.4e-04 | secs: 17.18176
INFO : RESCAL : [ 16] fit: 0.42913 | delta: 1.3e-04 | secs: 16.15352
INFO : RESCAL : [ 17] fit: 0.42924 | delta: 1.1e-04 | secs: 17.69417
INFO : RESCAL : [ 18] fit: 0.42934 | delta: 1.0e-04 | secs: 17.04697
INFO : RESCAL : [ 19] fit: 0.42943 | delta: 9.0e-05 | secs: 16.95820
[Fold 8] AUC-PR: 0.977294
