Thread(s) : 30
Fold      : 07
Debut     : 2026-05-28 18:45:46
====================================================

====================================================
Fold 07
====================================================
=== DATASET: fb15k237 | rank:200 | lambda_A:0.1 | lambda_R:0.1 ===
[Config] maxIter:20 | conv:1.0e-06 | threads:30
[Data]   n_entities:14541 | n_relations:237 | total_nnz:310116
[Data]   nnz:310116 | import_time:0.04 s
[Eval]   positifs:2000 | neg/pos:1 | folds:10 | mode:cross-validation CSR echantillonnee
INFO : RESCAL : [  0] fit: 0.28782 | delta: 2.9e-01 | secs: 17.25689
INFO : RESCAL : [  1] fit: 0.40087 | delta: 1.1e-01 | secs: 17.26542
INFO : RESCAL : [  2] fit: 0.41366 | delta: 1.3e-02 | secs: 16.90591
INFO : RESCAL : [  3] fit: 0.41832 | delta: 4.7e-03 | secs: 17.00509
INFO : RESCAL : [  4] fit: 0.42069 | delta: 2.4e-03 | secs: 16.78891
INFO : RESCAL : [  5] fit: 0.42216 | delta: 1.5e-03 | secs: 17.56669
INFO : RESCAL : [  6] fit: 0.42316 | delta: 1.0e-03 | secs: 17.10863
INFO : RESCAL : [  7] fit: 0.42389 | delta: 7.3e-04 | secs: 16.60533
INFO : RESCAL : [  8] fit: 0.42441 | delta: 5.2e-04 | secs: 17.75138
INFO : RESCAL : [  9] fit: 0.42480 | delta: 3.9e-04 | secs: 17.16378
INFO : RESCAL : [ 10] fit: 0.42512 | delta: 3.1e-04 | secs: 17.63751
INFO : RESCAL : [ 11] fit: 0.42537 | delta: 2.6e-04 | secs: 16.66571
INFO : RESCAL : [ 12] fit: 0.42559 | delta: 2.2e-04 | secs: 16.79162
INFO : RESCAL : [ 13] fit: 0.42579 | delta: 2.0e-04 | secs: 16.61363
INFO : RESCAL : [ 14] fit: 0.42597 | delta: 1.8e-04 | secs: 16.70164
INFO : RESCAL : [ 15] fit: 0.42613 | delta: 1.6e-04 | secs: 16.71712
INFO : RESCAL : [ 16] fit: 0.42628 | delta: 1.5e-04 | secs: 17.57469
INFO : RESCAL : [ 17] fit: 0.42641 | delta: 1.3e-04 | secs: 16.70013
INFO : RESCAL : [ 18] fit: 0.42652 | delta: 1.2e-04 | secs: 17.29232
INFO : RESCAL : [ 19] fit: 0.42663 | delta: 1.0e-04 | secs: 16.90039
[Fold 7] AUC-PR: 0.985127
