Thread(s) : 30
Fold      : 09
Debut     : 2026-05-28 18:45:46
====================================================

====================================================
Fold 09
====================================================
=== DATASET: fb15k237 | rank:200 | lambda_A:0.1 | lambda_R:0.1 ===
[Config] maxIter:20 | conv:1.0e-06 | threads:30
[Data]   n_entities:14541 | n_relations:237 | total_nnz:310116
[Data]   nnz:310116 | import_time:0.04 s
[Eval]   positifs:2000 | neg/pos:1 | folds:10 | mode:cross-validation CSR echantillonnee
INFO : RESCAL : [  0] fit: 0.29032 | delta: 2.9e-01 | secs: 17.30053
INFO : RESCAL : [  1] fit: 0.40286 | delta: 1.1e-01 | secs: 17.69778
INFO : RESCAL : [  2] fit: 0.41564 | delta: 1.3e-02 | secs: 17.14726
INFO : RESCAL : [  3] fit: 0.42033 | delta: 4.7e-03 | secs: 17.10637
INFO : RESCAL : [  4] fit: 0.42265 | delta: 2.3e-03 | secs: 17.62203
INFO : RESCAL : [  5] fit: 0.42393 | delta: 1.3e-03 | secs: 16.69158
INFO : RESCAL : [  6] fit: 0.42471 | delta: 7.8e-04 | secs: 16.43982
INFO : RESCAL : [  7] fit: 0.42527 | delta: 5.6e-04 | secs: 17.26510
INFO : RESCAL : [  8] fit: 0.42570 | delta: 4.4e-04 | secs: 16.42383
INFO : RESCAL : [  9] fit: 0.42607 | delta: 3.7e-04 | secs: 17.06351
INFO : RESCAL : [ 10] fit: 0.42637 | delta: 3.0e-04 | secs: 16.25808
INFO : RESCAL : [ 11] fit: 0.42663 | delta: 2.6e-04 | secs: 17.59331
INFO : RESCAL : [ 12] fit: 0.42684 | delta: 2.1e-04 | secs: 16.61106
INFO : RESCAL : [ 13] fit: 0.42702 | delta: 1.8e-04 | secs: 17.07230
INFO : RESCAL : [ 14] fit: 0.42716 | delta: 1.4e-04 | secs: 16.37862
INFO : RESCAL : [ 15] fit: 0.42728 | delta: 1.2e-04 | secs: 16.91985
INFO : RESCAL : [ 16] fit: 0.42739 | delta: 1.1e-04 | secs: 17.26583
INFO : RESCAL : [ 17] fit: 0.42749 | delta: 9.8e-05 | secs: 17.03051
INFO : RESCAL : [ 18] fit: 0.42758 | delta: 8.7e-05 | secs: 16.45735
INFO : RESCAL : [ 19] fit: 0.42766 | delta: 8.0e-05 | secs: 16.99968
[Fold 9] AUC-PR: 0.973283
