Thread(s) : 30
Fold      : 00
Debut     : 2026-05-28 18:45:46
====================================================

====================================================
Fold 00
====================================================
=== DATASET: fb15k237 | rank:200 | lambda_A:0.1 | lambda_R:0.1 ===
[Config] maxIter:20 | conv:1.0e-06 | threads:30
[Data]   n_entities:14541 | n_relations:237 | total_nnz:310116
[Data]   nnz:310116 | import_time:0.04 s
[Eval]   positifs:2000 | neg/pos:1 | folds:10 | mode:cross-validation CSR echantillonnee
INFO : RESCAL : [  0] fit: 0.28868 | delta: 2.9e-01 | secs: 20.10309
INFO : RESCAL : [  1] fit: 0.40106 | delta: 1.1e-01 | secs: 16.68618
INFO : RESCAL : [  2] fit: 0.41432 | delta: 1.3e-02 | secs: 17.71180
INFO : RESCAL : [  3] fit: 0.41916 | delta: 4.8e-03 | secs: 16.26253
INFO : RESCAL : [  4] fit: 0.42158 | delta: 2.4e-03 | secs: 17.51786
INFO : RESCAL : [  5] fit: 0.42294 | delta: 1.4e-03 | secs: 16.68396
INFO : RESCAL : [  6] fit: 0.42377 | delta: 8.3e-04 | secs: 17.29777
INFO : RESCAL : [  7] fit: 0.42434 | delta: 5.7e-04 | secs: 16.32330
INFO : RESCAL : [  8] fit: 0.42476 | delta: 4.2e-04 | secs: 17.06412
INFO : RESCAL : [  9] fit: 0.42510 | delta: 3.4e-04 | secs: 16.79469
INFO : RESCAL : [ 10] fit: 0.42539 | delta: 2.9e-04 | secs: 17.69434
INFO : RESCAL : [ 11] fit: 0.42565 | delta: 2.6e-04 | secs: 16.44048
INFO : RESCAL : [ 12] fit: 0.42587 | delta: 2.3e-04 | secs: 17.55639
INFO : RESCAL : [ 13] fit: 0.42607 | delta: 2.0e-04 | secs: 16.53623
INFO : RESCAL : [ 14] fit: 0.42625 | delta: 1.8e-04 | secs: 17.20250
INFO : RESCAL : [ 15] fit: 0.42641 | delta: 1.6e-04 | secs: 16.64171
INFO : RESCAL : [ 16] fit: 0.42655 | delta: 1.4e-04 | secs: 17.51437
INFO : RESCAL : [ 17] fit: 0.42667 | delta: 1.3e-04 | secs: 16.19292
INFO : RESCAL : [ 18] fit: 0.42679 | delta: 1.1e-04 | secs: 17.54444
INFO : RESCAL : [ 19] fit: 0.42689 | delta: 1.0e-04 | secs: 16.68875
[Fold 0] AUC-PR: 0.972313
