Thread(s) : 30
Fold      : 03
Debut     : 2026-05-28 18:45:46
====================================================

====================================================
Fold 03
====================================================
=== DATASET: fb15k237 | rank:200 | lambda_A:0.1 | lambda_R:0.1 ===
[Config] maxIter:20 | conv:1.0e-06 | threads:30
[Data]   n_entities:14541 | n_relations:237 | total_nnz:310116
[Data]   nnz:310116 | import_time:0.04 s
[Eval]   positifs:2000 | neg/pos:1 | folds:10 | mode:cross-validation CSR echantillonnee
INFO : RESCAL : [  0] fit: 0.28676 | delta: 2.9e-01 | secs: 17.26383
INFO : RESCAL : [  1] fit: 0.40046 | delta: 1.1e-01 | secs: 16.80417
INFO : RESCAL : [  2] fit: 0.41312 | delta: 1.3e-02 | secs: 16.69407
INFO : RESCAL : [  3] fit: 0.41777 | delta: 4.6e-03 | secs: 16.97734
INFO : RESCAL : [  4] fit: 0.42020 | delta: 2.4e-03 | secs: 17.16774
INFO : RESCAL : [  5] fit: 0.42156 | delta: 1.4e-03 | secs: 17.51443
INFO : RESCAL : [  6] fit: 0.42240 | delta: 8.4e-04 | secs: 17.14672
INFO : RESCAL : [  7] fit: 0.42303 | delta: 6.3e-04 | secs: 20.76791
INFO : RESCAL : [  8] fit: 0.42351 | delta: 4.9e-04 | secs: 17.37211
INFO : RESCAL : [  9] fit: 0.42391 | delta: 4.0e-04 | secs: 17.69854
INFO : RESCAL : [ 10] fit: 0.42423 | delta: 3.2e-04 | secs: 16.87455
INFO : RESCAL : [ 11] fit: 0.42451 | delta: 2.8e-04 | secs: 17.03712
INFO : RESCAL : [ 12] fit: 0.42474 | delta: 2.3e-04 | secs: 16.45603
INFO : RESCAL : [ 13] fit: 0.42495 | delta: 2.1e-04 | secs: 17.51570
INFO : RESCAL : [ 14] fit: 0.42512 | delta: 1.8e-04 | secs: 16.45179
INFO : RESCAL : [ 15] fit: 0.42528 | delta: 1.6e-04 | secs: 17.41500
INFO : RESCAL : [ 16] fit: 0.42542 | delta: 1.4e-04 | secs: 16.59152
INFO : RESCAL : [ 17] fit: 0.42555 | delta: 1.3e-04 | secs: 17.59050
INFO : RESCAL : [ 18] fit: 0.42566 | delta: 1.1e-04 | secs: 17.49672
INFO : RESCAL : [ 19] fit: 0.42576 | delta: 1.0e-04 | secs: 16.85159
[Fold 3] AUC-PR: 0.990188
