Thread(s) : 30
Fold      : 04
Debut     : 2026-05-28 18:45:46
====================================================

====================================================
Fold 04
====================================================
=== DATASET: fb15k237 | rank:200 | lambda_A:0.1 | lambda_R:0.1 ===
[Config] maxIter:20 | conv:1.0e-06 | threads:30
[Data]   n_entities:14541 | n_relations:237 | total_nnz:310116
[Data]   nnz:310116 | import_time:0.04 s
[Eval]   positifs:2000 | neg/pos:1 | folds:10 | mode:cross-validation CSR echantillonnee
INFO : RESCAL : [  0] fit: 0.29081 | delta: 2.9e-01 | secs: 17.60209
INFO : RESCAL : [  1] fit: 0.40555 | delta: 1.1e-01 | secs: 16.65664
INFO : RESCAL : [  2] fit: 0.41851 | delta: 1.3e-02 | secs: 17.22826
INFO : RESCAL : [  3] fit: 0.42329 | delta: 4.8e-03 | secs: 17.02858
INFO : RESCAL : [  4] fit: 0.42572 | delta: 2.4e-03 | secs: 17.41725
INFO : RESCAL : [  5] fit: 0.42703 | delta: 1.3e-03 | secs: 17.28775
INFO : RESCAL : [  6] fit: 0.42782 | delta: 7.9e-04 | secs: 17.61077
INFO : RESCAL : [  7] fit: 0.42836 | delta: 5.4e-04 | secs: 17.28322
INFO : RESCAL : [  8] fit: 0.42878 | delta: 4.2e-04 | secs: 16.35275
INFO : RESCAL : [  9] fit: 0.42909 | delta: 3.2e-04 | secs: 16.21921
INFO : RESCAL : [ 10] fit: 0.42936 | delta: 2.6e-04 | secs: 18.06443
INFO : RESCAL : [ 11] fit: 0.42957 | delta: 2.1e-04 | secs: 16.82936
INFO : RESCAL : [ 12] fit: 0.42975 | delta: 1.8e-04 | secs: 17.28505
INFO : RESCAL : [ 13] fit: 0.42991 | delta: 1.6e-04 | secs: 16.92246
INFO : RESCAL : [ 14] fit: 0.43005 | delta: 1.4e-04 | secs: 17.21500
INFO : RESCAL : [ 15] fit: 0.43017 | delta: 1.2e-04 | secs: 16.43056
INFO : RESCAL : [ 16] fit: 0.43028 | delta: 1.1e-04 | secs: 16.78796
INFO : RESCAL : [ 17] fit: 0.43038 | delta: 9.7e-05 | secs: 16.88929
INFO : RESCAL : [ 18] fit: 0.43046 | delta: 8.7e-05 | secs: 17.07539
INFO : RESCAL : [ 19] fit: 0.43054 | delta: 7.6e-05 | secs: 16.91875
[Fold 4] AUC-PR: 0.969452
