Thread(s) : 36
Fold      : 03
Debut     : 2026-05-28 21:41:33
====================================================

====================================================
Fold 03
====================================================
=== DATASET: fb15k237 | rank:200 | lambda_A:0.1 | lambda_R:0.1 ===
[Config] maxIter:20 | conv:1.0e-06 | threads:36
[Data]   n_entities:14541 | n_relations:237 | total_nnz:310116
[Data]   nnz:310116 | import_time:0.04 s
[Eval]   positifs:2000 | neg/pos:1 | folds:10 | mode:cross-validation CSR echantillonnee
INFO : RESCAL : [  0] fit: 0.29188 | delta: 2.9e-01 | secs: 19.05174
INFO : RESCAL : [  1] fit: 0.40472 | delta: 1.1e-01 | secs: 18.36581
INFO : RESCAL : [  2] fit: 0.41701 | delta: 1.2e-02 | secs: 18.02499
INFO : RESCAL : [  3] fit: 0.42138 | delta: 4.4e-03 | secs: 18.04098
INFO : RESCAL : [  4] fit: 0.42352 | delta: 2.1e-03 | secs: 21.27201
INFO : RESCAL : [  5] fit: 0.42481 | delta: 1.3e-03 | secs: 18.87496
INFO : RESCAL : [  6] fit: 0.42567 | delta: 8.6e-04 | secs: 18.65271
INFO : RESCAL : [  7] fit: 0.42628 | delta: 6.1e-04 | secs: 18.59431
INFO : RESCAL : [  8] fit: 0.42667 | delta: 3.9e-04 | secs: 18.41416
INFO : RESCAL : [  9] fit: 0.42700 | delta: 3.3e-04 | secs: 21.54448
INFO : RESCAL : [ 10] fit: 0.42729 | delta: 2.9e-04 | secs: 18.31300
INFO : RESCAL : [ 11] fit: 0.42755 | delta: 2.6e-04 | secs: 18.97427
INFO : RESCAL : [ 12] fit: 0.42777 | delta: 2.2e-04 | secs: 18.49570
INFO : RESCAL : [ 13] fit: 0.42797 | delta: 2.0e-04 | secs: 18.41962
INFO : RESCAL : [ 14] fit: 0.42814 | delta: 1.7e-04 | secs: 21.39178
INFO : RESCAL : [ 15] fit: 0.42829 | delta: 1.5e-04 | secs: 18.70374
INFO : RESCAL : [ 16] fit: 0.42842 | delta: 1.3e-04 | secs: 18.81958
INFO : RESCAL : [ 17] fit: 0.42854 | delta: 1.2e-04 | secs: 18.82796
INFO : RESCAL : [ 18] fit: 0.42865 | delta: 1.1e-04 | secs: 18.41778
INFO : RESCAL : [ 19] fit: 0.42875 | delta: 9.6e-05 | secs: 21.62682
[Fold 3] AUC-PR: 0.977222
