Thread(s) : 36
Fold      : 09
Debut     : 2026-05-28 21:41:33
====================================================

====================================================
Fold 09
====================================================
=== DATASET: fb15k237 | rank:200 | lambda_A:0.1 | lambda_R:0.1 ===
[Config] maxIter:20 | conv:1.0e-06 | threads:36
[Data]   n_entities:14541 | n_relations:237 | total_nnz:310116
[Data]   nnz:310116 | import_time:0.04 s
[Eval]   positifs:2000 | neg/pos:1 | folds:10 | mode:cross-validation CSR echantillonnee
INFO : RESCAL : [  0] fit: 0.28868 | delta: 2.9e-01 | secs: 18.68489
INFO : RESCAL : [  1] fit: 0.39843 | delta: 1.1e-01 | secs: 21.73848
INFO : RESCAL : [  2] fit: 0.41157 | delta: 1.3e-02 | secs: 18.13867
INFO : RESCAL : [  3] fit: 0.41627 | delta: 4.7e-03 | secs: 21.54657
INFO : RESCAL : [  4] fit: 0.41852 | delta: 2.3e-03 | secs: 18.34037
INFO : RESCAL : [  5] fit: 0.41974 | delta: 1.2e-03 | secs: 21.55092
INFO : RESCAL : [  6] fit: 0.42049 | delta: 7.6e-04 | secs: 18.98439
INFO : RESCAL : [  7] fit: 0.42106 | delta: 5.7e-04 | secs: 18.10033
INFO : RESCAL : [  8] fit: 0.42154 | delta: 4.8e-04 | secs: 18.49484
INFO : RESCAL : [  9] fit: 0.42190 | delta: 3.6e-04 | secs: 18.29305
INFO : RESCAL : [ 10] fit: 0.42221 | delta: 3.1e-04 | secs: 18.18414
INFO : RESCAL : [ 11] fit: 0.42246 | delta: 2.5e-04 | secs: 18.45732
INFO : RESCAL : [ 12] fit: 0.42268 | delta: 2.2e-04 | secs: 18.16984
INFO : RESCAL : [ 13] fit: 0.42286 | delta: 1.8e-04 | secs: 18.31840
INFO : RESCAL : [ 14] fit: 0.42303 | delta: 1.7e-04 | secs: 21.69250
INFO : RESCAL : [ 15] fit: 0.42317 | delta: 1.4e-04 | secs: 18.94556
INFO : RESCAL : [ 16] fit: 0.42329 | delta: 1.3e-04 | secs: 18.65696
INFO : RESCAL : [ 17] fit: 0.42340 | delta: 1.1e-04 | secs: 18.79840
INFO : RESCAL : [ 18] fit: 0.42350 | delta: 1.0e-04 | secs: 18.06378
INFO : RESCAL : [ 19] fit: 0.42359 | delta: 8.6e-05 | secs: 21.31492
[Fold 9] AUC-PR: 0.972883
