Thread(s) : 36
Fold      : 00
Debut     : 2026-05-28 21:41:33
====================================================

====================================================
Fold 00
====================================================
=== DATASET: fb15k237 | rank:200 | lambda_A:0.1 | lambda_R:0.1 ===
[Config] maxIter:20 | conv:1.0e-06 | threads:36
[Data]   n_entities:14541 | n_relations:237 | total_nnz:310116
[Data]   nnz:310116 | import_time:0.04 s
[Eval]   positifs:2000 | neg/pos:1 | folds:10 | mode:cross-validation CSR echantillonnee
INFO : RESCAL : [  0] fit: 0.28653 | delta: 2.9e-01 | secs: 18.28338
INFO : RESCAL : [  1] fit: 0.40023 | delta: 1.1e-01 | secs: 18.70006
INFO : RESCAL : [  2] fit: 0.41362 | delta: 1.3e-02 | secs: 18.66510
INFO : RESCAL : [  3] fit: 0.41864 | delta: 5.0e-03 | secs: 18.28223
INFO : RESCAL : [  4] fit: 0.42108 | delta: 2.4e-03 | secs: 21.21334
INFO : RESCAL : [  5] fit: 0.42231 | delta: 1.2e-03 | secs: 18.89806
INFO : RESCAL : [  6] fit: 0.42293 | delta: 6.3e-04 | secs: 18.47979
INFO : RESCAL : [  7] fit: 0.42329 | delta: 3.6e-04 | secs: 18.64932
INFO : RESCAL : [  8] fit: 0.42356 | delta: 2.7e-04 | secs: 19.00294
INFO : RESCAL : [  9] fit: 0.42381 | delta: 2.5e-04 | secs: 18.39264
INFO : RESCAL : [ 10] fit: 0.42403 | delta: 2.3e-04 | secs: 21.33821
INFO : RESCAL : [ 11] fit: 0.42424 | delta: 2.1e-04 | secs: 18.86594
INFO : RESCAL : [ 12] fit: 0.42442 | delta: 1.8e-04 | secs: 18.59479
INFO : RESCAL : [ 13] fit: 0.42457 | delta: 1.6e-04 | secs: 18.64083
INFO : RESCAL : [ 14] fit: 0.42471 | delta: 1.4e-04 | secs: 18.27375
INFO : RESCAL : [ 15] fit: 0.42483 | delta: 1.2e-04 | secs: 18.55225
INFO : RESCAL : [ 16] fit: 0.42494 | delta: 1.1e-04 | secs: 18.43112
INFO : RESCAL : [ 17] fit: 0.42503 | delta: 9.8e-05 | secs: 18.46252
INFO : RESCAL : [ 18] fit: 0.42512 | delta: 8.7e-05 | secs: 21.46064
INFO : RESCAL : [ 19] fit: 0.42520 | delta: 8.0e-05 | secs: 18.61923
[Fold 0] AUC-PR: 0.964402
