Thread(s) : 36
Fold      : 08
Debut     : 2026-05-28 21:41:33
====================================================

====================================================
Fold 08
====================================================
=== DATASET: fb15k237 | rank:200 | lambda_A:0.1 | lambda_R:0.1 ===
[Config] maxIter:20 | conv:1.0e-06 | threads:36
[Data]   n_entities:14541 | n_relations:237 | total_nnz:310116
[Data]   nnz:310116 | import_time:0.04 s
[Eval]   positifs:2000 | neg/pos:1 | folds:10 | mode:cross-validation CSR echantillonnee
INFO : RESCAL : [  0] fit: 0.28705 | delta: 2.9e-01 | secs: 18.51692
INFO : RESCAL : [  1] fit: 0.40189 | delta: 1.1e-01 | secs: 21.42869
INFO : RESCAL : [  2] fit: 0.41464 | delta: 1.3e-02 | secs: 18.17016
INFO : RESCAL : [  3] fit: 0.41954 | delta: 4.9e-03 | secs: 21.57615
INFO : RESCAL : [  4] fit: 0.42201 | delta: 2.5e-03 | secs: 21.08353
INFO : RESCAL : [  5] fit: 0.42346 | delta: 1.5e-03 | secs: 18.30684
INFO : RESCAL : [  6] fit: 0.42436 | delta: 8.9e-04 | secs: 21.67386
INFO : RESCAL : [  7] fit: 0.42493 | delta: 5.7e-04 | secs: 18.65525
INFO : RESCAL : [  8] fit: 0.42535 | delta: 4.3e-04 | secs: 18.89519
INFO : RESCAL : [  9] fit: 0.42570 | delta: 3.5e-04 | secs: 18.73492
INFO : RESCAL : [ 10] fit: 0.42600 | delta: 3.0e-04 | secs: 18.08033
INFO : RESCAL : [ 11] fit: 0.42623 | delta: 2.3e-04 | secs: 21.57205
INFO : RESCAL : [ 12] fit: 0.42642 | delta: 1.9e-04 | secs: 19.08795
INFO : RESCAL : [ 13] fit: 0.42659 | delta: 1.7e-04 | secs: 18.99937
INFO : RESCAL : [ 14] fit: 0.42674 | delta: 1.5e-04 | secs: 18.83226
INFO : RESCAL : [ 15] fit: 0.42687 | delta: 1.3e-04 | secs: 18.47787
INFO : RESCAL : [ 16] fit: 0.42699 | delta: 1.2e-04 | secs: 21.56203
INFO : RESCAL : [ 17] fit: 0.42709 | delta: 1.0e-04 | secs: 18.68694
INFO : RESCAL : [ 18] fit: 0.42719 | delta: 9.4e-05 | secs: 18.71687
INFO : RESCAL : [ 19] fit: 0.42727 | delta: 8.2e-05 | secs: 19.03170
[Fold 8] AUC-PR: 0.982466
