Thread(s) : 36
Fold      : 01
Debut     : 2026-05-28 21:41:33
====================================================

====================================================
Fold 01
====================================================
=== DATASET: fb15k237 | rank:200 | lambda_A:0.1 | lambda_R:0.1 ===
[Config] maxIter:20 | conv:1.0e-06 | threads:36
[Data]   n_entities:14541 | n_relations:237 | total_nnz:310116
[Data]   nnz:310116 | import_time:0.04 s
[Eval]   positifs:2000 | neg/pos:1 | folds:10 | mode:cross-validation CSR echantillonnee
INFO : RESCAL : [  0] fit: 0.28787 | delta: 2.9e-01 | secs: 18.78121
INFO : RESCAL : [  1] fit: 0.39894 | delta: 1.1e-01 | secs: 18.77386
INFO : RESCAL : [  2] fit: 0.41131 | delta: 1.2e-02 | secs: 18.48724
INFO : RESCAL : [  3] fit: 0.41609 | delta: 4.8e-03 | secs: 21.52170
INFO : RESCAL : [  4] fit: 0.41848 | delta: 2.4e-03 | secs: 18.74086
INFO : RESCAL : [  5] fit: 0.41990 | delta: 1.4e-03 | secs: 18.47876
INFO : RESCAL : [  6] fit: 0.42084 | delta: 9.3e-04 | secs: 18.76041
INFO : RESCAL : [  7] fit: 0.42151 | delta: 6.8e-04 | secs: 18.43963
INFO : RESCAL : [  8] fit: 0.42202 | delta: 5.1e-04 | secs: 21.64236
INFO : RESCAL : [  9] fit: 0.42243 | delta: 4.1e-04 | secs: 19.08267
INFO : RESCAL : [ 10] fit: 0.42275 | delta: 3.2e-04 | secs: 18.90500
INFO : RESCAL : [ 11] fit: 0.42300 | delta: 2.5e-04 | secs: 18.42144
INFO : RESCAL : [ 12] fit: 0.42320 | delta: 2.0e-04 | secs: 18.25288
INFO : RESCAL : [ 13] fit: 0.42337 | delta: 1.7e-04 | secs: 21.30352
INFO : RESCAL : [ 14] fit: 0.42351 | delta: 1.5e-04 | secs: 18.63922
INFO : RESCAL : [ 15] fit: 0.42365 | delta: 1.3e-04 | secs: 18.18147
INFO : RESCAL : [ 16] fit: 0.42377 | delta: 1.2e-04 | secs: 18.37292
INFO : RESCAL : [ 17] fit: 0.42387 | delta: 1.1e-04 | secs: 18.53147
INFO : RESCAL : [ 18] fit: 0.42397 | delta: 9.8e-05 | secs: 18.39321
INFO : RESCAL : [ 19] fit: 0.42406 | delta: 8.7e-05 | secs: 18.65786
[Fold 1] AUC-PR: 0.973667
