Thread(s) : 36
Fold      : 02
Debut     : 2026-05-28 21:41:33
====================================================

====================================================
Fold 02
====================================================
=== DATASET: fb15k237 | rank:200 | lambda_A:0.1 | lambda_R:0.1 ===
[Config] maxIter:20 | conv:1.0e-06 | threads:36
[Data]   n_entities:14541 | n_relations:237 | total_nnz:310116
[Data]   nnz:310116 | import_time:0.04 s
[Eval]   positifs:2000 | neg/pos:1 | folds:10 | mode:cross-validation CSR echantillonnee
INFO : RESCAL : [  0] fit: 0.29076 | delta: 2.9e-01 | secs: 18.69147
INFO : RESCAL : [  1] fit: 0.40144 | delta: 1.1e-01 | secs: 19.04954
INFO : RESCAL : [  2] fit: 0.41391 | delta: 1.2e-02 | secs: 18.01739
INFO : RESCAL : [  3] fit: 0.41860 | delta: 4.7e-03 | secs: 18.26660
INFO : RESCAL : [  4] fit: 0.42119 | delta: 2.6e-03 | secs: 18.28868
INFO : RESCAL : [  5] fit: 0.42283 | delta: 1.6e-03 | secs: 21.73172
INFO : RESCAL : [  6] fit: 0.42384 | delta: 1.0e-03 | secs: 18.76347
INFO : RESCAL : [  7] fit: 0.42441 | delta: 5.7e-04 | secs: 18.29185
INFO : RESCAL : [  8] fit: 0.42479 | delta: 3.7e-04 | secs: 18.78712
INFO : RESCAL : [  9] fit: 0.42508 | delta: 2.9e-04 | secs: 18.61813
INFO : RESCAL : [ 10] fit: 0.42532 | delta: 2.4e-04 | secs: 18.85223
INFO : RESCAL : [ 11] fit: 0.42552 | delta: 2.0e-04 | secs: 18.91675
INFO : RESCAL : [ 12] fit: 0.42568 | delta: 1.7e-04 | secs: 18.37293
INFO : RESCAL : [ 13] fit: 0.42582 | delta: 1.4e-04 | secs: 18.09397
INFO : RESCAL : [ 14] fit: 0.42594 | delta: 1.2e-04 | secs: 18.57825
INFO : RESCAL : [ 15] fit: 0.42604 | delta: 1.0e-04 | secs: 18.47555
INFO : RESCAL : [ 16] fit: 0.42613 | delta: 8.7e-05 | secs: 18.72831
INFO : RESCAL : [ 17] fit: 0.42620 | delta: 7.4e-05 | secs: 18.92157
INFO : RESCAL : [ 18] fit: 0.42627 | delta: 6.5e-05 | secs: 18.63296
INFO : RESCAL : [ 19] fit: 0.42633 | delta: 5.7e-05 | secs: 18.40299
[Fold 2] AUC-PR: 0.966086
