Thread(s) : 36
Fold      : 07
Debut     : 2026-05-28 21:41:33
====================================================

====================================================
Fold 07
====================================================
=== DATASET: fb15k237 | rank:200 | lambda_A:0.1 | lambda_R:0.1 ===
[Config] maxIter:20 | conv:1.0e-06 | threads:36
[Data]   n_entities:14541 | n_relations:237 | total_nnz:310116
[Data]   nnz:310116 | import_time:0.04 s
[Eval]   positifs:2000 | neg/pos:1 | folds:10 | mode:cross-validation CSR echantillonnee
INFO : RESCAL : [  0] fit: 0.28990 | delta: 2.9e-01 | secs: 18.54676
INFO : RESCAL : [  1] fit: 0.40061 | delta: 1.1e-01 | secs: 21.61778
INFO : RESCAL : [  2] fit: 0.41371 | delta: 1.3e-02 | secs: 18.45908
INFO : RESCAL : [  3] fit: 0.41875 | delta: 5.0e-03 | secs: 21.49333
INFO : RESCAL : [  4] fit: 0.42136 | delta: 2.6e-03 | secs: 19.13616
INFO : RESCAL : [  5] fit: 0.42290 | delta: 1.5e-03 | secs: 19.28454
INFO : RESCAL : [  6] fit: 0.42385 | delta: 9.5e-04 | secs: 18.74900
INFO : RESCAL : [  7] fit: 0.42445 | delta: 6.0e-04 | secs: 18.08190
INFO : RESCAL : [  8] fit: 0.42495 | delta: 4.9e-04 | secs: 21.40957
INFO : RESCAL : [  9] fit: 0.42535 | delta: 4.1e-04 | secs: 18.28994
INFO : RESCAL : [ 10] fit: 0.42567 | delta: 3.2e-04 | secs: 21.50712
INFO : RESCAL : [ 11] fit: 0.42594 | delta: 2.7e-04 | secs: 18.16053
INFO : RESCAL : [ 12] fit: 0.42618 | delta: 2.4e-04 | secs: 21.50605
INFO : RESCAL : [ 13] fit: 0.42639 | delta: 2.1e-04 | secs: 18.50820
INFO : RESCAL : [ 14] fit: 0.42657 | delta: 1.8e-04 | secs: 19.04606
INFO : RESCAL : [ 15] fit: 0.42672 | delta: 1.5e-04 | secs: 18.67614
INFO : RESCAL : [ 16] fit: 0.42686 | delta: 1.3e-04 | secs: 18.10098
INFO : RESCAL : [ 17] fit: 0.42697 | delta: 1.1e-04 | secs: 21.32046
INFO : RESCAL : [ 18] fit: 0.42707 | delta: 1.0e-04 | secs: 19.23323
INFO : RESCAL : [ 19] fit: 0.42716 | delta: 8.4e-05 | secs: 18.98965
[Fold 7] AUC-PR: 0.983787
