Thread(s) : 36
Fold      : 04
Debut     : 2026-05-28 21:41:33
====================================================

====================================================
Fold 04
====================================================
=== DATASET: fb15k237 | rank:200 | lambda_A:0.1 | lambda_R:0.1 ===
[Config] maxIter:20 | conv:1.0e-06 | threads:36
[Data]   n_entities:14541 | n_relations:237 | total_nnz:310116
[Data]   nnz:310116 | import_time:0.04 s
[Eval]   positifs:2000 | neg/pos:1 | folds:10 | mode:cross-validation CSR echantillonnee
INFO : RESCAL : [  0] fit: 0.29065 | delta: 2.9e-01 | secs: 18.66470
INFO : RESCAL : [  1] fit: 0.40210 | delta: 1.1e-01 | secs: 21.63496
INFO : RESCAL : [  2] fit: 0.41478 | delta: 1.3e-02 | secs: 18.35005
INFO : RESCAL : [  3] fit: 0.41922 | delta: 4.4e-03 | secs: 21.24689
INFO : RESCAL : [  4] fit: 0.42120 | delta: 2.0e-03 | secs: 20.77996
INFO : RESCAL : [  5] fit: 0.42229 | delta: 1.1e-03 | secs: 18.03494
INFO : RESCAL : [  6] fit: 0.42299 | delta: 7.1e-04 | secs: 21.49223
INFO : RESCAL : [  7] fit: 0.42354 | delta: 5.4e-04 | secs: 19.14684
INFO : RESCAL : [  8] fit: 0.42398 | delta: 4.5e-04 | secs: 19.09990
INFO : RESCAL : [  9] fit: 0.42437 | delta: 3.9e-04 | secs: 18.92886
INFO : RESCAL : [ 10] fit: 0.42470 | delta: 3.4e-04 | secs: 18.46652
INFO : RESCAL : [ 11] fit: 0.42497 | delta: 2.6e-04 | secs: 21.52968
INFO : RESCAL : [ 12] fit: 0.42516 | delta: 2.0e-04 | secs: 21.15975
INFO : RESCAL : [ 13] fit: 0.42531 | delta: 1.5e-04 | secs: 18.05145
INFO : RESCAL : [ 14] fit: 0.42544 | delta: 1.3e-04 | secs: 21.65258
INFO : RESCAL : [ 15] fit: 0.42555 | delta: 1.1e-04 | secs: 18.98867
INFO : RESCAL : [ 16] fit: 0.42564 | delta: 9.5e-05 | secs: 18.91732
INFO : RESCAL : [ 17] fit: 0.42573 | delta: 8.3e-05 | secs: 18.75111
INFO : RESCAL : [ 18] fit: 0.42580 | delta: 7.4e-05 | secs: 18.38124
INFO : RESCAL : [ 19] fit: 0.42587 | delta: 6.5e-05 | secs: 18.63736
[Fold 4] AUC-PR: 0.981208
