Thread(s) : 16
Fold      : 05
Debut     : 2026-05-28 11:22:52
====================================================

====================================================
Fold 05
====================================================
=== DATASET: fb15k237 | rank:200 | lambda_A:0.1 | lambda_R:0.1 ===
[Config] maxIter:20 | conv:1.0e-06 | threads:16
[Data]   n_entities:14541 | n_relations:237 | total_nnz:310116
[Data]   nnz:310116 | import_time:0.05 s
[Eval]   positifs:2000 | neg/pos:1 | folds:10 | mode:cross-validation CSR echantillonnee
INFO : RESCAL : [  0] fit: 0.29147 | delta: 2.9e-01 | secs: 20.74859
INFO : RESCAL : [  1] fit: 0.40408 | delta: 1.1e-01 | secs: 20.17472
INFO : RESCAL : [  2] fit: 0.41747 | delta: 1.3e-02 | secs: 20.13958
INFO : RESCAL : [  3] fit: 0.42238 | delta: 4.9e-03 | secs: 19.94043
INFO : RESCAL : [  4] fit: 0.42481 | delta: 2.4e-03 | secs: 19.84219
INFO : RESCAL : [  5] fit: 0.42628 | delta: 1.5e-03 | secs: 20.53498
INFO : RESCAL : [  6] fit: 0.42732 | delta: 1.0e-03 | secs: 20.22918
INFO : RESCAL : [  7] fit: 0.42810 | delta: 7.8e-04 | secs: 20.30171
INFO : RESCAL : [  8] fit: 0.42865 | delta: 5.5e-04 | secs: 19.94781
INFO : RESCAL : [  9] fit: 0.42906 | delta: 4.1e-04 | secs: 19.93229
INFO : RESCAL : [ 10] fit: 0.42936 | delta: 3.0e-04 | secs: 20.62980
INFO : RESCAL : [ 11] fit: 0.42961 | delta: 2.5e-04 | secs: 20.19635
INFO : RESCAL : [ 12] fit: 0.42983 | delta: 2.2e-04 | secs: 19.86983
INFO : RESCAL : [ 13] fit: 0.43004 | delta: 2.0e-04 | secs: 20.08624
INFO : RESCAL : [ 14] fit: 0.43022 | delta: 1.8e-04 | secs: 19.97152
INFO : RESCAL : [ 15] fit: 0.43038 | delta: 1.6e-04 | secs: 20.57148
INFO : RESCAL : [ 16] fit: 0.43052 | delta: 1.4e-04 | secs: 19.95106
INFO : RESCAL : [ 17] fit: 0.43065 | delta: 1.3e-04 | secs: 20.05189
INFO : RESCAL : [ 18] fit: 0.43077 | delta: 1.1e-04 | secs: 19.91524
INFO : RESCAL : [ 19] fit: 0.43087 | delta: 1.0e-04 | secs: 19.90679
[Fold 5] AUC-PR: 0.982887
