Thread(s) : 16
Fold      : 07
Debut     : 2026-05-28 11:22:52
====================================================

====================================================
Fold 07
====================================================
=== DATASET: fb15k237 | rank:200 | lambda_A:0.1 | lambda_R:0.1 ===
[Config] maxIter:20 | conv:1.0e-06 | threads:16
[Data]   n_entities:14541 | n_relations:237 | total_nnz:310116
[Data]   nnz:310116 | import_time:0.05 s
[Eval]   positifs:2000 | neg/pos:1 | folds:10 | mode:cross-validation CSR echantillonnee
INFO : RESCAL : [  0] fit: 0.29117 | delta: 2.9e-01 | secs: 20.50490
INFO : RESCAL : [  1] fit: 0.40361 | delta: 1.1e-01 | secs: 20.21429
INFO : RESCAL : [  2] fit: 0.41613 | delta: 1.3e-02 | secs: 20.55944
INFO : RESCAL : [  3] fit: 0.42060 | delta: 4.5e-03 | secs: 20.54531
INFO : RESCAL : [  4] fit: 0.42268 | delta: 2.1e-03 | secs: 19.51807
INFO : RESCAL : [  5] fit: 0.42387 | delta: 1.2e-03 | secs: 20.40739
INFO : RESCAL : [  6] fit: 0.42470 | delta: 8.2e-04 | secs: 20.11746
INFO : RESCAL : [  7] fit: 0.42528 | delta: 5.8e-04 | secs: 20.01546
INFO : RESCAL : [  8] fit: 0.42572 | delta: 4.4e-04 | secs: 20.36665
INFO : RESCAL : [  9] fit: 0.42606 | delta: 3.4e-04 | secs: 19.86898
INFO : RESCAL : [ 10] fit: 0.42634 | delta: 2.8e-04 | secs: 20.28423
INFO : RESCAL : [ 11] fit: 0.42657 | delta: 2.3e-04 | secs: 20.28520
INFO : RESCAL : [ 12] fit: 0.42677 | delta: 2.0e-04 | secs: 20.43614
INFO : RESCAL : [ 13] fit: 0.42695 | delta: 1.7e-04 | secs: 20.46967
INFO : RESCAL : [ 14] fit: 0.42710 | delta: 1.5e-04 | secs: 20.38339
INFO : RESCAL : [ 15] fit: 0.42723 | delta: 1.4e-04 | secs: 20.13097
INFO : RESCAL : [ 16] fit: 0.42736 | delta: 1.2e-04 | secs: 20.27134
INFO : RESCAL : [ 17] fit: 0.42746 | delta: 1.1e-04 | secs: 20.09219
INFO : RESCAL : [ 18] fit: 0.42756 | delta: 9.4e-05 | secs: 20.14272
INFO : RESCAL : [ 19] fit: 0.42764 | delta: 8.2e-05 | secs: 20.44539
[Fold 7] AUC-PR: 0.982949
