Thread(s) : 16
Fold      : 08
Debut     : 2026-05-28 11:22:52
====================================================

====================================================
Fold 08
====================================================
=== DATASET: fb15k237 | rank:200 | lambda_A:0.1 | lambda_R:0.1 ===
[Config] maxIter:20 | conv:1.0e-06 | threads:16
[Data]   n_entities:14541 | n_relations:237 | total_nnz:310116
[Data]   nnz:310116 | import_time:0.05 s
[Eval]   positifs:2000 | neg/pos:1 | folds:10 | mode:cross-validation CSR echantillonnee
INFO : RESCAL : [  0] fit: 0.28855 | delta: 2.9e-01 | secs: 19.96277
INFO : RESCAL : [  1] fit: 0.40063 | delta: 1.1e-01 | secs: 20.12473
INFO : RESCAL : [  2] fit: 0.41327 | delta: 1.3e-02 | secs: 21.00598
INFO : RESCAL : [  3] fit: 0.41799 | delta: 4.7e-03 | secs: 20.71921
INFO : RESCAL : [  4] fit: 0.42044 | delta: 2.5e-03 | secs: 19.84114
INFO : RESCAL : [  5] fit: 0.42196 | delta: 1.5e-03 | secs: 20.53003
INFO : RESCAL : [  6] fit: 0.42294 | delta: 9.8e-04 | secs: 20.36536
INFO : RESCAL : [  7] fit: 0.42359 | delta: 6.6e-04 | secs: 20.78876
INFO : RESCAL : [  8] fit: 0.42408 | delta: 4.9e-04 | secs: 20.22486
INFO : RESCAL : [  9] fit: 0.42442 | delta: 3.4e-04 | secs: 20.38345
INFO : RESCAL : [ 10] fit: 0.42466 | delta: 2.4e-04 | secs: 20.41942
INFO : RESCAL : [ 11] fit: 0.42485 | delta: 1.9e-04 | secs: 20.46905
INFO : RESCAL : [ 12] fit: 0.42503 | delta: 1.7e-04 | secs: 19.89001
INFO : RESCAL : [ 13] fit: 0.42518 | delta: 1.5e-04 | secs: 19.84369
INFO : RESCAL : [ 14] fit: 0.42530 | delta: 1.3e-04 | secs: 20.37275
INFO : RESCAL : [ 15] fit: 0.42542 | delta: 1.1e-04 | secs: 20.37621
INFO : RESCAL : [ 16] fit: 0.42552 | delta: 9.8e-05 | secs: 19.70328
INFO : RESCAL : [ 17] fit: 0.42560 | delta: 8.7e-05 | secs: 20.40446
INFO : RESCAL : [ 18] fit: 0.42568 | delta: 7.7e-05 | secs: 20.20375
INFO : RESCAL : [ 19] fit: 0.42575 | delta: 6.8e-05 | secs: 20.01910
[Fold 8] AUC-PR: 0.981714
