Thread(s) : 16
Fold      : 02
Debut     : 2026-05-28 11:22:52
====================================================

====================================================
Fold 02
====================================================
=== DATASET: fb15k237 | rank:200 | lambda_A:0.1 | lambda_R:0.1 ===
[Config] maxIter:20 | conv:1.0e-06 | threads:16
[Data]   n_entities:14541 | n_relations:237 | total_nnz:310116
[Data]   nnz:310116 | import_time:0.05 s
[Eval]   positifs:2000 | neg/pos:1 | folds:10 | mode:cross-validation CSR echantillonnee
INFO : RESCAL : [  0] fit: 0.29360 | delta: 2.9e-01 | secs: 20.18430
INFO : RESCAL : [  1] fit: 0.40527 | delta: 1.1e-01 | secs: 19.85228
INFO : RESCAL : [  2] fit: 0.41829 | delta: 1.3e-02 | secs: 20.86470
INFO : RESCAL : [  3] fit: 0.42327 | delta: 5.0e-03 | secs: 20.67653
INFO : RESCAL : [  4] fit: 0.42564 | delta: 2.4e-03 | secs: 19.68923
INFO : RESCAL : [  5] fit: 0.42686 | delta: 1.2e-03 | secs: 20.59579
INFO : RESCAL : [  6] fit: 0.42758 | delta: 7.2e-04 | secs: 20.30251
INFO : RESCAL : [  7] fit: 0.42809 | delta: 5.1e-04 | secs: 20.51910
INFO : RESCAL : [  8] fit: 0.42850 | delta: 4.1e-04 | secs: 20.64165
INFO : RESCAL : [  9] fit: 0.42882 | delta: 3.2e-04 | secs: 19.85255
INFO : RESCAL : [ 10] fit: 0.42908 | delta: 2.6e-04 | secs: 20.98052
INFO : RESCAL : [ 11] fit: 0.42928 | delta: 2.0e-04 | secs: 20.64202
INFO : RESCAL : [ 12] fit: 0.42944 | delta: 1.6e-04 | secs: 20.38546
INFO : RESCAL : [ 13] fit: 0.42956 | delta: 1.2e-04 | secs: 20.02067
INFO : RESCAL : [ 14] fit: 0.42966 | delta: 9.2e-05 | secs: 20.04418
INFO : RESCAL : [ 15] fit: 0.42973 | delta: 7.2e-05 | secs: 20.02276
INFO : RESCAL : [ 16] fit: 0.42979 | delta: 5.9e-05 | secs: 20.45311
INFO : RESCAL : [ 17] fit: 0.42984 | delta: 5.3e-05 | secs: 19.93153
INFO : RESCAL : [ 18] fit: 0.42989 | delta: 5.1e-05 | secs: 20.31091
INFO : RESCAL : [ 19] fit: 0.42994 | delta: 5.2e-05 | secs: 19.98906
[Fold 2] AUC-PR: 0.988569
