Thread(s) : 16
Fold      : 04
Debut     : 2026-05-28 11:22:52
====================================================

====================================================
Fold 04
====================================================
=== DATASET: fb15k237 | rank:200 | lambda_A:0.1 | lambda_R:0.1 ===
[Config] maxIter:20 | conv:1.0e-06 | threads:16
[Data]   n_entities:14541 | n_relations:237 | total_nnz:310116
[Data]   nnz:310116 | import_time:0.05 s
[Eval]   positifs:2000 | neg/pos:1 | folds:10 | mode:cross-validation CSR echantillonnee
INFO : RESCAL : [  0] fit: 0.29185 | delta: 2.9e-01 | secs: 20.45500
INFO : RESCAL : [  1] fit: 0.40280 | delta: 1.1e-01 | secs: 19.96129
INFO : RESCAL : [  2] fit: 0.41551 | delta: 1.3e-02 | secs: 20.17989
INFO : RESCAL : [  3] fit: 0.42041 | delta: 4.9e-03 | secs: 20.51025
INFO : RESCAL : [  4] fit: 0.42295 | delta: 2.5e-03 | secs: 19.56238
INFO : RESCAL : [  5] fit: 0.42424 | delta: 1.3e-03 | secs: 20.63293
INFO : RESCAL : [  6] fit: 0.42502 | delta: 7.8e-04 | secs: 20.16652
INFO : RESCAL : [  7] fit: 0.42558 | delta: 5.6e-04 | secs: 20.42137
INFO : RESCAL : [  8] fit: 0.42602 | delta: 4.4e-04 | secs: 20.24289
INFO : RESCAL : [  9] fit: 0.42638 | delta: 3.6e-04 | secs: 20.53025
INFO : RESCAL : [ 10] fit: 0.42670 | delta: 3.2e-04 | secs: 20.33633
INFO : RESCAL : [ 11] fit: 0.42699 | delta: 2.9e-04 | secs: 20.37120
INFO : RESCAL : [ 12] fit: 0.42724 | delta: 2.5e-04 | secs: 20.03148
INFO : RESCAL : [ 13] fit: 0.42746 | delta: 2.2e-04 | secs: 20.59783
INFO : RESCAL : [ 14] fit: 0.42764 | delta: 1.9e-04 | secs: 20.12565
INFO : RESCAL : [ 15] fit: 0.42780 | delta: 1.6e-04 | secs: 20.79469
INFO : RESCAL : [ 16] fit: 0.42794 | delta: 1.4e-04 | secs: 20.43865
INFO : RESCAL : [ 17] fit: 0.42805 | delta: 1.2e-04 | secs: 20.38823
INFO : RESCAL : [ 18] fit: 0.42815 | delta: 1.0e-04 | secs: 20.04857
INFO : RESCAL : [ 19] fit: 0.42824 | delta: 8.7e-05 | secs: 20.62582
[Fold 4] AUC-PR: 0.978558
