Thread(s) : 16
Fold      : 09
Debut     : 2026-05-28 11:22:52
====================================================

====================================================
Fold 09
====================================================
=== DATASET: fb15k237 | rank:200 | lambda_A:0.1 | lambda_R:0.1 ===
[Config] maxIter:20 | conv:1.0e-06 | threads:16
[Data]   n_entities:14541 | n_relations:237 | total_nnz:310116
[Data]   nnz:310116 | import_time:0.05 s
[Eval]   positifs:2000 | neg/pos:1 | folds:10 | mode:cross-validation CSR echantillonnee
INFO : RESCAL : [  0] fit: 0.28831 | delta: 2.9e-01 | secs: 20.51960
INFO : RESCAL : [  1] fit: 0.39937 | delta: 1.1e-01 | secs: 19.96641
INFO : RESCAL : [  2] fit: 0.41223 | delta: 1.3e-02 | secs: 20.52835
INFO : RESCAL : [  3] fit: 0.41705 | delta: 4.8e-03 | secs: 19.96428
INFO : RESCAL : [  4] fit: 0.41952 | delta: 2.5e-03 | secs: 20.28474
INFO : RESCAL : [  5] fit: 0.42089 | delta: 1.4e-03 | secs: 20.30566
INFO : RESCAL : [  6] fit: 0.42175 | delta: 8.5e-04 | secs: 19.95018
INFO : RESCAL : [  7] fit: 0.42236 | delta: 6.1e-04 | secs: 20.19399
INFO : RESCAL : [  8] fit: 0.42283 | delta: 4.7e-04 | secs: 20.61335
INFO : RESCAL : [  9] fit: 0.42320 | delta: 3.6e-04 | secs: 19.75509
INFO : RESCAL : [ 10] fit: 0.42351 | delta: 3.1e-04 | secs: 20.58867
INFO : RESCAL : [ 11] fit: 0.42377 | delta: 2.7e-04 | secs: 20.06314
INFO : RESCAL : [ 12] fit: 0.42401 | delta: 2.4e-04 | secs: 20.08776
INFO : RESCAL : [ 13] fit: 0.42423 | delta: 2.1e-04 | secs: 20.47385
INFO : RESCAL : [ 14] fit: 0.42442 | delta: 1.9e-04 | secs: 20.12672
INFO : RESCAL : [ 15] fit: 0.42459 | delta: 1.7e-04 | secs: 20.71796
INFO : RESCAL : [ 16] fit: 0.42475 | delta: 1.6e-04 | secs: 20.24513
INFO : RESCAL : [ 17] fit: 0.42488 | delta: 1.4e-04 | secs: 20.30201
INFO : RESCAL : [ 18] fit: 0.42501 | delta: 1.3e-04 | secs: 19.61759
INFO : RESCAL : [ 19] fit: 0.42512 | delta: 1.1e-04 | secs: 19.92717
[Fold 9] AUC-PR: 0.988300
