Thread(s) : 16
Fold      : 06
Debut     : 2026-05-28 11:22:52
====================================================

====================================================
Fold 06
====================================================
=== DATASET: fb15k237 | rank:200 | lambda_A:0.1 | lambda_R:0.1 ===
[Config] maxIter:20 | conv:1.0e-06 | threads:16
[Data]   n_entities:14541 | n_relations:237 | total_nnz:310116
[Data]   nnz:310116 | import_time:0.05 s
[Eval]   positifs:2000 | neg/pos:1 | folds:10 | mode:cross-validation CSR echantillonnee
INFO : RESCAL : [  0] fit: 0.29274 | delta: 2.9e-01 | secs: 20.14210
INFO : RESCAL : [  1] fit: 0.40352 | delta: 1.1e-01 | secs: 20.15111
INFO : RESCAL : [  2] fit: 0.41572 | delta: 1.2e-02 | secs: 20.88357
INFO : RESCAL : [  3] fit: 0.42024 | delta: 4.5e-03 | secs: 20.78928
INFO : RESCAL : [  4] fit: 0.42244 | delta: 2.2e-03 | secs: 19.69082
INFO : RESCAL : [  5] fit: 0.42361 | delta: 1.2e-03 | secs: 19.85561
INFO : RESCAL : [  6] fit: 0.42434 | delta: 7.2e-04 | secs: 19.90281
INFO : RESCAL : [  7] fit: 0.42488 | delta: 5.5e-04 | secs: 20.67885
INFO : RESCAL : [  8] fit: 0.42531 | delta: 4.2e-04 | secs: 20.16564
INFO : RESCAL : [  9] fit: 0.42565 | delta: 3.4e-04 | secs: 20.01001
INFO : RESCAL : [ 10] fit: 0.42594 | delta: 2.9e-04 | secs: 20.43252
INFO : RESCAL : [ 11] fit: 0.42619 | delta: 2.5e-04 | secs: 20.04318
INFO : RESCAL : [ 12] fit: 0.42639 | delta: 2.1e-04 | secs: 20.54715
INFO : RESCAL : [ 13] fit: 0.42657 | delta: 1.7e-04 | secs: 20.16256
INFO : RESCAL : [ 14] fit: 0.42671 | delta: 1.4e-04 | secs: 20.31067
INFO : RESCAL : [ 15] fit: 0.42683 | delta: 1.2e-04 | secs: 19.92492
INFO : RESCAL : [ 16] fit: 0.42693 | delta: 9.7e-05 | secs: 19.81932
INFO : RESCAL : [ 17] fit: 0.42701 | delta: 7.9e-05 | secs: 20.13759
INFO : RESCAL : [ 18] fit: 0.42707 | delta: 6.4e-05 | secs: 20.55101
INFO : RESCAL : [ 19] fit: 0.42712 | delta: 5.0e-05 | secs: 20.53923
[Fold 6] AUC-PR: 0.965653
