Thread(s) : 50
Fold      : 09
Debut     : 2026-05-29 05:20:53
====================================================

====================================================
Fold 09
====================================================
=== DATASET: fb15k237 | rank:200 | lambda_A:0.1 | lambda_R:0.1 ===
[Config] maxIter:20 | conv:1.0e-06 | threads:50
[Data]   n_entities:14541 | n_relations:237 | total_nnz:310116
[Data]   nnz:310116 | import_time:0.04 s
[Eval]   positifs:2000 | neg/pos:1 | folds:10 | mode:cross-validation CSR echantillonnee
INFO : RESCAL : [  0] fit: 0.28929 | delta: 2.9e-01 | secs: 18.97071
INFO : RESCAL : [  1] fit: 0.40117 | delta: 1.1e-01 | secs: 18.86191
INFO : RESCAL : [  2] fit: 0.41430 | delta: 1.3e-02 | secs: 18.65729
INFO : RESCAL : [  3] fit: 0.41887 | delta: 4.6e-03 | secs: 18.37157
INFO : RESCAL : [  4] fit: 0.42114 | delta: 2.3e-03 | secs: 18.58395
INFO : RESCAL : [  5] fit: 0.42248 | delta: 1.3e-03 | secs: 18.69013
INFO : RESCAL : [  6] fit: 0.42336 | delta: 8.8e-04 | secs: 18.48002
INFO : RESCAL : [  7] fit: 0.42400 | delta: 6.4e-04 | secs: 18.45622
INFO : RESCAL : [  8] fit: 0.42449 | delta: 4.9e-04 | secs: 18.87837
INFO : RESCAL : [  9] fit: 0.42486 | delta: 3.7e-04 | secs: 18.51757
INFO : RESCAL : [ 10] fit: 0.42517 | delta: 3.1e-04 | secs: 18.90912
INFO : RESCAL : [ 11] fit: 0.42544 | delta: 2.6e-04 | secs: 18.98051
INFO : RESCAL : [ 12] fit: 0.42568 | delta: 2.4e-04 | secs: 18.47075
INFO : RESCAL : [ 13] fit: 0.42590 | delta: 2.2e-04 | secs: 19.05773
INFO : RESCAL : [ 14] fit: 0.42610 | delta: 2.0e-04 | secs: 18.96065
INFO : RESCAL : [ 15] fit: 0.42626 | delta: 1.7e-04 | secs: 18.56707
INFO : RESCAL : [ 16] fit: 0.42641 | delta: 1.4e-04 | secs: 18.87739
INFO : RESCAL : [ 17] fit: 0.42653 | delta: 1.2e-04 | secs: 19.05945
INFO : RESCAL : [ 18] fit: 0.42664 | delta: 1.1e-04 | secs: 18.90320
INFO : RESCAL : [ 19] fit: 0.42674 | delta: 9.7e-05 | secs: 18.93497
[Fold 9] AUC-PR: 0.975941
