Thread(s) : 50
Fold      : 07
Debut     : 2026-05-29 05:20:53
====================================================

====================================================
Fold 07
====================================================
=== DATASET: fb15k237 | rank:200 | lambda_A:0.1 | lambda_R:0.1 ===
[Config] maxIter:20 | conv:1.0e-06 | threads:50
[Data]   n_entities:14541 | n_relations:237 | total_nnz:310116
[Data]   nnz:310116 | import_time:0.04 s
[Eval]   positifs:2000 | neg/pos:1 | folds:10 | mode:cross-validation CSR echantillonnee
INFO : RESCAL : [  0] fit: 0.29057 | delta: 2.9e-01 | secs: 19.11987
INFO : RESCAL : [  1] fit: 0.40188 | delta: 1.1e-01 | secs: 18.60709
INFO : RESCAL : [  2] fit: 0.41481 | delta: 1.3e-02 | secs: 18.34313
INFO : RESCAL : [  3] fit: 0.41982 | delta: 5.0e-03 | secs: 18.51930
INFO : RESCAL : [  4] fit: 0.42244 | delta: 2.6e-03 | secs: 18.75076
INFO : RESCAL : [  5] fit: 0.42386 | delta: 1.4e-03 | secs: 18.25892
INFO : RESCAL : [  6] fit: 0.42457 | delta: 7.1e-04 | secs: 18.38530
INFO : RESCAL : [  7] fit: 0.42504 | delta: 4.7e-04 | secs: 18.58928
INFO : RESCAL : [  8] fit: 0.42540 | delta: 3.6e-04 | secs: 18.54439
INFO : RESCAL : [  9] fit: 0.42568 | delta: 2.7e-04 | secs: 18.49706
INFO : RESCAL : [ 10] fit: 0.42588 | delta: 2.0e-04 | secs: 18.67878
INFO : RESCAL : [ 11] fit: 0.42603 | delta: 1.5e-04 | secs: 19.10419
INFO : RESCAL : [ 12] fit: 0.42615 | delta: 1.2e-04 | secs: 18.44276
INFO : RESCAL : [ 13] fit: 0.42626 | delta: 1.1e-04 | secs: 18.38195
INFO : RESCAL : [ 14] fit: 0.42636 | delta: 1.0e-04 | secs: 19.31053
INFO : RESCAL : [ 15] fit: 0.42645 | delta: 9.1e-05 | secs: 19.21830
INFO : RESCAL : [ 16] fit: 0.42654 | delta: 8.8e-05 | secs: 18.85476
INFO : RESCAL : [ 17] fit: 0.42662 | delta: 8.0e-05 | secs: 18.88589
INFO : RESCAL : [ 18] fit: 0.42669 | delta: 7.6e-05 | secs: 19.43971
INFO : RESCAL : [ 19] fit: 0.42676 | delta: 6.9e-05 | secs: 19.02425
[Fold 7] AUC-PR: 0.979462
