Thread(s) : 50
Fold      : 00
Debut     : 2026-05-29 05:20:53
====================================================

====================================================
Fold 00
====================================================
=== DATASET: fb15k237 | rank:200 | lambda_A:0.1 | lambda_R:0.1 ===
[Config] maxIter:20 | conv:1.0e-06 | threads:50
[Data]   n_entities:14541 | n_relations:237 | total_nnz:310116
[Data]   nnz:310116 | import_time:0.04 s
[Eval]   positifs:2000 | neg/pos:1 | folds:10 | mode:cross-validation CSR echantillonnee
INFO : RESCAL : [  0] fit: 0.28927 | delta: 2.9e-01 | secs: 18.77541
INFO : RESCAL : [  1] fit: 0.40036 | delta: 1.1e-01 | secs: 18.49997
INFO : RESCAL : [  2] fit: 0.41319 | delta: 1.3e-02 | secs: 18.62170
INFO : RESCAL : [  3] fit: 0.41797 | delta: 4.8e-03 | secs: 18.68143
INFO : RESCAL : [  4] fit: 0.42035 | delta: 2.4e-03 | secs: 18.60074
INFO : RESCAL : [  5] fit: 0.42169 | delta: 1.3e-03 | secs: 18.72234
INFO : RESCAL : [  6] fit: 0.42252 | delta: 8.3e-04 | secs: 18.80666
INFO : RESCAL : [  7] fit: 0.42309 | delta: 5.7e-04 | secs: 19.01111
INFO : RESCAL : [  8] fit: 0.42352 | delta: 4.4e-04 | secs: 18.85321
INFO : RESCAL : [  9] fit: 0.42390 | delta: 3.8e-04 | secs: 18.72185
INFO : RESCAL : [ 10] fit: 0.42426 | delta: 3.6e-04 | secs: 18.84470
INFO : RESCAL : [ 11] fit: 0.42457 | delta: 3.1e-04 | secs: 19.01303
INFO : RESCAL : [ 12] fit: 0.42482 | delta: 2.5e-04 | secs: 18.89151
INFO : RESCAL : [ 13] fit: 0.42501 | delta: 1.9e-04 | secs: 18.53877
INFO : RESCAL : [ 14] fit: 0.42517 | delta: 1.6e-04 | secs: 18.95827
INFO : RESCAL : [ 15] fit: 0.42532 | delta: 1.4e-04 | secs: 18.40717
INFO : RESCAL : [ 16] fit: 0.42544 | delta: 1.3e-04 | secs: 18.59369
INFO : RESCAL : [ 17] fit: 0.42556 | delta: 1.1e-04 | secs: 19.25954
INFO : RESCAL : [ 18] fit: 0.42566 | delta: 1.0e-04 | secs: 18.87663
INFO : RESCAL : [ 19] fit: 0.42575 | delta: 8.8e-05 | secs: 18.96523
[Fold 0] AUC-PR: 0.973409
