Thread(s) : 50
Fold      : 04
Debut     : 2026-05-29 05:20:53
====================================================

====================================================
Fold 04
====================================================
=== DATASET: fb15k237 | rank:200 | lambda_A:0.1 | lambda_R:0.1 ===
[Config] maxIter:20 | conv:1.0e-06 | threads:50
[Data]   n_entities:14541 | n_relations:237 | total_nnz:310116
[Data]   nnz:310116 | import_time:0.04 s
[Eval]   positifs:2000 | neg/pos:1 | folds:10 | mode:cross-validation CSR echantillonnee
INFO : RESCAL : [  0] fit: 0.28777 | delta: 2.9e-01 | secs: 19.13745
INFO : RESCAL : [  1] fit: 0.40069 | delta: 1.1e-01 | secs: 18.94715
INFO : RESCAL : [  2] fit: 0.41403 | delta: 1.3e-02 | secs: 18.63018
INFO : RESCAL : [  3] fit: 0.41916 | delta: 5.1e-03 | secs: 18.77978
INFO : RESCAL : [  4] fit: 0.42164 | delta: 2.5e-03 | secs: 18.64543
INFO : RESCAL : [  5] fit: 0.42302 | delta: 1.4e-03 | secs: 18.46352
INFO : RESCAL : [  6] fit: 0.42391 | delta: 8.9e-04 | secs: 19.09152
INFO : RESCAL : [  7] fit: 0.42458 | delta: 6.7e-04 | secs: 18.98004
INFO : RESCAL : [  8] fit: 0.42517 | delta: 5.9e-04 | secs: 19.23685
INFO : RESCAL : [  9] fit: 0.42562 | delta: 4.6e-04 | secs: 18.73105
INFO : RESCAL : [ 10] fit: 0.42591 | delta: 2.8e-04 | secs: 18.79394
INFO : RESCAL : [ 11] fit: 0.42612 | delta: 2.1e-04 | secs: 18.78261
INFO : RESCAL : [ 12] fit: 0.42632 | delta: 2.0e-04 | secs: 18.83228
INFO : RESCAL : [ 13] fit: 0.42651 | delta: 1.8e-04 | secs: 19.05981
INFO : RESCAL : [ 14] fit: 0.42667 | delta: 1.7e-04 | secs: 18.98199
INFO : RESCAL : [ 15] fit: 0.42682 | delta: 1.5e-04 | secs: 18.87489
INFO : RESCAL : [ 16] fit: 0.42695 | delta: 1.3e-04 | secs: 18.55460
INFO : RESCAL : [ 17] fit: 0.42707 | delta: 1.2e-04 | secs: 18.75655
INFO : RESCAL : [ 18] fit: 0.42718 | delta: 1.1e-04 | secs: 18.96900
INFO : RESCAL : [ 19] fit: 0.42727 | delta: 9.5e-05 | secs: 18.41683
[Fold 4] AUC-PR: 0.966910
