Thread(s) : 50
Fold      : 05
Debut     : 2026-05-29 05:20:53
====================================================

====================================================
Fold 05
====================================================
=== DATASET: fb15k237 | rank:200 | lambda_A:0.1 | lambda_R:0.1 ===
[Config] maxIter:20 | conv:1.0e-06 | threads:50
[Data]   n_entities:14541 | n_relations:237 | total_nnz:310116
[Data]   nnz:310116 | import_time:0.04 s
[Eval]   positifs:2000 | neg/pos:1 | folds:10 | mode:cross-validation CSR echantillonnee
INFO : RESCAL : [  0] fit: 0.29209 | delta: 2.9e-01 | secs: 18.97174
INFO : RESCAL : [  1] fit: 0.40268 | delta: 1.1e-01 | secs: 19.07275
INFO : RESCAL : [  2] fit: 0.41548 | delta: 1.3e-02 | secs: 18.68905
INFO : RESCAL : [  3] fit: 0.42036 | delta: 4.9e-03 | secs: 18.92007
INFO : RESCAL : [  4] fit: 0.42273 | delta: 2.4e-03 | secs: 18.82081
INFO : RESCAL : [  5] fit: 0.42414 | delta: 1.4e-03 | secs: 18.56245
INFO : RESCAL : [  6] fit: 0.42499 | delta: 8.4e-04 | secs: 18.69132
INFO : RESCAL : [  7] fit: 0.42552 | delta: 5.4e-04 | secs: 18.54566
INFO : RESCAL : [  8] fit: 0.42589 | delta: 3.7e-04 | secs: 19.64143
INFO : RESCAL : [  9] fit: 0.42622 | delta: 3.3e-04 | secs: 18.78099
INFO : RESCAL : [ 10] fit: 0.42652 | delta: 2.9e-04 | secs: 18.84881
INFO : RESCAL : [ 11] fit: 0.42679 | delta: 2.7e-04 | secs: 18.39301
INFO : RESCAL : [ 12] fit: 0.42702 | delta: 2.3e-04 | secs: 18.42965
INFO : RESCAL : [ 13] fit: 0.42723 | delta: 2.1e-04 | secs: 18.78335
INFO : RESCAL : [ 14] fit: 0.42740 | delta: 1.7e-04 | secs: 22.01518
INFO : RESCAL : [ 15] fit: 0.42755 | delta: 1.5e-04 | secs: 18.59110
INFO : RESCAL : [ 16] fit: 0.42767 | delta: 1.2e-04 | secs: 21.40090
INFO : RESCAL : [ 17] fit: 0.42777 | delta: 1.0e-04 | secs: 20.57145
INFO : RESCAL : [ 18] fit: 0.42786 | delta: 8.6e-05 | secs: 18.64383
INFO : RESCAL : [ 19] fit: 0.42793 | delta: 7.5e-05 | secs: 18.56272
[Fold 5] AUC-PR: 0.976418
