Thread(s) : 50
Fold      : 02
Debut     : 2026-05-29 05:20:53
====================================================

====================================================
Fold 02
====================================================
=== DATASET: fb15k237 | rank:200 | lambda_A:0.1 | lambda_R:0.1 ===
[Config] maxIter:20 | conv:1.0e-06 | threads:50
[Data]   n_entities:14541 | n_relations:237 | total_nnz:310116
[Data]   nnz:310116 | import_time:0.04 s
[Eval]   positifs:2000 | neg/pos:1 | folds:10 | mode:cross-validation CSR echantillonnee
INFO : RESCAL : [  0] fit: 0.29196 | delta: 2.9e-01 | secs: 19.21267
INFO : RESCAL : [  1] fit: 0.40540 | delta: 1.1e-01 | secs: 19.00481
INFO : RESCAL : [  2] fit: 0.41861 | delta: 1.3e-02 | secs: 18.77578
INFO : RESCAL : [  3] fit: 0.42308 | delta: 4.5e-03 | secs: 19.64401
INFO : RESCAL : [  4] fit: 0.42521 | delta: 2.1e-03 | secs: 18.71156
INFO : RESCAL : [  5] fit: 0.42648 | delta: 1.3e-03 | secs: 19.05354
INFO : RESCAL : [  6] fit: 0.42732 | delta: 8.4e-04 | secs: 19.00406
INFO : RESCAL : [  7] fit: 0.42790 | delta: 5.8e-04 | secs: 18.64913
INFO : RESCAL : [  8] fit: 0.42833 | delta: 4.3e-04 | secs: 18.91530
INFO : RESCAL : [  9] fit: 0.42866 | delta: 3.3e-04 | secs: 18.67867
INFO : RESCAL : [ 10] fit: 0.42893 | delta: 2.7e-04 | secs: 18.70989
INFO : RESCAL : [ 11] fit: 0.42916 | delta: 2.3e-04 | secs: 18.71381
INFO : RESCAL : [ 12] fit: 0.42935 | delta: 1.9e-04 | secs: 18.64706
INFO : RESCAL : [ 13] fit: 0.42952 | delta: 1.7e-04 | secs: 18.35122
INFO : RESCAL : [ 14] fit: 0.42966 | delta: 1.4e-04 | secs: 19.14221
INFO : RESCAL : [ 15] fit: 0.42979 | delta: 1.2e-04 | secs: 18.91638
INFO : RESCAL : [ 16] fit: 0.42990 | delta: 1.1e-04 | secs: 18.76166
INFO : RESCAL : [ 17] fit: 0.42999 | delta: 9.9e-05 | secs: 18.79182
INFO : RESCAL : [ 18] fit: 0.43009 | delta: 9.1e-05 | secs: 18.38847
INFO : RESCAL : [ 19] fit: 0.43017 | delta: 8.6e-05 | secs: 18.67512
[Fold 2] AUC-PR: 0.990048
