Thread(s) : 50
Fold      : 06
Debut     : 2026-05-29 05:20:53
====================================================

====================================================
Fold 06
====================================================
=== DATASET: fb15k237 | rank:200 | lambda_A:0.1 | lambda_R:0.1 ===
[Config] maxIter:20 | conv:1.0e-06 | threads:50
[Data]   n_entities:14541 | n_relations:237 | total_nnz:310116
[Data]   nnz:310116 | import_time:0.04 s
[Eval]   positifs:2000 | neg/pos:1 | folds:10 | mode:cross-validation CSR echantillonnee
INFO : RESCAL : [  0] fit: 0.28591 | delta: 2.9e-01 | secs: 18.85834
INFO : RESCAL : [  1] fit: 0.39975 | delta: 1.1e-01 | secs: 19.18771
INFO : RESCAL : [  2] fit: 0.41360 | delta: 1.4e-02 | secs: 18.68758
INFO : RESCAL : [  3] fit: 0.41917 | delta: 5.6e-03 | secs: 18.80157
INFO : RESCAL : [  4] fit: 0.42184 | delta: 2.7e-03 | secs: 18.49704
INFO : RESCAL : [  5] fit: 0.42324 | delta: 1.4e-03 | secs: 18.82676
INFO : RESCAL : [  6] fit: 0.42407 | delta: 8.3e-04 | secs: 18.48237
INFO : RESCAL : [  7] fit: 0.42462 | delta: 5.5e-04 | secs: 18.37205
INFO : RESCAL : [  8] fit: 0.42502 | delta: 3.9e-04 | secs: 18.84458
INFO : RESCAL : [  9] fit: 0.42531 | delta: 3.0e-04 | secs: 18.48844
INFO : RESCAL : [ 10] fit: 0.42554 | delta: 2.3e-04 | secs: 18.88236
INFO : RESCAL : [ 11] fit: 0.42573 | delta: 1.9e-04 | secs: 19.19427
INFO : RESCAL : [ 12] fit: 0.42589 | delta: 1.6e-04 | secs: 18.98408
INFO : RESCAL : [ 13] fit: 0.42603 | delta: 1.4e-04 | secs: 18.84341
INFO : RESCAL : [ 14] fit: 0.42615 | delta: 1.2e-04 | secs: 19.23654
INFO : RESCAL : [ 15] fit: 0.42625 | delta: 1.0e-04 | secs: 19.09425
INFO : RESCAL : [ 16] fit: 0.42634 | delta: 9.1e-05 | secs: 19.24956
INFO : RESCAL : [ 17] fit: 0.42642 | delta: 8.1e-05 | secs: 19.09422
INFO : RESCAL : [ 18] fit: 0.42649 | delta: 7.2e-05 | secs: 19.11117
INFO : RESCAL : [ 19] fit: 0.42656 | delta: 6.4e-05 | secs: 19.19928
[Fold 6] AUC-PR: 0.961447
