Thread(s) : 50
Fold      : 01
Debut     : 2026-05-29 05:20:53
====================================================

====================================================
Fold 01
====================================================
=== DATASET: fb15k237 | rank:200 | lambda_A:0.1 | lambda_R:0.1 ===
[Config] maxIter:20 | conv:1.0e-06 | threads:50
[Data]   n_entities:14541 | n_relations:237 | total_nnz:310116
[Data]   nnz:310116 | import_time:0.04 s
[Eval]   positifs:2000 | neg/pos:1 | folds:10 | mode:cross-validation CSR echantillonnee
INFO : RESCAL : [  0] fit: 0.28909 | delta: 2.9e-01 | secs: 18.78998
INFO : RESCAL : [  1] fit: 0.40031 | delta: 1.1e-01 | secs: 18.81489
INFO : RESCAL : [  2] fit: 0.41262 | delta: 1.2e-02 | secs: 18.78038
INFO : RESCAL : [  3] fit: 0.41717 | delta: 4.6e-03 | secs: 19.05589
INFO : RESCAL : [  4] fit: 0.41934 | delta: 2.2e-03 | secs: 18.66110
INFO : RESCAL : [  5] fit: 0.42054 | delta: 1.2e-03 | secs: 18.58005
INFO : RESCAL : [  6] fit: 0.42126 | delta: 7.3e-04 | secs: 18.32672
INFO : RESCAL : [  7] fit: 0.42176 | delta: 5.0e-04 | secs: 18.37648
INFO : RESCAL : [  8] fit: 0.42213 | delta: 3.7e-04 | secs: 18.71952
INFO : RESCAL : [  9] fit: 0.42244 | delta: 3.1e-04 | secs: 18.51553
INFO : RESCAL : [ 10] fit: 0.42271 | delta: 2.7e-04 | secs: 18.67771
INFO : RESCAL : [ 11] fit: 0.42294 | delta: 2.3e-04 | secs: 18.66339
INFO : RESCAL : [ 12] fit: 0.42314 | delta: 2.0e-04 | secs: 19.09387
INFO : RESCAL : [ 13] fit: 0.42332 | delta: 1.7e-04 | secs: 18.44631
INFO : RESCAL : [ 14] fit: 0.42346 | delta: 1.5e-04 | secs: 18.96863
INFO : RESCAL : [ 15] fit: 0.42359 | delta: 1.3e-04 | secs: 18.89788
INFO : RESCAL : [ 16] fit: 0.42370 | delta: 1.1e-04 | secs: 18.81996
INFO : RESCAL : [ 17] fit: 0.42381 | delta: 1.0e-04 | secs: 19.03607
INFO : RESCAL : [ 18] fit: 0.42390 | delta: 9.2e-05 | secs: 18.90373
INFO : RESCAL : [ 19] fit: 0.42398 | delta: 8.5e-05 | secs: 18.84150
[Fold 1] AUC-PR: 0.978293
