Thread(s) : 50
Fold      : 08
Debut     : 2026-05-29 05:20:53
====================================================

====================================================
Fold 08
====================================================
=== DATASET: fb15k237 | rank:200 | lambda_A:0.1 | lambda_R:0.1 ===
[Config] maxIter:20 | conv:1.0e-06 | threads:50
[Data]   n_entities:14541 | n_relations:237 | total_nnz:310116
[Data]   nnz:310116 | import_time:0.04 s
[Eval]   positifs:2000 | neg/pos:1 | folds:10 | mode:cross-validation CSR echantillonnee
INFO : RESCAL : [  0] fit: 0.29287 | delta: 2.9e-01 | secs: 18.98990
INFO : RESCAL : [  1] fit: 0.40312 | delta: 1.1e-01 | secs: 18.66372
INFO : RESCAL : [  2] fit: 0.41535 | delta: 1.2e-02 | secs: 18.75064
INFO : RESCAL : [  3] fit: 0.42007 | delta: 4.7e-03 | secs: 18.55577
INFO : RESCAL : [  4] fit: 0.42248 | delta: 2.4e-03 | secs: 19.47512
INFO : RESCAL : [  5] fit: 0.42385 | delta: 1.4e-03 | secs: 18.96560
INFO : RESCAL : [  6] fit: 0.42471 | delta: 8.5e-04 | secs: 18.69674
INFO : RESCAL : [  7] fit: 0.42530 | delta: 5.9e-04 | secs: 18.77701
INFO : RESCAL : [  8] fit: 0.42574 | delta: 4.4e-04 | secs: 18.14803
INFO : RESCAL : [  9] fit: 0.42611 | delta: 3.7e-04 | secs: 19.05132
INFO : RESCAL : [ 10] fit: 0.42644 | delta: 3.2e-04 | secs: 18.43341
INFO : RESCAL : [ 11] fit: 0.42672 | delta: 2.9e-04 | secs: 19.07727
INFO : RESCAL : [ 12] fit: 0.42697 | delta: 2.5e-04 | secs: 19.22541
INFO : RESCAL : [ 13] fit: 0.42719 | delta: 2.2e-04 | secs: 19.14533
INFO : RESCAL : [ 14] fit: 0.42737 | delta: 1.8e-04 | secs: 19.06307
INFO : RESCAL : [ 15] fit: 0.42753 | delta: 1.6e-04 | secs: 18.56812
INFO : RESCAL : [ 16] fit: 0.42766 | delta: 1.3e-04 | secs: 18.78829
INFO : RESCAL : [ 17] fit: 0.42778 | delta: 1.1e-04 | secs: 18.72440
INFO : RESCAL : [ 18] fit: 0.42788 | delta: 9.8e-05 | secs: 18.38725
INFO : RESCAL : [ 19] fit: 0.42796 | delta: 8.5e-05 | secs: 18.81174
[Fold 8] AUC-PR: 0.989018
