Thread(s) : 50
Fold      : 03
Debut     : 2026-05-29 05:20:53
====================================================

====================================================
Fold 03
====================================================
=== DATASET: fb15k237 | rank:200 | lambda_A:0.1 | lambda_R:0.1 ===
[Config] maxIter:20 | conv:1.0e-06 | threads:50
[Data]   n_entities:14541 | n_relations:237 | total_nnz:310116
[Data]   nnz:310116 | import_time:0.04 s
[Eval]   positifs:2000 | neg/pos:1 | folds:10 | mode:cross-validation CSR echantillonnee
INFO : RESCAL : [  0] fit: 0.28954 | delta: 2.9e-01 | secs: 18.61647
INFO : RESCAL : [  1] fit: 0.40291 | delta: 1.1e-01 | secs: 18.40786
INFO : RESCAL : [  2] fit: 0.41653 | delta: 1.4e-02 | secs: 18.70834
INFO : RESCAL : [  3] fit: 0.42138 | delta: 4.8e-03 | secs: 19.08225
INFO : RESCAL : [  4] fit: 0.42361 | delta: 2.2e-03 | secs: 18.73232
INFO : RESCAL : [  5] fit: 0.42493 | delta: 1.3e-03 | secs: 18.25629
INFO : RESCAL : [  6] fit: 0.42579 | delta: 8.6e-04 | secs: 19.15326
INFO : RESCAL : [  7] fit: 0.42646 | delta: 6.7e-04 | secs: 18.71993
INFO : RESCAL : [  8] fit: 0.42700 | delta: 5.4e-04 | secs: 19.18035
INFO : RESCAL : [  9] fit: 0.42745 | delta: 4.4e-04 | secs: 18.92048
INFO : RESCAL : [ 10] fit: 0.42781 | delta: 3.7e-04 | secs: 18.95941
INFO : RESCAL : [ 11] fit: 0.42812 | delta: 3.1e-04 | secs: 18.62724
INFO : RESCAL : [ 12] fit: 0.42838 | delta: 2.6e-04 | secs: 18.90722
INFO : RESCAL : [ 13] fit: 0.42859 | delta: 2.1e-04 | secs: 18.57168
INFO : RESCAL : [ 14] fit: 0.42876 | delta: 1.8e-04 | secs: 18.98588
INFO : RESCAL : [ 15] fit: 0.42892 | delta: 1.5e-04 | secs: 18.85395
INFO : RESCAL : [ 16] fit: 0.42905 | delta: 1.4e-04 | secs: 19.02709
INFO : RESCAL : [ 17] fit: 0.42918 | delta: 1.2e-04 | secs: 18.41643
INFO : RESCAL : [ 18] fit: 0.42929 | delta: 1.1e-04 | secs: 18.87282
INFO : RESCAL : [ 19] fit: 0.42940 | delta: 1.1e-04 | secs: 18.96410
[Fold 3] AUC-PR: 0.987877
