Thread(s) : 38
Fold      : 00
Debut     : 2026-05-28 22:46:34
====================================================

====================================================
Fold 00
====================================================
=== DATASET: fb15k237 | rank:200 | lambda_A:0.1 | lambda_R:0.1 ===
[Config] maxIter:20 | conv:1.0e-06 | threads:38
[Data]   n_entities:14541 | n_relations:237 | total_nnz:310116
[Data]   nnz:310116 | import_time:0.04 s
[Eval]   positifs:2000 | neg/pos:1 | folds:10 | mode:cross-validation CSR echantillonnee
INFO : RESCAL : [  0] fit: 0.29332 | delta: 2.9e-01 | secs: 21.46377
INFO : RESCAL : [  1] fit: 0.40442 | delta: 1.1e-01 | secs: 18.49487
INFO : RESCAL : [  2] fit: 0.41701 | delta: 1.3e-02 | secs: 18.89346
INFO : RESCAL : [  3] fit: 0.42171 | delta: 4.7e-03 | secs: 18.93780
INFO : RESCAL : [  4] fit: 0.42394 | delta: 2.2e-03 | secs: 19.04726
INFO : RESCAL : [  5] fit: 0.42525 | delta: 1.3e-03 | secs: 18.90957
INFO : RESCAL : [  6] fit: 0.42615 | delta: 9.1e-04 | secs: 18.81924
INFO : RESCAL : [  7] fit: 0.42682 | delta: 6.7e-04 | secs: 18.45247
INFO : RESCAL : [  8] fit: 0.42731 | delta: 4.9e-04 | secs: 19.10426
INFO : RESCAL : [  9] fit: 0.42774 | delta: 4.2e-04 | secs: 18.79970
INFO : RESCAL : [ 10] fit: 0.42809 | delta: 3.5e-04 | secs: 18.95125
INFO : RESCAL : [ 11] fit: 0.42838 | delta: 2.9e-04 | secs: 18.60617
INFO : RESCAL : [ 12] fit: 0.42862 | delta: 2.4e-04 | secs: 18.89357
INFO : RESCAL : [ 13] fit: 0.42881 | delta: 2.0e-04 | secs: 18.83909
INFO : RESCAL : [ 14] fit: 0.42898 | delta: 1.7e-04 | secs: 19.03998
INFO : RESCAL : [ 15] fit: 0.42913 | delta: 1.5e-04 | secs: 18.91924
INFO : RESCAL : [ 16] fit: 0.42926 | delta: 1.3e-04 | secs: 19.11335
INFO : RESCAL : [ 17] fit: 0.42937 | delta: 1.1e-04 | secs: 18.54153
INFO : RESCAL : [ 18] fit: 0.42947 | delta: 1.0e-04 | secs: 19.05181
INFO : RESCAL : [ 19] fit: 0.42957 | delta: 9.4e-05 | secs: 18.71102
[Fold 0] AUC-PR: 0.981978
