Thread(s) : 38
Fold      : 08
Debut     : 2026-05-28 22:46:34
====================================================

====================================================
Fold 08
====================================================
=== DATASET: fb15k237 | rank:200 | lambda_A:0.1 | lambda_R:0.1 ===
[Config] maxIter:20 | conv:1.0e-06 | threads:38
[Data]   n_entities:14541 | n_relations:237 | total_nnz:310116
[Data]   nnz:310116 | import_time:0.04 s
[Eval]   positifs:2000 | neg/pos:1 | folds:10 | mode:cross-validation CSR echantillonnee
INFO : RESCAL : [  0] fit: 0.28680 | delta: 2.9e-01 | secs: 19.10950
INFO : RESCAL : [  1] fit: 0.40201 | delta: 1.2e-01 | secs: 19.09014
INFO : RESCAL : [  2] fit: 0.41497 | delta: 1.3e-02 | secs: 18.79812
INFO : RESCAL : [  3] fit: 0.41978 | delta: 4.8e-03 | secs: 19.27456
INFO : RESCAL : [  4] fit: 0.42188 | delta: 2.1e-03 | secs: 18.56535
INFO : RESCAL : [  5] fit: 0.42318 | delta: 1.3e-03 | secs: 18.70486
INFO : RESCAL : [  6] fit: 0.42398 | delta: 8.0e-04 | secs: 18.78986
INFO : RESCAL : [  7] fit: 0.42458 | delta: 6.0e-04 | secs: 18.80663
INFO : RESCAL : [  8] fit: 0.42502 | delta: 4.4e-04 | secs: 18.72133
INFO : RESCAL : [  9] fit: 0.42538 | delta: 3.6e-04 | secs: 18.92953
INFO : RESCAL : [ 10] fit: 0.42567 | delta: 2.9e-04 | secs: 18.57315
INFO : RESCAL : [ 11] fit: 0.42592 | delta: 2.5e-04 | secs: 18.50839
INFO : RESCAL : [ 12] fit: 0.42613 | delta: 2.0e-04 | secs: 18.70667
INFO : RESCAL : [ 13] fit: 0.42630 | delta: 1.8e-04 | secs: 19.04935
INFO : RESCAL : [ 14] fit: 0.42645 | delta: 1.4e-04 | secs: 18.68125
INFO : RESCAL : [ 15] fit: 0.42657 | delta: 1.2e-04 | secs: 18.97436
INFO : RESCAL : [ 16] fit: 0.42667 | delta: 9.8e-05 | secs: 18.33482
INFO : RESCAL : [ 17] fit: 0.42675 | delta: 8.3e-05 | secs: 18.65203
INFO : RESCAL : [ 18] fit: 0.42682 | delta: 6.7e-05 | secs: 18.77547
INFO : RESCAL : [ 19] fit: 0.42688 | delta: 5.8e-05 | secs: 19.09306
[Fold 8] AUC-PR: 0.970824
