Thread(s) : 38
Fold      : 07
Debut     : 2026-05-28 22:46:34
====================================================

====================================================
Fold 07
====================================================
=== DATASET: fb15k237 | rank:200 | lambda_A:0.1 | lambda_R:0.1 ===
[Config] maxIter:20 | conv:1.0e-06 | threads:38
[Data]   n_entities:14541 | n_relations:237 | total_nnz:310116
[Data]   nnz:310116 | import_time:0.04 s
[Eval]   positifs:2000 | neg/pos:1 | folds:10 | mode:cross-validation CSR echantillonnee
INFO : RESCAL : [  0] fit: 0.28772 | delta: 2.9e-01 | secs: 18.62006
INFO : RESCAL : [  1] fit: 0.39806 | delta: 1.1e-01 | secs: 18.96811
INFO : RESCAL : [  2] fit: 0.41069 | delta: 1.3e-02 | secs: 18.61743
INFO : RESCAL : [  3] fit: 0.41558 | delta: 4.9e-03 | secs: 19.15018
INFO : RESCAL : [  4] fit: 0.41814 | delta: 2.6e-03 | secs: 18.51723
INFO : RESCAL : [  5] fit: 0.41975 | delta: 1.6e-03 | secs: 18.61730
INFO : RESCAL : [  6] fit: 0.42086 | delta: 1.1e-03 | secs: 19.00219
INFO : RESCAL : [  7] fit: 0.42158 | delta: 7.2e-04 | secs: 19.00149
INFO : RESCAL : [  8] fit: 0.42213 | delta: 5.4e-04 | secs: 21.55762
INFO : RESCAL : [  9] fit: 0.42256 | delta: 4.3e-04 | secs: 18.60278
INFO : RESCAL : [ 10] fit: 0.42292 | delta: 3.6e-04 | secs: 21.41977
INFO : RESCAL : [ 11] fit: 0.42321 | delta: 2.9e-04 | secs: 18.88420
INFO : RESCAL : [ 12] fit: 0.42346 | delta: 2.4e-04 | secs: 18.92546
INFO : RESCAL : [ 13] fit: 0.42366 | delta: 2.0e-04 | secs: 18.29467
INFO : RESCAL : [ 14] fit: 0.42383 | delta: 1.8e-04 | secs: 19.17994
INFO : RESCAL : [ 15] fit: 0.42398 | delta: 1.5e-04 | secs: 18.33204
INFO : RESCAL : [ 16] fit: 0.42411 | delta: 1.3e-04 | secs: 18.52063
INFO : RESCAL : [ 17] fit: 0.42422 | delta: 1.1e-04 | secs: 18.20783
INFO : RESCAL : [ 18] fit: 0.42433 | delta: 1.0e-04 | secs: 18.95685
INFO : RESCAL : [ 19] fit: 0.42442 | delta: 9.1e-05 | secs: 18.46428
[Fold 7] AUC-PR: 0.962713
