Thread(s) : 38
Fold      : 06
Debut     : 2026-05-28 22:46:34
====================================================

====================================================
Fold 06
====================================================
=== DATASET: fb15k237 | rank:200 | lambda_A:0.1 | lambda_R:0.1 ===
[Config] maxIter:20 | conv:1.0e-06 | threads:38
[Data]   n_entities:14541 | n_relations:237 | total_nnz:310116
[Data]   nnz:310116 | import_time:0.04 s
[Eval]   positifs:2000 | neg/pos:1 | folds:10 | mode:cross-validation CSR echantillonnee
INFO : RESCAL : [  0] fit: 0.28874 | delta: 2.9e-01 | secs: 18.56681
INFO : RESCAL : [  1] fit: 0.40074 | delta: 1.1e-01 | secs: 18.90478
INFO : RESCAL : [  2] fit: 0.41403 | delta: 1.3e-02 | secs: 18.61108
INFO : RESCAL : [  3] fit: 0.41893 | delta: 4.9e-03 | secs: 18.21633
INFO : RESCAL : [  4] fit: 0.42148 | delta: 2.6e-03 | secs: 19.08477
INFO : RESCAL : [  5] fit: 0.42329 | delta: 1.8e-03 | secs: 18.30208
INFO : RESCAL : [  6] fit: 0.42470 | delta: 1.4e-03 | secs: 18.95521
INFO : RESCAL : [  7] fit: 0.42554 | delta: 8.4e-04 | secs: 18.66489
INFO : RESCAL : [  8] fit: 0.42607 | delta: 5.3e-04 | secs: 19.08430
INFO : RESCAL : [  9] fit: 0.42645 | delta: 3.8e-04 | secs: 18.58912
INFO : RESCAL : [ 10] fit: 0.42677 | delta: 3.2e-04 | secs: 18.66620
INFO : RESCAL : [ 11] fit: 0.42703 | delta: 2.6e-04 | secs: 18.70331
INFO : RESCAL : [ 12] fit: 0.42727 | delta: 2.3e-04 | secs: 18.92985
INFO : RESCAL : [ 13] fit: 0.42747 | delta: 2.0e-04 | secs: 18.68259
INFO : RESCAL : [ 14] fit: 0.42765 | delta: 1.8e-04 | secs: 18.67193
INFO : RESCAL : [ 15] fit: 0.42780 | delta: 1.6e-04 | secs: 18.50969
INFO : RESCAL : [ 16] fit: 0.42794 | delta: 1.4e-04 | secs: 19.07299
INFO : RESCAL : [ 17] fit: 0.42807 | delta: 1.2e-04 | secs: 18.10318
INFO : RESCAL : [ 18] fit: 0.42818 | delta: 1.1e-04 | secs: 18.74233
INFO : RESCAL : [ 19] fit: 0.42828 | delta: 1.0e-04 | secs: 18.96330
[Fold 6] AUC-PR: 0.971174
