Thread(s) : 38
Fold      : 05
Debut     : 2026-05-28 22:46:34
====================================================

====================================================
Fold 05
====================================================
=== DATASET: fb15k237 | rank:200 | lambda_A:0.1 | lambda_R:0.1 ===
[Config] maxIter:20 | conv:1.0e-06 | threads:38
[Data]   n_entities:14541 | n_relations:237 | total_nnz:310116
[Data]   nnz:310116 | import_time:0.04 s
[Eval]   positifs:2000 | neg/pos:1 | folds:10 | mode:cross-validation CSR echantillonnee
INFO : RESCAL : [  0] fit: 0.29045 | delta: 2.9e-01 | secs: 19.12145
INFO : RESCAL : [  1] fit: 0.40309 | delta: 1.1e-01 | secs: 18.97869
INFO : RESCAL : [  2] fit: 0.41652 | delta: 1.3e-02 | secs: 18.45439
INFO : RESCAL : [  3] fit: 0.42154 | delta: 5.0e-03 | secs: 18.89586
INFO : RESCAL : [  4] fit: 0.42374 | delta: 2.2e-03 | secs: 18.52099
INFO : RESCAL : [  5] fit: 0.42491 | delta: 1.2e-03 | secs: 18.74663
INFO : RESCAL : [  6] fit: 0.42558 | delta: 6.7e-04 | secs: 18.46016
INFO : RESCAL : [  7] fit: 0.42606 | delta: 4.7e-04 | secs: 18.92346
INFO : RESCAL : [  8] fit: 0.42644 | delta: 3.8e-04 | secs: 18.37542
INFO : RESCAL : [  9] fit: 0.42677 | delta: 3.3e-04 | secs: 18.86163
INFO : RESCAL : [ 10] fit: 0.42706 | delta: 2.9e-04 | secs: 18.20476
INFO : RESCAL : [ 11] fit: 0.42731 | delta: 2.6e-04 | secs: 18.98035
INFO : RESCAL : [ 12] fit: 0.42755 | delta: 2.3e-04 | secs: 18.93209
INFO : RESCAL : [ 13] fit: 0.42776 | delta: 2.1e-04 | secs: 19.04811
INFO : RESCAL : [ 14] fit: 0.42794 | delta: 1.9e-04 | secs: 18.34056
INFO : RESCAL : [ 15] fit: 0.42811 | delta: 1.7e-04 | secs: 18.93255
INFO : RESCAL : [ 16] fit: 0.42826 | delta: 1.5e-04 | secs: 18.88205
INFO : RESCAL : [ 17] fit: 0.42839 | delta: 1.3e-04 | secs: 18.86007
INFO : RESCAL : [ 18] fit: 0.42851 | delta: 1.2e-04 | secs: 18.21999
INFO : RESCAL : [ 19] fit: 0.42862 | delta: 1.1e-04 | secs: 18.80236
[Fold 5] AUC-PR: 0.973401
