Thread(s) : 38
Fold      : 09
Debut     : 2026-05-28 22:46:34
====================================================

====================================================
Fold 09
====================================================
=== DATASET: fb15k237 | rank:200 | lambda_A:0.1 | lambda_R:0.1 ===
[Config] maxIter:20 | conv:1.0e-06 | threads:38
[Data]   n_entities:14541 | n_relations:237 | total_nnz:310116
[Data]   nnz:310116 | import_time:0.04 s
[Eval]   positifs:2000 | neg/pos:1 | folds:10 | mode:cross-validation CSR echantillonnee
INFO : RESCAL : [  0] fit: 0.29471 | delta: 2.9e-01 | secs: 18.91800
INFO : RESCAL : [  1] fit: 0.40395 | delta: 1.1e-01 | secs: 18.78626
INFO : RESCAL : [  2] fit: 0.41621 | delta: 1.2e-02 | secs: 18.13340
INFO : RESCAL : [  3] fit: 0.42083 | delta: 4.6e-03 | secs: 18.76665
INFO : RESCAL : [  4] fit: 0.42313 | delta: 2.3e-03 | secs: 18.35186
INFO : RESCAL : [  5] fit: 0.42452 | delta: 1.4e-03 | secs: 18.89456
INFO : RESCAL : [  6] fit: 0.42538 | delta: 8.6e-04 | secs: 18.52421
INFO : RESCAL : [  7] fit: 0.42603 | delta: 6.4e-04 | secs: 18.87521
INFO : RESCAL : [  8] fit: 0.42652 | delta: 4.9e-04 | secs: 18.14190
INFO : RESCAL : [  9] fit: 0.42694 | delta: 4.3e-04 | secs: 19.00250
INFO : RESCAL : [ 10] fit: 0.42728 | delta: 3.3e-04 | secs: 18.03708
INFO : RESCAL : [ 11] fit: 0.42755 | delta: 2.7e-04 | secs: 18.54503
INFO : RESCAL : [ 12] fit: 0.42774 | delta: 2.0e-04 | secs: 18.44872
INFO : RESCAL : [ 13] fit: 0.42791 | delta: 1.6e-04 | secs: 18.40002
INFO : RESCAL : [ 14] fit: 0.42803 | delta: 1.3e-04 | secs: 18.99597
INFO : RESCAL : [ 15] fit: 0.42815 | delta: 1.2e-04 | secs: 18.54695
INFO : RESCAL : [ 16] fit: 0.42826 | delta: 1.1e-04 | secs: 19.05949
INFO : RESCAL : [ 17] fit: 0.42837 | delta: 1.0e-04 | secs: 18.21992
INFO : RESCAL : [ 18] fit: 0.42846 | delta: 8.9e-05 | secs: 18.70181
INFO : RESCAL : [ 19] fit: 0.42854 | delta: 8.2e-05 | secs: 18.49502
[Fold 9] AUC-PR: 0.987679
