Thread(s) : 38
Fold      : 01
Debut     : 2026-05-28 22:46:34
====================================================

====================================================
Fold 01
====================================================
=== DATASET: fb15k237 | rank:200 | lambda_A:0.1 | lambda_R:0.1 ===
[Config] maxIter:20 | conv:1.0e-06 | threads:38
[Data]   n_entities:14541 | n_relations:237 | total_nnz:310116
[Data]   nnz:310116 | import_time:0.04 s
[Eval]   positifs:2000 | neg/pos:1 | folds:10 | mode:cross-validation CSR echantillonnee
INFO : RESCAL : [  0] fit: 0.29249 | delta: 2.9e-01 | secs: 18.71589
INFO : RESCAL : [  1] fit: 0.40142 | delta: 1.1e-01 | secs: 19.23758
INFO : RESCAL : [  2] fit: 0.41431 | delta: 1.3e-02 | secs: 18.59853
INFO : RESCAL : [  3] fit: 0.41924 | delta: 4.9e-03 | secs: 19.00602
INFO : RESCAL : [  4] fit: 0.42173 | delta: 2.5e-03 | secs: 18.28403
INFO : RESCAL : [  5] fit: 0.42308 | delta: 1.3e-03 | secs: 18.95335
INFO : RESCAL : [  6] fit: 0.42404 | delta: 9.6e-04 | secs: 18.78184
INFO : RESCAL : [  7] fit: 0.42475 | delta: 7.1e-04 | secs: 18.83261
INFO : RESCAL : [  8] fit: 0.42529 | delta: 5.4e-04 | secs: 18.53906
INFO : RESCAL : [  9] fit: 0.42569 | delta: 4.0e-04 | secs: 18.91699
INFO : RESCAL : [ 10] fit: 0.42603 | delta: 3.4e-04 | secs: 18.72751
INFO : RESCAL : [ 11] fit: 0.42629 | delta: 2.7e-04 | secs: 18.92294
INFO : RESCAL : [ 12] fit: 0.42651 | delta: 2.2e-04 | secs: 18.75280
INFO : RESCAL : [ 13] fit: 0.42668 | delta: 1.7e-04 | secs: 18.84581
INFO : RESCAL : [ 14] fit: 0.42683 | delta: 1.4e-04 | secs: 21.43077
INFO : RESCAL : [ 15] fit: 0.42694 | delta: 1.2e-04 | secs: 18.93486
INFO : RESCAL : [ 16] fit: 0.42704 | delta: 1.0e-04 | secs: 19.30580
INFO : RESCAL : [ 17] fit: 0.42713 | delta: 8.5e-05 | secs: 18.20305
INFO : RESCAL : [ 18] fit: 0.42720 | delta: 7.5e-05 | secs: 18.88099
INFO : RESCAL : [ 19] fit: 0.42727 | delta: 6.3e-05 | secs: 18.02217
[Fold 1] AUC-PR: 0.984388
