Thread(s) : 38
Fold      : 04
Debut     : 2026-05-28 22:46:34
====================================================

====================================================
Fold 04
====================================================
=== DATASET: fb15k237 | rank:200 | lambda_A:0.1 | lambda_R:0.1 ===
[Config] maxIter:20 | conv:1.0e-06 | threads:38
[Data]   n_entities:14541 | n_relations:237 | total_nnz:310116
[Data]   nnz:310116 | import_time:0.04 s
[Eval]   positifs:2000 | neg/pos:1 | folds:10 | mode:cross-validation CSR echantillonnee
INFO : RESCAL : [  0] fit: 0.28958 | delta: 2.9e-01 | secs: 18.87865
INFO : RESCAL : [  1] fit: 0.40243 | delta: 1.1e-01 | secs: 18.84475
INFO : RESCAL : [  2] fit: 0.41541 | delta: 1.3e-02 | secs: 17.84485
INFO : RESCAL : [  3] fit: 0.42039 | delta: 5.0e-03 | secs: 18.97036
INFO : RESCAL : [  4] fit: 0.42291 | delta: 2.5e-03 | secs: 18.44612
INFO : RESCAL : [  5] fit: 0.42414 | delta: 1.2e-03 | secs: 19.31067
INFO : RESCAL : [  6] fit: 0.42484 | delta: 7.1e-04 | secs: 18.63880
INFO : RESCAL : [  7] fit: 0.42532 | delta: 4.7e-04 | secs: 18.84122
INFO : RESCAL : [  8] fit: 0.42571 | delta: 3.9e-04 | secs: 18.63283
INFO : RESCAL : [  9] fit: 0.42602 | delta: 3.1e-04 | secs: 18.56854
INFO : RESCAL : [ 10] fit: 0.42629 | delta: 2.7e-04 | secs: 18.63962
INFO : RESCAL : [ 11] fit: 0.42651 | delta: 2.2e-04 | secs: 18.85015
INFO : RESCAL : [ 12] fit: 0.42670 | delta: 1.9e-04 | secs: 18.16868
INFO : RESCAL : [ 13] fit: 0.42685 | delta: 1.5e-04 | secs: 18.46636
INFO : RESCAL : [ 14] fit: 0.42699 | delta: 1.4e-04 | secs: 19.00289
INFO : RESCAL : [ 15] fit: 0.42711 | delta: 1.2e-04 | secs: 18.91264
INFO : RESCAL : [ 16] fit: 0.42723 | delta: 1.2e-04 | secs: 18.56675
INFO : RESCAL : [ 17] fit: 0.42733 | delta: 1.1e-04 | secs: 18.84430
INFO : RESCAL : [ 18] fit: 0.42744 | delta: 1.0e-04 | secs: 18.85766
INFO : RESCAL : [ 19] fit: 0.42753 | delta: 9.6e-05 | secs: 19.13647
[Fold 4] AUC-PR: 0.980224
