[Threads] Utilisation de 20 thread(s) sur 64 disponibles
[Reprise] Mode force active : les combinaisons deja presentes seront recalculees
=== DATASET: fb15k237 | rank:200 | lambda_A:0.1 | lambda_R:0.1 ===
[Config] maxIter:20 | conv:1.0e-06 | threads:20
[Data]   n_entities:14541 | n_relations:237 | total_nnz:310116
[Data]   nnz:310116 | import_time:0.04 s
[Eval]   positifs:2000 | neg/pos:1 | folds:10 | mode:cross-validation CSR echantillonnee
INFO : RESCAL : [  0] fit: 0.28647 | delta: 2.9e-01 | secs: 19.13124
INFO : RESCAL : [  1] fit: 0.40173 | delta: 1.2e-01 | secs: 19.27797
INFO : RESCAL : [  2] fit: 0.41493 | delta: 1.3e-02 | secs: 19.07485
INFO : RESCAL : [  3] fit: 0.42000 | delta: 5.1e-03 | secs: 18.87241
INFO : RESCAL : [  4] fit: 0.42257 | delta: 2.6e-03 | secs: 19.11643
INFO : RESCAL : [  5] fit: 0.42405 | delta: 1.5e-03 | secs: 19.21494
INFO : RESCAL : [  6] fit: 0.42485 | delta: 8.0e-04 | secs: 19.24765
INFO : RESCAL : [  7] fit: 0.42539 | delta: 5.4e-04 | secs: 19.16076
INFO : RESCAL : [  8] fit: 0.42582 | delta: 4.4e-04 | secs: 19.31443
INFO : RESCAL : [  9] fit: 0.42622 | delta: 4.0e-04 | secs: 19.15705
INFO : RESCAL : [ 10] fit: 0.42659 | delta: 3.7e-04 | secs: 19.59000
INFO : RESCAL : [ 11] fit: 0.42691 | delta: 3.2e-04 | secs: 19.36979
INFO : RESCAL : [ 12] fit: 0.42718 | delta: 2.7e-04 | secs: 19.35728
INFO : RESCAL : [ 13] fit: 0.42741 | delta: 2.3e-04 | secs: 19.02299
INFO : RESCAL : [ 14] fit: 0.42760 | delta: 2.0e-04 | secs: 19.26373
INFO : RESCAL : [ 15] fit: 0.42778 | delta: 1.7e-04 | secs: 19.10413
INFO : RESCAL : [ 16] fit: 0.42793 | delta: 1.5e-04 | secs: 19.41515
INFO : RESCAL : [ 17] fit: 0.42807 | delta: 1.4e-04 | secs: 19.03624
INFO : RESCAL : [ 18] fit: 0.42819 | delta: 1.2e-04 | secs: 19.42751
INFO : RESCAL : [ 19] fit: 0.42831 | delta: 1.1e-04 | secs: 19.31153
[Fold 0] AUC-PR: 0.978027
INFO : RESCAL : [  0] fit: 0.29309 | delta: 2.9e-01 | secs: 19.30013
INFO : RESCAL : [  1] fit: 0.40490 | delta: 1.1e-01 | secs: 18.99481
INFO : RESCAL : [  2] fit: 0.41780 | delta: 1.3e-02 | secs: 19.16329
INFO : RESCAL : [  3] fit: 0.42261 | delta: 4.8e-03 | secs: 21.62237
INFO : RESCAL : [  4] fit: 0.42505 | delta: 2.4e-03 | secs: 21.60726
INFO : RESCAL : [  5] fit: 0.42643 | delta: 1.4e-03 | secs: 18.89317
INFO : RESCAL : [  6] fit: 0.42726 | delta: 8.3e-04 | secs: 18.74536
INFO : RESCAL : [  7] fit: 0.42784 | delta: 5.8e-04 | secs: 19.08382
INFO : RESCAL : [  8] fit: 0.42831 | delta: 4.6e-04 | secs: 18.32101
INFO : RESCAL : [  9] fit: 0.42868 | delta: 3.8e-04 | secs: 19.55529
INFO : RESCAL : [ 10] fit: 0.42901 | delta: 3.3e-04 | secs: 18.64857
INFO : RESCAL : [ 11] fit: 0.42929 | delta: 2.8e-04 | secs: 19.33822
INFO : RESCAL : [ 12] fit: 0.42954 | delta: 2.5e-04 | secs: 18.91456
INFO : RESCAL : [ 13] fit: 0.42975 | delta: 2.1e-04 | secs: 19.45461
INFO : RESCAL : [ 14] fit: 0.42994 | delta: 1.9e-04 | secs: 19.22108
INFO : RESCAL : [ 15] fit: 0.43010 | delta: 1.6e-04 | secs: 19.22279
INFO : RESCAL : [ 16] fit: 0.43024 | delta: 1.4e-04 | secs: 19.08299
INFO : RESCAL : [ 17] fit: 0.43036 | delta: 1.2e-04 | secs: 19.58113
INFO : RESCAL : [ 18] fit: 0.43047 | delta: 1.1e-04 | secs: 18.85711
INFO : RESCAL : [ 19] fit: 0.43057 | delta: 9.4e-05 | secs: 19.23916
[Fold 1] AUC-PR: 0.977495
INFO : RESCAL : [  0] fit: 0.28996 | delta: 2.9e-01 | secs: 19.68801
INFO : RESCAL : [  1] fit: 0.40086 | delta: 1.1e-01 | secs: 18.68481
INFO : RESCAL : [  2] fit: 0.41317 | delta: 1.2e-02 | secs: 19.26268
INFO : RESCAL : [  3] fit: 0.41768 | delta: 4.5e-03 | secs: 21.14302
INFO : RESCAL : [  4] fit: 0.41984 | delta: 2.2e-03 | secs: 19.08373
INFO : RESCAL : [  5] fit: 0.42112 | delta: 1.3e-03 | secs: 19.21032
INFO : RESCAL : [  6] fit: 0.42203 | delta: 9.1e-04 | secs: 18.80856
INFO : RESCAL : [  7] fit: 0.42274 | delta: 7.1e-04 | secs: 19.11146
INFO : RESCAL : [  8] fit: 0.42329 | delta: 5.5e-04 | secs: 18.96444
INFO : RESCAL : [  9] fit: 0.42372 | delta: 4.3e-04 | secs: 19.46679
INFO : RESCAL : [ 10] fit: 0.42403 | delta: 3.2e-04 | secs: 19.02600
INFO : RESCAL : [ 11] fit: 0.42427 | delta: 2.4e-04 | secs: 19.03749
INFO : RESCAL : [ 12] fit: 0.42447 | delta: 1.9e-04 | secs: 18.68550
INFO : RESCAL : [ 13] fit: 0.42463 | delta: 1.6e-04 | secs: 18.76083
INFO : RESCAL : [ 14] fit: 0.42477 | delta: 1.4e-04 | secs: 18.83930
INFO : RESCAL : [ 15] fit: 0.42489 | delta: 1.3e-04 | secs: 19.42286
INFO : RESCAL : [ 16] fit: 0.42501 | delta: 1.1e-04 | secs: 19.30786
INFO : RESCAL : [ 17] fit: 0.42511 | delta: 1.0e-04 | secs: 19.63902
INFO : RESCAL : [ 18] fit: 0.42520 | delta: 9.5e-05 | secs: 18.99492
INFO : RESCAL : [ 19] fit: 0.42529 | delta: 8.8e-05 | secs: 18.99303
[Fold 2] AUC-PR: 0.984795
INFO : RESCAL : [  0] fit: 0.29151 | delta: 2.9e-01 | secs: 19.44631
INFO : RESCAL : [  1] fit: 0.40147 | delta: 1.1e-01 | secs: 18.52878
INFO : RESCAL : [  2] fit: 0.41437 | delta: 1.3e-02 | secs: 19.07232
INFO : RESCAL : [  3] fit: 0.41916 | delta: 4.8e-03 | secs: 21.20574
INFO : RESCAL : [  4] fit: 0.42156 | delta: 2.4e-03 | secs: 18.89696
INFO : RESCAL : [  5] fit: 0.42289 | delta: 1.3e-03 | secs: 18.56636
INFO : RESCAL : [  6] fit: 0.42375 | delta: 8.6e-04 | secs: 19.17925
INFO : RESCAL : [  7] fit: 0.42439 | delta: 6.4e-04 | secs: 18.38418
INFO : RESCAL : [  8] fit: 0.42488 | delta: 4.9e-04 | secs: 19.54663
INFO : RESCAL : [  9] fit: 0.42528 | delta: 4.0e-04 | secs: 18.67682
INFO : RESCAL : [ 10] fit: 0.42560 | delta: 3.3e-04 | secs: 18.91023
INFO : RESCAL : [ 11] fit: 0.42587 | delta: 2.7e-04 | secs: 18.50278
INFO : RESCAL : [ 12] fit: 0.42610 | delta: 2.3e-04 | secs: 19.10328
INFO : RESCAL : [ 13] fit: 0.42629 | delta: 1.9e-04 | secs: 18.56325
INFO : RESCAL : [ 14] fit: 0.42645 | delta: 1.6e-04 | secs: 19.04657
INFO : RESCAL : [ 15] fit: 0.42658 | delta: 1.3e-04 | secs: 18.90802
INFO : RESCAL : [ 16] fit: 0.42668 | delta: 1.1e-04 | secs: 18.90994
INFO : RESCAL : [ 17] fit: 0.42677 | delta: 8.6e-05 | secs: 18.39672
INFO : RESCAL : [ 18] fit: 0.42684 | delta: 7.0e-05 | secs: 19.23987
INFO : RESCAL : [ 19] fit: 0.42690 | delta: 5.8e-05 | secs: 19.00344
[Fold 3] AUC-PR: 0.981004
INFO : RESCAL : [  0] fit: 0.29110 | delta: 2.9e-01 | secs: 19.35962
INFO : RESCAL : [  1] fit: 0.40337 | delta: 1.1e-01 | secs: 18.74651
INFO : RESCAL : [  2] fit: 0.41595 | delta: 1.3e-02 | secs: 18.77604
INFO : RESCAL : [  3] fit: 0.42085 | delta: 4.9e-03 | secs: 19.35407
INFO : RESCAL : [  4] fit: 0.42333 | delta: 2.5e-03 | secs: 18.93008
INFO : RESCAL : [  5] fit: 0.42487 | delta: 1.5e-03 | secs: 19.23654
INFO : RESCAL : [  6] fit: 0.42589 | delta: 1.0e-03 | secs: 18.08077
INFO : RESCAL : [  7] fit: 0.42660 | delta: 7.1e-04 | secs: 18.57453
INFO : RESCAL : [  8] fit: 0.42710 | delta: 5.0e-04 | secs: 21.61644
INFO : RESCAL : [  9] fit: 0.42749 | delta: 3.8e-04 | secs: 18.53868
INFO : RESCAL : [ 10] fit: 0.42777 | delta: 2.8e-04 | secs: 18.90273
INFO : RESCAL : [ 11] fit: 0.42798 | delta: 2.1e-04 | secs: 18.67393
INFO : RESCAL : [ 12] fit: 0.42817 | delta: 1.9e-04 | secs: 19.11134
INFO : RESCAL : [ 13] fit: 0.42834 | delta: 1.8e-04 | secs: 18.87089
INFO : RESCAL : [ 14] fit: 0.42850 | delta: 1.6e-04 | secs: 18.65000
INFO : RESCAL : [ 15] fit: 0.42865 | delta: 1.5e-04 | secs: 19.05543
INFO : RESCAL : [ 16] fit: 0.42878 | delta: 1.3e-04 | secs: 18.45428
INFO : RESCAL : [ 17] fit: 0.42889 | delta: 1.1e-04 | secs: 18.43425
INFO : RESCAL : [ 18] fit: 0.42899 | delta: 1.0e-04 | secs: 19.23350
INFO : RESCAL : [ 19] fit: 0.42908 | delta: 8.7e-05 | secs: 18.66924
[Fold 4] AUC-PR: 0.988318
INFO : RESCAL : [  0] fit: 0.29185 | delta: 2.9e-01 | secs: 19.08422
INFO : RESCAL : [  1] fit: 0.40686 | delta: 1.2e-01 | secs: 18.32076
INFO : RESCAL : [  2] fit: 0.41978 | delta: 1.3e-02 | secs: 18.51637
INFO : RESCAL : [  3] fit: 0.42449 | delta: 4.7e-03 | secs: 19.14068
INFO : RESCAL : [  4] fit: 0.42688 | delta: 2.4e-03 | secs: 18.10236
INFO : RESCAL : [  5] fit: 0.42839 | delta: 1.5e-03 | secs: 19.40375
INFO : RESCAL : [  6] fit: 0.42937 | delta: 9.8e-04 | secs: 18.46951
INFO : RESCAL : [  7] fit: 0.43002 | delta: 6.5e-04 | secs: 18.93307
INFO : RESCAL : [  8] fit: 0.43049 | delta: 4.7e-04 | secs: 18.88102
INFO : RESCAL : [  9] fit: 0.43084 | delta: 3.5e-04 | secs: 18.66771
INFO : RESCAL : [ 10] fit: 0.43111 | delta: 2.8e-04 | secs: 18.71618
INFO : RESCAL : [ 11] fit: 0.43134 | delta: 2.3e-04 | secs: 19.03885
INFO : RESCAL : [ 12] fit: 0.43154 | delta: 1.9e-04 | secs: 18.47499
INFO : RESCAL : [ 13] fit: 0.43170 | delta: 1.6e-04 | secs: 18.73506
INFO : RESCAL : [ 14] fit: 0.43184 | delta: 1.4e-04 | secs: 18.54955
INFO : RESCAL : [ 15] fit: 0.43197 | delta: 1.2e-04 | secs: 18.50017
INFO : RESCAL : [ 16] fit: 0.43208 | delta: 1.1e-04 | secs: 18.90192
INFO : RESCAL : [ 17] fit: 0.43217 | delta: 9.6e-05 | secs: 19.57419
INFO : RESCAL : [ 18] fit: 0.43226 | delta: 8.7e-05 | secs: 18.86616
INFO : RESCAL : [ 19] fit: 0.43234 | delta: 7.8e-05 | secs: 19.26779
[Fold 5] AUC-PR: 0.976461
INFO : RESCAL : [  0] fit: 0.29220 | delta: 2.9e-01 | secs: 19.16586
INFO : RESCAL : [  1] fit: 0.40350 | delta: 1.1e-01 | secs: 18.66717
INFO : RESCAL : [  2] fit: 0.41653 | delta: 1.3e-02 | secs: 19.32035
INFO : RESCAL : [  3] fit: 0.42130 | delta: 4.8e-03 | secs: 21.89832
INFO : RESCAL : [  4] fit: 0.42355 | delta: 2.3e-03 | secs: 19.20338
INFO : RESCAL : [  5] fit: 0.42483 | delta: 1.3e-03 | secs: 18.55534
INFO : RESCAL : [  6] fit: 0.42562 | delta: 8.0e-04 | secs: 18.94080
INFO : RESCAL : [  7] fit: 0.42617 | delta: 5.5e-04 | secs: 19.10611
INFO : RESCAL : [  8] fit: 0.42661 | delta: 4.4e-04 | secs: 18.34891
INFO : RESCAL : [  9] fit: 0.42696 | delta: 3.6e-04 | secs: 19.06778
INFO : RESCAL : [ 10] fit: 0.42728 | delta: 3.2e-04 | secs: 18.22180
INFO : RESCAL : [ 11] fit: 0.42757 | delta: 2.9e-04 | secs: 19.12871
INFO : RESCAL : [ 12] fit: 0.42783 | delta: 2.6e-04 | secs: 18.51551
INFO : RESCAL : [ 13] fit: 0.42803 | delta: 2.0e-04 | secs: 18.95264
INFO : RESCAL : [ 14] fit: 0.42818 | delta: 1.5e-04 | secs: 18.32908
INFO : RESCAL : [ 15] fit: 0.42831 | delta: 1.3e-04 | secs: 18.71494
INFO : RESCAL : [ 16] fit: 0.42843 | delta: 1.2e-04 | secs: 18.50649
INFO : RESCAL : [ 17] fit: 0.42854 | delta: 1.1e-04 | secs: 19.03785
INFO : RESCAL : [ 18] fit: 0.42864 | delta: 9.9e-05 | secs: 18.44847
INFO : RESCAL : [ 19] fit: 0.42873 | delta: 9.0e-05 | secs: 18.97516
[Fold 6] AUC-PR: 0.982217
INFO : RESCAL : [  0] fit: 0.29009 | delta: 2.9e-01 | secs: 19.61473
INFO : RESCAL : [  1] fit: 0.40448 | delta: 1.1e-01 | secs: 18.41285
INFO : RESCAL : [  2] fit: 0.41781 | delta: 1.3e-02 | secs: 19.24011
INFO : RESCAL : [  3] fit: 0.42258 | delta: 4.8e-03 | secs: 21.87572
INFO : RESCAL : [  4] fit: 0.42497 | delta: 2.4e-03 | secs: 18.67635
INFO : RESCAL : [  5] fit: 0.42634 | delta: 1.4e-03 | secs: 18.91522
INFO : RESCAL : [  6] fit: 0.42715 | delta: 8.1e-04 | secs: 18.81019
INFO : RESCAL : [  7] fit: 0.42772 | delta: 5.7e-04 | secs: 19.29121
INFO : RESCAL : [  8] fit: 0.42820 | delta: 4.8e-04 | secs: 18.98321
INFO : RESCAL : [  9] fit: 0.42858 | delta: 3.8e-04 | secs: 19.38143
INFO : RESCAL : [ 10] fit: 0.42890 | delta: 3.2e-04 | secs: 19.01512
INFO : RESCAL : [ 11] fit: 0.42915 | delta: 2.5e-04 | secs: 19.52133
INFO : RESCAL : [ 12] fit: 0.42937 | delta: 2.2e-04 | secs: 18.27984
INFO : RESCAL : [ 13] fit: 0.42955 | delta: 1.8e-04 | secs: 19.33062
INFO : RESCAL : [ 14] fit: 0.42972 | delta: 1.6e-04 | secs: 19.01966
INFO : RESCAL : [ 15] fit: 0.42985 | delta: 1.4e-04 | secs: 18.85161
INFO : RESCAL : [ 16] fit: 0.42997 | delta: 1.2e-04 | secs: 21.66617
INFO : RESCAL : [ 17] fit: 0.43008 | delta: 1.0e-04 | secs: 19.22554
INFO : RESCAL : [ 18] fit: 0.43017 | delta: 9.5e-05 | secs: 18.88136
INFO : RESCAL : [ 19] fit: 0.43025 | delta: 8.1e-05 | secs: 18.29364
[Fold 7] AUC-PR: 0.981544
INFO : RESCAL : [  0] fit: 0.29269 | delta: 2.9e-01 | secs: 19.67176
INFO : RESCAL : [  1] fit: 0.40306 | delta: 1.1e-01 | secs: 18.75594
INFO : RESCAL : [  2] fit: 0.41602 | delta: 1.3e-02 | secs: 18.47012
INFO : RESCAL : [  3] fit: 0.42104 | delta: 5.0e-03 | secs: 19.08924
INFO : RESCAL : [  4] fit: 0.42335 | delta: 2.3e-03 | secs: 18.92958
INFO : RESCAL : [  5] fit: 0.42462 | delta: 1.3e-03 | secs: 19.10043
INFO : RESCAL : [  6] fit: 0.42546 | delta: 8.4e-04 | secs: 18.85331
INFO : RESCAL : [  7] fit: 0.42609 | delta: 6.3e-04 | secs: 19.60485
INFO : RESCAL : [  8] fit: 0.42657 | delta: 4.8e-04 | secs: 18.89685
INFO : RESCAL : [  9] fit: 0.42694 | delta: 3.7e-04 | secs: 19.34331
INFO : RESCAL : [ 10] fit: 0.42721 | delta: 2.7e-04 | secs: 18.58671
INFO : RESCAL : [ 11] fit: 0.42742 | delta: 2.1e-04 | secs: 19.22876
INFO : RESCAL : [ 12] fit: 0.42757 | delta: 1.5e-04 | secs: 18.71105
INFO : RESCAL : [ 13] fit: 0.42769 | delta: 1.2e-04 | secs: 19.42485
INFO : RESCAL : [ 14] fit: 0.42778 | delta: 9.2e-05 | secs: 18.39755
INFO : RESCAL : [ 15] fit: 0.42786 | delta: 8.1e-05 | secs: 19.03834
INFO : RESCAL : [ 16] fit: 0.42793 | delta: 6.9e-05 | secs: 18.66919
INFO : RESCAL : [ 17] fit: 0.42799 | delta: 6.1e-05 | secs: 18.76117
INFO : RESCAL : [ 18] fit: 0.42804 | delta: 5.2e-05 | secs: 18.85101
INFO : RESCAL : [ 19] fit: 0.42809 | delta: 4.6e-05 | secs: 18.95164
[Fold 8] AUC-PR: 0.985854
INFO : RESCAL : [  0] fit: 0.28781 | delta: 2.9e-01 | secs: 19.45169
INFO : RESCAL : [  1] fit: 0.39945 | delta: 1.1e-01 | secs: 18.50204
INFO : RESCAL : [  2] fit: 0.41247 | delta: 1.3e-02 | secs: 18.46941
INFO : RESCAL : [  3] fit: 0.41707 | delta: 4.6e-03 | secs: 19.02253
INFO : RESCAL : [  4] fit: 0.41924 | delta: 2.2e-03 | secs: 18.37800
INFO : RESCAL : [  5] fit: 0.42056 | delta: 1.3e-03 | secs: 18.87157
INFO : RESCAL : [  6] fit: 0.42142 | delta: 8.6e-04 | secs: 18.72245
INFO : RESCAL : [  7] fit: 0.42205 | delta: 6.3e-04 | secs: 18.62379
INFO : RESCAL : [  8] fit: 0.42251 | delta: 4.6e-04 | secs: 18.94438
INFO : RESCAL : [  9] fit: 0.42286 | delta: 3.5e-04 | secs: 18.87058
INFO : RESCAL : [ 10] fit: 0.42314 | delta: 2.8e-04 | secs: 18.33706
INFO : RESCAL : [ 11] fit: 0.42337 | delta: 2.3e-04 | secs: 18.91909
INFO : RESCAL : [ 12] fit: 0.42355 | delta: 1.9e-04 | secs: 18.82514
INFO : RESCAL : [ 13] fit: 0.42371 | delta: 1.6e-04 | secs: 18.83780
INFO : RESCAL : [ 14] fit: 0.42385 | delta: 1.4e-04 | secs: 18.81425
INFO : RESCAL : [ 15] fit: 0.42397 | delta: 1.2e-04 | secs: 19.08064
INFO : RESCAL : [ 16] fit: 0.42408 | delta: 1.1e-04 | secs: 18.83718
INFO : RESCAL : [ 17] fit: 0.42418 | delta: 9.9e-05 | secs: 19.42244
INFO : RESCAL : [ 18] fit: 0.42427 | delta: 9.2e-05 | secs: 18.98395
INFO : RESCAL : [ 19] fit: 0.42436 | delta: 8.5e-05 | secs: 19.41067
[Fold 9] AUC-PR: 0.983593
[Result] AUC-PR mean:0.981931 | std:0.003648 | time:3859.65 s
[CSV]    Ligne écrite dans rescal_results.csv
=== FIN: fb15k237 rank:200 ===
====================================================
RÉSUMÉ FINAL
====================================================
Combinaisons exécutées : 1 / 1
Résultats sauvegardés  : rescal_results.csv
====================================================
