Thread(s) : 34
Fold      : 09
Debut     : 2026-05-28 20:40:16
====================================================

====================================================
Fold 09
====================================================
=== DATASET: fb15k237 | rank:200 | lambda_A:0.1 | lambda_R:0.1 ===
[Config] maxIter:20 | conv:1.0e-06 | threads:34
[Data]   n_entities:14541 | n_relations:237 | total_nnz:310116
[Data]   nnz:310116 | import_time:0.04 s
[Eval]   positifs:2000 | neg/pos:1 | folds:10 | mode:cross-validation CSR echantillonnee
INFO : RESCAL : [  0] fit: 0.28963 | delta: 2.9e-01 | secs: 17.85810
INFO : RESCAL : [  1] fit: 0.40256 | delta: 1.1e-01 | secs: 18.20594
INFO : RESCAL : [  2] fit: 0.41514 | delta: 1.3e-02 | secs: 18.17945
INFO : RESCAL : [  3] fit: 0.41966 | delta: 4.5e-03 | secs: 18.31252
INFO : RESCAL : [  4] fit: 0.42191 | delta: 2.3e-03 | secs: 17.94348
INFO : RESCAL : [  5] fit: 0.42325 | delta: 1.3e-03 | secs: 17.75204
INFO : RESCAL : [  6] fit: 0.42408 | delta: 8.3e-04 | secs: 18.08371
INFO : RESCAL : [  7] fit: 0.42464 | delta: 5.6e-04 | secs: 18.35368
INFO : RESCAL : [  8] fit: 0.42504 | delta: 4.0e-04 | secs: 18.13613
INFO : RESCAL : [  9] fit: 0.42536 | delta: 3.2e-04 | secs: 17.45113
INFO : RESCAL : [ 10] fit: 0.42563 | delta: 2.7e-04 | secs: 17.84727
INFO : RESCAL : [ 11] fit: 0.42586 | delta: 2.3e-04 | secs: 17.80500
INFO : RESCAL : [ 12] fit: 0.42607 | delta: 2.1e-04 | secs: 18.53423
INFO : RESCAL : [ 13] fit: 0.42625 | delta: 1.8e-04 | secs: 18.37279
INFO : RESCAL : [ 14] fit: 0.42641 | delta: 1.6e-04 | secs: 17.66865
INFO : RESCAL : [ 15] fit: 0.42655 | delta: 1.4e-04 | secs: 18.30492
INFO : RESCAL : [ 16] fit: 0.42666 | delta: 1.2e-04 | secs: 18.16764
INFO : RESCAL : [ 17] fit: 0.42677 | delta: 1.0e-04 | secs: 17.94389
INFO : RESCAL : [ 18] fit: 0.42685 | delta: 8.8e-05 | secs: 18.21980
INFO : RESCAL : [ 19] fit: 0.42693 | delta: 7.8e-05 | secs: 18.36151
[Fold 9] AUC-PR: 0.983712
