Thread(s) : 34
Fold      : 06
Debut     : 2026-05-28 20:40:16
====================================================

====================================================
Fold 06
====================================================
=== DATASET: fb15k237 | rank:200 | lambda_A:0.1 | lambda_R:0.1 ===
[Config] maxIter:20 | conv:1.0e-06 | threads:34
[Data]   n_entities:14541 | n_relations:237 | total_nnz:310116
[Data]   nnz:310116 | import_time:0.04 s
[Eval]   positifs:2000 | neg/pos:1 | folds:10 | mode:cross-validation CSR echantillonnee
INFO : RESCAL : [  0] fit: 0.29131 | delta: 2.9e-01 | secs: 18.24825
INFO : RESCAL : [  1] fit: 0.40476 | delta: 1.1e-01 | secs: 18.02539
INFO : RESCAL : [  2] fit: 0.41769 | delta: 1.3e-02 | secs: 18.06057
INFO : RESCAL : [  3] fit: 0.42264 | delta: 4.9e-03 | secs: 17.97474
INFO : RESCAL : [  4] fit: 0.42494 | delta: 2.3e-03 | secs: 18.52531
INFO : RESCAL : [  5] fit: 0.42625 | delta: 1.3e-03 | secs: 18.41432
INFO : RESCAL : [  6] fit: 0.42712 | delta: 8.7e-04 | secs: 18.45728
INFO : RESCAL : [  7] fit: 0.42778 | delta: 6.6e-04 | secs: 18.10643
INFO : RESCAL : [  8] fit: 0.42827 | delta: 5.0e-04 | secs: 18.41356
INFO : RESCAL : [  9] fit: 0.42869 | delta: 4.1e-04 | secs: 18.45128
INFO : RESCAL : [ 10] fit: 0.42901 | delta: 3.3e-04 | secs: 18.46707
INFO : RESCAL : [ 11] fit: 0.42925 | delta: 2.3e-04 | secs: 18.59758
INFO : RESCAL : [ 12] fit: 0.42941 | delta: 1.6e-04 | secs: 18.18294
INFO : RESCAL : [ 13] fit: 0.42955 | delta: 1.4e-04 | secs: 18.23104
INFO : RESCAL : [ 14] fit: 0.42967 | delta: 1.2e-04 | secs: 18.45053
INFO : RESCAL : [ 15] fit: 0.42978 | delta: 1.1e-04 | secs: 18.23190
INFO : RESCAL : [ 16] fit: 0.42988 | delta: 1.0e-04 | secs: 18.44956
INFO : RESCAL : [ 17] fit: 0.42998 | delta: 9.4e-05 | secs: 18.47689
INFO : RESCAL : [ 18] fit: 0.43007 | delta: 8.8e-05 | secs: 18.42427
INFO : RESCAL : [ 19] fit: 0.43015 | delta: 8.3e-05 | secs: 18.00211
[Fold 6] AUC-PR: 0.981369
