Thread(s) : 34
Fold      : 03
Debut     : 2026-05-28 20:40:16
====================================================

====================================================
Fold 03
====================================================
=== DATASET: fb15k237 | rank:200 | lambda_A:0.1 | lambda_R:0.1 ===
[Config] maxIter:20 | conv:1.0e-06 | threads:34
[Data]   n_entities:14541 | n_relations:237 | total_nnz:310116
[Data]   nnz:310116 | import_time:0.04 s
[Eval]   positifs:2000 | neg/pos:1 | folds:10 | mode:cross-validation CSR echantillonnee
INFO : RESCAL : [  0] fit: 0.29377 | delta: 2.9e-01 | secs: 18.47473
INFO : RESCAL : [  1] fit: 0.40602 | delta: 1.1e-01 | secs: 18.03862
INFO : RESCAL : [  2] fit: 0.41868 | delta: 1.3e-02 | secs: 18.43211
INFO : RESCAL : [  3] fit: 0.42349 | delta: 4.8e-03 | secs: 18.05689
INFO : RESCAL : [  4] fit: 0.42582 | delta: 2.3e-03 | secs: 18.14935
INFO : RESCAL : [  5] fit: 0.42717 | delta: 1.4e-03 | secs: 17.92631
INFO : RESCAL : [  6] fit: 0.42803 | delta: 8.6e-04 | secs: 18.40175
INFO : RESCAL : [  7] fit: 0.42862 | delta: 5.9e-04 | secs: 18.12407
INFO : RESCAL : [  8] fit: 0.42903 | delta: 4.1e-04 | secs: 18.49296
INFO : RESCAL : [  9] fit: 0.42936 | delta: 3.2e-04 | secs: 17.88618
INFO : RESCAL : [ 10] fit: 0.42963 | delta: 2.7e-04 | secs: 17.59387
INFO : RESCAL : [ 11] fit: 0.42987 | delta: 2.4e-04 | secs: 18.51823
INFO : RESCAL : [ 12] fit: 0.43008 | delta: 2.1e-04 | secs: 18.38157
INFO : RESCAL : [ 13] fit: 0.43028 | delta: 1.9e-04 | secs: 18.10023
INFO : RESCAL : [ 14] fit: 0.43044 | delta: 1.7e-04 | secs: 18.23972
INFO : RESCAL : [ 15] fit: 0.43059 | delta: 1.5e-04 | secs: 18.56129
INFO : RESCAL : [ 16] fit: 0.43072 | delta: 1.3e-04 | secs: 17.72185
INFO : RESCAL : [ 17] fit: 0.43083 | delta: 1.1e-04 | secs: 18.25319
INFO : RESCAL : [ 18] fit: 0.43093 | delta: 9.6e-05 | secs: 17.73548
INFO : RESCAL : [ 19] fit: 0.43101 | delta: 8.6e-05 | secs: 17.94081
[Fold 3] AUC-PR: 0.988254
