Thread(s) : 34
Fold      : 02
Debut     : 2026-05-28 20:40:16
====================================================

====================================================
Fold 02
====================================================
=== DATASET: fb15k237 | rank:200 | lambda_A:0.1 | lambda_R:0.1 ===
[Config] maxIter:20 | conv:1.0e-06 | threads:34
[Data]   n_entities:14541 | n_relations:237 | total_nnz:310116
[Data]   nnz:310116 | import_time:0.04 s
[Eval]   positifs:2000 | neg/pos:1 | folds:10 | mode:cross-validation CSR echantillonnee
INFO : RESCAL : [  0] fit: 0.28705 | delta: 2.9e-01 | secs: 18.23472
INFO : RESCAL : [  1] fit: 0.39940 | delta: 1.1e-01 | secs: 18.11544
INFO : RESCAL : [  2] fit: 0.41213 | delta: 1.3e-02 | secs: 18.29587
INFO : RESCAL : [  3] fit: 0.41686 | delta: 4.7e-03 | secs: 17.81452
INFO : RESCAL : [  4] fit: 0.41928 | delta: 2.4e-03 | secs: 18.04038
INFO : RESCAL : [  5] fit: 0.42073 | delta: 1.4e-03 | secs: 18.06978
INFO : RESCAL : [  6] fit: 0.42166 | delta: 9.3e-04 | secs: 18.09908
INFO : RESCAL : [  7] fit: 0.42231 | delta: 6.5e-04 | secs: 17.75057
INFO : RESCAL : [  8] fit: 0.42279 | delta: 4.8e-04 | secs: 18.24683
INFO : RESCAL : [  9] fit: 0.42316 | delta: 3.7e-04 | secs: 17.66817
INFO : RESCAL : [ 10] fit: 0.42344 | delta: 2.8e-04 | secs: 17.85946
INFO : RESCAL : [ 11] fit: 0.42365 | delta: 2.2e-04 | secs: 18.47928
INFO : RESCAL : [ 12] fit: 0.42382 | delta: 1.7e-04 | secs: 18.10774
INFO : RESCAL : [ 13] fit: 0.42397 | delta: 1.4e-04 | secs: 18.45539
INFO : RESCAL : [ 14] fit: 0.42409 | delta: 1.2e-04 | secs: 17.97775
INFO : RESCAL : [ 15] fit: 0.42419 | delta: 1.1e-04 | secs: 17.66255
INFO : RESCAL : [ 16] fit: 0.42428 | delta: 9.1e-05 | secs: 18.37201
INFO : RESCAL : [ 17] fit: 0.42436 | delta: 8.1e-05 | secs: 17.99137
INFO : RESCAL : [ 18] fit: 0.42443 | delta: 7.0e-05 | secs: 18.24809
INFO : RESCAL : [ 19] fit: 0.42450 | delta: 6.3e-05 | secs: 18.13922
[Fold 2] AUC-PR: 0.969670
