Thread(s) : 34
Fold      : 08
Debut     : 2026-05-28 20:40:16
====================================================

====================================================
Fold 08
====================================================
=== DATASET: fb15k237 | rank:200 | lambda_A:0.1 | lambda_R:0.1 ===
[Config] maxIter:20 | conv:1.0e-06 | threads:34
[Data]   n_entities:14541 | n_relations:237 | total_nnz:310116
[Data]   nnz:310116 | import_time:0.04 s
[Eval]   positifs:2000 | neg/pos:1 | folds:10 | mode:cross-validation CSR echantillonnee
INFO : RESCAL : [  0] fit: 0.28934 | delta: 2.9e-01 | secs: 18.79525
INFO : RESCAL : [  1] fit: 0.40182 | delta: 1.1e-01 | secs: 18.45115
INFO : RESCAL : [  2] fit: 0.41475 | delta: 1.3e-02 | secs: 18.43293
INFO : RESCAL : [  3] fit: 0.41937 | delta: 4.6e-03 | secs: 18.69155
INFO : RESCAL : [  4] fit: 0.42150 | delta: 2.1e-03 | secs: 18.22621
INFO : RESCAL : [  5] fit: 0.42281 | delta: 1.3e-03 | secs: 18.08698
INFO : RESCAL : [  6] fit: 0.42374 | delta: 9.3e-04 | secs: 18.72238
INFO : RESCAL : [  7] fit: 0.42441 | delta: 6.7e-04 | secs: 17.81516
INFO : RESCAL : [  8] fit: 0.42488 | delta: 4.6e-04 | secs: 17.96244
INFO : RESCAL : [  9] fit: 0.42521 | delta: 3.4e-04 | secs: 18.13880
INFO : RESCAL : [ 10] fit: 0.42547 | delta: 2.6e-04 | secs: 17.94727
INFO : RESCAL : [ 11] fit: 0.42569 | delta: 2.2e-04 | secs: 17.80070
INFO : RESCAL : [ 12] fit: 0.42588 | delta: 1.9e-04 | secs: 18.06320
INFO : RESCAL : [ 13] fit: 0.42605 | delta: 1.7e-04 | secs: 18.29833
INFO : RESCAL : [ 14] fit: 0.42618 | delta: 1.4e-04 | secs: 18.09146
INFO : RESCAL : [ 15] fit: 0.42630 | delta: 1.2e-04 | secs: 18.39314
INFO : RESCAL : [ 16] fit: 0.42641 | delta: 1.0e-04 | secs: 18.04413
INFO : RESCAL : [ 17] fit: 0.42650 | delta: 9.2e-05 | secs: 18.43603
INFO : RESCAL : [ 18] fit: 0.42658 | delta: 8.4e-05 | secs: 18.02415
INFO : RESCAL : [ 19] fit: 0.42666 | delta: 7.7e-05 | secs: 18.32976
[Fold 8] AUC-PR: 0.976229
