Thread(s) : 34
Fold      : 05
Debut     : 2026-05-28 20:40:16
====================================================

====================================================
Fold 05
====================================================
=== DATASET: fb15k237 | rank:200 | lambda_A:0.1 | lambda_R:0.1 ===
[Config] maxIter:20 | conv:1.0e-06 | threads:34
[Data]   n_entities:14541 | n_relations:237 | total_nnz:310116
[Data]   nnz:310116 | import_time:0.04 s
[Eval]   positifs:2000 | neg/pos:1 | folds:10 | mode:cross-validation CSR echantillonnee
INFO : RESCAL : [  0] fit: 0.28759 | delta: 2.9e-01 | secs: 17.85288
INFO : RESCAL : [  1] fit: 0.40093 | delta: 1.1e-01 | secs: 17.93595
INFO : RESCAL : [  2] fit: 0.41424 | delta: 1.3e-02 | secs: 18.04631
INFO : RESCAL : [  3] fit: 0.41925 | delta: 5.0e-03 | secs: 17.67105
INFO : RESCAL : [  4] fit: 0.42164 | delta: 2.4e-03 | secs: 17.88425
INFO : RESCAL : [  5] fit: 0.42304 | delta: 1.4e-03 | secs: 18.24696
INFO : RESCAL : [  6] fit: 0.42388 | delta: 8.4e-04 | secs: 18.10912
INFO : RESCAL : [  7] fit: 0.42447 | delta: 5.9e-04 | secs: 17.84154
INFO : RESCAL : [  8] fit: 0.42495 | delta: 4.8e-04 | secs: 18.34950
INFO : RESCAL : [  9] fit: 0.42538 | delta: 4.3e-04 | secs: 18.35549
INFO : RESCAL : [ 10] fit: 0.42575 | delta: 3.7e-04 | secs: 17.72941
INFO : RESCAL : [ 11] fit: 0.42607 | delta: 3.2e-04 | secs: 18.35448
INFO : RESCAL : [ 12] fit: 0.42635 | delta: 2.8e-04 | secs: 17.70266
INFO : RESCAL : [ 13] fit: 0.42657 | delta: 2.3e-04 | secs: 17.88342
INFO : RESCAL : [ 14] fit: 0.42676 | delta: 1.8e-04 | secs: 18.37147
INFO : RESCAL : [ 15] fit: 0.42691 | delta: 1.5e-04 | secs: 18.29641
INFO : RESCAL : [ 16] fit: 0.42703 | delta: 1.2e-04 | secs: 18.40688
INFO : RESCAL : [ 17] fit: 0.42714 | delta: 1.1e-04 | secs: 18.17097
INFO : RESCAL : [ 18] fit: 0.42723 | delta: 9.5e-05 | secs: 18.37127
INFO : RESCAL : [ 19] fit: 0.42732 | delta: 8.4e-05 | secs: 18.10451
[Fold 5] AUC-PR: 0.991884
