Thread(s) : 10
Fold      : 04
Debut     : 2026-05-28 07:34:21
====================================================

====================================================
Fold 04
====================================================
=== DATASET: fb15k237 | rank:200 | lambda_A:0.1 | lambda_R:0.1 ===
[Config] maxIter:20 | conv:1.0e-06 | threads:10
[Data]   n_entities:14541 | n_relations:237 | total_nnz:310116
[Data]   nnz:310116 | import_time:0.04 s
[Eval]   positifs:2000 | neg/pos:1 | folds:10 | mode:cross-validation CSR echantillonnee
INFO : RESCAL : [  0] fit: 0.28944 | delta: 2.9e-01 | secs: 22.69289
INFO : RESCAL : [  1] fit: 0.40055 | delta: 1.1e-01 | secs: 23.51605
INFO : RESCAL : [  2] fit: 0.41333 | delta: 1.3e-02 | secs: 23.06993
INFO : RESCAL : [  3] fit: 0.41840 | delta: 5.1e-03 | secs: 23.65360
INFO : RESCAL : [  4] fit: 0.42087 | delta: 2.5e-03 | secs: 23.83432
INFO : RESCAL : [  5] fit: 0.42233 | delta: 1.5e-03 | secs: 23.74480
INFO : RESCAL : [  6] fit: 0.42327 | delta: 9.4e-04 | secs: 23.02799
INFO : RESCAL : [  7] fit: 0.42393 | delta: 6.5e-04 | secs: 23.83525
INFO : RESCAL : [  8] fit: 0.42440 | delta: 4.7e-04 | secs: 22.75714
INFO : RESCAL : [  9] fit: 0.42477 | delta: 3.7e-04 | secs: 23.10891
INFO : RESCAL : [ 10] fit: 0.42506 | delta: 3.0e-04 | secs: 22.46034
INFO : RESCAL : [ 11] fit: 0.42531 | delta: 2.4e-04 | secs: 23.23522
INFO : RESCAL : [ 12] fit: 0.42552 | delta: 2.1e-04 | secs: 23.00406
INFO : RESCAL : [ 13] fit: 0.42569 | delta: 1.8e-04 | secs: 23.33138
INFO : RESCAL : [ 14] fit: 0.42585 | delta: 1.6e-04 | secs: 23.46583
INFO : RESCAL : [ 15] fit: 0.42599 | delta: 1.4e-04 | secs: 23.41829
INFO : RESCAL : [ 16] fit: 0.42613 | delta: 1.3e-04 | secs: 23.17582
INFO : RESCAL : [ 17] fit: 0.42624 | delta: 1.2e-04 | secs: 22.84358
INFO : RESCAL : [ 18] fit: 0.42635 | delta: 1.1e-04 | secs: 22.85803
INFO : RESCAL : [ 19] fit: 0.42645 | delta: 9.9e-05 | secs: 23.22385
[Fold 4] AUC-PR: 0.976384
