Thread(s) : 10
Fold      : 08
Debut     : 2026-05-28 07:34:21
====================================================

====================================================
Fold 08
====================================================
=== DATASET: fb15k237 | rank:200 | lambda_A:0.1 | lambda_R:0.1 ===
[Config] maxIter:20 | conv:1.0e-06 | threads:10
[Data]   n_entities:14541 | n_relations:237 | total_nnz:310116
[Data]   nnz:310116 | import_time:0.04 s
[Eval]   positifs:2000 | neg/pos:1 | folds:10 | mode:cross-validation CSR echantillonnee
INFO : RESCAL : [  0] fit: 0.29185 | delta: 2.9e-01 | secs: 23.49935
INFO : RESCAL : [  1] fit: 0.40116 | delta: 1.1e-01 | secs: 22.41170
INFO : RESCAL : [  2] fit: 0.41384 | delta: 1.3e-02 | secs: 23.26612
INFO : RESCAL : [  3] fit: 0.41888 | delta: 5.0e-03 | secs: 22.49070
INFO : RESCAL : [  4] fit: 0.42153 | delta: 2.7e-03 | secs: 22.44308
INFO : RESCAL : [  5] fit: 0.42297 | delta: 1.4e-03 | secs: 23.08206
INFO : RESCAL : [  6] fit: 0.42389 | delta: 9.2e-04 | secs: 22.47955
INFO : RESCAL : [  7] fit: 0.42453 | delta: 6.4e-04 | secs: 23.20957
INFO : RESCAL : [  8] fit: 0.42506 | delta: 5.3e-04 | secs: 23.38966
INFO : RESCAL : [  9] fit: 0.42546 | delta: 4.0e-04 | secs: 23.00665
INFO : RESCAL : [ 10] fit: 0.42579 | delta: 3.3e-04 | secs: 22.62488
INFO : RESCAL : [ 11] fit: 0.42603 | delta: 2.5e-04 | secs: 24.04299
INFO : RESCAL : [ 12] fit: 0.42625 | delta: 2.1e-04 | secs: 22.79266
INFO : RESCAL : [ 13] fit: 0.42642 | delta: 1.7e-04 | secs: 22.92508
INFO : RESCAL : [ 14] fit: 0.42657 | delta: 1.5e-04 | secs: 23.83190
INFO : RESCAL : [ 15] fit: 0.42670 | delta: 1.3e-04 | secs: 22.70288
INFO : RESCAL : [ 16] fit: 0.42682 | delta: 1.2e-04 | secs: 23.08276
INFO : RESCAL : [ 17] fit: 0.42692 | delta: 1.0e-04 | secs: 23.92566
INFO : RESCAL : [ 18] fit: 0.42701 | delta: 9.0e-05 | secs: 22.64989
INFO : RESCAL : [ 19] fit: 0.42709 | delta: 7.8e-05 | secs: 22.98986
[Fold 8] AUC-PR: 0.990507
