Thread(s) : 10
Fold      : 02
Debut     : 2026-05-28 07:34:21
====================================================

====================================================
Fold 02
====================================================
=== DATASET: fb15k237 | rank:200 | lambda_A:0.1 | lambda_R:0.1 ===
[Config] maxIter:20 | conv:1.0e-06 | threads:10
[Data]   n_entities:14541 | n_relations:237 | total_nnz:310116
[Data]   nnz:310116 | import_time:0.04 s
[Eval]   positifs:2000 | neg/pos:1 | folds:10 | mode:cross-validation CSR echantillonnee
INFO : RESCAL : [  0] fit: 0.28923 | delta: 2.9e-01 | secs: 23.43307
INFO : RESCAL : [  1] fit: 0.40031 | delta: 1.1e-01 | secs: 22.85514
INFO : RESCAL : [  2] fit: 0.41231 | delta: 1.2e-02 | secs: 23.95623
INFO : RESCAL : [  3] fit: 0.41687 | delta: 4.6e-03 | secs: 22.88250
INFO : RESCAL : [  4] fit: 0.41922 | delta: 2.4e-03 | secs: 23.09181
INFO : RESCAL : [  5] fit: 0.42060 | delta: 1.4e-03 | secs: 23.04330
INFO : RESCAL : [  6] fit: 0.42147 | delta: 8.8e-04 | secs: 23.28785
INFO : RESCAL : [  7] fit: 0.42210 | delta: 6.3e-04 | secs: 23.05386
INFO : RESCAL : [  8] fit: 0.42257 | delta: 4.7e-04 | secs: 23.12239
INFO : RESCAL : [  9] fit: 0.42293 | delta: 3.6e-04 | secs: 22.75493
INFO : RESCAL : [ 10] fit: 0.42322 | delta: 2.9e-04 | secs: 23.64487
INFO : RESCAL : [ 11] fit: 0.42346 | delta: 2.4e-04 | secs: 22.57662
INFO : RESCAL : [ 12] fit: 0.42365 | delta: 1.9e-04 | secs: 22.93779
INFO : RESCAL : [ 13] fit: 0.42379 | delta: 1.4e-04 | secs: 23.01612
INFO : RESCAL : [ 14] fit: 0.42391 | delta: 1.2e-04 | secs: 23.26406
INFO : RESCAL : [ 15] fit: 0.42401 | delta: 9.9e-05 | secs: 22.86535
INFO : RESCAL : [ 16] fit: 0.42410 | delta: 9.1e-05 | secs: 23.96364
INFO : RESCAL : [ 17] fit: 0.42418 | delta: 8.3e-05 | secs: 22.37282
INFO : RESCAL : [ 18] fit: 0.42426 | delta: 7.8e-05 | secs: 23.51607
INFO : RESCAL : [ 19] fit: 0.42433 | delta: 7.1e-05 | secs: 23.01438
[Fold 2] AUC-PR: 0.976857
