Thread(s) : 10
Fold      : 03
Debut     : 2026-05-28 07:34:21
====================================================

====================================================
Fold 03
====================================================
=== DATASET: fb15k237 | rank:200 | lambda_A:0.1 | lambda_R:0.1 ===
[Config] maxIter:20 | conv:1.0e-06 | threads:10
[Data]   n_entities:14541 | n_relations:237 | total_nnz:310116
[Data]   nnz:310116 | import_time:0.04 s
[Eval]   positifs:2000 | neg/pos:1 | folds:10 | mode:cross-validation CSR echantillonnee
INFO : RESCAL : [  0] fit: 0.28957 | delta: 2.9e-01 | secs: 23.25259
INFO : RESCAL : [  1] fit: 0.40124 | delta: 1.1e-01 | secs: 23.65560
INFO : RESCAL : [  2] fit: 0.41471 | delta: 1.3e-02 | secs: 23.69733
INFO : RESCAL : [  3] fit: 0.41989 | delta: 5.2e-03 | secs: 23.35348
INFO : RESCAL : [  4] fit: 0.42242 | delta: 2.5e-03 | secs: 23.42906
INFO : RESCAL : [  5] fit: 0.42375 | delta: 1.3e-03 | secs: 22.42370
INFO : RESCAL : [  6] fit: 0.42454 | delta: 7.9e-04 | secs: 23.02080
INFO : RESCAL : [  7] fit: 0.42505 | delta: 5.2e-04 | secs: 23.63210
INFO : RESCAL : [  8] fit: 0.42543 | delta: 3.8e-04 | secs: 23.98564
INFO : RESCAL : [  9] fit: 0.42572 | delta: 2.9e-04 | secs: 22.69443
INFO : RESCAL : [ 10] fit: 0.42595 | delta: 2.3e-04 | secs: 23.62084
INFO : RESCAL : [ 11] fit: 0.42613 | delta: 1.8e-04 | secs: 22.55473
INFO : RESCAL : [ 12] fit: 0.42627 | delta: 1.4e-04 | secs: 23.35299
INFO : RESCAL : [ 13] fit: 0.42638 | delta: 1.1e-04 | secs: 22.95314
INFO : RESCAL : [ 14] fit: 0.42647 | delta: 8.8e-05 | secs: 23.32059
INFO : RESCAL : [ 15] fit: 0.42655 | delta: 7.2e-05 | secs: 23.64916
INFO : RESCAL : [ 16] fit: 0.42661 | delta: 6.2e-05 | secs: 22.77285
INFO : RESCAL : [ 17] fit: 0.42666 | delta: 5.5e-05 | secs: 23.16737
INFO : RESCAL : [ 18] fit: 0.42671 | delta: 4.9e-05 | secs: 23.56741
INFO : RESCAL : [ 19] fit: 0.42676 | delta: 4.6e-05 | secs: 23.20368
[Fold 3] AUC-PR: 0.988662
