Thread(s) : 10
Fold      : 09
Debut     : 2026-05-28 07:34:21
====================================================

====================================================
Fold 09
====================================================
=== DATASET: fb15k237 | rank:200 | lambda_A:0.1 | lambda_R:0.1 ===
[Config] maxIter:20 | conv:1.0e-06 | threads:10
[Data]   n_entities:14541 | n_relations:237 | total_nnz:310116
[Data]   nnz:310116 | import_time:0.04 s
[Eval]   positifs:2000 | neg/pos:1 | folds:10 | mode:cross-validation CSR echantillonnee
INFO : RESCAL : [  0] fit: 0.29087 | delta: 2.9e-01 | secs: 23.45688
INFO : RESCAL : [  1] fit: 0.40231 | delta: 1.1e-01 | secs: 22.43725
INFO : RESCAL : [  2] fit: 0.41511 | delta: 1.3e-02 | secs: 23.07453
INFO : RESCAL : [  3] fit: 0.41995 | delta: 4.8e-03 | secs: 22.55132
INFO : RESCAL : [  4] fit: 0.42220 | delta: 2.3e-03 | secs: 22.39628
INFO : RESCAL : [  5] fit: 0.42344 | delta: 1.2e-03 | secs: 23.26787
INFO : RESCAL : [  6] fit: 0.42422 | delta: 7.8e-04 | secs: 22.63441
INFO : RESCAL : [  7] fit: 0.42476 | delta: 5.4e-04 | secs: 22.38465
INFO : RESCAL : [  8] fit: 0.42519 | delta: 4.2e-04 | secs: 23.48399
INFO : RESCAL : [  9] fit: 0.42553 | delta: 3.4e-04 | secs: 23.28721
INFO : RESCAL : [ 10] fit: 0.42582 | delta: 2.9e-04 | secs: 22.92928
INFO : RESCAL : [ 11] fit: 0.42606 | delta: 2.4e-04 | secs: 23.32369
INFO : RESCAL : [ 12] fit: 0.42626 | delta: 2.0e-04 | secs: 22.79539
INFO : RESCAL : [ 13] fit: 0.42643 | delta: 1.7e-04 | secs: 23.04958
INFO : RESCAL : [ 14] fit: 0.42658 | delta: 1.5e-04 | secs: 23.30949
INFO : RESCAL : [ 15] fit: 0.42670 | delta: 1.3e-04 | secs: 23.34784
INFO : RESCAL : [ 16] fit: 0.42681 | delta: 1.1e-04 | secs: 22.95918
INFO : RESCAL : [ 17] fit: 0.42691 | delta: 9.7e-05 | secs: 23.20542
INFO : RESCAL : [ 18] fit: 0.42700 | delta: 8.6e-05 | secs: 22.60798
INFO : RESCAL : [ 19] fit: 0.42707 | delta: 7.7e-05 | secs: 23.14638
[Fold 9] AUC-PR: 0.979158
