Thread(s) : 10
Fold      : 07
Debut     : 2026-05-28 07:34:21
====================================================

====================================================
Fold 07
====================================================
=== DATASET: fb15k237 | rank:200 | lambda_A:0.1 | lambda_R:0.1 ===
[Config] maxIter:20 | conv:1.0e-06 | threads:10
[Data]   n_entities:14541 | n_relations:237 | total_nnz:310116
[Data]   nnz:310116 | import_time:0.04 s
[Eval]   positifs:2000 | neg/pos:1 | folds:10 | mode:cross-validation CSR echantillonnee
INFO : RESCAL : [  0] fit: 0.28890 | delta: 2.9e-01 | secs: 23.43358
INFO : RESCAL : [  1] fit: 0.39965 | delta: 1.1e-01 | secs: 22.04660
INFO : RESCAL : [  2] fit: 0.41190 | delta: 1.2e-02 | secs: 23.21669
INFO : RESCAL : [  3] fit: 0.41675 | delta: 4.8e-03 | secs: 22.39614
INFO : RESCAL : [  4] fit: 0.41892 | delta: 2.2e-03 | secs: 22.29937
INFO : RESCAL : [  5] fit: 0.42003 | delta: 1.1e-03 | secs: 23.26336
INFO : RESCAL : [  6] fit: 0.42076 | delta: 7.3e-04 | secs: 23.19809
INFO : RESCAL : [  7] fit: 0.42128 | delta: 5.2e-04 | secs: 22.32084
INFO : RESCAL : [  8] fit: 0.42169 | delta: 4.1e-04 | secs: 23.21220
INFO : RESCAL : [  9] fit: 0.42201 | delta: 3.2e-04 | secs: 23.07032
INFO : RESCAL : [ 10] fit: 0.42227 | delta: 2.7e-04 | secs: 23.09973
INFO : RESCAL : [ 11] fit: 0.42249 | delta: 2.2e-04 | secs: 23.78239
INFO : RESCAL : [ 12] fit: 0.42267 | delta: 1.8e-04 | secs: 23.31112
INFO : RESCAL : [ 13] fit: 0.42283 | delta: 1.5e-04 | secs: 22.93841
INFO : RESCAL : [ 14] fit: 0.42296 | delta: 1.3e-04 | secs: 23.10778
INFO : RESCAL : [ 15] fit: 0.42308 | delta: 1.2e-04 | secs: 22.54744
INFO : RESCAL : [ 16] fit: 0.42318 | delta: 1.0e-04 | secs: 23.05369
INFO : RESCAL : [ 17] fit: 0.42328 | delta: 9.2e-05 | secs: 23.13769
INFO : RESCAL : [ 18] fit: 0.42336 | delta: 8.2e-05 | secs: 22.45377
INFO : RESCAL : [ 19] fit: 0.42343 | delta: 7.2e-05 | secs: 23.13147
[Fold 7] AUC-PR: 0.977640
