Thread(s) : 32
Fold      : 00
Debut     : 2026-05-28 19:43:18
====================================================

====================================================
Fold 00
====================================================
=== DATASET: fb15k237 | rank:200 | lambda_A:0.1 | lambda_R:0.1 ===
[Config] maxIter:20 | conv:1.0e-06 | threads:32
[Data]   n_entities:14541 | n_relations:237 | total_nnz:310116
[Data]   nnz:310116 | import_time:0.04 s
[Eval]   positifs:2000 | neg/pos:1 | folds:10 | mode:cross-validation CSR echantillonnee
INFO : RESCAL : [  0] fit: 0.29106 | delta: 2.9e-01 | secs: 19.25495
INFO : RESCAL : [  1] fit: 0.40521 | delta: 1.1e-01 | secs: 16.82715
INFO : RESCAL : [  2] fit: 0.41867 | delta: 1.3e-02 | secs: 17.01066
INFO : RESCAL : [  3] fit: 0.42360 | delta: 4.9e-03 | secs: 16.20665
INFO : RESCAL : [  4] fit: 0.42593 | delta: 2.3e-03 | secs: 16.35658
INFO : RESCAL : [  5] fit: 0.42723 | delta: 1.3e-03 | secs: 16.55806
INFO : RESCAL : [  6] fit: 0.42807 | delta: 8.4e-04 | secs: 16.39707
INFO : RESCAL : [  7] fit: 0.42869 | delta: 6.2e-04 | secs: 16.82669
INFO : RESCAL : [  8] fit: 0.42918 | delta: 4.9e-04 | secs: 16.75968
INFO : RESCAL : [  9] fit: 0.42956 | delta: 3.8e-04 | secs: 16.74699
INFO : RESCAL : [ 10] fit: 0.42987 | delta: 3.1e-04 | secs: 16.56816
INFO : RESCAL : [ 11] fit: 0.43011 | delta: 2.4e-04 | secs: 16.29520
INFO : RESCAL : [ 12] fit: 0.43030 | delta: 1.9e-04 | secs: 16.77606
INFO : RESCAL : [ 13] fit: 0.43045 | delta: 1.5e-04 | secs: 16.29283
INFO : RESCAL : [ 14] fit: 0.43059 | delta: 1.3e-04 | secs: 16.68746
INFO : RESCAL : [ 15] fit: 0.43070 | delta: 1.2e-04 | secs: 16.45319
INFO : RESCAL : [ 16] fit: 0.43081 | delta: 1.0e-04 | secs: 16.68898
INFO : RESCAL : [ 17] fit: 0.43090 | delta: 9.5e-05 | secs: 16.25717
INFO : RESCAL : [ 18] fit: 0.43099 | delta: 8.8e-05 | secs: 16.44148
INFO : RESCAL : [ 19] fit: 0.43107 | delta: 8.2e-05 | secs: 16.19578
[Fold 0] AUC-PR: 0.969516
