Thread(s) : 32
Fold      : 03
Debut     : 2026-05-28 19:43:18
====================================================

====================================================
Fold 03
====================================================
=== DATASET: fb15k237 | rank:200 | lambda_A:0.1 | lambda_R:0.1 ===
[Config] maxIter:20 | conv:1.0e-06 | threads:32
[Data]   n_entities:14541 | n_relations:237 | total_nnz:310116
[Data]   nnz:310116 | import_time:0.04 s
[Eval]   positifs:2000 | neg/pos:1 | folds:10 | mode:cross-validation CSR echantillonnee
INFO : RESCAL : [  0] fit: 0.29035 | delta: 2.9e-01 | secs: 17.43125
INFO : RESCAL : [  1] fit: 0.40300 | delta: 1.1e-01 | secs: 17.27851
INFO : RESCAL : [  2] fit: 0.41586 | delta: 1.3e-02 | secs: 16.96834
INFO : RESCAL : [  3] fit: 0.42069 | delta: 4.8e-03 | secs: 17.02117
INFO : RESCAL : [  4] fit: 0.42322 | delta: 2.5e-03 | secs: 17.00720
INFO : RESCAL : [  5] fit: 0.42478 | delta: 1.6e-03 | secs: 16.32308
INFO : RESCAL : [  6] fit: 0.42578 | delta: 1.0e-03 | secs: 16.84728
INFO : RESCAL : [  7] fit: 0.42650 | delta: 7.3e-04 | secs: 17.09760
INFO : RESCAL : [  8] fit: 0.42701 | delta: 5.1e-04 | secs: 16.28983
INFO : RESCAL : [  9] fit: 0.42739 | delta: 3.8e-04 | secs: 17.01888
INFO : RESCAL : [ 10] fit: 0.42767 | delta: 2.8e-04 | secs: 17.01016
INFO : RESCAL : [ 11] fit: 0.42789 | delta: 2.2e-04 | secs: 17.01563
INFO : RESCAL : [ 12] fit: 0.42807 | delta: 1.7e-04 | secs: 16.56708
INFO : RESCAL : [ 13] fit: 0.42821 | delta: 1.5e-04 | secs: 16.77416
INFO : RESCAL : [ 14] fit: 0.42833 | delta: 1.2e-04 | secs: 16.73259
INFO : RESCAL : [ 15] fit: 0.42844 | delta: 1.1e-04 | secs: 16.58839
INFO : RESCAL : [ 16] fit: 0.42853 | delta: 9.0e-05 | secs: 16.55441
INFO : RESCAL : [ 17] fit: 0.42861 | delta: 7.9e-05 | secs: 17.63392
INFO : RESCAL : [ 18] fit: 0.42867 | delta: 6.6e-05 | secs: 16.93717
INFO : RESCAL : [ 19] fit: 0.42873 | delta: 5.5e-05 | secs: 17.18008
[Fold 3] AUC-PR: 0.983796
