Thread(s) : 32
Fold      : 07
Debut     : 2026-05-28 19:43:18
====================================================

====================================================
Fold 07
====================================================
=== DATASET: fb15k237 | rank:200 | lambda_A:0.1 | lambda_R:0.1 ===
[Config] maxIter:20 | conv:1.0e-06 | threads:32
[Data]   n_entities:14541 | n_relations:237 | total_nnz:310116
[Data]   nnz:310116 | import_time:0.04 s
[Eval]   positifs:2000 | neg/pos:1 | folds:10 | mode:cross-validation CSR echantillonnee
INFO : RESCAL : [  0] fit: 0.28853 | delta: 2.9e-01 | secs: 17.47247
INFO : RESCAL : [  1] fit: 0.40072 | delta: 1.1e-01 | secs: 16.66655
INFO : RESCAL : [  2] fit: 0.41409 | delta: 1.3e-02 | secs: 16.85712
INFO : RESCAL : [  3] fit: 0.41860 | delta: 4.5e-03 | secs: 17.01469
INFO : RESCAL : [  4] fit: 0.42066 | delta: 2.1e-03 | secs: 16.60596
INFO : RESCAL : [  5] fit: 0.42185 | delta: 1.2e-03 | secs: 16.88319
INFO : RESCAL : [  6] fit: 0.42269 | delta: 8.5e-04 | secs: 16.68044
INFO : RESCAL : [  7] fit: 0.42332 | delta: 6.3e-04 | secs: 17.27698
INFO : RESCAL : [  8] fit: 0.42382 | delta: 5.0e-04 | secs: 16.93654
INFO : RESCAL : [  9] fit: 0.42422 | delta: 4.0e-04 | secs: 17.05903
INFO : RESCAL : [ 10] fit: 0.42457 | delta: 3.4e-04 | secs: 16.66288
INFO : RESCAL : [ 11] fit: 0.42486 | delta: 2.9e-04 | secs: 16.49679
INFO : RESCAL : [ 12] fit: 0.42511 | delta: 2.5e-04 | secs: 17.05488
INFO : RESCAL : [ 13] fit: 0.42533 | delta: 2.2e-04 | secs: 17.02176
INFO : RESCAL : [ 14] fit: 0.42551 | delta: 1.9e-04 | secs: 16.75147
INFO : RESCAL : [ 15] fit: 0.42567 | delta: 1.6e-04 | secs: 16.13341
INFO : RESCAL : [ 16] fit: 0.42581 | delta: 1.4e-04 | secs: 16.49177
INFO : RESCAL : [ 17] fit: 0.42593 | delta: 1.2e-04 | secs: 16.54575
INFO : RESCAL : [ 18] fit: 0.42604 | delta: 1.1e-04 | secs: 16.56747
INFO : RESCAL : [ 19] fit: 0.42614 | delta: 9.7e-05 | secs: 17.51859
[Fold 7] AUC-PR: 0.979720
