Thread(s) : 32
Fold      : 02
Debut     : 2026-05-28 19:43:18
====================================================

====================================================
Fold 02
====================================================
=== DATASET: fb15k237 | rank:200 | lambda_A:0.1 | lambda_R:0.1 ===
[Config] maxIter:20 | conv:1.0e-06 | threads:32
[Data]   n_entities:14541 | n_relations:237 | total_nnz:310116
[Data]   nnz:310116 | import_time:0.04 s
[Eval]   positifs:2000 | neg/pos:1 | folds:10 | mode:cross-validation CSR echantillonnee
INFO : RESCAL : [  0] fit: 0.28840 | delta: 2.9e-01 | secs: 17.43079
INFO : RESCAL : [  1] fit: 0.39912 | delta: 1.1e-01 | secs: 16.99975
INFO : RESCAL : [  2] fit: 0.41199 | delta: 1.3e-02 | secs: 16.89634
INFO : RESCAL : [  3] fit: 0.41681 | delta: 4.8e-03 | secs: 17.33352
INFO : RESCAL : [  4] fit: 0.41918 | delta: 2.4e-03 | secs: 17.18961
INFO : RESCAL : [  5] fit: 0.42052 | delta: 1.3e-03 | secs: 17.40326
INFO : RESCAL : [  6] fit: 0.42146 | delta: 9.4e-04 | secs: 16.91473
INFO : RESCAL : [  7] fit: 0.42219 | delta: 7.3e-04 | secs: 16.91764
INFO : RESCAL : [  8] fit: 0.42273 | delta: 5.4e-04 | secs: 16.31866
INFO : RESCAL : [  9] fit: 0.42310 | delta: 3.8e-04 | secs: 16.20207
INFO : RESCAL : [ 10] fit: 0.42343 | delta: 3.3e-04 | secs: 16.70007
INFO : RESCAL : [ 11] fit: 0.42372 | delta: 2.9e-04 | secs: 16.35736
INFO : RESCAL : [ 12] fit: 0.42395 | delta: 2.4e-04 | secs: 17.01012
INFO : RESCAL : [ 13] fit: 0.42414 | delta: 1.9e-04 | secs: 17.00011
INFO : RESCAL : [ 14] fit: 0.42429 | delta: 1.5e-04 | secs: 16.68943
INFO : RESCAL : [ 15] fit: 0.42442 | delta: 1.2e-04 | secs: 16.77363
INFO : RESCAL : [ 16] fit: 0.42452 | delta: 1.0e-04 | secs: 16.32935
INFO : RESCAL : [ 17] fit: 0.42460 | delta: 8.6e-05 | secs: 16.10787
INFO : RESCAL : [ 18] fit: 0.42468 | delta: 7.4e-05 | secs: 16.13739
INFO : RESCAL : [ 19] fit: 0.42474 | delta: 6.4e-05 | secs: 19.15033
[Fold 2] AUC-PR: 0.993809
