Thread(s) : 32
Fold      : 04
Debut     : 2026-05-28 19:43:18
====================================================

====================================================
Fold 04
====================================================
=== DATASET: fb15k237 | rank:200 | lambda_A:0.1 | lambda_R:0.1 ===
[Config] maxIter:20 | conv:1.0e-06 | threads:32
[Data]   n_entities:14541 | n_relations:237 | total_nnz:310116
[Data]   nnz:310116 | import_time:0.04 s
[Eval]   positifs:2000 | neg/pos:1 | folds:10 | mode:cross-validation CSR echantillonnee
INFO : RESCAL : [  0] fit: 0.28735 | delta: 2.9e-01 | secs: 17.31658
INFO : RESCAL : [  1] fit: 0.39967 | delta: 1.1e-01 | secs: 17.16882
INFO : RESCAL : [  2] fit: 0.41249 | delta: 1.3e-02 | secs: 16.90476
INFO : RESCAL : [  3] fit: 0.41736 | delta: 4.9e-03 | secs: 16.91010
INFO : RESCAL : [  4] fit: 0.41985 | delta: 2.5e-03 | secs: 16.81192
INFO : RESCAL : [  5] fit: 0.42119 | delta: 1.3e-03 | secs: 16.57280
INFO : RESCAL : [  6] fit: 0.42196 | delta: 7.6e-04 | secs: 16.77152
INFO : RESCAL : [  7] fit: 0.42249 | delta: 5.3e-04 | secs: 16.74151
INFO : RESCAL : [  8] fit: 0.42290 | delta: 4.2e-04 | secs: 17.30443
INFO : RESCAL : [  9] fit: 0.42323 | delta: 3.2e-04 | secs: 17.54559
INFO : RESCAL : [ 10] fit: 0.42349 | delta: 2.6e-04 | secs: 17.39107
INFO : RESCAL : [ 11] fit: 0.42371 | delta: 2.2e-04 | secs: 17.13735
INFO : RESCAL : [ 12] fit: 0.42391 | delta: 1.9e-04 | secs: 17.20883
INFO : RESCAL : [ 13] fit: 0.42408 | delta: 1.8e-04 | secs: 17.12692
INFO : RESCAL : [ 14] fit: 0.42425 | delta: 1.7e-04 | secs: 16.91035
INFO : RESCAL : [ 15] fit: 0.42441 | delta: 1.6e-04 | secs: 16.90086
INFO : RESCAL : [ 16] fit: 0.42455 | delta: 1.5e-04 | secs: 17.02083
INFO : RESCAL : [ 17] fit: 0.42468 | delta: 1.2e-04 | secs: 17.19093
INFO : RESCAL : [ 18] fit: 0.42478 | delta: 1.0e-04 | secs: 16.59069
INFO : RESCAL : [ 19] fit: 0.42486 | delta: 8.2e-05 | secs: 17.12384
[Fold 4] AUC-PR: 0.969683
