Thread(s) : 32
Fold      : 05
Debut     : 2026-05-28 19:43:18
====================================================

====================================================
Fold 05
====================================================
=== DATASET: fb15k237 | rank:200 | lambda_A:0.1 | lambda_R:0.1 ===
[Config] maxIter:20 | conv:1.0e-06 | threads:32
[Data]   n_entities:14541 | n_relations:237 | total_nnz:310116
[Data]   nnz:310116 | import_time:0.04 s
[Eval]   positifs:2000 | neg/pos:1 | folds:10 | mode:cross-validation CSR echantillonnee
INFO : RESCAL : [  0] fit: 0.29009 | delta: 2.9e-01 | secs: 17.16621
INFO : RESCAL : [  1] fit: 0.40158 | delta: 1.1e-01 | secs: 17.18637
INFO : RESCAL : [  2] fit: 0.41494 | delta: 1.3e-02 | secs: 17.01771
INFO : RESCAL : [  3] fit: 0.42005 | delta: 5.1e-03 | secs: 16.88831
INFO : RESCAL : [  4] fit: 0.42273 | delta: 2.7e-03 | secs: 16.95213
INFO : RESCAL : [  5] fit: 0.42437 | delta: 1.6e-03 | secs: 17.30619
INFO : RESCAL : [  6] fit: 0.42533 | delta: 9.7e-04 | secs: 16.58379
INFO : RESCAL : [  7] fit: 0.42592 | delta: 5.9e-04 | secs: 16.04444
INFO : RESCAL : [  8] fit: 0.42633 | delta: 4.0e-04 | secs: 17.00359
INFO : RESCAL : [  9] fit: 0.42664 | delta: 3.1e-04 | secs: 16.42226
INFO : RESCAL : [ 10] fit: 0.42691 | delta: 2.7e-04 | secs: 16.82219
INFO : RESCAL : [ 11] fit: 0.42713 | delta: 2.2e-04 | secs: 16.88401
INFO : RESCAL : [ 12] fit: 0.42731 | delta: 1.8e-04 | secs: 16.39776
INFO : RESCAL : [ 13] fit: 0.42747 | delta: 1.5e-04 | secs: 16.78773
INFO : RESCAL : [ 14] fit: 0.42759 | delta: 1.3e-04 | secs: 16.74907
INFO : RESCAL : [ 15] fit: 0.42770 | delta: 1.1e-04 | secs: 16.76632
INFO : RESCAL : [ 16] fit: 0.42780 | delta: 9.4e-05 | secs: 17.39123
INFO : RESCAL : [ 17] fit: 0.42788 | delta: 8.4e-05 | secs: 16.28901
INFO : RESCAL : [ 18] fit: 0.42795 | delta: 7.4e-05 | secs: 16.64161
INFO : RESCAL : [ 19] fit: 0.42802 | delta: 6.8e-05 | secs: 16.41780
[Fold 5] AUC-PR: 0.974450
