Thread(s) : 32
Fold      : 09
Debut     : 2026-05-28 19:43:18
====================================================

====================================================
Fold 09
====================================================
=== DATASET: fb15k237 | rank:200 | lambda_A:0.1 | lambda_R:0.1 ===
[Config] maxIter:20 | conv:1.0e-06 | threads:32
[Data]   n_entities:14541 | n_relations:237 | total_nnz:310116
[Data]   nnz:310116 | import_time:0.04 s
[Eval]   positifs:2000 | neg/pos:1 | folds:10 | mode:cross-validation CSR echantillonnee
INFO : RESCAL : [  0] fit: 0.29079 | delta: 2.9e-01 | secs: 17.37202
INFO : RESCAL : [  1] fit: 0.40429 | delta: 1.1e-01 | secs: 17.12477
INFO : RESCAL : [  2] fit: 0.41798 | delta: 1.4e-02 | secs: 17.31061
INFO : RESCAL : [  3] fit: 0.42295 | delta: 5.0e-03 | secs: 16.99111
INFO : RESCAL : [  4] fit: 0.42528 | delta: 2.3e-03 | secs: 16.85990
INFO : RESCAL : [  5] fit: 0.42659 | delta: 1.3e-03 | secs: 16.73116
INFO : RESCAL : [  6] fit: 0.42745 | delta: 8.6e-04 | secs: 17.44680
INFO : RESCAL : [  7] fit: 0.42808 | delta: 6.3e-04 | secs: 16.96453
INFO : RESCAL : [  8] fit: 0.42851 | delta: 4.3e-04 | secs: 16.52927
INFO : RESCAL : [  9] fit: 0.42883 | delta: 3.2e-04 | secs: 16.15115
INFO : RESCAL : [ 10] fit: 0.42910 | delta: 2.7e-04 | secs: 17.25939
INFO : RESCAL : [ 11] fit: 0.42931 | delta: 2.1e-04 | secs: 17.13482
INFO : RESCAL : [ 12] fit: 0.42948 | delta: 1.7e-04 | secs: 16.54448
INFO : RESCAL : [ 13] fit: 0.42960 | delta: 1.2e-04 | secs: 16.89837
INFO : RESCAL : [ 14] fit: 0.42969 | delta: 9.4e-05 | secs: 16.66119
INFO : RESCAL : [ 15] fit: 0.42977 | delta: 7.3e-05 | secs: 16.52489
INFO : RESCAL : [ 16] fit: 0.42983 | delta: 6.3e-05 | secs: 17.00789
INFO : RESCAL : [ 17] fit: 0.42989 | delta: 5.7e-05 | secs: 16.26663
INFO : RESCAL : [ 18] fit: 0.42994 | delta: 5.6e-05 | secs: 16.35983
INFO : RESCAL : [ 19] fit: 0.43000 | delta: 5.5e-05 | secs: 16.99621
[Fold 9] AUC-PR: 0.981208
