Thread(s) : 40
Fold      : 04
Debut     : 2026-05-28 23:49:59
====================================================

====================================================
Fold 04
====================================================
=== DATASET: fb15k237 | rank:200 | lambda_A:0.1 | lambda_R:0.1 ===
[Config] maxIter:20 | conv:1.0e-06 | threads:40
[Data]   n_entities:14541 | n_relations:237 | total_nnz:310116
[Data]   nnz:310116 | import_time:0.04 s
[Eval]   positifs:2000 | neg/pos:1 | folds:10 | mode:cross-validation CSR echantillonnee
INFO : RESCAL : [  0] fit: 0.29133 | delta: 2.9e-01 | secs: 19.11824
INFO : RESCAL : [  1] fit: 0.40523 | delta: 1.1e-01 | secs: 21.53459
INFO : RESCAL : [  2] fit: 0.41786 | delta: 1.3e-02 | secs: 19.32619
INFO : RESCAL : [  3] fit: 0.42254 | delta: 4.7e-03 | secs: 21.82399
INFO : RESCAL : [  4] fit: 0.42489 | delta: 2.4e-03 | secs: 19.12277
INFO : RESCAL : [  5] fit: 0.42627 | delta: 1.4e-03 | secs: 21.75343
INFO : RESCAL : [  6] fit: 0.42713 | delta: 8.7e-04 | secs: 18.90004
INFO : RESCAL : [  7] fit: 0.42776 | delta: 6.3e-04 | secs: 21.68786
INFO : RESCAL : [  8] fit: 0.42822 | delta: 4.6e-04 | secs: 18.97354
INFO : RESCAL : [  9] fit: 0.42857 | delta: 3.5e-04 | secs: 21.81745
INFO : RESCAL : [ 10] fit: 0.42883 | delta: 2.7e-04 | secs: 19.11903
INFO : RESCAL : [ 11] fit: 0.42905 | delta: 2.1e-04 | secs: 21.90505
INFO : RESCAL : [ 12] fit: 0.42922 | delta: 1.7e-04 | secs: 18.93073
INFO : RESCAL : [ 13] fit: 0.42936 | delta: 1.4e-04 | secs: 21.81405
INFO : RESCAL : [ 14] fit: 0.42948 | delta: 1.2e-04 | secs: 19.03906
INFO : RESCAL : [ 15] fit: 0.42958 | delta: 1.0e-04 | secs: 21.67857
INFO : RESCAL : [ 16] fit: 0.42967 | delta: 8.8e-05 | secs: 19.12387
INFO : RESCAL : [ 17] fit: 0.42974 | delta: 7.6e-05 | secs: 21.73458
INFO : RESCAL : [ 18] fit: 0.42981 | delta: 6.8e-05 | secs: 19.22999
INFO : RESCAL : [ 19] fit: 0.42987 | delta: 6.0e-05 | secs: 21.77870
[Fold 4] AUC-PR: 0.981497
