Thread(s) : 40
Fold      : 09
Debut     : 2026-05-28 23:49:59
====================================================

====================================================
Fold 09
====================================================
=== DATASET: fb15k237 | rank:200 | lambda_A:0.1 | lambda_R:0.1 ===
[Config] maxIter:20 | conv:1.0e-06 | threads:40
[Data]   n_entities:14541 | n_relations:237 | total_nnz:310116
[Data]   nnz:310116 | import_time:0.04 s
[Eval]   positifs:2000 | neg/pos:1 | folds:10 | mode:cross-validation CSR echantillonnee
INFO : RESCAL : [  0] fit: 0.28970 | delta: 2.9e-01 | secs: 19.00613
INFO : RESCAL : [  1] fit: 0.40142 | delta: 1.1e-01 | secs: 21.87536
INFO : RESCAL : [  2] fit: 0.41509 | delta: 1.4e-02 | secs: 19.02982
INFO : RESCAL : [  3] fit: 0.42011 | delta: 5.0e-03 | secs: 21.98360
INFO : RESCAL : [  4] fit: 0.42254 | delta: 2.4e-03 | secs: 18.90826
INFO : RESCAL : [  5] fit: 0.42395 | delta: 1.4e-03 | secs: 21.59689
INFO : RESCAL : [  6] fit: 0.42483 | delta: 8.9e-04 | secs: 19.11904
INFO : RESCAL : [  7] fit: 0.42545 | delta: 6.1e-04 | secs: 21.75586
INFO : RESCAL : [  8] fit: 0.42588 | delta: 4.4e-04 | secs: 19.22782
INFO : RESCAL : [  9] fit: 0.42621 | delta: 3.3e-04 | secs: 21.59175
INFO : RESCAL : [ 10] fit: 0.42647 | delta: 2.6e-04 | secs: 18.76707
INFO : RESCAL : [ 11] fit: 0.42668 | delta: 2.1e-04 | secs: 21.75814
INFO : RESCAL : [ 12] fit: 0.42686 | delta: 1.8e-04 | secs: 19.00233
INFO : RESCAL : [ 13] fit: 0.42702 | delta: 1.6e-04 | secs: 22.12151
INFO : RESCAL : [ 14] fit: 0.42717 | delta: 1.4e-04 | secs: 18.94280
INFO : RESCAL : [ 15] fit: 0.42730 | delta: 1.3e-04 | secs: 21.65345
INFO : RESCAL : [ 16] fit: 0.42741 | delta: 1.2e-04 | secs: 18.78230
INFO : RESCAL : [ 17] fit: 0.42752 | delta: 1.1e-04 | secs: 21.48854
INFO : RESCAL : [ 18] fit: 0.42762 | delta: 9.9e-05 | secs: 18.82766
INFO : RESCAL : [ 19] fit: 0.42771 | delta: 9.1e-05 | secs: 21.41357
[Fold 9] AUC-PR: 0.967844
