Thread(s) : 40
Fold      : 03
Debut     : 2026-05-28 23:49:59
====================================================

====================================================
Fold 03
====================================================
=== DATASET: fb15k237 | rank:200 | lambda_A:0.1 | lambda_R:0.1 ===
[Config] maxIter:20 | conv:1.0e-06 | threads:40
[Data]   n_entities:14541 | n_relations:237 | total_nnz:310116
[Data]   nnz:310116 | import_time:0.04 s
[Eval]   positifs:2000 | neg/pos:1 | folds:10 | mode:cross-validation CSR echantillonnee
INFO : RESCAL : [  0] fit: 0.28719 | delta: 2.9e-01 | secs: 18.78782
INFO : RESCAL : [  1] fit: 0.39931 | delta: 1.1e-01 | secs: 21.96555
INFO : RESCAL : [  2] fit: 0.41188 | delta: 1.3e-02 | secs: 18.67956
INFO : RESCAL : [  3] fit: 0.41668 | delta: 4.8e-03 | secs: 21.65304
INFO : RESCAL : [  4] fit: 0.41924 | delta: 2.6e-03 | secs: 19.02444
INFO : RESCAL : [  5] fit: 0.42068 | delta: 1.4e-03 | secs: 21.50910
INFO : RESCAL : [  6] fit: 0.42152 | delta: 8.4e-04 | secs: 18.68906
INFO : RESCAL : [  7] fit: 0.42207 | delta: 5.5e-04 | secs: 21.65781
INFO : RESCAL : [  8] fit: 0.42247 | delta: 4.0e-04 | secs: 18.83388
INFO : RESCAL : [  9] fit: 0.42279 | delta: 3.2e-04 | secs: 21.81629
INFO : RESCAL : [ 10] fit: 0.42305 | delta: 2.6e-04 | secs: 18.83243
INFO : RESCAL : [ 11] fit: 0.42328 | delta: 2.3e-04 | secs: 22.06412
INFO : RESCAL : [ 12] fit: 0.42347 | delta: 2.0e-04 | secs: 21.62954
INFO : RESCAL : [ 13] fit: 0.42365 | delta: 1.7e-04 | secs: 18.82297
INFO : RESCAL : [ 14] fit: 0.42380 | delta: 1.5e-04 | secs: 21.63805
INFO : RESCAL : [ 15] fit: 0.42394 | delta: 1.4e-04 | secs: 19.00791
INFO : RESCAL : [ 16] fit: 0.42406 | delta: 1.2e-04 | secs: 21.88980
INFO : RESCAL : [ 17] fit: 0.42418 | delta: 1.1e-04 | secs: 18.92359
INFO : RESCAL : [ 18] fit: 0.42428 | delta: 1.0e-04 | secs: 21.88816
INFO : RESCAL : [ 19] fit: 0.42437 | delta: 9.4e-05 | secs: 18.81445
[Fold 3] AUC-PR: 0.989009
