Thread(s) : 40
Fold      : 08
Debut     : 2026-05-28 23:49:59
====================================================

====================================================
Fold 08
====================================================
=== DATASET: fb15k237 | rank:200 | lambda_A:0.1 | lambda_R:0.1 ===
[Config] maxIter:20 | conv:1.0e-06 | threads:40
[Data]   n_entities:14541 | n_relations:237 | total_nnz:310116
[Data]   nnz:310116 | import_time:0.04 s
[Eval]   positifs:2000 | neg/pos:1 | folds:10 | mode:cross-validation CSR echantillonnee
INFO : RESCAL : [  0] fit: 0.28718 | delta: 2.9e-01 | secs: 19.37433
INFO : RESCAL : [  1] fit: 0.39873 | delta: 1.1e-01 | secs: 21.92661
INFO : RESCAL : [  2] fit: 0.41222 | delta: 1.3e-02 | secs: 19.09701
INFO : RESCAL : [  3] fit: 0.41729 | delta: 5.1e-03 | secs: 21.90301
INFO : RESCAL : [  4] fit: 0.41966 | delta: 2.4e-03 | secs: 18.99395
INFO : RESCAL : [  5] fit: 0.42099 | delta: 1.3e-03 | secs: 21.72794
INFO : RESCAL : [  6] fit: 0.42174 | delta: 7.5e-04 | secs: 18.80955
INFO : RESCAL : [  7] fit: 0.42228 | delta: 5.3e-04 | secs: 21.73617
INFO : RESCAL : [  8] fit: 0.42265 | delta: 3.8e-04 | secs: 18.90163
INFO : RESCAL : [  9] fit: 0.42299 | delta: 3.3e-04 | secs: 22.11565
INFO : RESCAL : [ 10] fit: 0.42326 | delta: 2.7e-04 | secs: 18.72194
INFO : RESCAL : [ 11] fit: 0.42351 | delta: 2.5e-04 | secs: 21.53322
INFO : RESCAL : [ 12] fit: 0.42371 | delta: 2.0e-04 | secs: 18.66182
INFO : RESCAL : [ 13] fit: 0.42387 | delta: 1.7e-04 | secs: 21.74170
INFO : RESCAL : [ 14] fit: 0.42401 | delta: 1.4e-04 | secs: 18.97455
INFO : RESCAL : [ 15] fit: 0.42413 | delta: 1.2e-04 | secs: 21.61571
INFO : RESCAL : [ 16] fit: 0.42424 | delta: 1.1e-04 | secs: 18.94633
INFO : RESCAL : [ 17] fit: 0.42434 | delta: 9.9e-05 | secs: 21.88650
INFO : RESCAL : [ 18] fit: 0.42443 | delta: 8.7e-05 | secs: 21.82563
INFO : RESCAL : [ 19] fit: 0.42451 | delta: 8.1e-05 | secs: 19.32291
[Fold 8] AUC-PR: 0.975238
