Thread(s) : 40
Fold      : 02
Debut     : 2026-05-28 23:49:59
====================================================

====================================================
Fold 02
====================================================
=== DATASET: fb15k237 | rank:200 | lambda_A:0.1 | lambda_R:0.1 ===
[Config] maxIter:20 | conv:1.0e-06 | threads:40
[Data]   n_entities:14541 | n_relations:237 | total_nnz:310116
[Data]   nnz:310116 | import_time:0.04 s
[Eval]   positifs:2000 | neg/pos:1 | folds:10 | mode:cross-validation CSR echantillonnee
INFO : RESCAL : [  0] fit: 0.29143 | delta: 2.9e-01 | secs: 19.24048
INFO : RESCAL : [  1] fit: 0.40320 | delta: 1.1e-01 | secs: 21.97090
INFO : RESCAL : [  2] fit: 0.41624 | delta: 1.3e-02 | secs: 18.89156
INFO : RESCAL : [  3] fit: 0.42095 | delta: 4.7e-03 | secs: 21.98531
INFO : RESCAL : [  4] fit: 0.42305 | delta: 2.1e-03 | secs: 19.03250
INFO : RESCAL : [  5] fit: 0.42427 | delta: 1.2e-03 | secs: 21.68532
INFO : RESCAL : [  6] fit: 0.42511 | delta: 8.4e-04 | secs: 18.73325
INFO : RESCAL : [  7] fit: 0.42573 | delta: 6.2e-04 | secs: 21.56061
INFO : RESCAL : [  8] fit: 0.42616 | delta: 4.3e-04 | secs: 18.54669
INFO : RESCAL : [  9] fit: 0.42643 | delta: 2.7e-04 | secs: 21.62255
INFO : RESCAL : [ 10] fit: 0.42666 | delta: 2.4e-04 | secs: 18.98493
INFO : RESCAL : [ 11] fit: 0.42687 | delta: 2.1e-04 | secs: 21.73791
INFO : RESCAL : [ 12] fit: 0.42706 | delta: 1.9e-04 | secs: 19.01073
INFO : RESCAL : [ 13] fit: 0.42723 | delta: 1.7e-04 | secs: 21.84036
INFO : RESCAL : [ 14] fit: 0.42739 | delta: 1.6e-04 | secs: 19.24452
INFO : RESCAL : [ 15] fit: 0.42753 | delta: 1.4e-04 | secs: 21.77249
INFO : RESCAL : [ 16] fit: 0.42766 | delta: 1.3e-04 | secs: 19.14335
INFO : RESCAL : [ 17] fit: 0.42777 | delta: 1.1e-04 | secs: 21.90303
INFO : RESCAL : [ 18] fit: 0.42788 | delta: 1.1e-04 | secs: 19.32352
INFO : RESCAL : [ 19] fit: 0.42797 | delta: 9.5e-05 | secs: 22.16362
[Fold 2] AUC-PR: 0.973182
