Thread(s) : 40
Fold      : 07
Debut     : 2026-05-28 23:49:59
====================================================

====================================================
Fold 07
====================================================
=== DATASET: fb15k237 | rank:200 | lambda_A:0.1 | lambda_R:0.1 ===
[Config] maxIter:20 | conv:1.0e-06 | threads:40
[Data]   n_entities:14541 | n_relations:237 | total_nnz:310116
[Data]   nnz:310116 | import_time:0.04 s
[Eval]   positifs:2000 | neg/pos:1 | folds:10 | mode:cross-validation CSR echantillonnee
INFO : RESCAL : [  0] fit: 0.28846 | delta: 2.9e-01 | secs: 18.85686
INFO : RESCAL : [  1] fit: 0.40296 | delta: 1.1e-01 | secs: 21.65301
INFO : RESCAL : [  2] fit: 0.41582 | delta: 1.3e-02 | secs: 18.68291
INFO : RESCAL : [  3] fit: 0.42051 | delta: 4.7e-03 | secs: 21.76670
INFO : RESCAL : [  4] fit: 0.42279 | delta: 2.3e-03 | secs: 18.68329
INFO : RESCAL : [  5] fit: 0.42416 | delta: 1.4e-03 | secs: 21.97311
INFO : RESCAL : [  6] fit: 0.42511 | delta: 9.5e-04 | secs: 19.05013
INFO : RESCAL : [  7] fit: 0.42583 | delta: 7.2e-04 | secs: 21.61481
INFO : RESCAL : [  8] fit: 0.42633 | delta: 5.0e-04 | secs: 19.12351
INFO : RESCAL : [  9] fit: 0.42669 | delta: 3.6e-04 | secs: 21.99104
INFO : RESCAL : [ 10] fit: 0.42698 | delta: 2.8e-04 | secs: 19.01760
INFO : RESCAL : [ 11] fit: 0.42720 | delta: 2.3e-04 | secs: 21.65734
INFO : RESCAL : [ 12] fit: 0.42739 | delta: 1.9e-04 | secs: 19.04953
INFO : RESCAL : [ 13] fit: 0.42755 | delta: 1.6e-04 | secs: 21.66658
INFO : RESCAL : [ 14] fit: 0.42769 | delta: 1.4e-04 | secs: 19.01708
INFO : RESCAL : [ 15] fit: 0.42781 | delta: 1.2e-04 | secs: 21.95624
INFO : RESCAL : [ 16] fit: 0.42792 | delta: 1.1e-04 | secs: 19.38350
INFO : RESCAL : [ 17] fit: 0.42802 | delta: 9.8e-05 | secs: 22.10953
INFO : RESCAL : [ 18] fit: 0.42811 | delta: 9.0e-05 | secs: 19.16994
INFO : RESCAL : [ 19] fit: 0.42819 | delta: 8.0e-05 | secs: 21.97045
[Fold 7] AUC-PR: 0.977232
