Thread(s) : 40
Fold      : 01
Debut     : 2026-05-28 23:49:59
====================================================

====================================================
Fold 01
====================================================
=== DATASET: fb15k237 | rank:200 | lambda_A:0.1 | lambda_R:0.1 ===
[Config] maxIter:20 | conv:1.0e-06 | threads:40
[Data]   n_entities:14541 | n_relations:237 | total_nnz:310116
[Data]   nnz:310116 | import_time:0.04 s
[Eval]   positifs:2000 | neg/pos:1 | folds:10 | mode:cross-validation CSR echantillonnee
INFO : RESCAL : [  0] fit: 0.29010 | delta: 2.9e-01 | secs: 19.22607
INFO : RESCAL : [  1] fit: 0.40231 | delta: 1.1e-01 | secs: 21.92503
INFO : RESCAL : [  2] fit: 0.41502 | delta: 1.3e-02 | secs: 18.86829
INFO : RESCAL : [  3] fit: 0.41960 | delta: 4.6e-03 | secs: 21.87471
INFO : RESCAL : [  4] fit: 0.42184 | delta: 2.2e-03 | secs: 18.83840
INFO : RESCAL : [  5] fit: 0.42325 | delta: 1.4e-03 | secs: 21.71685
INFO : RESCAL : [  6] fit: 0.42418 | delta: 9.3e-04 | secs: 18.91174
INFO : RESCAL : [  7] fit: 0.42489 | delta: 7.0e-04 | secs: 21.93499
INFO : RESCAL : [  8] fit: 0.42538 | delta: 4.9e-04 | secs: 19.19324
INFO : RESCAL : [  9] fit: 0.42576 | delta: 3.8e-04 | secs: 21.75411
INFO : RESCAL : [ 10] fit: 0.42605 | delta: 2.9e-04 | secs: 18.97717
INFO : RESCAL : [ 11] fit: 0.42631 | delta: 2.6e-04 | secs: 22.08244
INFO : RESCAL : [ 12] fit: 0.42653 | delta: 2.2e-04 | secs: 18.64455
INFO : RESCAL : [ 13] fit: 0.42673 | delta: 2.0e-04 | secs: 21.84805
INFO : RESCAL : [ 14] fit: 0.42689 | delta: 1.6e-04 | secs: 18.83945
INFO : RESCAL : [ 15] fit: 0.42704 | delta: 1.5e-04 | secs: 21.95505
INFO : RESCAL : [ 16] fit: 0.42716 | delta: 1.2e-04 | secs: 18.83451
INFO : RESCAL : [ 17] fit: 0.42726 | delta: 1.0e-04 | secs: 21.83206
INFO : RESCAL : [ 18] fit: 0.42735 | delta: 8.4e-05 | secs: 18.86988
INFO : RESCAL : [ 19] fit: 0.42742 | delta: 7.2e-05 | secs: 21.79743
[Fold 1] AUC-PR: 0.956627
