Thread(s) : 40
Fold      : 05
Debut     : 2026-05-28 23:49:59
====================================================

====================================================
Fold 05
====================================================
=== DATASET: fb15k237 | rank:200 | lambda_A:0.1 | lambda_R:0.1 ===
[Config] maxIter:20 | conv:1.0e-06 | threads:40
[Data]   n_entities:14541 | n_relations:237 | total_nnz:310116
[Data]   nnz:310116 | import_time:0.04 s
[Eval]   positifs:2000 | neg/pos:1 | folds:10 | mode:cross-validation CSR echantillonnee
INFO : RESCAL : [  0] fit: 0.29032 | delta: 2.9e-01 | secs: 19.23543
INFO : RESCAL : [  1] fit: 0.40204 | delta: 1.1e-01 | secs: 21.91917
INFO : RESCAL : [  2] fit: 0.41490 | delta: 1.3e-02 | secs: 19.00081
INFO : RESCAL : [  3] fit: 0.41935 | delta: 4.4e-03 | secs: 22.03926
INFO : RESCAL : [  4] fit: 0.42153 | delta: 2.2e-03 | secs: 18.71356
INFO : RESCAL : [  5] fit: 0.42286 | delta: 1.3e-03 | secs: 21.56787
INFO : RESCAL : [  6] fit: 0.42371 | delta: 8.6e-04 | secs: 19.03420
INFO : RESCAL : [  7] fit: 0.42428 | delta: 5.7e-04 | secs: 21.96942
INFO : RESCAL : [  8] fit: 0.42469 | delta: 4.1e-04 | secs: 18.66309
INFO : RESCAL : [  9] fit: 0.42500 | delta: 3.1e-04 | secs: 21.80500
INFO : RESCAL : [ 10] fit: 0.42527 | delta: 2.7e-04 | secs: 19.16684
INFO : RESCAL : [ 11] fit: 0.42550 | delta: 2.4e-04 | secs: 21.83402
INFO : RESCAL : [ 12] fit: 0.42571 | delta: 2.1e-04 | secs: 21.98558
INFO : RESCAL : [ 13] fit: 0.42589 | delta: 1.8e-04 | secs: 19.01142
INFO : RESCAL : [ 14] fit: 0.42604 | delta: 1.5e-04 | secs: 22.15746
INFO : RESCAL : [ 15] fit: 0.42616 | delta: 1.2e-04 | secs: 18.96088
INFO : RESCAL : [ 16] fit: 0.42627 | delta: 1.1e-04 | secs: 22.16539
INFO : RESCAL : [ 17] fit: 0.42636 | delta: 9.1e-05 | secs: 18.89338
INFO : RESCAL : [ 18] fit: 0.42644 | delta: 7.9e-05 | secs: 21.80462
INFO : RESCAL : [ 19] fit: 0.42651 | delta: 6.8e-05 | secs: 18.49146
[Fold 5] AUC-PR: 0.978865
