Thread(s) : 52
Fold      : 09
Debut     : 2026-05-29 06:24:27
====================================================

====================================================
Fold 09
====================================================
=== DATASET: fb15k237 | rank:200 | lambda_A:0.1 | lambda_R:0.1 ===
[Config] maxIter:20 | conv:1.0e-06 | threads:52
[Data]   n_entities:14541 | n_relations:237 | total_nnz:310116
[Data]   nnz:310116 | import_time:0.05 s
[Eval]   positifs:2000 | neg/pos:1 | folds:10 | mode:cross-validation CSR echantillonnee
INFO : RESCAL : [  0] fit: 0.28814 | delta: 2.9e-01 | secs: 18.71032
INFO : RESCAL : [  1] fit: 0.40117 | delta: 1.1e-01 | secs: 18.27021
INFO : RESCAL : [  2] fit: 0.41424 | delta: 1.3e-02 | secs: 18.80026
INFO : RESCAL : [  3] fit: 0.41903 | delta: 4.8e-03 | secs: 18.81574
INFO : RESCAL : [  4] fit: 0.42125 | delta: 2.2e-03 | secs: 18.80770
INFO : RESCAL : [  5] fit: 0.42251 | delta: 1.3e-03 | secs: 18.55679
INFO : RESCAL : [  6] fit: 0.42333 | delta: 8.2e-04 | secs: 18.74558
INFO : RESCAL : [  7] fit: 0.42395 | delta: 6.2e-04 | secs: 19.41258
INFO : RESCAL : [  8] fit: 0.42441 | delta: 4.7e-04 | secs: 18.94373
INFO : RESCAL : [  9] fit: 0.42480 | delta: 3.8e-04 | secs: 19.28125
INFO : RESCAL : [ 10] fit: 0.42510 | delta: 3.1e-04 | secs: 19.00271
INFO : RESCAL : [ 11] fit: 0.42536 | delta: 2.6e-04 | secs: 19.20751
INFO : RESCAL : [ 12] fit: 0.42557 | delta: 2.2e-04 | secs: 18.81532
INFO : RESCAL : [ 13] fit: 0.42576 | delta: 1.8e-04 | secs: 18.95460
INFO : RESCAL : [ 14] fit: 0.42591 | delta: 1.6e-04 | secs: 19.13964
INFO : RESCAL : [ 15] fit: 0.42606 | delta: 1.4e-04 | secs: 18.80106
INFO : RESCAL : [ 16] fit: 0.42618 | delta: 1.2e-04 | secs: 18.74288
INFO : RESCAL : [ 17] fit: 0.42629 | delta: 1.1e-04 | secs: 19.41736
INFO : RESCAL : [ 18] fit: 0.42638 | delta: 9.2e-05 | secs: 18.74229
INFO : RESCAL : [ 19] fit: 0.42646 | delta: 7.7e-05 | secs: 18.92263
[Fold 9] AUC-PR: 0.976440
