Thread(s) : 52
Fold      : 04
Debut     : 2026-05-29 06:24:27
====================================================

====================================================
Fold 04
====================================================
=== DATASET: fb15k237 | rank:200 | lambda_A:0.1 | lambda_R:0.1 ===
[Config] maxIter:20 | conv:1.0e-06 | threads:52
[Data]   n_entities:14541 | n_relations:237 | total_nnz:310116
[Data]   nnz:310116 | import_time:0.05 s
[Eval]   positifs:2000 | neg/pos:1 | folds:10 | mode:cross-validation CSR echantillonnee
INFO : RESCAL : [  0] fit: 0.28712 | delta: 2.9e-01 | secs: 18.49681
INFO : RESCAL : [  1] fit: 0.40090 | delta: 1.1e-01 | secs: 18.71568
INFO : RESCAL : [  2] fit: 0.41354 | delta: 1.3e-02 | secs: 18.64734
INFO : RESCAL : [  3] fit: 0.41828 | delta: 4.7e-03 | secs: 18.87446
INFO : RESCAL : [  4] fit: 0.42075 | delta: 2.5e-03 | secs: 18.84237
INFO : RESCAL : [  5] fit: 0.42227 | delta: 1.5e-03 | secs: 19.38247
INFO : RESCAL : [  6] fit: 0.42324 | delta: 9.7e-04 | secs: 18.57449
INFO : RESCAL : [  7] fit: 0.42398 | delta: 7.3e-04 | secs: 18.51982
INFO : RESCAL : [  8] fit: 0.42452 | delta: 5.5e-04 | secs: 18.83838
INFO : RESCAL : [  9] fit: 0.42493 | delta: 4.1e-04 | secs: 18.39921
INFO : RESCAL : [ 10] fit: 0.42525 | delta: 3.2e-04 | secs: 18.30764
INFO : RESCAL : [ 11] fit: 0.42552 | delta: 2.7e-04 | secs: 18.46827
INFO : RESCAL : [ 12] fit: 0.42576 | delta: 2.4e-04 | secs: 18.93655
INFO : RESCAL : [ 13] fit: 0.42597 | delta: 2.0e-04 | secs: 18.76949
INFO : RESCAL : [ 14] fit: 0.42614 | delta: 1.7e-04 | secs: 18.94494
INFO : RESCAL : [ 15] fit: 0.42629 | delta: 1.5e-04 | secs: 19.04207
INFO : RESCAL : [ 16] fit: 0.42642 | delta: 1.3e-04 | secs: 18.71149
INFO : RESCAL : [ 17] fit: 0.42653 | delta: 1.1e-04 | secs: 18.71898
INFO : RESCAL : [ 18] fit: 0.42663 | delta: 9.6e-05 | secs: 18.81430
INFO : RESCAL : [ 19] fit: 0.42671 | delta: 8.0e-05 | secs: 18.73521
[Fold 4] AUC-PR: 0.984355
