Thread(s) : 52
Fold      : 01
Debut     : 2026-05-29 06:24:27
====================================================

====================================================
Fold 01
====================================================
=== DATASET: fb15k237 | rank:200 | lambda_A:0.1 | lambda_R:0.1 ===
[Config] maxIter:20 | conv:1.0e-06 | threads:52
[Data]   n_entities:14541 | n_relations:237 | total_nnz:310116
[Data]   nnz:310116 | import_time:0.05 s
[Eval]   positifs:2000 | neg/pos:1 | folds:10 | mode:cross-validation CSR echantillonnee
INFO : RESCAL : [  0] fit: 0.28470 | delta: 2.8e-01 | secs: 19.06849
INFO : RESCAL : [  1] fit: 0.40005 | delta: 1.2e-01 | secs: 18.88698
INFO : RESCAL : [  2] fit: 0.41287 | delta: 1.3e-02 | secs: 18.68277
INFO : RESCAL : [  3] fit: 0.41755 | delta: 4.7e-03 | secs: 18.44692
INFO : RESCAL : [  4] fit: 0.41970 | delta: 2.2e-03 | secs: 18.69008
INFO : RESCAL : [  5] fit: 0.42091 | delta: 1.2e-03 | secs: 18.31008
INFO : RESCAL : [  6] fit: 0.42172 | delta: 8.1e-04 | secs: 18.89854
INFO : RESCAL : [  7] fit: 0.42231 | delta: 5.9e-04 | secs: 18.62424
INFO : RESCAL : [  8] fit: 0.42274 | delta: 4.3e-04 | secs: 19.19934
INFO : RESCAL : [  9] fit: 0.42308 | delta: 3.4e-04 | secs: 18.96549
INFO : RESCAL : [ 10] fit: 0.42336 | delta: 2.8e-04 | secs: 19.09850
INFO : RESCAL : [ 11] fit: 0.42361 | delta: 2.5e-04 | secs: 18.99726
INFO : RESCAL : [ 12] fit: 0.42383 | delta: 2.2e-04 | secs: 18.90731
INFO : RESCAL : [ 13] fit: 0.42402 | delta: 1.9e-04 | secs: 19.04484
INFO : RESCAL : [ 14] fit: 0.42420 | delta: 1.8e-04 | secs: 18.89232
INFO : RESCAL : [ 15] fit: 0.42435 | delta: 1.6e-04 | secs: 18.81140
INFO : RESCAL : [ 16] fit: 0.42450 | delta: 1.4e-04 | secs: 18.74366
INFO : RESCAL : [ 17] fit: 0.42463 | delta: 1.3e-04 | secs: 18.48567
INFO : RESCAL : [ 18] fit: 0.42474 | delta: 1.2e-04 | secs: 18.57809
INFO : RESCAL : [ 19] fit: 0.42485 | delta: 1.1e-04 | secs: 18.71866
[Fold 1] AUC-PR: 0.983764
