Thread(s) : 52
Fold      : 06
Debut     : 2026-05-29 06:24:27
====================================================

====================================================
Fold 06
====================================================
=== DATASET: fb15k237 | rank:200 | lambda_A:0.1 | lambda_R:0.1 ===
[Config] maxIter:20 | conv:1.0e-06 | threads:52
[Data]   n_entities:14541 | n_relations:237 | total_nnz:310116
[Data]   nnz:310116 | import_time:0.05 s
[Eval]   positifs:2000 | neg/pos:1 | folds:10 | mode:cross-validation CSR echantillonnee
INFO : RESCAL : [  0] fit: 0.29001 | delta: 2.9e-01 | secs: 18.52904
INFO : RESCAL : [  1] fit: 0.40466 | delta: 1.1e-01 | secs: 18.79620
INFO : RESCAL : [  2] fit: 0.41795 | delta: 1.3e-02 | secs: 18.68526
INFO : RESCAL : [  3] fit: 0.42273 | delta: 4.8e-03 | secs: 18.35631
INFO : RESCAL : [  4] fit: 0.42503 | delta: 2.3e-03 | secs: 19.11250
INFO : RESCAL : [  5] fit: 0.42629 | delta: 1.3e-03 | secs: 18.81167
INFO : RESCAL : [  6] fit: 0.42701 | delta: 7.2e-04 | secs: 18.71953
INFO : RESCAL : [  7] fit: 0.42747 | delta: 4.6e-04 | secs: 18.36500
INFO : RESCAL : [  8] fit: 0.42783 | delta: 3.6e-04 | secs: 18.32778
INFO : RESCAL : [  9] fit: 0.42812 | delta: 2.9e-04 | secs: 18.31923
INFO : RESCAL : [ 10] fit: 0.42837 | delta: 2.5e-04 | secs: 18.73199
INFO : RESCAL : [ 11] fit: 0.42857 | delta: 2.0e-04 | secs: 18.83001
INFO : RESCAL : [ 12] fit: 0.42875 | delta: 1.7e-04 | secs: 18.78132
INFO : RESCAL : [ 13] fit: 0.42889 | delta: 1.4e-04 | secs: 18.54933
INFO : RESCAL : [ 14] fit: 0.42901 | delta: 1.2e-04 | secs: 18.45368
INFO : RESCAL : [ 15] fit: 0.42912 | delta: 1.0e-04 | secs: 18.53362
INFO : RESCAL : [ 16] fit: 0.42921 | delta: 9.4e-05 | secs: 18.23215
INFO : RESCAL : [ 17] fit: 0.42930 | delta: 8.6e-05 | secs: 18.76052
INFO : RESCAL : [ 18] fit: 0.42938 | delta: 8.2e-05 | secs: 18.68055
INFO : RESCAL : [ 19] fit: 0.42946 | delta: 7.9e-05 | secs: 18.66216
[Fold 6] AUC-PR: 0.978532
