Thread(s) : 52
Fold      : 03
Debut     : 2026-05-29 06:24:27
====================================================

====================================================
Fold 03
====================================================
=== DATASET: fb15k237 | rank:200 | lambda_A:0.1 | lambda_R:0.1 ===
[Config] maxIter:20 | conv:1.0e-06 | threads:52
[Data]   n_entities:14541 | n_relations:237 | total_nnz:310116
[Data]   nnz:310116 | import_time:0.05 s
[Eval]   positifs:2000 | neg/pos:1 | folds:10 | mode:cross-validation CSR echantillonnee
INFO : RESCAL : [  0] fit: 0.28945 | delta: 2.9e-01 | secs: 18.59828
INFO : RESCAL : [  1] fit: 0.40026 | delta: 1.1e-01 | secs: 18.81811
INFO : RESCAL : [  2] fit: 0.41280 | delta: 1.3e-02 | secs: 18.73047
INFO : RESCAL : [  3] fit: 0.41745 | delta: 4.7e-03 | secs: 19.18376
INFO : RESCAL : [  4] fit: 0.41959 | delta: 2.1e-03 | secs: 19.00325
INFO : RESCAL : [  5] fit: 0.42085 | delta: 1.3e-03 | secs: 18.87690
INFO : RESCAL : [  6] fit: 0.42173 | delta: 8.8e-04 | secs: 19.02451
INFO : RESCAL : [  7] fit: 0.42250 | delta: 7.7e-04 | secs: 18.85966
INFO : RESCAL : [  8] fit: 0.42315 | delta: 6.5e-04 | secs: 18.83806
INFO : RESCAL : [  9] fit: 0.42366 | delta: 5.1e-04 | secs: 18.53213
INFO : RESCAL : [ 10] fit: 0.42402 | delta: 3.6e-04 | secs: 18.91262
INFO : RESCAL : [ 11] fit: 0.42433 | delta: 3.1e-04 | secs: 19.09420
INFO : RESCAL : [ 12] fit: 0.42459 | delta: 2.6e-04 | secs: 18.78967
INFO : RESCAL : [ 13] fit: 0.42481 | delta: 2.2e-04 | secs: 18.76541
INFO : RESCAL : [ 14] fit: 0.42499 | delta: 1.8e-04 | secs: 18.95515
INFO : RESCAL : [ 15] fit: 0.42514 | delta: 1.5e-04 | secs: 18.37695
INFO : RESCAL : [ 16] fit: 0.42526 | delta: 1.2e-04 | secs: 18.89353
INFO : RESCAL : [ 17] fit: 0.42536 | delta: 1.0e-04 | secs: 19.01203
INFO : RESCAL : [ 18] fit: 0.42545 | delta: 8.6e-05 | secs: 19.03796
INFO : RESCAL : [ 19] fit: 0.42553 | delta: 7.7e-05 | secs: 18.50541
[Fold 3] AUC-PR: 0.973961
