Thread(s) : 52
Fold      : 07
Debut     : 2026-05-29 06:24:27
====================================================

====================================================
Fold 07
====================================================
=== DATASET: fb15k237 | rank:200 | lambda_A:0.1 | lambda_R:0.1 ===
[Config] maxIter:20 | conv:1.0e-06 | threads:52
[Data]   n_entities:14541 | n_relations:237 | total_nnz:310116
[Data]   nnz:310116 | import_time:0.05 s
[Eval]   positifs:2000 | neg/pos:1 | folds:10 | mode:cross-validation CSR echantillonnee
INFO : RESCAL : [  0] fit: 0.28748 | delta: 2.9e-01 | secs: 19.10861
INFO : RESCAL : [  1] fit: 0.39909 | delta: 1.1e-01 | secs: 18.95284
INFO : RESCAL : [  2] fit: 0.41161 | delta: 1.3e-02 | secs: 18.73567
INFO : RESCAL : [  3] fit: 0.41640 | delta: 4.8e-03 | secs: 18.70110
INFO : RESCAL : [  4] fit: 0.41871 | delta: 2.3e-03 | secs: 18.78386
INFO : RESCAL : [  5] fit: 0.42006 | delta: 1.3e-03 | secs: 19.15639
INFO : RESCAL : [  6] fit: 0.42099 | delta: 9.3e-04 | secs: 18.34843
INFO : RESCAL : [  7] fit: 0.42165 | delta: 6.6e-04 | secs: 22.02446
INFO : RESCAL : [  8] fit: 0.42213 | delta: 4.8e-04 | secs: 18.86716
INFO : RESCAL : [  9] fit: 0.42249 | delta: 3.6e-04 | secs: 18.20759
INFO : RESCAL : [ 10] fit: 0.42277 | delta: 2.8e-04 | secs: 18.39200
INFO : RESCAL : [ 11] fit: 0.42299 | delta: 2.2e-04 | secs: 18.31713
INFO : RESCAL : [ 12] fit: 0.42317 | delta: 1.7e-04 | secs: 18.81784
INFO : RESCAL : [ 13] fit: 0.42330 | delta: 1.4e-04 | secs: 18.89811
INFO : RESCAL : [ 14] fit: 0.42341 | delta: 1.1e-04 | secs: 18.83926
INFO : RESCAL : [ 15] fit: 0.42350 | delta: 9.0e-05 | secs: 18.79362
INFO : RESCAL : [ 16] fit: 0.42358 | delta: 7.8e-05 | secs: 18.56752
INFO : RESCAL : [ 17] fit: 0.42365 | delta: 7.0e-05 | secs: 18.84173
INFO : RESCAL : [ 18] fit: 0.42372 | delta: 6.5e-05 | secs: 18.70728
INFO : RESCAL : [ 19] fit: 0.42378 | delta: 6.1e-05 | secs: 18.81971
[Fold 7] AUC-PR: 0.970070
