Thread(s) : 52
Fold      : 02
Debut     : 2026-05-29 06:24:27
====================================================

====================================================
Fold 02
====================================================
=== DATASET: fb15k237 | rank:200 | lambda_A:0.1 | lambda_R:0.1 ===
[Config] maxIter:20 | conv:1.0e-06 | threads:52
[Data]   n_entities:14541 | n_relations:237 | total_nnz:310116
[Data]   nnz:310116 | import_time:0.05 s
[Eval]   positifs:2000 | neg/pos:1 | folds:10 | mode:cross-validation CSR echantillonnee
INFO : RESCAL : [  0] fit: 0.28897 | delta: 2.9e-01 | secs: 18.56576
INFO : RESCAL : [  1] fit: 0.40197 | delta: 1.1e-01 | secs: 18.95791
INFO : RESCAL : [  2] fit: 0.41492 | delta: 1.3e-02 | secs: 18.81398
INFO : RESCAL : [  3] fit: 0.41972 | delta: 4.8e-03 | secs: 18.77554
INFO : RESCAL : [  4] fit: 0.42236 | delta: 2.6e-03 | secs: 18.64094
INFO : RESCAL : [  5] fit: 0.42396 | delta: 1.6e-03 | secs: 19.34611
INFO : RESCAL : [  6] fit: 0.42491 | delta: 9.5e-04 | secs: 18.78837
INFO : RESCAL : [  7] fit: 0.42556 | delta: 6.5e-04 | secs: 19.28175
INFO : RESCAL : [  8] fit: 0.42607 | delta: 5.0e-04 | secs: 18.69456
INFO : RESCAL : [  9] fit: 0.42649 | delta: 4.2e-04 | secs: 21.93677
INFO : RESCAL : [ 10] fit: 0.42686 | delta: 3.7e-04 | secs: 18.65160
INFO : RESCAL : [ 11] fit: 0.42718 | delta: 3.3e-04 | secs: 18.53341
INFO : RESCAL : [ 12] fit: 0.42747 | delta: 2.9e-04 | secs: 18.83439
INFO : RESCAL : [ 13] fit: 0.42772 | delta: 2.5e-04 | secs: 18.83985
INFO : RESCAL : [ 14] fit: 0.42793 | delta: 2.1e-04 | secs: 18.66693
INFO : RESCAL : [ 15] fit: 0.42811 | delta: 1.8e-04 | secs: 18.70851
INFO : RESCAL : [ 16] fit: 0.42826 | delta: 1.5e-04 | secs: 19.00318
INFO : RESCAL : [ 17] fit: 0.42839 | delta: 1.3e-04 | secs: 19.11986
INFO : RESCAL : [ 18] fit: 0.42851 | delta: 1.1e-04 | secs: 19.04867
INFO : RESCAL : [ 19] fit: 0.42861 | delta: 9.8e-05 | secs: 18.94504
[Fold 2] AUC-PR: 0.988526
