[Threads] Utilisation de 2 thread(s) sur 12 disponibles
=== DATASET: kinships | rank:50 | lambda_A:5.0 | lambda_R:5.0 ===
[Config] maxIter:100 | conv:1.0e-04 | threads:2
[Data]   nnz:10790 | import_time:0.02 s
INFO : RESCAL : [  0] fit: 0.31277 | delta: 3.1e-01 | secs: 0.01921
INFO : RESCAL : [  1] fit: 0.34559 | delta: 3.3e-02 | secs: 0.01530
INFO : RESCAL : [  2] fit: 0.34288 | delta: 2.7e-03 | secs: 0.01299
INFO : RESCAL : [  3] fit: 0.34221 | delta: 6.7e-04 | secs: 0.01615
INFO : RESCAL : [  4] fit: 0.34247 | delta: 2.6e-04 | secs: 0.01349
INFO : RESCAL : [  5] fit: 0.34284 | delta: 3.8e-04 | secs: 0.01215
INFO : RESCAL : [  6] fit: 0.34321 | delta: 3.7e-04 | secs: 0.01248
INFO : RESCAL : [  7] fit: 0.34354 | delta: 3.2e-04 | secs: 0.01252
INFO : RESCAL : [  8] fit: 0.34380 | delta: 2.6e-04 | secs: 0.01251
INFO : RESCAL : [  9] fit: 0.34400 | delta: 2.0e-04 | secs: 0.01267
INFO : RESCAL : [ 10] fit: 0.34416 | delta: 1.6e-04 | secs: 0.01230
INFO : RESCAL : [ 11] fit: 0.34429 | delta: 1.3e-04 | secs: 0.01219
INFO : RESCAL : [ 12] fit: 0.34441 | delta: 1.1e-04 | secs: 0.01207
INFO : RESCAL : [ 13] fit: 0.34451 | delta: 1.1e-04 | secs: 0.01256
INFO : RESCAL : [ 14] fit: 0.34461 | delta: 1.0e-04 | secs: 0.01270
INFO : RESCAL : [ 15] fit: 0.34471 | delta: 9.5e-05 | secs: 0.01247
[Fold 0] AUC-PR: 0.916987
INFO : RESCAL : [  0] fit: 0.31715 | delta: 3.2e-01 | secs: 0.01252
INFO : RESCAL : [  1] fit: 0.34777 | delta: 3.1e-02 | secs: 0.01297
INFO : RESCAL : [  2] fit: 0.34588 | delta: 1.9e-03 | secs: 0.01302
INFO : RESCAL : [  3] fit: 0.34528 | delta: 6.0e-04 | secs: 0.01239
INFO : RESCAL : [  4] fit: 0.34521 | delta: 6.7e-05 | secs: 0.01253
[Fold 1] AUC-PR: 0.914638
INFO : RESCAL : [  0] fit: 0.31714 | delta: 3.2e-01 | secs: 0.01880
INFO : RESCAL : [  1] fit: 0.34105 | delta: 2.4e-02 | secs: 0.01517
INFO : RESCAL : [  2] fit: 0.33925 | delta: 1.8e-03 | secs: 0.01263
INFO : RESCAL : [  3] fit: 0.33864 | delta: 6.1e-04 | secs: 0.01228
INFO : RESCAL : [  4] fit: 0.33868 | delta: 3.8e-05 | secs: 0.01222
[Fold 2] AUC-PR: 0.915793
INFO : RESCAL : [  0] fit: 0.31698 | delta: 3.2e-01 | secs: 0.01265
INFO : RESCAL : [  1] fit: 0.34302 | delta: 2.6e-02 | secs: 0.01244
INFO : RESCAL : [  2] fit: 0.34155 | delta: 1.5e-03 | secs: 0.01231
INFO : RESCAL : [  3] fit: 0.34171 | delta: 1.6e-04 | secs: 0.01241
INFO : RESCAL : [  4] fit: 0.34212 | delta: 4.1e-04 | secs: 0.01226
INFO : RESCAL : [  5] fit: 0.34258 | delta: 4.6e-04 | secs: 0.01227
INFO : RESCAL : [  6] fit: 0.34298 | delta: 4.0e-04 | secs: 0.01232
INFO : RESCAL : [  7] fit: 0.34334 | delta: 3.6e-04 | secs: 0.01217
INFO : RESCAL : [  8] fit: 0.34366 | delta: 3.2e-04 | secs: 0.01247
INFO : RESCAL : [  9] fit: 0.34391 | delta: 2.5e-04 | secs: 0.01184
INFO : RESCAL : [ 10] fit: 0.34409 | delta: 1.9e-04 | secs: 0.01239
INFO : RESCAL : [ 11] fit: 0.34423 | delta: 1.4e-04 | secs: 0.01248
INFO : RESCAL : [ 12] fit: 0.34434 | delta: 1.0e-04 | secs: 0.01218
INFO : RESCAL : [ 13] fit: 0.34442 | delta: 8.7e-05 | secs: 0.01231
[Fold 3] AUC-PR: 0.927007
INFO : RESCAL : [  0] fit: 0.31442 | delta: 3.1e-01 | secs: 0.01308
INFO : RESCAL : [  1] fit: 0.34458 | delta: 3.0e-02 | secs: 0.01303
INFO : RESCAL : [  2] fit: 0.34288 | delta: 1.7e-03 | secs: 0.01264
INFO : RESCAL : [  3] fit: 0.34217 | delta: 7.1e-04 | secs: 0.01286
INFO : RESCAL : [  4] fit: 0.34235 | delta: 1.8e-04 | secs: 0.01309
INFO : RESCAL : [  5] fit: 0.34270 | delta: 3.5e-04 | secs: 0.01309
INFO : RESCAL : [  6] fit: 0.34306 | delta: 3.6e-04 | secs: 0.01316
INFO : RESCAL : [  7] fit: 0.34338 | delta: 3.1e-04 | secs: 0.01309
INFO : RESCAL : [  8] fit: 0.34364 | delta: 2.6e-04 | secs: 0.01278
INFO : RESCAL : [  9] fit: 0.34386 | delta: 2.2e-04 | secs: 0.01305
INFO : RESCAL : [ 10] fit: 0.34405 | delta: 1.9e-04 | secs: 0.01299
INFO : RESCAL : [ 11] fit: 0.34421 | delta: 1.6e-04 | secs: 0.01268
INFO : RESCAL : [ 12] fit: 0.34434 | delta: 1.3e-04 | secs: 0.01279
INFO : RESCAL : [ 13] fit: 0.34445 | delta: 1.1e-04 | secs: 0.01341
INFO : RESCAL : [ 14] fit: 0.34456 | delta: 1.1e-04 | secs: 0.01402
INFO : RESCAL : [ 15] fit: 0.34466 | delta: 1.0e-04 | secs: 0.01447
INFO : RESCAL : [ 16] fit: 0.34476 | delta: 1.0e-04 | secs: 0.01782
INFO : RESCAL : [ 17] fit: 0.34485 | delta: 9.2e-05 | secs: 0.01628
[Fold 4] AUC-PR: 0.929226
INFO : RESCAL : [  0] fit: 0.31908 | delta: 3.2e-01 | secs: 0.01549
INFO : RESCAL : [  1] fit: 0.34153 | delta: 2.2e-02 | secs: 0.01699
INFO : RESCAL : [  2] fit: 0.34035 | delta: 1.2e-03 | secs: 0.01747
INFO : RESCAL : [  3] fit: 0.33979 | delta: 5.6e-04 | secs: 0.01656
INFO : RESCAL : [  4] fit: 0.33980 | delta: 1.1e-05 | secs: 0.01642
[Fold 5] AUC-PR: 0.899729
INFO : RESCAL : [  0] fit: 0.31360 | delta: 3.1e-01 | secs: 0.01684
INFO : RESCAL : [  1] fit: 0.34520 | delta: 3.2e-02 | secs: 0.01381
INFO : RESCAL : [  2] fit: 0.34300 | delta: 2.2e-03 | secs: 0.01280
INFO : RESCAL : [  3] fit: 0.34235 | delta: 6.5e-04 | secs: 0.01284
INFO : RESCAL : [  4] fit: 0.34263 | delta: 2.8e-04 | secs: 0.01322
INFO : RESCAL : [  5] fit: 0.34321 | delta: 5.8e-04 | secs: 0.01312
INFO : RESCAL : [  6] fit: 0.34363 | delta: 4.2e-04 | secs: 0.01291
INFO : RESCAL : [  7] fit: 0.34389 | delta: 2.6e-04 | secs: 0.01328
INFO : RESCAL : [  8] fit: 0.34407 | delta: 1.8e-04 | secs: 0.01265
INFO : RESCAL : [  9] fit: 0.34423 | delta: 1.6e-04 | secs: 0.01268
INFO : RESCAL : [ 10] fit: 0.34438 | delta: 1.5e-04 | secs: 0.01328
INFO : RESCAL : [ 11] fit: 0.34452 | delta: 1.4e-04 | secs: 0.01448
INFO : RESCAL : [ 12] fit: 0.34464 | delta: 1.3e-04 | secs: 0.01288
INFO : RESCAL : [ 13] fit: 0.34475 | delta: 1.1e-04 | secs: 0.01313
INFO : RESCAL : [ 14] fit: 0.34484 | delta: 9.1e-05 | secs: 0.01288
[Fold 6] AUC-PR: 0.918639
INFO : RESCAL : [  0] fit: 0.31718 | delta: 3.2e-01 | secs: 0.01283
INFO : RESCAL : [  1] fit: 0.34323 | delta: 2.6e-02 | secs: 0.01613
INFO : RESCAL : [  2] fit: 0.34121 | delta: 2.0e-03 | secs: 0.01633
INFO : RESCAL : [  3] fit: 0.34059 | delta: 6.2e-04 | secs: 0.01387
INFO : RESCAL : [  4] fit: 0.34083 | delta: 2.4e-04 | secs: 0.01622
INFO : RESCAL : [  5] fit: 0.34130 | delta: 4.7e-04 | secs: 0.01639
INFO : RESCAL : [  6] fit: 0.34172 | delta: 4.1e-04 | secs: 0.01313
INFO : RESCAL : [  7] fit: 0.34201 | delta: 3.0e-04 | secs: 0.01286
INFO : RESCAL : [  8] fit: 0.34225 | delta: 2.3e-04 | secs: 0.01303
INFO : RESCAL : [  9] fit: 0.34245 | delta: 2.0e-04 | secs: 0.01317
INFO : RESCAL : [ 10] fit: 0.34262 | delta: 1.7e-04 | secs: 0.01273
INFO : RESCAL : [ 11] fit: 0.34277 | delta: 1.5e-04 | secs: 0.01447
INFO : RESCAL : [ 12] fit: 0.34290 | delta: 1.3e-04 | secs: 0.01285
INFO : RESCAL : [ 13] fit: 0.34300 | delta: 1.0e-04 | secs: 0.01240
INFO : RESCAL : [ 14] fit: 0.34308 | delta: 8.1e-05 | secs: 0.01212
[Fold 7] AUC-PR: 0.925215
INFO : RESCAL : [  0] fit: 0.32352 | delta: 3.2e-01 | secs: 0.01272
INFO : RESCAL : [  1] fit: 0.34787 | delta: 2.4e-02 | secs: 0.01308
INFO : RESCAL : [  2] fit: 0.34647 | delta: 1.4e-03 | secs: 0.01267
INFO : RESCAL : [  3] fit: 0.34614 | delta: 3.3e-04 | secs: 0.01231
INFO : RESCAL : [  4] fit: 0.34623 | delta: 9.5e-05 | secs: 0.01232
[Fold 8] AUC-PR: 0.911895
INFO : RESCAL : [  0] fit: 0.31669 | delta: 3.2e-01 | secs: 0.01275
INFO : RESCAL : [  1] fit: 0.34738 | delta: 3.1e-02 | secs: 0.01229
INFO : RESCAL : [  2] fit: 0.34479 | delta: 2.6e-03 | secs: 0.01237
INFO : RESCAL : [  3] fit: 0.34429 | delta: 5.0e-04 | secs: 0.01399
INFO : RESCAL : [  4] fit: 0.34471 | delta: 4.2e-04 | secs: 0.01281
INFO : RESCAL : [  5] fit: 0.34512 | delta: 4.1e-04 | secs: 0.01227
INFO : RESCAL : [  6] fit: 0.34542 | delta: 3.0e-04 | secs: 0.01239
INFO : RESCAL : [  7] fit: 0.34565 | delta: 2.3e-04 | secs: 0.01222
INFO : RESCAL : [  8] fit: 0.34583 | delta: 1.8e-04 | secs: 0.01227
INFO : RESCAL : [  9] fit: 0.34597 | delta: 1.4e-04 | secs: 0.01221
INFO : RESCAL : [ 10] fit: 0.34609 | delta: 1.2e-04 | secs: 0.01220
INFO : RESCAL : [ 11] fit: 0.34620 | delta: 1.1e-04 | secs: 0.01234
INFO : RESCAL : [ 12] fit: 0.34632 | delta: 1.2e-04 | secs: 0.01206
INFO : RESCAL : [ 13] fit: 0.34644 | delta: 1.2e-04 | secs: 0.01205
INFO : RESCAL : [ 14] fit: 0.34655 | delta: 1.2e-04 | secs: 0.01212
INFO : RESCAL : [ 15] fit: 0.34666 | delta: 1.1e-04 | secs: 0.01239
INFO : RESCAL : [ 16] fit: 0.34675 | delta: 9.2e-05 | secs: 0.01361
[Fold 9] AUC-PR: 0.919404
[Result] AUC-PR mean:0.917853 | std:0.008060 | time:2.97 s
[CSV]    Ligne écrite dans rescal_results.csv
=== FIN: kinships rank:50 ===
=== DATASET: kinships | rank:90 | lambda_A:5.0 | lambda_R:5.0 ===
[Config] maxIter:100 | conv:1.0e-04 | threads:2
[Data]   nnz:10790 | import_time:0.02 s
INFO : RESCAL : [  0] fit: 0.36294 | delta: 3.6e-01 | secs: 0.01788
INFO : RESCAL : [  1] fit: 0.35669 | delta: 6.3e-03 | secs: 0.01729
INFO : RESCAL : [  2] fit: 0.35033 | delta: 6.4e-03 | secs: 0.01710
INFO : RESCAL : [  3] fit: 0.34769 | delta: 2.6e-03 | secs: 0.01725
INFO : RESCAL : [  4] fit: 0.34663 | delta: 1.1e-03 | secs: 0.01676
INFO : RESCAL : [  5] fit: 0.34619 | delta: 4.4e-04 | secs: 0.01630
INFO : RESCAL : [  6] fit: 0.34600 | delta: 1.9e-04 | secs: 0.01740
INFO : RESCAL : [  7] fit: 0.34591 | delta: 9.0e-05 | secs: 0.01655
[Fold 0] AUC-PR: 0.930625
INFO : RESCAL : [  0] fit: 0.36424 | delta: 3.6e-01 | secs: 0.01745
INFO : RESCAL : [  1] fit: 0.35651 | delta: 7.7e-03 | secs: 0.01738
INFO : RESCAL : [  2] fit: 0.35031 | delta: 6.2e-03 | secs: 0.01546
INFO : RESCAL : [  3] fit: 0.34777 | delta: 2.5e-03 | secs: 0.01680
INFO : RESCAL : [  4] fit: 0.34676 | delta: 1.0e-03 | secs: 0.01707
INFO : RESCAL : [  5] fit: 0.34635 | delta: 4.2e-04 | secs: 0.01653
INFO : RESCAL : [  6] fit: 0.34617 | delta: 1.8e-04 | secs: 0.01636
INFO : RESCAL : [  7] fit: 0.34608 | delta: 8.3e-05 | secs: 0.01647
[Fold 1] AUC-PR: 0.930962
INFO : RESCAL : [  0] fit: 0.36657 | delta: 3.7e-01 | secs: 0.01617
INFO : RESCAL : [  1] fit: 0.35891 | delta: 7.7e-03 | secs: 0.01637
INFO : RESCAL : [  2] fit: 0.35254 | delta: 6.4e-03 | secs: 0.01609
INFO : RESCAL : [  3] fit: 0.34980 | delta: 2.7e-03 | secs: 0.01633
INFO : RESCAL : [  4] fit: 0.34868 | delta: 1.1e-03 | secs: 0.01599
INFO : RESCAL : [  5] fit: 0.34822 | delta: 4.7e-04 | secs: 0.01673
INFO : RESCAL : [  6] fit: 0.34802 | delta: 2.0e-04 | secs: 0.01684
INFO : RESCAL : [  7] fit: 0.34792 | delta: 9.2e-05 | secs: 0.01591
[Fold 2] AUC-PR: 0.922489
INFO : RESCAL : [  0] fit: 0.36401 | delta: 3.6e-01 | secs: 0.01716
INFO : RESCAL : [  1] fit: 0.35633 | delta: 7.7e-03 | secs: 0.01749
INFO : RESCAL : [  2] fit: 0.34988 | delta: 6.4e-03 | secs: 0.01590
INFO : RESCAL : [  3] fit: 0.34722 | delta: 2.7e-03 | secs: 0.01731
INFO : RESCAL : [  4] fit: 0.34614 | delta: 1.1e-03 | secs: 0.01657
INFO : RESCAL : [  5] fit: 0.34569 | delta: 4.5e-04 | secs: 0.01659
INFO : RESCAL : [  6] fit: 0.34550 | delta: 2.0e-04 | secs: 0.01645
INFO : RESCAL : [  7] fit: 0.34540 | delta: 9.4e-05 | secs: 0.01681
[Fold 3] AUC-PR: 0.920380
INFO : RESCAL : [  0] fit: 0.36446 | delta: 3.6e-01 | secs: 0.01741
INFO : RESCAL : [  1] fit: 0.35832 | delta: 6.1e-03 | secs: 0.01704
INFO : RESCAL : [  2] fit: 0.35181 | delta: 6.5e-03 | secs: 0.01666
INFO : RESCAL : [  3] fit: 0.34907 | delta: 2.7e-03 | secs: 0.01781
INFO : RESCAL : [  4] fit: 0.34797 | delta: 1.1e-03 | secs: 0.01779
INFO : RESCAL : [  5] fit: 0.34751 | delta: 4.6e-04 | secs: 0.01758
INFO : RESCAL : [  6] fit: 0.34731 | delta: 2.0e-04 | secs: 0.01784
INFO : RESCAL : [  7] fit: 0.34722 | delta: 9.3e-05 | secs: 0.01617
[Fold 4] AUC-PR: 0.925687
INFO : RESCAL : [  0] fit: 0.36194 | delta: 3.6e-01 | secs: 0.01716
INFO : RESCAL : [  1] fit: 0.35499 | delta: 6.9e-03 | secs: 0.01620
INFO : RESCAL : [  2] fit: 0.34902 | delta: 6.0e-03 | secs: 0.01703
INFO : RESCAL : [  3] fit: 0.34660 | delta: 2.4e-03 | secs: 0.01627
INFO : RESCAL : [  4] fit: 0.34563 | delta: 9.6e-04 | secs: 0.01605
INFO : RESCAL : [  5] fit: 0.34524 | delta: 4.0e-04 | secs: 0.01706
INFO : RESCAL : [  6] fit: 0.34507 | delta: 1.7e-04 | secs: 0.01597
INFO : RESCAL : [  7] fit: 0.34499 | delta: 7.7e-05 | secs: 0.01614
[Fold 5] AUC-PR: 0.929283
INFO : RESCAL : [  0] fit: 0.36508 | delta: 3.7e-01 | secs: 0.01685
INFO : RESCAL : [  1] fit: 0.35765 | delta: 7.4e-03 | secs: 0.01692
INFO : RESCAL : [  2] fit: 0.35117 | delta: 6.5e-03 | secs: 0.01736
INFO : RESCAL : [  3] fit: 0.34851 | delta: 2.7e-03 | secs: 0.01748
INFO : RESCAL : [  4] fit: 0.34743 | delta: 1.1e-03 | secs: 0.01673
INFO : RESCAL : [  5] fit: 0.34698 | delta: 4.5e-04 | secs: 0.01767
INFO : RESCAL : [  6] fit: 0.34678 | delta: 2.0e-04 | secs: 0.01651
INFO : RESCAL : [  7] fit: 0.34669 | delta: 9.3e-05 | secs: 0.01662
[Fold 6] AUC-PR: 0.926332
INFO : RESCAL : [  0] fit: 0.36123 | delta: 3.6e-01 | secs: 0.01909
INFO : RESCAL : [  1] fit: 0.35342 | delta: 7.8e-03 | secs: 0.01610
INFO : RESCAL : [  2] fit: 0.34711 | delta: 6.3e-03 | secs: 0.01655
INFO : RESCAL : [  3] fit: 0.34437 | delta: 2.7e-03 | secs: 0.01739
INFO : RESCAL : [  4] fit: 0.34324 | delta: 1.1e-03 | secs: 0.01589
INFO : RESCAL : [  5] fit: 0.34276 | delta: 4.8e-04 | secs: 0.01745
INFO : RESCAL : [  6] fit: 0.34254 | delta: 2.2e-04 | secs: 0.01734
INFO : RESCAL : [  7] fit: 0.34243 | delta: 1.1e-04 | secs: 0.01751
INFO : RESCAL : [  8] fit: 0.34237 | delta: 6.0e-05 | secs: 0.01719
[Fold 7] AUC-PR: 0.923747
INFO : RESCAL : [  0] fit: 0.36426 | delta: 3.6e-01 | secs: 0.01715
INFO : RESCAL : [  1] fit: 0.35701 | delta: 7.3e-03 | secs: 0.01692
INFO : RESCAL : [  2] fit: 0.35057 | delta: 6.4e-03 | secs: 0.01649
INFO : RESCAL : [  3] fit: 0.34793 | delta: 2.6e-03 | secs: 0.01648
INFO : RESCAL : [  4] fit: 0.34686 | delta: 1.1e-03 | secs: 0.01733
INFO : RESCAL : [  5] fit: 0.34640 | delta: 4.5e-04 | secs: 0.01634
INFO : RESCAL : [  6] fit: 0.34620 | delta: 2.1e-04 | secs: 0.01667
INFO : RESCAL : [  7] fit: 0.34609 | delta: 1.0e-04 | secs: 0.01726
INFO : RESCAL : [  8] fit: 0.34603 | delta: 5.9e-05 | secs: 0.01675
[Fold 8] AUC-PR: 0.920417
INFO : RESCAL : [  0] fit: 0.36775 | delta: 3.7e-01 | secs: 0.01734
INFO : RESCAL : [  1] fit: 0.35962 | delta: 8.1e-03 | secs: 0.01732
INFO : RESCAL : [  2] fit: 0.35328 | delta: 6.3e-03 | secs: 0.01677
INFO : RESCAL : [  3] fit: 0.35058 | delta: 2.7e-03 | secs: 0.01684
INFO : RESCAL : [  4] fit: 0.34947 | delta: 1.1e-03 | secs: 0.01653
INFO : RESCAL : [  5] fit: 0.34900 | delta: 4.7e-04 | secs: 0.01937
INFO : RESCAL : [  6] fit: 0.34879 | delta: 2.1e-04 | secs: 0.01621
INFO : RESCAL : [  7] fit: 0.34869 | delta: 1.0e-04 | secs: 0.01763
INFO : RESCAL : [  8] fit: 0.34864 | delta: 5.4e-05 | secs: 0.01684
[Fold 9] AUC-PR: 0.924516
[Result] AUC-PR mean:0.925444 | std:0.003691 | time:3.98 s
[CSV]    Ligne écrite dans rescal_results.csv
=== FIN: kinships rank:90 ===
=== DATASET: kinships | rank:100 | lambda_A:10.0 | lambda_R:10.0 ===
[Config] maxIter:100 | conv:1.0e-04 | threads:2
[Data]   nnz:10790 | import_time:0.02 s
INFO : RESCAL : [  0] fit: 0.08689 | delta: 8.7e-02 | secs: 0.01990
INFO : RESCAL : [  1] fit: 0.10203 | delta: 1.5e-02 | secs: 0.01925
INFO : RESCAL : [  2] fit: 0.10462 | delta: 2.6e-03 | secs: 0.01948
INFO : RESCAL : [  3] fit: 0.10405 | delta: 5.7e-04 | secs: 0.02038
INFO : RESCAL : [  4] fit: 0.10393 | delta: 1.2e-04 | secs: 0.01833
INFO : RESCAL : [  5] fit: 0.10384 | delta: 9.5e-05 | secs: 0.01792
[Fold 0] AUC-PR: 0.636340
INFO : RESCAL : [  0] fit: 0.08674 | delta: 8.7e-02 | secs: 0.02567
INFO : RESCAL : [  1] fit: 0.09954 | delta: 1.3e-02 | secs: 0.02377
INFO : RESCAL : [  2] fit: 0.10183 | delta: 2.3e-03 | secs: 0.01919
INFO : RESCAL : [  3] fit: 0.10129 | delta: 5.4e-04 | secs: 0.01974
INFO : RESCAL : [  4] fit: 0.10117 | delta: 1.2e-04 | secs: 0.02056
INFO : RESCAL : [  5] fit: 0.10107 | delta: 1.0e-04 | secs: 0.02220
INFO : RESCAL : [  6] fit: 0.10099 | delta: 7.8e-05 | secs: 0.02042
[Fold 1] AUC-PR: 0.669364
INFO : RESCAL : [  0] fit: 0.08572 | delta: 8.6e-02 | secs: 0.02048
INFO : RESCAL : [  1] fit: 0.09969 | delta: 1.4e-02 | secs: 0.01880
INFO : RESCAL : [  2] fit: 0.10215 | delta: 2.5e-03 | secs: 0.02124
INFO : RESCAL : [  3] fit: 0.10157 | delta: 5.8e-04 | secs: 0.01924
INFO : RESCAL : [  4] fit: 0.10145 | delta: 1.2e-04 | secs: 0.02003
INFO : RESCAL : [  5] fit: 0.10136 | delta: 9.2e-05 | secs: 0.02005
[Fold 2] AUC-PR: 0.649127
INFO : RESCAL : [  0] fit: 0.08420 | delta: 8.4e-02 | secs: 0.01995
INFO : RESCAL : [  1] fit: 0.09639 | delta: 1.2e-02 | secs: 0.02024
INFO : RESCAL : [  2] fit: 0.09882 | delta: 2.4e-03 | secs: 0.01863
INFO : RESCAL : [  3] fit: 0.09826 | delta: 5.5e-04 | secs: 0.01960
INFO : RESCAL : [  4] fit: 0.09815 | delta: 1.2e-04 | secs: 0.02197
INFO : RESCAL : [  5] fit: 0.09806 | delta: 8.8e-05 | secs: 0.01906
[Fold 3] AUC-PR: 0.691035
INFO : RESCAL : [  0] fit: 0.08516 | delta: 8.5e-02 | secs: 0.02128
INFO : RESCAL : [  1] fit: 0.09884 | delta: 1.4e-02 | secs: 0.01885
INFO : RESCAL : [  2] fit: 0.10123 | delta: 2.4e-03 | secs: 0.02099
INFO : RESCAL : [  3] fit: 0.10068 | delta: 5.6e-04 | secs: 0.01942
INFO : RESCAL : [  4] fit: 0.10055 | delta: 1.3e-04 | secs: 0.01956
INFO : RESCAL : [  5] fit: 0.10045 | delta: 1.1e-04 | secs: 0.02015
INFO : RESCAL : [  6] fit: 0.10036 | delta: 8.3e-05 | secs: 0.01866
[Fold 4] AUC-PR: 0.671352
INFO : RESCAL : [  0] fit: 0.08432 | delta: 8.4e-02 | secs: 0.01961
INFO : RESCAL : [  1] fit: 0.09906 | delta: 1.5e-02 | secs: 0.01821
INFO : RESCAL : [  2] fit: 0.10127 | delta: 2.2e-03 | secs: 0.01883
INFO : RESCAL : [  3] fit: 0.10068 | delta: 5.9e-04 | secs: 0.01794
INFO : RESCAL : [  4] fit: 0.10054 | delta: 1.4e-04 | secs: 0.01849
INFO : RESCAL : [  5] fit: 0.10043 | delta: 1.0e-04 | secs: 0.01885
INFO : RESCAL : [  6] fit: 0.10035 | delta: 7.9e-05 | secs: 0.01870
[Fold 5] AUC-PR: 0.655000
INFO : RESCAL : [  0] fit: 0.08685 | delta: 8.7e-02 | secs: 0.01912
INFO : RESCAL : [  1] fit: 0.10028 | delta: 1.3e-02 | secs: 0.01823
INFO : RESCAL : [  2] fit: 0.10244 | delta: 2.2e-03 | secs: 0.02005
INFO : RESCAL : [  3] fit: 0.10191 | delta: 5.2e-04 | secs: 0.01989
INFO : RESCAL : [  4] fit: 0.10179 | delta: 1.3e-04 | secs: 0.01970
INFO : RESCAL : [  5] fit: 0.10169 | delta: 1.0e-04 | secs: 0.02009
INFO : RESCAL : [  6] fit: 0.10161 | delta: 7.9e-05 | secs: 0.01873
[Fold 6] AUC-PR: 0.668436
INFO : RESCAL : [  0] fit: 0.08375 | delta: 8.4e-02 | secs: 0.02089
INFO : RESCAL : [  1] fit: 0.09782 | delta: 1.4e-02 | secs: 0.01955
INFO : RESCAL : [  2] fit: 0.10026 | delta: 2.4e-03 | secs: 0.01954
INFO : RESCAL : [  3] fit: 0.09964 | delta: 6.2e-04 | secs: 0.01882
INFO : RESCAL : [  4] fit: 0.09953 | delta: 1.2e-04 | secs: 0.01826
INFO : RESCAL : [  5] fit: 0.09943 | delta: 9.1e-05 | secs: 0.01932
[Fold 7] AUC-PR: 0.662788
INFO : RESCAL : [  0] fit: 0.08761 | delta: 8.8e-02 | secs: 0.02070
INFO : RESCAL : [  1] fit: 0.10084 | delta: 1.3e-02 | secs: 0.01988
INFO : RESCAL : [  2] fit: 0.10321 | delta: 2.4e-03 | secs: 0.01879
INFO : RESCAL : [  3] fit: 0.10263 | delta: 5.9e-04 | secs: 0.01958
INFO : RESCAL : [  4] fit: 0.10250 | delta: 1.3e-04 | secs: 0.01830
INFO : RESCAL : [  5] fit: 0.10240 | delta: 1.0e-04 | secs: 0.01948
INFO : RESCAL : [  6] fit: 0.10232 | delta: 7.8e-05 | secs: 0.01901
[Fold 8] AUC-PR: 0.659035
INFO : RESCAL : [  0] fit: 0.08927 | delta: 8.9e-02 | secs: 0.02008
INFO : RESCAL : [  1] fit: 0.10289 | delta: 1.4e-02 | secs: 0.01887
INFO : RESCAL : [  2] fit: 0.10496 | delta: 2.1e-03 | secs: 0.01902
INFO : RESCAL : [  3] fit: 0.10443 | delta: 5.4e-04 | secs: 0.01985
INFO : RESCAL : [  4] fit: 0.10430 | delta: 1.3e-04 | secs: 0.01913
INFO : RESCAL : [  5] fit: 0.10420 | delta: 1.0e-04 | secs: 0.01854
INFO : RESCAL : [  6] fit: 0.10412 | delta: 8.0e-05 | secs: 0.01917
[Fold 9] AUC-PR: 0.654512
[Result] AUC-PR mean:0.661699 | std:0.014014 | time:3.84 s
[CSV]    Ligne écrite dans rescal_results.csv
=== FIN: kinships rank:100 ===
=== DATASET: umls | rank:50 | lambda_A:5.0 | lambda_R:5.0 ===
[Config] maxIter:100 | conv:1.0e-04 | threads:2
[Data]   nnz:5216 | import_time:0.05 s
INFO : RESCAL : [  0] fit: 0.20805 | delta: 2.1e-01 | secs: 0.02476
INFO : RESCAL : [  1] fit: 0.23903 | delta: 3.1e-02 | secs: 0.02393
INFO : RESCAL : [  2] fit: 0.23977 | delta: 7.4e-04 | secs: 0.02422
INFO : RESCAL : [  3] fit: 0.23903 | delta: 7.4e-04 | secs: 0.02360
INFO : RESCAL : [  4] fit: 0.23857 | delta: 4.6e-04 | secs: 0.02399
INFO : RESCAL : [  5] fit: 0.23854 | delta: 2.8e-05 | secs: 0.02446
[Fold 0] AUC-PR: 0.338034
INFO : RESCAL : [  0] fit: 0.21308 | delta: 2.1e-01 | secs: 0.02361
INFO : RESCAL : [  1] fit: 0.24548 | delta: 3.2e-02 | secs: 0.02358
INFO : RESCAL : [  2] fit: 0.24460 | delta: 8.8e-04 | secs: 0.02350
INFO : RESCAL : [  3] fit: 0.24327 | delta: 1.3e-03 | secs: 0.02346
INFO : RESCAL : [  4] fit: 0.24281 | delta: 4.6e-04 | secs: 0.02642
INFO : RESCAL : [  5] fit: 0.24261 | delta: 1.9e-04 | secs: 0.02350
INFO : RESCAL : [  6] fit: 0.24253 | delta: 8.4e-05 | secs: 0.02352
[Fold 1] AUC-PR: 0.352018
INFO : RESCAL : [  0] fit: 0.21110 | delta: 2.1e-01 | secs: 0.02402
INFO : RESCAL : [  1] fit: 0.24701 | delta: 3.6e-02 | secs: 0.02362
INFO : RESCAL : [  2] fit: 0.24667 | delta: 3.4e-04 | secs: 0.02326
INFO : RESCAL : [  3] fit: 0.24501 | delta: 1.7e-03 | secs: 0.02393
INFO : RESCAL : [  4] fit: 0.24424 | delta: 7.7e-04 | secs: 0.02328
INFO : RESCAL : [  5] fit: 0.24401 | delta: 2.3e-04 | secs: 0.02288
INFO : RESCAL : [  6] fit: 0.24394 | delta: 6.3e-05 | secs: 0.02335
[Fold 2] AUC-PR: 0.321426
INFO : RESCAL : [  0] fit: 0.21048 | delta: 2.1e-01 | secs: 0.02383
INFO : RESCAL : [  1] fit: 0.24560 | delta: 3.5e-02 | secs: 0.02304
INFO : RESCAL : [  2] fit: 0.24364 | delta: 2.0e-03 | secs: 0.02377
INFO : RESCAL : [  3] fit: 0.24196 | delta: 1.7e-03 | secs: 0.02319
INFO : RESCAL : [  4] fit: 0.24130 | delta: 6.7e-04 | secs: 0.02316
INFO : RESCAL : [  5] fit: 0.24112 | delta: 1.7e-04 | secs: 0.02380
INFO : RESCAL : [  6] fit: 0.24111 | delta: 1.1e-05 | secs: 0.02362
[Fold 3] AUC-PR: 0.308747
INFO : RESCAL : [  0] fit: 0.20983 | delta: 2.1e-01 | secs: 0.02298
INFO : RESCAL : [  1] fit: 0.24640 | delta: 3.7e-02 | secs: 0.02409
INFO : RESCAL : [  2] fit: 0.24523 | delta: 1.2e-03 | secs: 0.02360
INFO : RESCAL : [  3] fit: 0.24388 | delta: 1.3e-03 | secs: 0.02283
INFO : RESCAL : [  4] fit: 0.24328 | delta: 6.0e-04 | secs: 0.02389
INFO : RESCAL : [  5] fit: 0.24318 | delta: 1.0e-04 | secs: 0.02356
[Fold 4] AUC-PR: 0.309014
INFO : RESCAL : [  0] fit: 0.20743 | delta: 2.1e-01 | secs: 0.02447
INFO : RESCAL : [  1] fit: 0.24164 | delta: 3.4e-02 | secs: 0.02344
INFO : RESCAL : [  2] fit: 0.24144 | delta: 2.0e-04 | secs: 0.02311
INFO : RESCAL : [  3] fit: 0.23975 | delta: 1.7e-03 | secs: 0.02382
INFO : RESCAL : [  4] fit: 0.23918 | delta: 5.7e-04 | secs: 0.02352
INFO : RESCAL : [  5] fit: 0.23913 | delta: 5.3e-05 | secs: 0.02339
[Fold 5] AUC-PR: 0.333999
INFO : RESCAL : [  0] fit: 0.21357 | delta: 2.1e-01 | secs: 0.02390
INFO : RESCAL : [  1] fit: 0.24405 | delta: 3.0e-02 | secs: 0.02351
INFO : RESCAL : [  2] fit: 0.24316 | delta: 9.0e-04 | secs: 0.02385
INFO : RESCAL : [  3] fit: 0.24169 | delta: 1.5e-03 | secs: 0.02388
INFO : RESCAL : [  4] fit: 0.24103 | delta: 6.6e-04 | secs: 0.02376
INFO : RESCAL : [  5] fit: 0.24082 | delta: 2.1e-04 | secs: 0.02408
INFO : RESCAL : [  6] fit: 0.24076 | delta: 6.2e-05 | secs: 0.02440
[Fold 6] AUC-PR: 0.333900
INFO : RESCAL : [  0] fit: 0.21691 | delta: 2.2e-01 | secs: 0.02472
INFO : RESCAL : [  1] fit: 0.24809 | delta: 3.1e-02 | secs: 0.02391
INFO : RESCAL : [  2] fit: 0.24697 | delta: 1.1e-03 | secs: 0.02426
INFO : RESCAL : [  3] fit: 0.24545 | delta: 1.5e-03 | secs: 0.02643
INFO : RESCAL : [  4] fit: 0.24489 | delta: 5.6e-04 | secs: 0.02493
INFO : RESCAL : [  5] fit: 0.24474 | delta: 1.5e-04 | secs: 0.02494
INFO : RESCAL : [  6] fit: 0.24469 | delta: 5.1e-05 | secs: 0.02500
[Fold 7] AUC-PR: 0.340607
INFO : RESCAL : [  0] fit: 0.21537 | delta: 2.2e-01 | secs: 0.02492
INFO : RESCAL : [  1] fit: 0.24755 | delta: 3.2e-02 | secs: 0.02441
INFO : RESCAL : [  2] fit: 0.24660 | delta: 9.5e-04 | secs: 0.02452
INFO : RESCAL : [  3] fit: 0.24509 | delta: 1.5e-03 | secs: 0.02452
INFO : RESCAL : [  4] fit: 0.24439 | delta: 6.9e-04 | secs: 0.03069
INFO : RESCAL : [  5] fit: 0.24424 | delta: 1.5e-04 | secs: 0.03051
INFO : RESCAL : [  6] fit: 0.24426 | delta: 2.1e-05 | secs: 0.02850
[Fold 8] AUC-PR: 0.343030
INFO : RESCAL : [  0] fit: 0.19976 | delta: 2.0e-01 | secs: 0.02470
INFO : RESCAL : [  1] fit: 0.24655 | delta: 4.7e-02 | secs: 0.02499
INFO : RESCAL : [  2] fit: 0.24617 | delta: 3.9e-04 | secs: 0.02307
INFO : RESCAL : [  3] fit: 0.24476 | delta: 1.4e-03 | secs: 0.02351
INFO : RESCAL : [  4] fit: 0.24436 | delta: 4.0e-04 | secs: 0.02319
INFO : RESCAL : [  5] fit: 0.24439 | delta: 2.8e-05 | secs: 0.02342
[Fold 9] AUC-PR: 0.328742
[Result] AUC-PR mean:0.330952 | std:0.013494 | time:3.64 s
[CSV]    Ligne écrite dans rescal_results.csv
=== FIN: umls rank:50 ===
=== DATASET: umls | rank:90 | lambda_A:5.0 | lambda_R:5.0 ===
[Config] maxIter:100 | conv:1.0e-04 | threads:2
[Data]   nnz:5216 | import_time:0.05 s
INFO : RESCAL : [  0] fit: 0.24479 | delta: 2.4e-01 | secs: 0.03551
INFO : RESCAL : [  1] fit: 0.25112 | delta: 6.3e-03 | secs: 0.03286
INFO : RESCAL : [  2] fit: 0.24636 | delta: 4.8e-03 | secs: 0.03467
INFO : RESCAL : [  3] fit: 0.24414 | delta: 2.2e-03 | secs: 0.03176
INFO : RESCAL : [  4] fit: 0.24320 | delta: 9.4e-04 | secs: 0.03265
INFO : RESCAL : [  5] fit: 0.24279 | delta: 4.1e-04 | secs: 0.03137
INFO : RESCAL : [  6] fit: 0.24261 | delta: 1.8e-04 | secs: 0.03222
INFO : RESCAL : [  7] fit: 0.24253 | delta: 8.4e-05 | secs: 0.03472
[Fold 0] AUC-PR: 0.342366
INFO : RESCAL : [  0] fit: 0.24249 | delta: 2.4e-01 | secs: 0.03423
INFO : RESCAL : [  1] fit: 0.25263 | delta: 1.0e-02 | secs: 0.03487
INFO : RESCAL : [  2] fit: 0.24815 | delta: 4.5e-03 | secs: 0.03344
INFO : RESCAL : [  3] fit: 0.24596 | delta: 2.2e-03 | secs: 0.03194
INFO : RESCAL : [  4] fit: 0.24507 | delta: 8.9e-04 | secs: 0.03288
INFO : RESCAL : [  5] fit: 0.24470 | delta: 3.7e-04 | secs: 0.03310
INFO : RESCAL : [  6] fit: 0.24454 | delta: 1.6e-04 | secs: 0.03212
INFO : RESCAL : [  7] fit: 0.24446 | delta: 7.6e-05 | secs: 0.03078
[Fold 1] AUC-PR: 0.375217
INFO : RESCAL : [  0] fit: 0.24350 | delta: 2.4e-01 | secs: 0.03406
INFO : RESCAL : [  1] fit: 0.25040 | delta: 6.9e-03 | secs: 0.03178
INFO : RESCAL : [  2] fit: 0.24592 | delta: 4.5e-03 | secs: 0.03252
INFO : RESCAL : [  3] fit: 0.24378 | delta: 2.1e-03 | secs: 0.03181
INFO : RESCAL : [  4] fit: 0.24290 | delta: 8.8e-04 | secs: 0.03663
INFO : RESCAL : [  5] fit: 0.24253 | delta: 3.7e-04 | secs: 0.03231
INFO : RESCAL : [  6] fit: 0.24237 | delta: 1.6e-04 | secs: 0.03251
INFO : RESCAL : [  7] fit: 0.24229 | delta: 7.5e-05 | secs: 0.03298
[Fold 2] AUC-PR: 0.341883
INFO : RESCAL : [  0] fit: 0.24186 | delta: 2.4e-01 | secs: 0.03226
INFO : RESCAL : [  1] fit: 0.24907 | delta: 7.2e-03 | secs: 0.03330
INFO : RESCAL : [  2] fit: 0.24418 | delta: 4.9e-03 | secs: 0.03238
INFO : RESCAL : [  3] fit: 0.24182 | delta: 2.4e-03 | secs: 0.03204
INFO : RESCAL : [  4] fit: 0.24081 | delta: 1.0e-03 | secs: 0.03259
INFO : RESCAL : [  5] fit: 0.24037 | delta: 4.4e-04 | secs: 0.03047
INFO : RESCAL : [  6] fit: 0.24018 | delta: 1.9e-04 | secs: 0.03073
INFO : RESCAL : [  7] fit: 0.24009 | delta: 8.8e-05 | secs: 0.03194
[Fold 3] AUC-PR: 0.353444
INFO : RESCAL : [  0] fit: 0.24202 | delta: 2.4e-01 | secs: 0.03508
INFO : RESCAL : [  1] fit: 0.25116 | delta: 9.1e-03 | secs: 0.03155
INFO : RESCAL : [  2] fit: 0.24628 | delta: 4.9e-03 | secs: 0.03286
INFO : RESCAL : [  3] fit: 0.24390 | delta: 2.4e-03 | secs: 0.03190
INFO : RESCAL : [  4] fit: 0.24290 | delta: 1.0e-03 | secs: 0.03253
INFO : RESCAL : [  5] fit: 0.24248 | delta: 4.3e-04 | secs: 0.03290
INFO : RESCAL : [  6] fit: 0.24229 | delta: 1.9e-04 | secs: 0.03198
INFO : RESCAL : [  7] fit: 0.24220 | delta: 8.6e-05 | secs: 0.03200
[Fold 4] AUC-PR: 0.320564
INFO : RESCAL : [  0] fit: 0.24962 | delta: 2.5e-01 | secs: 0.03504
INFO : RESCAL : [  1] fit: 0.25652 | delta: 6.9e-03 | secs: 0.03124
INFO : RESCAL : [  2] fit: 0.25123 | delta: 5.3e-03 | secs: 0.03392
INFO : RESCAL : [  3] fit: 0.24877 | delta: 2.5e-03 | secs: 0.03240
INFO : RESCAL : [  4] fit: 0.24776 | delta: 1.0e-03 | secs: 0.03227
INFO : RESCAL : [  5] fit: 0.24734 | delta: 4.2e-04 | secs: 0.03229
INFO : RESCAL : [  6] fit: 0.24716 | delta: 1.8e-04 | secs: 0.03191
INFO : RESCAL : [  7] fit: 0.24708 | delta: 8.3e-05 | secs: 0.03084
[Fold 5] AUC-PR: 0.349260
INFO : RESCAL : [  0] fit: 0.24000 | delta: 2.4e-01 | secs: 0.03482
INFO : RESCAL : [  1] fit: 0.24724 | delta: 7.2e-03 | secs: 0.03389
INFO : RESCAL : [  2] fit: 0.24245 | delta: 4.8e-03 | secs: 0.03468
INFO : RESCAL : [  3] fit: 0.24025 | delta: 2.2e-03 | secs: 0.03904
INFO : RESCAL : [  4] fit: 0.23938 | delta: 8.7e-04 | secs: 0.03215
INFO : RESCAL : [  5] fit: 0.23903 | delta: 3.6e-04 | secs: 0.03382
INFO : RESCAL : [  6] fit: 0.23887 | delta: 1.5e-04 | secs: 0.03649
INFO : RESCAL : [  7] fit: 0.23881 | delta: 6.9e-05 | secs: 0.03660
[Fold 6] AUC-PR: 0.334680
INFO : RESCAL : [  0] fit: 0.24411 | delta: 2.4e-01 | secs: 0.03576
INFO : RESCAL : [  1] fit: 0.25172 | delta: 7.6e-03 | secs: 0.03551
INFO : RESCAL : [  2] fit: 0.24684 | delta: 4.9e-03 | secs: 0.03509
INFO : RESCAL : [  3] fit: 0.24464 | delta: 2.2e-03 | secs: 0.03533
INFO : RESCAL : [  4] fit: 0.24374 | delta: 9.1e-04 | secs: 0.03248
INFO : RESCAL : [  5] fit: 0.24336 | delta: 3.8e-04 | secs: 0.03327
INFO : RESCAL : [  6] fit: 0.24319 | delta: 1.7e-04 | secs: 0.03343
INFO : RESCAL : [  7] fit: 0.24312 | delta: 7.6e-05 | secs: 0.03098
[Fold 7] AUC-PR: 0.287816
INFO : RESCAL : [  0] fit: 0.24043 | delta: 2.4e-01 | secs: 0.03585
INFO : RESCAL : [  1] fit: 0.24893 | delta: 8.5e-03 | secs: 0.03164
INFO : RESCAL : [  2] fit: 0.24431 | delta: 4.6e-03 | secs: 0.03355
INFO : RESCAL : [  3] fit: 0.24228 | delta: 2.0e-03 | secs: 0.03063
INFO : RESCAL : [  4] fit: 0.24146 | delta: 8.2e-04 | secs: 0.02966
INFO : RESCAL : [  5] fit: 0.24112 | delta: 3.4e-04 | secs: 0.03283
INFO : RESCAL : [  6] fit: 0.24098 | delta: 1.5e-04 | secs: 0.02984
INFO : RESCAL : [  7] fit: 0.24091 | delta: 6.7e-05 | secs: 0.03302
[Fold 8] AUC-PR: 0.311631
INFO : RESCAL : [  0] fit: 0.24687 | delta: 2.5e-01 | secs: 0.03245
INFO : RESCAL : [  1] fit: 0.25382 | delta: 6.9e-03 | secs: 0.03162
INFO : RESCAL : [  2] fit: 0.24851 | delta: 5.3e-03 | secs: 0.03323
INFO : RESCAL : [  3] fit: 0.24613 | delta: 2.4e-03 | secs: 0.03360
INFO : RESCAL : [  4] fit: 0.24516 | delta: 9.8e-04 | secs: 0.03110
INFO : RESCAL : [  5] fit: 0.24474 | delta: 4.1e-04 | secs: 0.02987
INFO : RESCAL : [  6] fit: 0.24456 | delta: 1.8e-04 | secs: 0.03308
INFO : RESCAL : [  7] fit: 0.24447 | delta: 8.6e-05 | secs: 0.03271
[Fold 9] AUC-PR: 0.331153
[Result] AUC-PR mean:0.334801 | std:0.022930 | time:7.75 s
[CSV]    Ligne écrite dans rescal_results.csv
=== FIN: umls rank:90 ===
=== DATASET: umls | rank:100 | lambda_A:10.0 | lambda_R:10.0 ===
[Config] maxIter:100 | conv:1.0e-04 | threads:2
[Data]   nnz:5216 | import_time:0.05 s
INFO : RESCAL : [  0] fit: 0.04455 | delta: 4.5e-02 | secs: 0.04200
INFO : RESCAL : [  1] fit: 0.05273 | delta: 8.2e-03 | secs: 0.03765
INFO : RESCAL : [  2] fit: 0.05283 | delta: 1.0e-04 | secs: 0.03580
INFO : RESCAL : [  3] fit: 0.05267 | delta: 1.6e-04 | secs: 0.03851
INFO : RESCAL : [  4] fit: 0.05237 | delta: 3.0e-04 | secs: 0.03861
INFO : RESCAL : [  5] fit: 0.05214 | delta: 2.3e-04 | secs: 0.03613
INFO : RESCAL : [  6] fit: 0.05194 | delta: 2.0e-04 | secs: 0.03834
INFO : RESCAL : [  7] fit: 0.05178 | delta: 1.7e-04 | secs: 0.03359
INFO : RESCAL : [  8] fit: 0.05163 | delta: 1.4e-04 | secs: 0.03838
INFO : RESCAL : [  9] fit: 0.05151 | delta: 1.2e-04 | secs: 0.03701
INFO : RESCAL : [ 10] fit: 0.05140 | delta: 1.1e-04 | secs: 0.03832
INFO : RESCAL : [ 11] fit: 0.05131 | delta: 9.2e-05 | secs: 0.03801
[Fold 0] AUC-PR: 0.079625
INFO : RESCAL : [  0] fit: 0.04969 | delta: 5.0e-02 | secs: 0.03881
INFO : RESCAL : [  1] fit: 0.05875 | delta: 9.1e-03 | secs: 0.03850
INFO : RESCAL : [  2] fit: 0.05860 | delta: 1.6e-04 | secs: 0.03817
INFO : RESCAL : [  3] fit: 0.05847 | delta: 1.3e-04 | secs: 0.03926
INFO : RESCAL : [  4] fit: 0.05819 | delta: 2.8e-04 | secs: 0.03791
INFO : RESCAL : [  5] fit: 0.05799 | delta: 2.0e-04 | secs: 0.03802
INFO : RESCAL : [  6] fit: 0.05781 | delta: 1.8e-04 | secs: 0.03939
INFO : RESCAL : [  7] fit: 0.05766 | delta: 1.5e-04 | secs: 0.03674
INFO : RESCAL : [  8] fit: 0.05753 | delta: 1.3e-04 | secs: 0.03648
INFO : RESCAL : [  9] fit: 0.05742 | delta: 1.1e-04 | secs: 0.03816
INFO : RESCAL : [ 10] fit: 0.05732 | delta: 9.6e-05 | secs: 0.03894
[Fold 1] AUC-PR: 0.073770
INFO : RESCAL : [  0] fit: 0.04853 | delta: 4.9e-02 | secs: 0.04029
INFO : RESCAL : [  1] fit: 0.05475 | delta: 6.2e-03 | secs: 0.04672
INFO : RESCAL : [  2] fit: 0.05497 | delta: 2.2e-04 | secs: 0.03953
INFO : RESCAL : [  3] fit: 0.05475 | delta: 2.2e-04 | secs: 0.04837
INFO : RESCAL : [  4] fit: 0.05443 | delta: 3.2e-04 | secs: 0.04125
INFO : RESCAL : [  5] fit: 0.05418 | delta: 2.5e-04 | secs: 0.04430
INFO : RESCAL : [  6] fit: 0.05396 | delta: 2.2e-04 | secs: 0.04105
INFO : RESCAL : [  7] fit: 0.05378 | delta: 1.8e-04 | secs: 0.04115
INFO : RESCAL : [  8] fit: 0.05363 | delta: 1.5e-04 | secs: 0.03997
INFO : RESCAL : [  9] fit: 0.05351 | delta: 1.2e-04 | secs: 0.04028
INFO : RESCAL : [ 10] fit: 0.05340 | delta: 1.0e-04 | secs: 0.03899
INFO : RESCAL : [ 11] fit: 0.05332 | delta: 8.7e-05 | secs: 0.03862
[Fold 2] AUC-PR: 0.076580
INFO : RESCAL : [  0] fit: 0.04848 | delta: 4.8e-02 | secs: 0.03468
INFO : RESCAL : [  1] fit: 0.05511 | delta: 6.6e-03 | secs: 0.03871
INFO : RESCAL : [  2] fit: 0.05537 | delta: 2.6e-04 | secs: 0.03787
INFO : RESCAL : [  3] fit: 0.05517 | delta: 2.0e-04 | secs: 0.03773
INFO : RESCAL : [  4] fit: 0.05487 | delta: 3.0e-04 | secs: 0.03750
INFO : RESCAL : [  5] fit: 0.05464 | delta: 2.3e-04 | secs: 0.03776
INFO : RESCAL : [  6] fit: 0.05444 | delta: 2.0e-04 | secs: 0.03598
INFO : RESCAL : [  7] fit: 0.05427 | delta: 1.7e-04 | secs: 0.03818
INFO : RESCAL : [  8] fit: 0.05412 | delta: 1.5e-04 | secs: 0.03730
INFO : RESCAL : [  9] fit: 0.05400 | delta: 1.2e-04 | secs: 0.03874
INFO : RESCAL : [ 10] fit: 0.05389 | delta: 1.1e-04 | secs: 0.03807
INFO : RESCAL : [ 11] fit: 0.05380 | delta: 9.2e-05 | secs: 0.03970
[Fold 3] AUC-PR: 0.071524
INFO : RESCAL : [  0] fit: 0.04908 | delta: 4.9e-02 | secs: 0.03946
INFO : RESCAL : [  1] fit: 0.05523 | delta: 6.2e-03 | secs: 0.03792
INFO : RESCAL : [  2] fit: 0.05567 | delta: 4.4e-04 | secs: 0.03813
INFO : RESCAL : [  3] fit: 0.05546 | delta: 2.1e-04 | secs: 0.03840
INFO : RESCAL : [  4] fit: 0.05515 | delta: 3.1e-04 | secs: 0.03775
INFO : RESCAL : [  5] fit: 0.05490 | delta: 2.5e-04 | secs: 0.03807
INFO : RESCAL : [  6] fit: 0.05468 | delta: 2.2e-04 | secs: 0.03737
INFO : RESCAL : [  7] fit: 0.05449 | delta: 1.9e-04 | secs: 0.03707
INFO : RESCAL : [  8] fit: 0.05433 | delta: 1.6e-04 | secs: 0.03754
INFO : RESCAL : [  9] fit: 0.05419 | delta: 1.4e-04 | secs: 0.03716
INFO : RESCAL : [ 10] fit: 0.05407 | delta: 1.2e-04 | secs: 0.03805
INFO : RESCAL : [ 11] fit: 0.05396 | delta: 1.0e-04 | secs: 0.03847
INFO : RESCAL : [ 12] fit: 0.05387 | delta: 9.1e-05 | secs: 0.03776
[Fold 4] AUC-PR: 0.085235
INFO : RESCAL : [  0] fit: 0.04853 | delta: 4.9e-02 | secs: 0.03861
INFO : RESCAL : [  1] fit: 0.05604 | delta: 7.5e-03 | secs: 0.03721
INFO : RESCAL : [  2] fit: 0.05613 | delta: 8.9e-05 | secs: 0.03719
[Fold 5] AUC-PR: 0.150238
INFO : RESCAL : [  0] fit: 0.04324 | delta: 4.3e-02 | secs: 0.04051
INFO : RESCAL : [  1] fit: 0.05100 | delta: 7.8e-03 | secs: 0.03833
INFO : RESCAL : [  2] fit: 0.05132 | delta: 3.2e-04 | secs: 0.03949
INFO : RESCAL : [  3] fit: 0.05112 | delta: 1.9e-04 | secs: 0.03730
INFO : RESCAL : [  4] fit: 0.05080 | delta: 3.3e-04 | secs: 0.03796
INFO : RESCAL : [  5] fit: 0.05054 | delta: 2.5e-04 | secs: 0.03813
INFO : RESCAL : [  6] fit: 0.05032 | delta: 2.2e-04 | secs: 0.03755
INFO : RESCAL : [  7] fit: 0.05014 | delta: 1.8e-04 | secs: 0.03852
INFO : RESCAL : [  8] fit: 0.04999 | delta: 1.5e-04 | secs: 0.03539
INFO : RESCAL : [  9] fit: 0.04987 | delta: 1.2e-04 | secs: 0.03995
INFO : RESCAL : [ 10] fit: 0.04976 | delta: 1.0e-04 | secs: 0.03854
INFO : RESCAL : [ 11] fit: 0.04968 | delta: 8.6e-05 | secs: 0.03888
[Fold 6] AUC-PR: 0.073660
INFO : RESCAL : [  0] fit: 0.04538 | delta: 4.5e-02 | secs: 0.03809
INFO : RESCAL : [  1] fit: 0.05284 | delta: 7.5e-03 | secs: 0.03789
INFO : RESCAL : [  2] fit: 0.05317 | delta: 3.3e-04 | secs: 0.03714
INFO : RESCAL : [  3] fit: 0.05297 | delta: 2.0e-04 | secs: 0.03619
INFO : RESCAL : [  4] fit: 0.05265 | delta: 3.2e-04 | secs: 0.03750
INFO : RESCAL : [  5] fit: 0.05241 | delta: 2.4e-04 | secs: 0.03826
INFO : RESCAL : [  6] fit: 0.05219 | delta: 2.2e-04 | secs: 0.03653
INFO : RESCAL : [  7] fit: 0.05201 | delta: 1.8e-04 | secs: 0.03726
INFO : RESCAL : [  8] fit: 0.05186 | delta: 1.5e-04 | secs: 0.03854
INFO : RESCAL : [  9] fit: 0.05173 | delta: 1.3e-04 | secs: 0.03756
INFO : RESCAL : [ 10] fit: 0.05161 | delta: 1.1e-04 | secs: 0.03814
INFO : RESCAL : [ 11] fit: 0.05152 | delta: 9.6e-05 | secs: 0.03715
[Fold 7] AUC-PR: 0.074001
INFO : RESCAL : [  0] fit: 0.04568 | delta: 4.6e-02 | secs: 0.04001
INFO : RESCAL : [  1] fit: 0.05395 | delta: 8.3e-03 | secs: 0.03935
INFO : RESCAL : [  2] fit: 0.05385 | delta: 1.0e-04 | secs: 0.03685
INFO : RESCAL : [  3] fit: 0.05368 | delta: 1.7e-04 | secs: 0.03913
INFO : RESCAL : [  4] fit: 0.05337 | delta: 3.1e-04 | secs: 0.03880
INFO : RESCAL : [  5] fit: 0.05314 | delta: 2.4e-04 | secs: 0.03860
INFO : RESCAL : [  6] fit: 0.05293 | delta: 2.1e-04 | secs: 0.03852
INFO : RESCAL : [  7] fit: 0.05275 | delta: 1.8e-04 | secs: 0.03802
INFO : RESCAL : [  8] fit: 0.05259 | delta: 1.5e-04 | secs: 0.03756
INFO : RESCAL : [  9] fit: 0.05246 | delta: 1.3e-04 | secs: 0.04165
INFO : RESCAL : [ 10] fit: 0.05235 | delta: 1.1e-04 | secs: 0.04080
INFO : RESCAL : [ 11] fit: 0.05225 | delta: 9.9e-05 | secs: 0.03923
[Fold 8] AUC-PR: 0.082198
INFO : RESCAL : [  0] fit: 0.04739 | delta: 4.7e-02 | secs: 0.04030
INFO : RESCAL : [  1] fit: 0.05584 | delta: 8.4e-03 | secs: 0.04317
INFO : RESCAL : [  2] fit: 0.05582 | delta: 1.7e-05 | secs: 0.03818
[Fold 9] AUC-PR: 0.127491
[Result] AUC-PR mean:0.089432 | std:0.025554 | time:11.74 s
[CSV]    Ligne écrite dans rescal_results.csv
=== FIN: umls rank:100 ===
=== DATASET: nations | rank:50 | lambda_A:5.0 | lambda_R:5.0 ===
[Config] maxIter:100 | conv:1.0e-04 | threads:2
[Data]   nnz:1592 | import_time:0.00 s
INFO : RESCAL : [  0] fit: 0.26603 | delta: 2.7e-01 | secs: 0.02413
INFO : RESCAL : [  1] fit: 0.27134 | delta: 5.3e-03 | secs: 0.02352
INFO : RESCAL : [  2] fit: 0.27305 | delta: 1.7e-03 | secs: 0.02390
INFO : RESCAL : [  3] fit: 0.27358 | delta: 5.3e-04 | secs: 0.02361
INFO : RESCAL : [  4] fit: 0.27376 | delta: 1.8e-04 | secs: 0.02988
INFO : RESCAL : [  5] fit: 0.27384 | delta: 7.3e-05 | secs: 0.02592
[Fold 0] AUC-PR: 0.467339
INFO : RESCAL : [  0] fit: 0.26899 | delta: 2.7e-01 | secs: 0.02337
INFO : RESCAL : [  1] fit: 0.27445 | delta: 5.5e-03 | secs: 0.02321
INFO : RESCAL : [  2] fit: 0.27643 | delta: 2.0e-03 | secs: 0.02303
INFO : RESCAL : [  3] fit: 0.27702 | delta: 5.9e-04 | secs: 0.02261
INFO : RESCAL : [  4] fit: 0.27721 | delta: 1.9e-04 | secs: 0.02278
INFO : RESCAL : [  5] fit: 0.27727 | delta: 6.5e-05 | secs: 0.02344
[Fold 1] AUC-PR: 0.417170
INFO : RESCAL : [  0] fit: 0.26314 | delta: 2.6e-01 | secs: 0.02306
INFO : RESCAL : [  1] fit: 0.27351 | delta: 1.0e-02 | secs: 0.02227
INFO : RESCAL : [  2] fit: 0.27606 | delta: 2.5e-03 | secs: 0.02246
INFO : RESCAL : [  3] fit: 0.27683 | delta: 7.7e-04 | secs: 0.02345
INFO : RESCAL : [  4] fit: 0.27707 | delta: 2.4e-04 | secs: 0.02242
INFO : RESCAL : [  5] fit: 0.27715 | delta: 8.4e-05 | secs: 0.02284
[Fold 2] AUC-PR: 0.434917
INFO : RESCAL : [  0] fit: 0.26457 | delta: 2.6e-01 | secs: 0.02270
INFO : RESCAL : [  1] fit: 0.27214 | delta: 7.6e-03 | secs: 0.02262
INFO : RESCAL : [  2] fit: 0.27426 | delta: 2.1e-03 | secs: 0.02265
INFO : RESCAL : [  3] fit: 0.27488 | delta: 6.1e-04 | secs: 0.02281
INFO : RESCAL : [  4] fit: 0.27505 | delta: 1.8e-04 | secs: 0.02251
INFO : RESCAL : [  5] fit: 0.27511 | delta: 5.3e-05 | secs: 0.02250
[Fold 3] AUC-PR: 0.461716
INFO : RESCAL : [  0] fit: 0.26470 | delta: 2.6e-01 | secs: 0.02286
INFO : RESCAL : [  1] fit: 0.27184 | delta: 7.1e-03 | secs: 0.02242
INFO : RESCAL : [  2] fit: 0.27369 | delta: 1.9e-03 | secs: 0.02223
INFO : RESCAL : [  3] fit: 0.27428 | delta: 5.8e-04 | secs: 0.02240
INFO : RESCAL : [  4] fit: 0.27450 | delta: 2.2e-04 | secs: 0.02257
INFO : RESCAL : [  5] fit: 0.27460 | delta: 1.0e-04 | secs: 0.02258
INFO : RESCAL : [  6] fit: 0.27465 | delta: 5.3e-05 | secs: 0.02281
[Fold 4] AUC-PR: 0.433678
INFO : RESCAL : [  0] fit: 0.26533 | delta: 2.7e-01 | secs: 0.02250
INFO : RESCAL : [  1] fit: 0.27232 | delta: 7.0e-03 | secs: 0.02248
INFO : RESCAL : [  2] fit: 0.27442 | delta: 2.1e-03 | secs: 0.02221
INFO : RESCAL : [  3] fit: 0.27505 | delta: 6.3e-04 | secs: 0.02250
INFO : RESCAL : [  4] fit: 0.27524 | delta: 2.0e-04 | secs: 0.02245
INFO : RESCAL : [  5] fit: 0.27531 | delta: 6.6e-05 | secs: 0.02244
[Fold 5] AUC-PR: 0.451884
INFO : RESCAL : [  0] fit: 0.26846 | delta: 2.7e-01 | secs: 0.02476
INFO : RESCAL : [  1] fit: 0.27367 | delta: 5.2e-03 | secs: 0.02246
INFO : RESCAL : [  2] fit: 0.27531 | delta: 1.6e-03 | secs: 0.02249
INFO : RESCAL : [  3] fit: 0.27576 | delta: 4.5e-04 | secs: 0.02245
INFO : RESCAL : [  4] fit: 0.27587 | delta: 1.1e-04 | secs: 0.02252
INFO : RESCAL : [  5] fit: 0.27588 | delta: 1.2e-05 | secs: 0.02306
[Fold 6] AUC-PR: 0.425806
INFO : RESCAL : [  0] fit: 0.26731 | delta: 2.7e-01 | secs: 0.02259
INFO : RESCAL : [  1] fit: 0.27545 | delta: 8.1e-03 | secs: 0.02248
INFO : RESCAL : [  2] fit: 0.27793 | delta: 2.5e-03 | secs: 0.02260
INFO : RESCAL : [  3] fit: 0.27865 | delta: 7.1e-04 | secs: 0.02271
INFO : RESCAL : [  4] fit: 0.27885 | delta: 2.1e-04 | secs: 0.02326
INFO : RESCAL : [  5] fit: 0.27891 | delta: 6.1e-05 | secs: 0.02205
[Fold 7] AUC-PR: 0.450826
INFO : RESCAL : [  0] fit: 0.26281 | delta: 2.6e-01 | secs: 0.02239
INFO : RESCAL : [  1] fit: 0.27059 | delta: 7.8e-03 | secs: 0.02235
INFO : RESCAL : [  2] fit: 0.27258 | delta: 2.0e-03 | secs: 0.02339
INFO : RESCAL : [  3] fit: 0.27312 | delta: 5.4e-04 | secs: 0.02325
INFO : RESCAL : [  4] fit: 0.27326 | delta: 1.5e-04 | secs: 0.02284
INFO : RESCAL : [  5] fit: 0.27330 | delta: 3.7e-05 | secs: 0.02269
[Fold 8] AUC-PR: 0.457876
INFO : RESCAL : [  0] fit: 0.26524 | delta: 2.7e-01 | secs: 0.02254
INFO : RESCAL : [  1] fit: 0.27322 | delta: 8.0e-03 | secs: 0.02222
INFO : RESCAL : [  2] fit: 0.27531 | delta: 2.1e-03 | secs: 0.02214
INFO : RESCAL : [  3] fit: 0.27595 | delta: 6.3e-04 | secs: 0.02222
INFO : RESCAL : [  4] fit: 0.27617 | delta: 2.2e-04 | secs: 0.02250
INFO : RESCAL : [  5] fit: 0.27626 | delta: 9.2e-05 | secs: 0.02221
[Fold 9] AUC-PR: 0.460502
[Result] AUC-PR mean:0.446171 | std:0.016202 | time:2.34 s
[CSV]    Ligne écrite dans rescal_results.csv
=== FIN: nations rank:50 ===
=== DATASET: nations | rank:90 | lambda_A:5.0 | lambda_R:5.0 ===
[Config] maxIter:100 | conv:1.0e-04 | threads:2
[Data]   nnz:1592 | import_time:0.00 s
INFO : RESCAL : [  0] fit: 0.26714 | delta: 2.7e-01 | secs: 0.02851
INFO : RESCAL : [  1] fit: 0.27283 | delta: 5.7e-03 | secs: 0.02956
INFO : RESCAL : [  2] fit: 0.27392 | delta: 1.1e-03 | secs: 0.02928
INFO : RESCAL : [  3] fit: 0.27413 | delta: 2.1e-04 | secs: 0.03124
INFO : RESCAL : [  4] fit: 0.27411 | delta: 2.5e-05 | secs: 0.02885
[Fold 0] AUC-PR: 0.476636
INFO : RESCAL : [  0] fit: 0.26828 | delta: 2.7e-01 | secs: 0.02937
INFO : RESCAL : [  1] fit: 0.27525 | delta: 7.0e-03 | secs: 0.02845
INFO : RESCAL : [  2] fit: 0.27618 | delta: 9.4e-04 | secs: 0.02942
INFO : RESCAL : [  3] fit: 0.27636 | delta: 1.7e-04 | secs: 0.02982
INFO : RESCAL : [  4] fit: 0.27631 | delta: 4.8e-05 | secs: 0.02993
[Fold 1] AUC-PR: 0.465319
INFO : RESCAL : [  0] fit: 0.27568 | delta: 2.8e-01 | secs: 0.02892
INFO : RESCAL : [  1] fit: 0.28032 | delta: 4.6e-03 | secs: 0.02983
INFO : RESCAL : [  2] fit: 0.28090 | delta: 5.8e-04 | secs: 0.02947
INFO : RESCAL : [  3] fit: 0.28095 | delta: 4.9e-05 | secs: 0.02839
[Fold 2] AUC-PR: 0.418128
INFO : RESCAL : [  0] fit: 0.26489 | delta: 2.6e-01 | secs: 0.02843
INFO : RESCAL : [  1] fit: 0.27249 | delta: 7.6e-03 | secs: 0.02909
INFO : RESCAL : [  2] fit: 0.27402 | delta: 1.5e-03 | secs: 0.02967
INFO : RESCAL : [  3] fit: 0.27437 | delta: 3.6e-04 | secs: 0.02969
INFO : RESCAL : [  4] fit: 0.27441 | delta: 3.7e-05 | secs: 0.02936
[Fold 3] AUC-PR: 0.470666
INFO : RESCAL : [  0] fit: 0.27468 | delta: 2.7e-01 | secs: 0.02946
INFO : RESCAL : [  1] fit: 0.27662 | delta: 1.9e-03 | secs: 0.02862
INFO : RESCAL : [  2] fit: 0.27706 | delta: 4.4e-04 | secs: 0.02793
INFO : RESCAL : [  3] fit: 0.27711 | delta: 4.5e-05 | secs: 0.02857
[Fold 4] AUC-PR: 0.404007
INFO : RESCAL : [  0] fit: 0.26660 | delta: 2.7e-01 | secs: 0.02855
INFO : RESCAL : [  1] fit: 0.27218 | delta: 5.6e-03 | secs: 0.02793
INFO : RESCAL : [  2] fit: 0.27330 | delta: 1.1e-03 | secs: 0.02988
INFO : RESCAL : [  3] fit: 0.27354 | delta: 2.4e-04 | secs: 0.02950
INFO : RESCAL : [  4] fit: 0.27353 | delta: 9.0e-06 | secs: 0.02899
[Fold 5] AUC-PR: 0.387705
INFO : RESCAL : [  0] fit: 0.27085 | delta: 2.7e-01 | secs: 0.02885
INFO : RESCAL : [  1] fit: 0.27442 | delta: 3.6e-03 | secs: 0.02916
INFO : RESCAL : [  2] fit: 0.27530 | delta: 8.8e-04 | secs: 0.02941
INFO : RESCAL : [  3] fit: 0.27546 | delta: 1.6e-04 | secs: 0.02958
INFO : RESCAL : [  4] fit: 0.27542 | delta: 3.6e-05 | secs: 0.02893
[Fold 6] AUC-PR: 0.513872
INFO : RESCAL : [  0] fit: 0.27252 | delta: 2.7e-01 | secs: 0.02884
INFO : RESCAL : [  1] fit: 0.27905 | delta: 6.5e-03 | secs: 0.02844
INFO : RESCAL : [  2] fit: 0.28044 | delta: 1.4e-03 | secs: 0.02949
INFO : RESCAL : [  3] fit: 0.28079 | delta: 3.5e-04 | secs: 0.02881
INFO : RESCAL : [  4] fit: 0.28083 | delta: 3.8e-05 | secs: 0.02836
[Fold 7] AUC-PR: 0.371456
INFO : RESCAL : [  0] fit: 0.26373 | delta: 2.6e-01 | secs: 0.02925
INFO : RESCAL : [  1] fit: 0.27273 | delta: 9.0e-03 | secs: 0.03073
INFO : RESCAL : [  2] fit: 0.27427 | delta: 1.5e-03 | secs: 0.02960
INFO : RESCAL : [  3] fit: 0.27462 | delta: 3.5e-04 | secs: 0.03015
INFO : RESCAL : [  4] fit: 0.27466 | delta: 3.4e-05 | secs: 0.03083
[Fold 8] AUC-PR: 0.450639
INFO : RESCAL : [  0] fit: 0.26790 | delta: 2.7e-01 | secs: 0.03051
INFO : RESCAL : [  1] fit: 0.27386 | delta: 6.0e-03 | secs: 0.03015
INFO : RESCAL : [  2] fit: 0.27497 | delta: 1.1e-03 | secs: 0.03116
INFO : RESCAL : [  3] fit: 0.27521 | delta: 2.4e-04 | secs: 0.02833
INFO : RESCAL : [  4] fit: 0.27520 | delta: 3.6e-06 | secs: 0.03052
[Fold 9] AUC-PR: 0.465884
[Result] AUC-PR mean:0.442431 | std:0.042792 | time:3.47 s
[CSV]    Ligne écrite dans rescal_results.csv
=== FIN: nations rank:90 ===
=== DATASET: nations | rank:100 | lambda_A:10.0 | lambda_R:10.0 ===
[Config] maxIter:100 | conv:1.0e-04 | threads:2
[Data]   nnz:1592 | import_time:0.00 s
INFO : RESCAL : [  0] fit: 0.01275 | delta: 1.3e-02 | secs: 0.03387
INFO : RESCAL : [  1] fit: 0.04683 | delta: 3.4e-02 | secs: 0.03638
INFO : RESCAL : [  2] fit: 0.05384 | delta: 7.0e-03 | secs: 0.03349
INFO : RESCAL : [  3] fit: 0.05508 | delta: 1.2e-03 | secs: 0.03269
INFO : RESCAL : [  4] fit: 0.05543 | delta: 3.5e-04 | secs: 0.03272
INFO : RESCAL : [  5] fit: 0.05555 | delta: 1.2e-04 | secs: 0.03288
INFO : RESCAL : [  6] fit: 0.05561 | delta: 5.1e-05 | secs: 0.03381
[Fold 0] AUC-PR: 0.330160
INFO : RESCAL : [  0] fit: 0.01169 | delta: 1.2e-02 | secs: 0.03159
INFO : RESCAL : [  1] fit: 0.04671 | delta: 3.5e-02 | secs: 0.03116
INFO : RESCAL : [  2] fit: 0.05378 | delta: 7.1e-03 | secs: 0.03757
INFO : RESCAL : [  3] fit: 0.05521 | delta: 1.4e-03 | secs: 0.03327
INFO : RESCAL : [  4] fit: 0.05565 | delta: 4.4e-04 | secs: 0.03358
INFO : RESCAL : [  5] fit: 0.05580 | delta: 1.5e-04 | secs: 0.03117
INFO : RESCAL : [  6] fit: 0.05586 | delta: 5.7e-05 | secs: 0.03282
[Fold 1] AUC-PR: 0.334778
INFO : RESCAL : [  0] fit: 0.00870 | delta: 8.7e-03 | secs: 0.03153
INFO : RESCAL : [  1] fit: 0.04941 | delta: 4.1e-02 | secs: 0.03181
INFO : RESCAL : [  2] fit: 0.05576 | delta: 6.3e-03 | secs: 0.03160
INFO : RESCAL : [  3] fit: 0.05696 | delta: 1.2e-03 | secs: 0.03191
INFO : RESCAL : [  4] fit: 0.05732 | delta: 3.7e-04 | secs: 0.03195
INFO : RESCAL : [  5] fit: 0.05746 | delta: 1.3e-04 | secs: 0.03143
INFO : RESCAL : [  6] fit: 0.05751 | delta: 5.6e-05 | secs: 0.03009
[Fold 2] AUC-PR: 0.298639
INFO : RESCAL : [  0] fit: 0.00810 | delta: 8.1e-03 | secs: 0.03053
INFO : RESCAL : [  1] fit: 0.04601 | delta: 3.8e-02 | secs: 0.03121
INFO : RESCAL : [  2] fit: 0.05250 | delta: 6.5e-03 | secs: 0.03250
INFO : RESCAL : [  3] fit: 0.05377 | delta: 1.3e-03 | secs: 0.03720
INFO : RESCAL : [  4] fit: 0.05417 | delta: 4.0e-04 | secs: 0.03877
INFO : RESCAL : [  5] fit: 0.05431 | delta: 1.5e-04 | secs: 0.03289
INFO : RESCAL : [  6] fit: 0.05437 | delta: 5.9e-05 | secs: 0.03141
[Fold 3] AUC-PR: 0.344589
INFO : RESCAL : [  0] fit: 0.01175 | delta: 1.2e-02 | secs: 0.04132
INFO : RESCAL : [  1] fit: 0.04903 | delta: 3.7e-02 | secs: 0.03159
INFO : RESCAL : [  2] fit: 0.05571 | delta: 6.7e-03 | secs: 0.03839
INFO : RESCAL : [  3] fit: 0.05703 | delta: 1.3e-03 | secs: 0.03074
INFO : RESCAL : [  4] fit: 0.05742 | delta: 3.9e-04 | secs: 0.03362
INFO : RESCAL : [  5] fit: 0.05756 | delta: 1.4e-04 | secs: 0.03507
INFO : RESCAL : [  6] fit: 0.05762 | delta: 5.7e-05 | secs: 0.03197
[Fold 4] AUC-PR: 0.313151
INFO : RESCAL : [  0] fit: 0.00668 | delta: 6.7e-03 | secs: 0.03185
INFO : RESCAL : [  1] fit: 0.04596 | delta: 3.9e-02 | secs: 0.03230
INFO : RESCAL : [  2] fit: 0.05244 | delta: 6.5e-03 | secs: 0.03308
INFO : RESCAL : [  3] fit: 0.05375 | delta: 1.3e-03 | secs: 0.03329
INFO : RESCAL : [  4] fit: 0.05415 | delta: 4.0e-04 | secs: 0.03047
INFO : RESCAL : [  5] fit: 0.05430 | delta: 1.4e-04 | secs: 0.03242
INFO : RESCAL : [  6] fit: 0.05436 | delta: 5.8e-05 | secs: 0.03012
[Fold 5] AUC-PR: 0.321952
INFO : RESCAL : [  0] fit: 0.00484 | delta: 4.8e-03 | secs: 0.03287
INFO : RESCAL : [  1] fit: 0.04297 | delta: 3.8e-02 | secs: 0.03230
INFO : RESCAL : [  2] fit: 0.04936 | delta: 6.4e-03 | secs: 0.03206
INFO : RESCAL : [  3] fit: 0.05056 | delta: 1.2e-03 | secs: 0.03283
INFO : RESCAL : [  4] fit: 0.05094 | delta: 3.7e-04 | secs: 0.03045
INFO : RESCAL : [  5] fit: 0.05107 | delta: 1.3e-04 | secs: 0.03200
INFO : RESCAL : [  6] fit: 0.05113 | delta: 5.4e-05 | secs: 0.03242
[Fold 6] AUC-PR: 0.355897
INFO : RESCAL : [  0] fit: 0.00608 | delta: 6.1e-03 | secs: 0.03202
INFO : RESCAL : [  1] fit: 0.04362 | delta: 3.8e-02 | secs: 0.03267
INFO : RESCAL : [  2] fit: 0.05085 | delta: 7.2e-03 | secs: 0.03192
INFO : RESCAL : [  3] fit: 0.05234 | delta: 1.5e-03 | secs: 0.03120
INFO : RESCAL : [  4] fit: 0.05278 | delta: 4.4e-04 | secs: 0.03234
INFO : RESCAL : [  5] fit: 0.05292 | delta: 1.5e-04 | secs: 0.03089
INFO : RESCAL : [  6] fit: 0.05298 | delta: 5.4e-05 | secs: 0.03265
[Fold 7] AUC-PR: 0.342973
INFO : RESCAL : [  0] fit: -0.00224 | delta: 2.2e-03 | secs: 0.02982
INFO : RESCAL : [  1] fit: 0.04077 | delta: 4.3e-02 | secs: 0.03309
INFO : RESCAL : [  2] fit: 0.04712 | delta: 6.4e-03 | secs: 0.03184
INFO : RESCAL : [  3] fit: 0.04831 | delta: 1.2e-03 | secs: 0.03387
INFO : RESCAL : [  4] fit: 0.04867 | delta: 3.6e-04 | secs: 0.03323
INFO : RESCAL : [  5] fit: 0.04880 | delta: 1.3e-04 | secs: 0.03135
INFO : RESCAL : [  6] fit: 0.04886 | delta: 5.6e-05 | secs: 0.03235
[Fold 8] AUC-PR: 0.410043
INFO : RESCAL : [  0] fit: 0.00377 | delta: 3.8e-03 | secs: 0.03195
INFO : RESCAL : [  1] fit: 0.04262 | delta: 3.9e-02 | secs: 0.03220
INFO : RESCAL : [  2] fit: 0.04928 | delta: 6.7e-03 | secs: 0.03586
INFO : RESCAL : [  3] fit: 0.05062 | delta: 1.3e-03 | secs: 0.04158
INFO : RESCAL : [  4] fit: 0.05102 | delta: 4.0e-04 | secs: 0.03528
INFO : RESCAL : [  5] fit: 0.05115 | delta: 1.4e-04 | secs: 0.03308
INFO : RESCAL : [  6] fit: 0.05121 | delta: 5.5e-05 | secs: 0.03453
[Fold 9] AUC-PR: 0.340291
[Result] AUC-PR mean:0.339247 | std:0.028398 | time:5.86 s
[CSV]    Ligne écrite dans rescal_results.csv
=== FIN: nations rank:100 ===
====================================================
RÉSUMÉ FINAL
====================================================
Combinaisons exécutées : 9 / 9
Résultats sauvegardés  : rescal_results.csv
====================================================
