[Threads] Utilisation de 10 thread(s) sur 12 disponibles
[Reprise] Mode force active : les combinaisons deja presentes seront recalculees
=== DATASET: kinships | rank:50 | lambda_A:5.0 | lambda_R:5.0 ===
[Config] maxIter:100 | conv:1.0e-04 | threads:10
[Data]   nnz:10790 | import_time:0.02 s
INFO : RESCAL : [  0] fit: 0.32385 | delta: 3.2e-01 | secs: 0.09071
INFO : RESCAL : [  1] fit: 0.34515 | delta: 2.1e-02 | secs: 0.09202
INFO : RESCAL : [  2] fit: 0.34315 | delta: 2.0e-03 | secs: 0.08939
INFO : RESCAL : [  3] fit: 0.34235 | delta: 8.0e-04 | secs: 0.09034
INFO : RESCAL : [  4] fit: 0.34260 | delta: 2.5e-04 | secs: 0.09202
INFO : RESCAL : [  5] fit: 0.34306 | delta: 4.6e-04 | secs: 0.09875
INFO : RESCAL : [  6] fit: 0.34336 | delta: 3.0e-04 | secs: 0.09962
INFO : RESCAL : [  7] fit: 0.34356 | delta: 2.0e-04 | secs: 0.10145
INFO : RESCAL : [  8] fit: 0.34375 | delta: 1.9e-04 | secs: 0.10018
INFO : RESCAL : [  9] fit: 0.34393 | delta: 1.8e-04 | secs: 0.09401
INFO : RESCAL : [ 10] fit: 0.34409 | delta: 1.6e-04 | secs: 0.09532
INFO : RESCAL : [ 11] fit: 0.34423 | delta: 1.4e-04 | secs: 0.09659
INFO : RESCAL : [ 12] fit: 0.34435 | delta: 1.2e-04 | secs: 0.09528
INFO : RESCAL : [ 13] fit: 0.34444 | delta: 9.4e-05 | secs: 0.09514
[Fold 0] AUC-PR: 0.920876
INFO : RESCAL : [  0] fit: 0.31652 | delta: 3.2e-01 | secs: 0.09743
INFO : RESCAL : [  1] fit: 0.34369 | delta: 2.7e-02 | secs: 0.09378
INFO : RESCAL : [  2] fit: 0.34220 | delta: 1.5e-03 | secs: 0.08938
INFO : RESCAL : [  3] fit: 0.34203 | delta: 1.7e-04 | secs: 0.08839
INFO : RESCAL : [  4] fit: 0.34239 | delta: 3.6e-04 | secs: 0.09399
INFO : RESCAL : [  5] fit: 0.34278 | delta: 3.9e-04 | secs: 0.09564
INFO : RESCAL : [  6] fit: 0.34316 | delta: 3.8e-04 | secs: 0.09793
INFO : RESCAL : [  7] fit: 0.34349 | delta: 3.3e-04 | secs: 0.09243
INFO : RESCAL : [  8] fit: 0.34375 | delta: 2.6e-04 | secs: 0.09284
INFO : RESCAL : [  9] fit: 0.34397 | delta: 2.1e-04 | secs: 0.08972
INFO : RESCAL : [ 10] fit: 0.34414 | delta: 1.7e-04 | secs: 0.09094
INFO : RESCAL : [ 11] fit: 0.34428 | delta: 1.4e-04 | secs: 0.09003
INFO : RESCAL : [ 12] fit: 0.34439 | delta: 1.1e-04 | secs: 0.09410
INFO : RESCAL : [ 13] fit: 0.34448 | delta: 9.2e-05 | secs: 0.09047
[Fold 1] AUC-PR: 0.915403
INFO : RESCAL : [  0] fit: 0.32478 | delta: 3.2e-01 | secs: 0.09195
INFO : RESCAL : [  1] fit: 0.34697 | delta: 2.2e-02 | secs: 0.09177
INFO : RESCAL : [  2] fit: 0.34509 | delta: 1.9e-03 | secs: 0.08901
INFO : RESCAL : [  3] fit: 0.34471 | delta: 3.8e-04 | secs: 0.09337
INFO : RESCAL : [  4] fit: 0.34519 | delta: 4.8e-04 | secs: 0.09103
INFO : RESCAL : [  5] fit: 0.34571 | delta: 5.2e-04 | secs: 0.09339
INFO : RESCAL : [  6] fit: 0.34610 | delta: 3.9e-04 | secs: 0.09910
INFO : RESCAL : [  7] fit: 0.34643 | delta: 3.3e-04 | secs: 0.09105
INFO : RESCAL : [  8] fit: 0.34674 | delta: 3.1e-04 | secs: 0.10147
INFO : RESCAL : [  9] fit: 0.34703 | delta: 3.0e-04 | secs: 0.09187
INFO : RESCAL : [ 10] fit: 0.34729 | delta: 2.6e-04 | secs: 0.09174
INFO : RESCAL : [ 11] fit: 0.34748 | delta: 1.9e-04 | secs: 0.09750
INFO : RESCAL : [ 12] fit: 0.34761 | delta: 1.3e-04 | secs: 0.10093
INFO : RESCAL : [ 13] fit: 0.34771 | delta: 1.0e-04 | secs: 0.10357
INFO : RESCAL : [ 14] fit: 0.34779 | delta: 8.0e-05 | secs: 0.09036
[Fold 2] AUC-PR: 0.911539
INFO : RESCAL : [  0] fit: 0.32231 | delta: 3.2e-01 | secs: 0.10210
INFO : RESCAL : [  1] fit: 0.34140 | delta: 1.9e-02 | secs: 0.10081
INFO : RESCAL : [  2] fit: 0.33868 | delta: 2.7e-03 | secs: 0.09791
INFO : RESCAL : [  3] fit: 0.33818 | delta: 5.0e-04 | secs: 0.10051
INFO : RESCAL : [  4] fit: 0.33848 | delta: 3.0e-04 | secs: 0.10290
INFO : RESCAL : [  5] fit: 0.33897 | delta: 4.9e-04 | secs: 0.09795
INFO : RESCAL : [  6] fit: 0.33943 | delta: 4.5e-04 | secs: 0.09320
INFO : RESCAL : [  7] fit: 0.33977 | delta: 3.4e-04 | secs: 0.09186
INFO : RESCAL : [  8] fit: 0.34003 | delta: 2.6e-04 | secs: 0.09319
INFO : RESCAL : [  9] fit: 0.34024 | delta: 2.2e-04 | secs: 0.10176
INFO : RESCAL : [ 10] fit: 0.34043 | delta: 1.9e-04 | secs: 0.10362
INFO : RESCAL : [ 11] fit: 0.34059 | delta: 1.6e-04 | secs: 0.10651
INFO : RESCAL : [ 12] fit: 0.34072 | delta: 1.3e-04 | secs: 0.09753
INFO : RESCAL : [ 13] fit: 0.34082 | delta: 1.0e-04 | secs: 0.09678
[Fold 3] AUC-PR: 0.928086
INFO : RESCAL : [  0] fit: 0.32081 | delta: 3.2e-01 | secs: 0.09323
INFO : RESCAL : [  1] fit: 0.34450 | delta: 2.4e-02 | secs: 0.09110
INFO : RESCAL : [  2] fit: 0.34237 | delta: 2.1e-03 | secs: 0.09192
INFO : RESCAL : [  3] fit: 0.34252 | delta: 1.5e-04 | secs: 0.09133
INFO : RESCAL : [  4] fit: 0.34303 | delta: 5.1e-04 | secs: 0.08960
INFO : RESCAL : [  5] fit: 0.34359 | delta: 5.6e-04 | secs: 0.09039
INFO : RESCAL : [  6] fit: 0.34412 | delta: 5.3e-04 | secs: 0.09174
INFO : RESCAL : [  7] fit: 0.34447 | delta: 3.5e-04 | secs: 0.09103
INFO : RESCAL : [  8] fit: 0.34470 | delta: 2.3e-04 | secs: 0.09064
INFO : RESCAL : [  9] fit: 0.34488 | delta: 1.8e-04 | secs: 0.09567
INFO : RESCAL : [ 10] fit: 0.34503 | delta: 1.5e-04 | secs: 0.09247
INFO : RESCAL : [ 11] fit: 0.34516 | delta: 1.3e-04 | secs: 0.09970
INFO : RESCAL : [ 12] fit: 0.34527 | delta: 1.1e-04 | secs: 0.09228
INFO : RESCAL : [ 13] fit: 0.34537 | delta: 9.6e-05 | secs: 0.09217
[Fold 4] AUC-PR: 0.923844
INFO : RESCAL : [  0] fit: 0.32178 | delta: 3.2e-01 | secs: 0.09323
INFO : RESCAL : [  1] fit: 0.34519 | delta: 2.3e-02 | secs: 0.09002
INFO : RESCAL : [  2] fit: 0.34279 | delta: 2.4e-03 | secs: 0.09289
INFO : RESCAL : [  3] fit: 0.34183 | delta: 9.6e-04 | secs: 0.09213
INFO : RESCAL : [  4] fit: 0.34182 | delta: 1.3e-05 | secs: 0.09157
[Fold 5] AUC-PR: 0.902871
INFO : RESCAL : [  0] fit: 0.31517 | delta: 3.2e-01 | secs: 0.09136
INFO : RESCAL : [  1] fit: 0.34463 | delta: 2.9e-02 | secs: 0.09434
INFO : RESCAL : [  2] fit: 0.34331 | delta: 1.3e-03 | secs: 0.09143
INFO : RESCAL : [  3] fit: 0.34248 | delta: 8.3e-04 | secs: 0.09151
INFO : RESCAL : [  4] fit: 0.34267 | delta: 1.9e-04 | secs: 0.09059
INFO : RESCAL : [  5] fit: 0.34320 | delta: 5.3e-04 | secs: 0.09237
INFO : RESCAL : [  6] fit: 0.34365 | delta: 4.4e-04 | secs: 0.09187
INFO : RESCAL : [  7] fit: 0.34397 | delta: 3.2e-04 | secs: 0.09177
INFO : RESCAL : [  8] fit: 0.34422 | delta: 2.5e-04 | secs: 0.09099
INFO : RESCAL : [  9] fit: 0.34442 | delta: 2.0e-04 | secs: 0.09081
INFO : RESCAL : [ 10] fit: 0.34459 | delta: 1.7e-04 | secs: 0.09024
INFO : RESCAL : [ 11] fit: 0.34473 | delta: 1.4e-04 | secs: 0.09332
INFO : RESCAL : [ 12] fit: 0.34484 | delta: 1.1e-04 | secs: 0.09466
INFO : RESCAL : [ 13] fit: 0.34494 | delta: 9.4e-05 | secs: 0.10352
[Fold 6] AUC-PR: 0.929541
INFO : RESCAL : [  0] fit: 0.31847 | delta: 3.2e-01 | secs: 0.10373
INFO : RESCAL : [  1] fit: 0.34464 | delta: 2.6e-02 | secs: 0.10109
INFO : RESCAL : [  2] fit: 0.34307 | delta: 1.6e-03 | secs: 0.09893
INFO : RESCAL : [  3] fit: 0.34294 | delta: 1.3e-04 | secs: 0.10037
INFO : RESCAL : [  4] fit: 0.34321 | delta: 2.6e-04 | secs: 0.10224
INFO : RESCAL : [  5] fit: 0.34355 | delta: 3.4e-04 | secs: 0.10099
INFO : RESCAL : [  6] fit: 0.34387 | delta: 3.2e-04 | secs: 0.10031
INFO : RESCAL : [  7] fit: 0.34416 | delta: 2.9e-04 | secs: 0.10043
INFO : RESCAL : [  8] fit: 0.34440 | delta: 2.4e-04 | secs: 0.10152
INFO : RESCAL : [  9] fit: 0.34461 | delta: 2.1e-04 | secs: 0.10043
INFO : RESCAL : [ 10] fit: 0.34479 | delta: 1.8e-04 | secs: 0.09745
INFO : RESCAL : [ 11] fit: 0.34494 | delta: 1.5e-04 | secs: 0.09492
INFO : RESCAL : [ 12] fit: 0.34507 | delta: 1.3e-04 | secs: 0.09282
INFO : RESCAL : [ 13] fit: 0.34518 | delta: 1.1e-04 | secs: 0.09076
INFO : RESCAL : [ 14] fit: 0.34528 | delta: 9.9e-05 | secs: 0.09330
[Fold 7] AUC-PR: 0.929938
INFO : RESCAL : [  0] fit: 0.31613 | delta: 3.2e-01 | secs: 0.09530
INFO : RESCAL : [  1] fit: 0.34325 | delta: 2.7e-02 | secs: 0.10394
INFO : RESCAL : [  2] fit: 0.34217 | delta: 1.1e-03 | secs: 0.09996
INFO : RESCAL : [  3] fit: 0.34202 | delta: 1.4e-04 | secs: 0.10371
INFO : RESCAL : [  4] fit: 0.34218 | delta: 1.6e-04 | secs: 0.10142
INFO : RESCAL : [  5] fit: 0.34250 | delta: 3.2e-04 | secs: 0.10183
INFO : RESCAL : [  6] fit: 0.34285 | delta: 3.6e-04 | secs: 0.09969
INFO : RESCAL : [  7] fit: 0.34318 | delta: 3.3e-04 | secs: 0.10014
INFO : RESCAL : [  8] fit: 0.34347 | delta: 2.9e-04 | secs: 0.10140
INFO : RESCAL : [  9] fit: 0.34373 | delta: 2.6e-04 | secs: 0.10795
INFO : RESCAL : [ 10] fit: 0.34396 | delta: 2.3e-04 | secs: 0.10078
INFO : RESCAL : [ 11] fit: 0.34417 | delta: 2.0e-04 | secs: 0.09440
INFO : RESCAL : [ 12] fit: 0.34433 | delta: 1.6e-04 | secs: 0.10157
INFO : RESCAL : [ 13] fit: 0.34445 | delta: 1.2e-04 | secs: 0.10388
INFO : RESCAL : [ 14] fit: 0.34455 | delta: 9.5e-05 | secs: 0.09213
[Fold 8] AUC-PR: 0.937601
INFO : RESCAL : [  0] fit: 0.32309 | delta: 3.2e-01 | secs: 0.09494
INFO : RESCAL : [  1] fit: 0.34321 | delta: 2.0e-02 | secs: 0.09687
INFO : RESCAL : [  2] fit: 0.34133 | delta: 1.9e-03 | secs: 0.08964
INFO : RESCAL : [  3] fit: 0.34084 | delta: 4.9e-04 | secs: 0.09601
INFO : RESCAL : [  4] fit: 0.34108 | delta: 2.4e-04 | secs: 0.11847
INFO : RESCAL : [  5] fit: 0.34165 | delta: 5.7e-04 | secs: 0.09517
INFO : RESCAL : [  6] fit: 0.34212 | delta: 4.7e-04 | secs: 0.09305
INFO : RESCAL : [  7] fit: 0.34242 | delta: 3.0e-04 | secs: 0.09220
INFO : RESCAL : [  8] fit: 0.34261 | delta: 1.9e-04 | secs: 0.09443
INFO : RESCAL : [  9] fit: 0.34275 | delta: 1.4e-04 | secs: 0.09411
INFO : RESCAL : [ 10] fit: 0.34287 | delta: 1.2e-04 | secs: 0.09209
INFO : RESCAL : [ 11] fit: 0.34298 | delta: 1.1e-04 | secs: 0.09526
INFO : RESCAL : [ 12] fit: 0.34308 | delta: 9.9e-05 | secs: 0.09979
[Fold 9] AUC-PR: 0.917141
[Result] AUC-PR mean:0.921684 | std:0.009729 | time:11.57 s
[CSV]    Ligne écrite dans rescal_results.csv
=== FIN: kinships rank:50 ===
=== DATASET: kinships | rank:90 | lambda_A:5.0 | lambda_R:5.0 ===
[Config] maxIter:100 | conv:1.0e-04 | threads:10
[Data]   nnz:10790 | import_time:0.02 s
INFO : RESCAL : [  0] fit: 0.36373 | delta: 3.6e-01 | secs: 0.13498
INFO : RESCAL : [  1] fit: 0.35633 | delta: 7.4e-03 | secs: 0.13615
INFO : RESCAL : [  2] fit: 0.35022 | delta: 6.1e-03 | secs: 0.13400
INFO : RESCAL : [  3] fit: 0.34764 | delta: 2.6e-03 | secs: 0.13221
INFO : RESCAL : [  4] fit: 0.34659 | delta: 1.1e-03 | secs: 0.13167
INFO : RESCAL : [  5] fit: 0.34615 | delta: 4.4e-04 | secs: 0.13134
INFO : RESCAL : [  6] fit: 0.34596 | delta: 1.9e-04 | secs: 0.13281
INFO : RESCAL : [  7] fit: 0.34587 | delta: 9.0e-05 | secs: 0.13232
[Fold 0] AUC-PR: 0.928624
INFO : RESCAL : [  0] fit: 0.36638 | delta: 3.7e-01 | secs: 0.13644
INFO : RESCAL : [  1] fit: 0.35832 | delta: 8.1e-03 | secs: 0.12917
INFO : RESCAL : [  2] fit: 0.35214 | delta: 6.2e-03 | secs: 0.12952
INFO : RESCAL : [  3] fit: 0.34954 | delta: 2.6e-03 | secs: 0.13157
INFO : RESCAL : [  4] fit: 0.34847 | delta: 1.1e-03 | secs: 0.13369
INFO : RESCAL : [  5] fit: 0.34801 | delta: 4.6e-04 | secs: 0.13213
INFO : RESCAL : [  6] fit: 0.34781 | delta: 2.0e-04 | secs: 0.13115
INFO : RESCAL : [  7] fit: 0.34771 | delta: 9.8e-05 | secs: 0.12941
[Fold 1] AUC-PR: 0.921401
INFO : RESCAL : [  0] fit: 0.36283 | delta: 3.6e-01 | secs: 0.13455
INFO : RESCAL : [  1] fit: 0.35562 | delta: 7.2e-03 | secs: 0.13313
INFO : RESCAL : [  2] fit: 0.34921 | delta: 6.4e-03 | secs: 0.13591
INFO : RESCAL : [  3] fit: 0.34656 | delta: 2.6e-03 | secs: 0.13267
INFO : RESCAL : [  4] fit: 0.34549 | delta: 1.1e-03 | secs: 0.13447
INFO : RESCAL : [  5] fit: 0.34504 | delta: 4.5e-04 | secs: 0.13465
INFO : RESCAL : [  6] fit: 0.34484 | delta: 2.0e-04 | secs: 0.13556
INFO : RESCAL : [  7] fit: 0.34474 | delta: 9.6e-05 | secs: 0.13909
[Fold 2] AUC-PR: 0.934668
INFO : RESCAL : [  0] fit: 0.36160 | delta: 3.6e-01 | secs: 0.13038
INFO : RESCAL : [  1] fit: 0.35458 | delta: 7.0e-03 | secs: 0.13177
INFO : RESCAL : [  2] fit: 0.34819 | delta: 6.4e-03 | secs: 0.14142
INFO : RESCAL : [  3] fit: 0.34546 | delta: 2.7e-03 | secs: 0.12958
INFO : RESCAL : [  4] fit: 0.34434 | delta: 1.1e-03 | secs: 0.13467
INFO : RESCAL : [  5] fit: 0.34387 | delta: 4.6e-04 | secs: 0.13439
INFO : RESCAL : [  6] fit: 0.34367 | delta: 2.0e-04 | secs: 0.13644
INFO : RESCAL : [  7] fit: 0.34358 | delta: 9.1e-05 | secs: 0.13191
[Fold 3] AUC-PR: 0.922894
INFO : RESCAL : [  0] fit: 0.36752 | delta: 3.7e-01 | secs: 0.13059
INFO : RESCAL : [  1] fit: 0.36027 | delta: 7.2e-03 | secs: 0.13182
INFO : RESCAL : [  2] fit: 0.35372 | delta: 6.6e-03 | secs: 0.13918
INFO : RESCAL : [  3] fit: 0.35103 | delta: 2.7e-03 | secs: 0.13398
INFO : RESCAL : [  4] fit: 0.34994 | delta: 1.1e-03 | secs: 0.13200
INFO : RESCAL : [  5] fit: 0.34948 | delta: 4.6e-04 | secs: 0.13682
INFO : RESCAL : [  6] fit: 0.34927 | delta: 2.1e-04 | secs: 0.14316
INFO : RESCAL : [  7] fit: 0.34917 | delta: 1.0e-04 | secs: 0.14714
INFO : RESCAL : [  8] fit: 0.34911 | delta: 5.6e-05 | secs: 0.14815
[Fold 4] AUC-PR: 0.916616
INFO : RESCAL : [  0] fit: 0.36516 | delta: 3.7e-01 | secs: 0.14485
INFO : RESCAL : [  1] fit: 0.35857 | delta: 6.6e-03 | secs: 0.14483
INFO : RESCAL : [  2] fit: 0.35222 | delta: 6.4e-03 | secs: 0.14770
INFO : RESCAL : [  3] fit: 0.34952 | delta: 2.7e-03 | secs: 0.14547
INFO : RESCAL : [  4] fit: 0.34843 | delta: 1.1e-03 | secs: 0.14683
INFO : RESCAL : [  5] fit: 0.34797 | delta: 4.6e-04 | secs: 0.14384
INFO : RESCAL : [  6] fit: 0.34777 | delta: 2.0e-04 | secs: 0.14758
INFO : RESCAL : [  7] fit: 0.34768 | delta: 9.7e-05 | secs: 0.14630
[Fold 5] AUC-PR: 0.926515
INFO : RESCAL : [  0] fit: 0.36128 | delta: 3.6e-01 | secs: 0.13682
INFO : RESCAL : [  1] fit: 0.35432 | delta: 7.0e-03 | secs: 0.13473
INFO : RESCAL : [  2] fit: 0.34812 | delta: 6.2e-03 | secs: 0.14230
INFO : RESCAL : [  3] fit: 0.34566 | delta: 2.5e-03 | secs: 0.14769
INFO : RESCAL : [  4] fit: 0.34470 | delta: 9.7e-04 | secs: 0.14886
INFO : RESCAL : [  5] fit: 0.34430 | delta: 3.9e-04 | secs: 0.13945
INFO : RESCAL : [  6] fit: 0.34413 | delta: 1.7e-04 | secs: 0.13559
INFO : RESCAL : [  7] fit: 0.34405 | delta: 7.9e-05 | secs: 0.13296
[Fold 6] AUC-PR: 0.918677
INFO : RESCAL : [  0] fit: 0.36218 | delta: 3.6e-01 | secs: 0.13431
INFO : RESCAL : [  1] fit: 0.35527 | delta: 6.9e-03 | secs: 0.13062
INFO : RESCAL : [  2] fit: 0.34900 | delta: 6.3e-03 | secs: 0.13120
INFO : RESCAL : [  3] fit: 0.34637 | delta: 2.6e-03 | secs: 0.13471
INFO : RESCAL : [  4] fit: 0.34530 | delta: 1.1e-03 | secs: 0.13138
INFO : RESCAL : [  5] fit: 0.34486 | delta: 4.5e-04 | secs: 0.13712
INFO : RESCAL : [  6] fit: 0.34466 | delta: 2.0e-04 | secs: 0.13144
INFO : RESCAL : [  7] fit: 0.34456 | delta: 9.5e-05 | secs: 0.13384
[Fold 7] AUC-PR: 0.942997
INFO : RESCAL : [  0] fit: 0.36345 | delta: 3.6e-01 | secs: 0.13286
INFO : RESCAL : [  1] fit: 0.35669 | delta: 6.8e-03 | secs: 0.13411
INFO : RESCAL : [  2] fit: 0.35063 | delta: 6.1e-03 | secs: 0.13566
INFO : RESCAL : [  3] fit: 0.34808 | delta: 2.6e-03 | secs: 0.13503
INFO : RESCAL : [  4] fit: 0.34705 | delta: 1.0e-03 | secs: 0.13456
INFO : RESCAL : [  5] fit: 0.34662 | delta: 4.3e-04 | secs: 0.13363
INFO : RESCAL : [  6] fit: 0.34643 | delta: 1.9e-04 | secs: 0.13589
INFO : RESCAL : [  7] fit: 0.34634 | delta: 9.1e-05 | secs: 0.13377
[Fold 8] AUC-PR: 0.924741
INFO : RESCAL : [  0] fit: 0.36337 | delta: 3.6e-01 | secs: 0.12998
INFO : RESCAL : [  1] fit: 0.35538 | delta: 8.0e-03 | secs: 0.13636
INFO : RESCAL : [  2] fit: 0.34924 | delta: 6.1e-03 | secs: 0.13447
INFO : RESCAL : [  3] fit: 0.34669 | delta: 2.6e-03 | secs: 0.13352
INFO : RESCAL : [  4] fit: 0.34565 | delta: 1.0e-03 | secs: 0.13440
INFO : RESCAL : [  5] fit: 0.34520 | delta: 4.4e-04 | secs: 0.13306
INFO : RESCAL : [  6] fit: 0.34501 | delta: 2.0e-04 | secs: 0.13674
INFO : RESCAL : [  7] fit: 0.34491 | delta: 9.4e-05 | secs: 0.13649
[Fold 9] AUC-PR: 0.920187
[Result] AUC-PR mean:0.925732 | std:0.007605 | time:8.14 s
[CSV]    Ligne écrite dans rescal_results.csv
=== FIN: kinships rank:90 ===
=== DATASET: kinships | rank:100 | lambda_A:10.0 | lambda_R:10.0 ===
[Config] maxIter:100 | conv:1.0e-04 | threads:10
[Data]   nnz:10790 | import_time:0.02 s
INFO : RESCAL : [  0] fit: 0.08355 | delta: 8.4e-02 | secs: 0.11475
INFO : RESCAL : [  1] fit: 0.09779 | delta: 1.4e-02 | secs: 0.11995
INFO : RESCAL : [  2] fit: 0.10045 | delta: 2.7e-03 | secs: 0.12003
INFO : RESCAL : [  3] fit: 0.09996 | delta: 4.9e-04 | secs: 0.11976
INFO : RESCAL : [  4] fit: 0.09986 | delta: 9.8e-05 | secs: 0.11977
[Fold 0] AUC-PR: 0.690910
INFO : RESCAL : [  0] fit: 0.08639 | delta: 8.6e-02 | secs: 0.11810
INFO : RESCAL : [  1] fit: 0.10008 | delta: 1.4e-02 | secs: 0.13249
INFO : RESCAL : [  2] fit: 0.10268 | delta: 2.6e-03 | secs: 0.12471
INFO : RESCAL : [  3] fit: 0.10215 | delta: 5.3e-04 | secs: 0.12068
INFO : RESCAL : [  4] fit: 0.10205 | delta: 9.4e-05 | secs: 0.11943
[Fold 1] AUC-PR: 0.666700
INFO : RESCAL : [  0] fit: 0.08508 | delta: 8.5e-02 | secs: 0.15008
INFO : RESCAL : [  1] fit: 0.09951 | delta: 1.4e-02 | secs: 0.20443
INFO : RESCAL : [  2] fit: 0.10236 | delta: 2.9e-03 | secs: 0.16073
INFO : RESCAL : [  3] fit: 0.10173 | delta: 6.3e-04 | secs: 0.12667
INFO : RESCAL : [  4] fit: 0.10161 | delta: 1.2e-04 | secs: 0.12902
INFO : RESCAL : [  5] fit: 0.10152 | delta: 9.2e-05 | secs: 0.12576
[Fold 2] AUC-PR: 0.660587
INFO : RESCAL : [  0] fit: 0.08728 | delta: 8.7e-02 | secs: 0.14950
INFO : RESCAL : [  1] fit: 0.10020 | delta: 1.3e-02 | secs: 0.14151
INFO : RESCAL : [  2] fit: 0.10275 | delta: 2.6e-03 | secs: 0.12889
INFO : RESCAL : [  3] fit: 0.10216 | delta: 5.9e-04 | secs: 0.13866
INFO : RESCAL : [  4] fit: 0.10202 | delta: 1.4e-04 | secs: 0.12957
INFO : RESCAL : [  5] fit: 0.10191 | delta: 1.1e-04 | secs: 0.13154
INFO : RESCAL : [  6] fit: 0.10183 | delta: 8.7e-05 | secs: 0.13129
[Fold 3] AUC-PR: 0.657005
INFO : RESCAL : [  0] fit: 0.08864 | delta: 8.9e-02 | secs: 0.13415
INFO : RESCAL : [  1] fit: 0.10114 | delta: 1.3e-02 | secs: 0.13360
INFO : RESCAL : [  2] fit: 0.10353 | delta: 2.4e-03 | secs: 0.13921
INFO : RESCAL : [  3] fit: 0.10304 | delta: 4.9e-04 | secs: 0.12902
INFO : RESCAL : [  4] fit: 0.10293 | delta: 1.1e-04 | secs: 0.11990
INFO : RESCAL : [  5] fit: 0.10284 | delta: 9.3e-05 | secs: 0.12557
[Fold 4] AUC-PR: 0.656218
INFO : RESCAL : [  0] fit: 0.08488 | delta: 8.5e-02 | secs: 0.13037
INFO : RESCAL : [  1] fit: 0.09845 | delta: 1.4e-02 | secs: 0.13447
INFO : RESCAL : [  2] fit: 0.10040 | delta: 1.9e-03 | secs: 0.12600
INFO : RESCAL : [  3] fit: 0.09990 | delta: 5.0e-04 | secs: 0.12222
INFO : RESCAL : [  4] fit: 0.09977 | delta: 1.3e-04 | secs: 0.14081
INFO : RESCAL : [  5] fit: 0.09966 | delta: 1.1e-04 | secs: 0.12051
INFO : RESCAL : [  6] fit: 0.09958 | delta: 8.2e-05 | secs: 0.12148
[Fold 5] AUC-PR: 0.673323
INFO : RESCAL : [  0] fit: 0.08607 | delta: 8.6e-02 | secs: 0.12108
INFO : RESCAL : [  1] fit: 0.09962 | delta: 1.4e-02 | secs: 0.12130
INFO : RESCAL : [  2] fit: 0.10197 | delta: 2.4e-03 | secs: 0.11925
INFO : RESCAL : [  3] fit: 0.10144 | delta: 5.3e-04 | secs: 0.11780
INFO : RESCAL : [  4] fit: 0.10132 | delta: 1.3e-04 | secs: 0.12174
INFO : RESCAL : [  5] fit: 0.10121 | delta: 1.1e-04 | secs: 0.12882
INFO : RESCAL : [  6] fit: 0.10112 | delta: 8.4e-05 | secs: 0.12091
[Fold 6] AUC-PR: 0.656032
INFO : RESCAL : [  0] fit: 0.08556 | delta: 8.6e-02 | secs: 0.11639
INFO : RESCAL : [  1] fit: 0.09913 | delta: 1.4e-02 | secs: 0.11720
INFO : RESCAL : [  2] fit: 0.10164 | delta: 2.5e-03 | secs: 0.11714
INFO : RESCAL : [  3] fit: 0.10108 | delta: 5.6e-04 | secs: 0.11890
INFO : RESCAL : [  4] fit: 0.10097 | delta: 1.0e-04 | secs: 0.11965
INFO : RESCAL : [  5] fit: 0.10089 | delta: 8.8e-05 | secs: 0.12605
[Fold 7] AUC-PR: 0.644693
INFO : RESCAL : [  0] fit: 0.08555 | delta: 8.6e-02 | secs: 0.11955
INFO : RESCAL : [  1] fit: 0.10044 | delta: 1.5e-02 | secs: 0.11996
INFO : RESCAL : [  2] fit: 0.10313 | delta: 2.7e-03 | secs: 0.12181
INFO : RESCAL : [  3] fit: 0.10259 | delta: 5.4e-04 | secs: 0.12375
INFO : RESCAL : [  4] fit: 0.10248 | delta: 1.1e-04 | secs: 0.12211
INFO : RESCAL : [  5] fit: 0.10239 | delta: 9.2e-05 | secs: 0.12113
[Fold 8] AUC-PR: 0.652721
INFO : RESCAL : [  0] fit: 0.08573 | delta: 8.6e-02 | secs: 0.11733
INFO : RESCAL : [  1] fit: 0.09939 | delta: 1.4e-02 | secs: 0.11736
INFO : RESCAL : [  2] fit: 0.10183 | delta: 2.4e-03 | secs: 0.11727
INFO : RESCAL : [  3] fit: 0.10124 | delta: 5.8e-04 | secs: 0.11687
INFO : RESCAL : [  4] fit: 0.10112 | delta: 1.2e-04 | secs: 0.11813
INFO : RESCAL : [  5] fit: 0.10102 | delta: 1.0e-04 | secs: 0.12158
INFO : RESCAL : [  6] fit: 0.10094 | delta: 7.9e-05 | secs: 0.12031
[Fold 9] AUC-PR: 0.667553
[Result] AUC-PR mean:0.662574 | std:0.012228 | time:6.66 s
[CSV]    Ligne écrite dans rescal_results.csv
=== FIN: kinships rank:100 ===
=== DATASET: umls | rank:50 | lambda_A:5.0 | lambda_R:5.0 ===
[Config] maxIter:100 | conv:1.0e-04 | threads:10
[Data]   nnz:5216 | import_time:0.07 s
INFO : RESCAL : [  0] fit: 0.20663 | delta: 2.1e-01 | secs: 0.17646
INFO : RESCAL : [  1] fit: 0.24022 | delta: 3.4e-02 | secs: 0.16998
INFO : RESCAL : [  2] fit: 0.24002 | delta: 2.1e-04 | secs: 0.16937
INFO : RESCAL : [  3] fit: 0.23889 | delta: 1.1e-03 | secs: 0.17079
INFO : RESCAL : [  4] fit: 0.23843 | delta: 4.6e-04 | secs: 0.16842
INFO : RESCAL : [  5] fit: 0.23841 | delta: 1.3e-05 | secs: 0.16546
[Fold 0] AUC-PR: 0.353646
INFO : RESCAL : [  0] fit: 0.20021 | delta: 2.0e-01 | secs: 0.17796
INFO : RESCAL : [  1] fit: 0.24548 | delta: 4.5e-02 | secs: 0.19003
INFO : RESCAL : [  2] fit: 0.24531 | delta: 1.7e-04 | secs: 0.19238
INFO : RESCAL : [  3] fit: 0.24417 | delta: 1.1e-03 | secs: 0.18854
INFO : RESCAL : [  4] fit: 0.24372 | delta: 4.6e-04 | secs: 0.19572
INFO : RESCAL : [  5] fit: 0.24359 | delta: 1.3e-04 | secs: 0.19467
INFO : RESCAL : [  6] fit: 0.24357 | delta: 1.9e-05 | secs: 0.19290
[Fold 1] AUC-PR: 0.335054
INFO : RESCAL : [  0] fit: 0.20492 | delta: 2.0e-01 | secs: 0.17906
INFO : RESCAL : [  1] fit: 0.24488 | delta: 4.0e-02 | secs: 0.18069
INFO : RESCAL : [  2] fit: 0.24379 | delta: 1.1e-03 | secs: 0.18614
INFO : RESCAL : [  3] fit: 0.24243 | delta: 1.4e-03 | secs: 0.18679
INFO : RESCAL : [  4] fit: 0.24182 | delta: 6.1e-04 | secs: 0.19425
INFO : RESCAL : [  5] fit: 0.24171 | delta: 1.0e-04 | secs: 0.19428
INFO : RESCAL : [  6] fit: 0.24177 | delta: 6.0e-05 | secs: 0.18097
[Fold 2] AUC-PR: 0.345589
INFO : RESCAL : [  0] fit: 0.21224 | delta: 2.1e-01 | secs: 0.18243
INFO : RESCAL : [  1] fit: 0.24206 | delta: 3.0e-02 | secs: 0.17243
INFO : RESCAL : [  2] fit: 0.24048 | delta: 1.6e-03 | secs: 0.17127
INFO : RESCAL : [  3] fit: 0.23951 | delta: 9.7e-04 | secs: 0.17597
INFO : RESCAL : [  4] fit: 0.23916 | delta: 3.4e-04 | secs: 0.17222
INFO : RESCAL : [  5] fit: 0.23913 | delta: 3.3e-05 | secs: 0.17686
[Fold 3] AUC-PR: 0.329901
INFO : RESCAL : [  0] fit: 0.21241 | delta: 2.1e-01 | secs: 0.17617
INFO : RESCAL : [  1] fit: 0.24288 | delta: 3.0e-02 | secs: 0.18089
INFO : RESCAL : [  2] fit: 0.24291 | delta: 2.8e-05 | secs: 0.19365
[Fold 4] AUC-PR: 0.309882
INFO : RESCAL : [  0] fit: 0.21356 | delta: 2.1e-01 | secs: 0.18275
INFO : RESCAL : [  1] fit: 0.24826 | delta: 3.5e-02 | secs: 0.18352
INFO : RESCAL : [  2] fit: 0.24778 | delta: 4.8e-04 | secs: 0.17955
INFO : RESCAL : [  3] fit: 0.24630 | delta: 1.5e-03 | secs: 0.18525
INFO : RESCAL : [  4] fit: 0.24570 | delta: 5.9e-04 | secs: 0.18401
INFO : RESCAL : [  5] fit: 0.24559 | delta: 1.1e-04 | secs: 0.18355
INFO : RESCAL : [  6] fit: 0.24560 | delta: 8.1e-06 | secs: 0.17468
[Fold 5] AUC-PR: 0.310991
INFO : RESCAL : [  0] fit: 0.21372 | delta: 2.1e-01 | secs: 0.17530
INFO : RESCAL : [  1] fit: 0.24604 | delta: 3.2e-02 | secs: 0.17562
INFO : RESCAL : [  2] fit: 0.24643 | delta: 3.9e-04 | secs: 0.17402
INFO : RESCAL : [  3] fit: 0.24542 | delta: 1.0e-03 | secs: 0.17336
INFO : RESCAL : [  4] fit: 0.24495 | delta: 4.7e-04 | secs: 0.17627
INFO : RESCAL : [  5] fit: 0.24489 | delta: 6.1e-05 | secs: 0.17659
[Fold 6] AUC-PR: 0.302135
INFO : RESCAL : [  0] fit: 0.21242 | delta: 2.1e-01 | secs: 0.18314
INFO : RESCAL : [  1] fit: 0.24690 | delta: 3.4e-02 | secs: 0.18460
INFO : RESCAL : [  2] fit: 0.24616 | delta: 7.4e-04 | secs: 0.18229
INFO : RESCAL : [  3] fit: 0.24506 | delta: 1.1e-03 | secs: 0.18114
INFO : RESCAL : [  4] fit: 0.24450 | delta: 5.5e-04 | secs: 0.18750
INFO : RESCAL : [  5] fit: 0.24437 | delta: 1.4e-04 | secs: 0.18610
INFO : RESCAL : [  6] fit: 0.24436 | delta: 2.9e-06 | secs: 0.17291
[Fold 7] AUC-PR: 0.301336
INFO : RESCAL : [  0] fit: 0.21483 | delta: 2.1e-01 | secs: 0.19959
INFO : RESCAL : [  1] fit: 0.24663 | delta: 3.2e-02 | secs: 0.17602
INFO : RESCAL : [  2] fit: 0.24558 | delta: 1.0e-03 | secs: 0.17516
INFO : RESCAL : [  3] fit: 0.24407 | delta: 1.5e-03 | secs: 0.17464
INFO : RESCAL : [  4] fit: 0.24364 | delta: 4.3e-04 | secs: 0.18791
INFO : RESCAL : [  5] fit: 0.24359 | delta: 5.8e-05 | secs: 0.19140
[Fold 8] AUC-PR: 0.354896
INFO : RESCAL : [  0] fit: 0.20921 | delta: 2.1e-01 | secs: 0.17411
INFO : RESCAL : [  1] fit: 0.24183 | delta: 3.3e-02 | secs: 0.17996
INFO : RESCAL : [  2] fit: 0.24106 | delta: 7.7e-04 | secs: 0.17478
INFO : RESCAL : [  3] fit: 0.24005 | delta: 1.0e-03 | secs: 0.17467
INFO : RESCAL : [  4] fit: 0.23975 | delta: 3.1e-04 | secs: 0.17615
INFO : RESCAL : [  5] fit: 0.23975 | delta: 9.2e-07 | secs: 0.18339
[Fold 9] AUC-PR: 0.359934
[Result] AUC-PR mean:0.330337 | std:0.021695 | time:10.31 s
[CSV]    Ligne écrite dans rescal_results.csv
=== FIN: umls rank:50 ===
=== DATASET: umls | rank:90 | lambda_A:5.0 | lambda_R:5.0 ===
[Config] maxIter:100 | conv:1.0e-04 | threads:10
[Data]   nnz:5216 | import_time:0.06 s
INFO : RESCAL : [  0] fit: 0.23811 | delta: 2.4e-01 | secs: 0.24334
INFO : RESCAL : [  1] fit: 0.24587 | delta: 7.8e-03 | secs: 0.27099
INFO : RESCAL : [  2] fit: 0.24145 | delta: 4.4e-03 | secs: 0.26545
INFO : RESCAL : [  3] fit: 0.23920 | delta: 2.2e-03 | secs: 0.26331
INFO : RESCAL : [  4] fit: 0.23828 | delta: 9.2e-04 | secs: 0.26885
INFO : RESCAL : [  5] fit: 0.23789 | delta: 3.9e-04 | secs: 0.24938
INFO : RESCAL : [  6] fit: 0.23772 | delta: 1.7e-04 | secs: 0.25690
INFO : RESCAL : [  7] fit: 0.23764 | delta: 8.0e-05 | secs: 0.26126
[Fold 0] AUC-PR: 0.345284
INFO : RESCAL : [  0] fit: 0.24042 | delta: 2.4e-01 | secs: 0.24186
INFO : RESCAL : [  1] fit: 0.25120 | delta: 1.1e-02 | secs: 0.25296
INFO : RESCAL : [  2] fit: 0.24681 | delta: 4.4e-03 | secs: 0.25003
INFO : RESCAL : [  3] fit: 0.24466 | delta: 2.1e-03 | secs: 0.23520
INFO : RESCAL : [  4] fit: 0.24377 | delta: 8.9e-04 | secs: 0.24780
INFO : RESCAL : [  5] fit: 0.24340 | delta: 3.7e-04 | secs: 0.25795
INFO : RESCAL : [  6] fit: 0.24324 | delta: 1.6e-04 | secs: 0.24217
INFO : RESCAL : [  7] fit: 0.24317 | delta: 7.4e-05 | secs: 0.24257
[Fold 1] AUC-PR: 0.352805
INFO : RESCAL : [  0] fit: 0.23356 | delta: 2.3e-01 | secs: 0.23995
INFO : RESCAL : [  1] fit: 0.24591 | delta: 1.2e-02 | secs: 0.24502
INFO : RESCAL : [  2] fit: 0.24133 | delta: 4.6e-03 | secs: 0.24086
INFO : RESCAL : [  3] fit: 0.23908 | delta: 2.2e-03 | secs: 0.24996
INFO : RESCAL : [  4] fit: 0.23819 | delta: 8.9e-04 | secs: 0.24363
INFO : RESCAL : [  5] fit: 0.23783 | delta: 3.6e-04 | secs: 0.24284
INFO : RESCAL : [  6] fit: 0.23768 | delta: 1.5e-04 | secs: 0.24688
INFO : RESCAL : [  7] fit: 0.23761 | delta: 6.8e-05 | secs: 0.24791
[Fold 2] AUC-PR: 0.345529
INFO : RESCAL : [  0] fit: 0.24143 | delta: 2.4e-01 | secs: 0.24225
INFO : RESCAL : [  1] fit: 0.25128 | delta: 9.8e-03 | secs: 0.24711
INFO : RESCAL : [  2] fit: 0.24631 | delta: 5.0e-03 | secs: 0.25390
INFO : RESCAL : [  3] fit: 0.24401 | delta: 2.3e-03 | secs: 0.25139
INFO : RESCAL : [  4] fit: 0.24308 | delta: 9.3e-04 | secs: 0.24640
INFO : RESCAL : [  5] fit: 0.24269 | delta: 3.9e-04 | secs: 0.24166
INFO : RESCAL : [  6] fit: 0.24252 | delta: 1.7e-04 | secs: 0.24032
INFO : RESCAL : [  7] fit: 0.24245 | delta: 7.4e-05 | secs: 0.24262
[Fold 3] AUC-PR: 0.396079
INFO : RESCAL : [  0] fit: 0.24537 | delta: 2.5e-01 | secs: 0.23323
INFO : RESCAL : [  1] fit: 0.25379 | delta: 8.4e-03 | secs: 0.25354
INFO : RESCAL : [  2] fit: 0.24888 | delta: 4.9e-03 | secs: 0.25416
INFO : RESCAL : [  3] fit: 0.24674 | delta: 2.1e-03 | secs: 0.24558
INFO : RESCAL : [  4] fit: 0.24586 | delta: 8.8e-04 | secs: 0.23733
INFO : RESCAL : [  5] fit: 0.24549 | delta: 3.7e-04 | secs: 0.24548
INFO : RESCAL : [  6] fit: 0.24533 | delta: 1.6e-04 | secs: 0.24280
INFO : RESCAL : [  7] fit: 0.24526 | delta: 7.3e-05 | secs: 0.24100
[Fold 4] AUC-PR: 0.286581
INFO : RESCAL : [  0] fit: 0.24409 | delta: 2.4e-01 | secs: 0.23916
INFO : RESCAL : [  1] fit: 0.25244 | delta: 8.4e-03 | secs: 0.24392
INFO : RESCAL : [  2] fit: 0.24755 | delta: 4.9e-03 | secs: 0.24644
INFO : RESCAL : [  3] fit: 0.24546 | delta: 2.1e-03 | secs: 0.24401
INFO : RESCAL : [  4] fit: 0.24463 | delta: 8.2e-04 | secs: 0.24691
INFO : RESCAL : [  5] fit: 0.24430 | delta: 3.3e-04 | secs: 0.24748
INFO : RESCAL : [  6] fit: 0.24416 | delta: 1.4e-04 | secs: 0.25573
INFO : RESCAL : [  7] fit: 0.24410 | delta: 6.2e-05 | secs: 0.25170
[Fold 5] AUC-PR: 0.311235
INFO : RESCAL : [  0] fit: 0.24340 | delta: 2.4e-01 | secs: 0.23947
INFO : RESCAL : [  1] fit: 0.25104 | delta: 7.6e-03 | secs: 0.25196
INFO : RESCAL : [  2] fit: 0.24641 | delta: 4.6e-03 | secs: 0.24627
INFO : RESCAL : [  3] fit: 0.24405 | delta: 2.4e-03 | secs: 0.25234
INFO : RESCAL : [  4] fit: 0.24307 | delta: 9.8e-04 | secs: 0.25554
INFO : RESCAL : [  5] fit: 0.24266 | delta: 4.1e-04 | secs: 0.25988
INFO : RESCAL : [  6] fit: 0.24248 | delta: 1.8e-04 | secs: 0.26725
INFO : RESCAL : [  7] fit: 0.24239 | delta: 8.3e-05 | secs: 0.27830
[Fold 6] AUC-PR: 0.325405
INFO : RESCAL : [  0] fit: 0.24504 | delta: 2.5e-01 | secs: 0.26485
INFO : RESCAL : [  1] fit: 0.25339 | delta: 8.3e-03 | secs: 0.26564
INFO : RESCAL : [  2] fit: 0.24799 | delta: 5.4e-03 | secs: 0.28695
INFO : RESCAL : [  3] fit: 0.24541 | delta: 2.6e-03 | secs: 0.25885
INFO : RESCAL : [  4] fit: 0.24431 | delta: 1.1e-03 | secs: 0.25515
INFO : RESCAL : [  5] fit: 0.24383 | delta: 4.8e-04 | secs: 0.26235
INFO : RESCAL : [  6] fit: 0.24362 | delta: 2.1e-04 | secs: 0.24191
INFO : RESCAL : [  7] fit: 0.24352 | delta: 9.7e-05 | secs: 0.24710
[Fold 7] AUC-PR: 0.336397
INFO : RESCAL : [  0] fit: 0.24566 | delta: 2.5e-01 | secs: 0.25679
INFO : RESCAL : [  1] fit: 0.25359 | delta: 7.9e-03 | secs: 0.25019
INFO : RESCAL : [  2] fit: 0.24847 | delta: 5.1e-03 | secs: 0.24218
INFO : RESCAL : [  3] fit: 0.24605 | delta: 2.4e-03 | secs: 0.24434
INFO : RESCAL : [  4] fit: 0.24503 | delta: 1.0e-03 | secs: 0.23985
INFO : RESCAL : [  5] fit: 0.24460 | delta: 4.4e-04 | secs: 0.24909
INFO : RESCAL : [  6] fit: 0.24440 | delta: 2.0e-04 | secs: 0.24447
INFO : RESCAL : [  7] fit: 0.24431 | delta: 8.9e-05 | secs: 0.24443
[Fold 8] AUC-PR: 0.338353
INFO : RESCAL : [  0] fit: 0.24754 | delta: 2.5e-01 | secs: 0.24084
INFO : RESCAL : [  1] fit: 0.25538 | delta: 7.8e-03 | secs: 0.24207
INFO : RESCAL : [  2] fit: 0.25034 | delta: 5.0e-03 | secs: 0.24536
INFO : RESCAL : [  3] fit: 0.24800 | delta: 2.3e-03 | secs: 0.24598
INFO : RESCAL : [  4] fit: 0.24702 | delta: 9.8e-04 | secs: 0.24668
INFO : RESCAL : [  5] fit: 0.24660 | delta: 4.1e-04 | secs: 0.24463
INFO : RESCAL : [  6] fit: 0.24642 | delta: 1.8e-04 | secs: 0.24377
INFO : RESCAL : [  7] fit: 0.24634 | delta: 8.2e-05 | secs: 0.24476
[Fold 9] AUC-PR: 0.309882
[Result] AUC-PR mean:0.334755 | std:0.028123 | time:14.87 s
[CSV]    Ligne écrite dans rescal_results.csv
=== FIN: umls rank:90 ===
=== DATASET: umls | rank:100 | lambda_A:10.0 | lambda_R:10.0 ===
[Config] maxIter:100 | conv:1.0e-04 | threads:10
[Data]   nnz:5216 | import_time:0.06 s
INFO : RESCAL : [  0] fit: 0.04371 | delta: 4.4e-02 | secs: 0.23976
INFO : RESCAL : [  1] fit: 0.05060 | delta: 6.9e-03 | secs: 0.23795
INFO : RESCAL : [  2] fit: 0.05109 | delta: 5.0e-04 | secs: 0.25078
INFO : RESCAL : [  3] fit: 0.05089 | delta: 2.1e-04 | secs: 0.22571
INFO : RESCAL : [  4] fit: 0.05057 | delta: 3.2e-04 | secs: 0.23530
INFO : RESCAL : [  5] fit: 0.05032 | delta: 2.5e-04 | secs: 0.24705
INFO : RESCAL : [  6] fit: 0.05010 | delta: 2.2e-04 | secs: 0.25587
INFO : RESCAL : [  7] fit: 0.04991 | delta: 1.9e-04 | secs: 0.27465
INFO : RESCAL : [  8] fit: 0.04975 | delta: 1.6e-04 | secs: 0.25895
INFO : RESCAL : [  9] fit: 0.04962 | delta: 1.3e-04 | secs: 0.25951
INFO : RESCAL : [ 10] fit: 0.04950 | delta: 1.1e-04 | secs: 0.26240
INFO : RESCAL : [ 11] fit: 0.04940 | delta: 9.9e-05 | secs: 0.25858
[Fold 0] AUC-PR: 0.080068
INFO : RESCAL : [  0] fit: 0.04912 | delta: 4.9e-02 | secs: 0.24823
INFO : RESCAL : [  1] fit: 0.05695 | delta: 7.8e-03 | secs: 0.26278
INFO : RESCAL : [  2] fit: 0.05702 | delta: 7.6e-05 | secs: 0.25400
[Fold 1] AUC-PR: 0.156158
INFO : RESCAL : [  0] fit: 0.03969 | delta: 4.0e-02 | secs: 0.23967
INFO : RESCAL : [  1] fit: 0.05044 | delta: 1.1e-02 | secs: 0.23884
INFO : RESCAL : [  2] fit: 0.05050 | delta: 5.7e-05 | secs: 0.24097
[Fold 2] AUC-PR: 0.150947
INFO : RESCAL : [  0] fit: 0.04902 | delta: 4.9e-02 | secs: 0.23758
INFO : RESCAL : [  1] fit: 0.05622 | delta: 7.2e-03 | secs: 0.23652
INFO : RESCAL : [  2] fit: 0.05628 | delta: 6.0e-05 | secs: 0.29972
[Fold 3] AUC-PR: 0.162270
INFO : RESCAL : [  0] fit: 0.04594 | delta: 4.6e-02 | secs: 0.23940
INFO : RESCAL : [  1] fit: 0.05457 | delta: 8.6e-03 | secs: 0.24102
INFO : RESCAL : [  2] fit: 0.05460 | delta: 2.3e-05 | secs: 0.24540
[Fold 4] AUC-PR: 0.134570
INFO : RESCAL : [  0] fit: 0.04816 | delta: 4.8e-02 | secs: 0.24620
INFO : RESCAL : [  1] fit: 0.05644 | delta: 8.3e-03 | secs: 0.24325
INFO : RESCAL : [  2] fit: 0.05661 | delta: 1.8e-04 | secs: 0.24531
INFO : RESCAL : [  3] fit: 0.05643 | delta: 1.8e-04 | secs: 0.24311
INFO : RESCAL : [  4] fit: 0.05616 | delta: 2.7e-04 | secs: 0.24273
INFO : RESCAL : [  5] fit: 0.05596 | delta: 2.0e-04 | secs: 0.24571
INFO : RESCAL : [  6] fit: 0.05578 | delta: 1.8e-04 | secs: 0.23747
INFO : RESCAL : [  7] fit: 0.05563 | delta: 1.5e-04 | secs: 0.23989
INFO : RESCAL : [  8] fit: 0.05550 | delta: 1.3e-04 | secs: 0.24092
INFO : RESCAL : [  9] fit: 0.05539 | delta: 1.1e-04 | secs: 0.23752
INFO : RESCAL : [ 10] fit: 0.05529 | delta: 9.5e-05 | secs: 0.24484
[Fold 5] AUC-PR: 0.070893
INFO : RESCAL : [  0] fit: 0.04553 | delta: 4.6e-02 | secs: 0.23983
INFO : RESCAL : [  1] fit: 0.05305 | delta: 7.5e-03 | secs: 0.25395
INFO : RESCAL : [  2] fit: 0.05333 | delta: 2.8e-04 | secs: 0.26428
INFO : RESCAL : [  3] fit: 0.05317 | delta: 1.7e-04 | secs: 0.26788
INFO : RESCAL : [  4] fit: 0.05286 | delta: 3.1e-04 | secs: 0.26192
INFO : RESCAL : [  5] fit: 0.05262 | delta: 2.4e-04 | secs: 0.26520
INFO : RESCAL : [  6] fit: 0.05241 | delta: 2.1e-04 | secs: 0.26035
INFO : RESCAL : [  7] fit: 0.05223 | delta: 1.7e-04 | secs: 0.24926
INFO : RESCAL : [  8] fit: 0.05209 | delta: 1.5e-04 | secs: 0.25726
INFO : RESCAL : [  9] fit: 0.05196 | delta: 1.2e-04 | secs: 0.26649
INFO : RESCAL : [ 10] fit: 0.05186 | delta: 1.0e-04 | secs: 0.25727
INFO : RESCAL : [ 11] fit: 0.05177 | delta: 8.7e-05 | secs: 0.24458
[Fold 6] AUC-PR: 0.072544
INFO : RESCAL : [  0] fit: 0.04951 | delta: 5.0e-02 | secs: 0.23286
INFO : RESCAL : [  1] fit: 0.05603 | delta: 6.5e-03 | secs: 0.24993
INFO : RESCAL : [  2] fit: 0.05620 | delta: 1.7e-04 | secs: 0.22485
INFO : RESCAL : [  3] fit: 0.05600 | delta: 2.0e-04 | secs: 0.24313
INFO : RESCAL : [  4] fit: 0.05569 | delta: 3.1e-04 | secs: 0.24120
INFO : RESCAL : [  5] fit: 0.05545 | delta: 2.4e-04 | secs: 0.24164
INFO : RESCAL : [  6] fit: 0.05523 | delta: 2.2e-04 | secs: 0.24057
INFO : RESCAL : [  7] fit: 0.05505 | delta: 1.8e-04 | secs: 0.23847
INFO : RESCAL : [  8] fit: 0.05489 | delta: 1.6e-04 | secs: 0.23784
INFO : RESCAL : [  9] fit: 0.05476 | delta: 1.3e-04 | secs: 0.25535
INFO : RESCAL : [ 10] fit: 0.05464 | delta: 1.2e-04 | secs: 0.25674
INFO : RESCAL : [ 11] fit: 0.05454 | delta: 1.0e-04 | secs: 0.24354
INFO : RESCAL : [ 12] fit: 0.05446 | delta: 8.7e-05 | secs: 0.23944
[Fold 7] AUC-PR: 0.083423
INFO : RESCAL : [  0] fit: 0.04667 | delta: 4.7e-02 | secs: 0.24210
INFO : RESCAL : [  1] fit: 0.05548 | delta: 8.8e-03 | secs: 0.23665
INFO : RESCAL : [  2] fit: 0.05528 | delta: 2.0e-04 | secs: 0.24128
INFO : RESCAL : [  3] fit: 0.05506 | delta: 2.2e-04 | secs: 0.24183
INFO : RESCAL : [  4] fit: 0.05473 | delta: 3.3e-04 | secs: 0.23484
INFO : RESCAL : [  5] fit: 0.05449 | delta: 2.4e-04 | secs: 0.23884
INFO : RESCAL : [  6] fit: 0.05428 | delta: 2.1e-04 | secs: 0.23793
INFO : RESCAL : [  7] fit: 0.05411 | delta: 1.7e-04 | secs: 0.24119
INFO : RESCAL : [  8] fit: 0.05396 | delta: 1.4e-04 | secs: 0.23500
INFO : RESCAL : [  9] fit: 0.05384 | delta: 1.2e-04 | secs: 0.24063
INFO : RESCAL : [ 10] fit: 0.05374 | delta: 1.0e-04 | secs: 0.24068
INFO : RESCAL : [ 11] fit: 0.05366 | delta: 8.5e-05 | secs: 0.24212
[Fold 8] AUC-PR: 0.066377
INFO : RESCAL : [  0] fit: 0.04841 | delta: 4.8e-02 | secs: 0.23780
INFO : RESCAL : [  1] fit: 0.05645 | delta: 8.0e-03 | secs: 0.24042
INFO : RESCAL : [  2] fit: 0.05644 | delta: 1.2e-05 | secs: 0.23847
[Fold 9] AUC-PR: 0.115524
[Result] AUC-PR mean:0.109277 | std:0.036886 | time:14.54 s
[CSV]    Ligne écrite dans rescal_results.csv
=== FIN: umls rank:100 ===
=== DATASET: nations | rank:50 | lambda_A:5.0 | lambda_R:5.0 ===
[Config] maxIter:100 | conv:1.0e-04 | threads:10
[Data]   nnz:1592 | import_time:0.00 s
INFO : RESCAL : [  0] fit: 0.26938 | delta: 2.7e-01 | secs: 0.19106
INFO : RESCAL : [  1] fit: 0.27658 | delta: 7.2e-03 | secs: 0.18173
INFO : RESCAL : [  2] fit: 0.27877 | delta: 2.2e-03 | secs: 0.18859
INFO : RESCAL : [  3] fit: 0.27944 | delta: 6.6e-04 | secs: 0.18215
INFO : RESCAL : [  4] fit: 0.27964 | delta: 2.0e-04 | secs: 0.19323
INFO : RESCAL : [  5] fit: 0.27970 | delta: 6.1e-05 | secs: 0.20824
[Fold 0] AUC-PR: 0.383312
INFO : RESCAL : [  0] fit: 0.26316 | delta: 2.6e-01 | secs: 0.19485
INFO : RESCAL : [  1] fit: 0.27325 | delta: 1.0e-02 | secs: 0.20232
INFO : RESCAL : [  2] fit: 0.27576 | delta: 2.5e-03 | secs: 0.19315
INFO : RESCAL : [  3] fit: 0.27642 | delta: 6.6e-04 | secs: 0.20634
INFO : RESCAL : [  4] fit: 0.27659 | delta: 1.7e-04 | secs: 0.18710
INFO : RESCAL : [  5] fit: 0.27663 | delta: 3.9e-05 | secs: 0.20365
[Fold 1] AUC-PR: 0.483908
INFO : RESCAL : [  0] fit: 0.26631 | delta: 2.7e-01 | secs: 0.18773
INFO : RESCAL : [  1] fit: 0.27328 | delta: 7.0e-03 | secs: 0.19923
INFO : RESCAL : [  2] fit: 0.27546 | delta: 2.2e-03 | secs: 0.20347
INFO : RESCAL : [  3] fit: 0.27613 | delta: 6.8e-04 | secs: 0.19788
INFO : RESCAL : [  4] fit: 0.27637 | delta: 2.4e-04 | secs: 0.18160
INFO : RESCAL : [  5] fit: 0.27647 | delta: 9.8e-05 | secs: 0.18728
[Fold 2] AUC-PR: 0.452075
INFO : RESCAL : [  0] fit: 0.26576 | delta: 2.7e-01 | secs: 0.19961
INFO : RESCAL : [  1] fit: 0.27458 | delta: 8.8e-03 | secs: 0.19998
INFO : RESCAL : [  2] fit: 0.27718 | delta: 2.6e-03 | secs: 0.20918
INFO : RESCAL : [  3] fit: 0.27795 | delta: 7.7e-04 | secs: 0.19549
INFO : RESCAL : [  4] fit: 0.27819 | delta: 2.4e-04 | secs: 0.18275
INFO : RESCAL : [  5] fit: 0.27827 | delta: 8.4e-05 | secs: 0.18379
[Fold 3] AUC-PR: 0.374307
INFO : RESCAL : [  0] fit: 0.26609 | delta: 2.7e-01 | secs: 0.18097
INFO : RESCAL : [  1] fit: 0.27481 | delta: 8.7e-03 | secs: 0.18829
INFO : RESCAL : [  2] fit: 0.27720 | delta: 2.4e-03 | secs: 0.19039
INFO : RESCAL : [  3] fit: 0.27790 | delta: 6.9e-04 | secs: 0.19980
INFO : RESCAL : [  4] fit: 0.27810 | delta: 2.0e-04 | secs: 0.20058
INFO : RESCAL : [  5] fit: 0.27816 | delta: 5.9e-05 | secs: 0.19630
[Fold 4] AUC-PR: 0.409824
INFO : RESCAL : [  0] fit: 0.27000 | delta: 2.7e-01 | secs: 0.20285
INFO : RESCAL : [  1] fit: 0.27568 | delta: 5.7e-03 | secs: 0.19514
INFO : RESCAL : [  2] fit: 0.27754 | delta: 1.9e-03 | secs: 0.19750
INFO : RESCAL : [  3] fit: 0.27814 | delta: 5.9e-04 | secs: 0.19522
INFO : RESCAL : [  4] fit: 0.27835 | delta: 2.1e-04 | secs: 0.19418
INFO : RESCAL : [  5] fit: 0.27843 | delta: 8.6e-05 | secs: 0.18212
[Fold 5] AUC-PR: 0.466947
INFO : RESCAL : [  0] fit: 0.25926 | delta: 2.6e-01 | secs: 0.19528
INFO : RESCAL : [  1] fit: 0.26707 | delta: 7.8e-03 | secs: 0.20016
INFO : RESCAL : [  2] fit: 0.26916 | delta: 2.1e-03 | secs: 0.19344
INFO : RESCAL : [  3] fit: 0.26978 | delta: 6.2e-04 | secs: 0.19421
INFO : RESCAL : [  4] fit: 0.26997 | delta: 1.9e-04 | secs: 0.19557
INFO : RESCAL : [  5] fit: 0.27003 | delta: 6.5e-05 | secs: 0.18495
[Fold 6] AUC-PR: 0.503170
INFO : RESCAL : [  0] fit: 0.25930 | delta: 2.6e-01 | secs: 0.18382
INFO : RESCAL : [  1] fit: 0.27036 | delta: 1.1e-02 | secs: 0.18026
INFO : RESCAL : [  2] fit: 0.27320 | delta: 2.8e-03 | secs: 0.18226
INFO : RESCAL : [  3] fit: 0.27404 | delta: 8.4e-04 | secs: 0.18438
INFO : RESCAL : [  4] fit: 0.27431 | delta: 2.7e-04 | secs: 0.18259
INFO : RESCAL : [  5] fit: 0.27441 | delta: 1.0e-04 | secs: 0.18160
INFO : RESCAL : [  6] fit: 0.27446 | delta: 4.4e-05 | secs: 0.20565
[Fold 7] AUC-PR: 0.462737
INFO : RESCAL : [  0] fit: 0.26478 | delta: 2.6e-01 | secs: 0.20394
INFO : RESCAL : [  1] fit: 0.27209 | delta: 7.3e-03 | secs: 0.19869
INFO : RESCAL : [  2] fit: 0.27428 | delta: 2.2e-03 | secs: 0.19789
INFO : RESCAL : [  3] fit: 0.27487 | delta: 5.9e-04 | secs: 0.19739
INFO : RESCAL : [  4] fit: 0.27501 | delta: 1.4e-04 | secs: 0.19620
INFO : RESCAL : [  5] fit: 0.27502 | delta: 1.4e-05 | secs: 0.19770
[Fold 8] AUC-PR: 0.454308
INFO : RESCAL : [  0] fit: 0.26243 | delta: 2.6e-01 | secs: 0.19217
INFO : RESCAL : [  1] fit: 0.26806 | delta: 5.6e-03 | secs: 0.20618
INFO : RESCAL : [  2] fit: 0.26988 | delta: 1.8e-03 | secs: 0.20916
INFO : RESCAL : [  3] fit: 0.27047 | delta: 5.9e-04 | secs: 0.20423
INFO : RESCAL : [  4] fit: 0.27067 | delta: 2.1e-04 | secs: 0.20252
INFO : RESCAL : [  5] fit: 0.27076 | delta: 8.5e-05 | secs: 0.18461
[Fold 9] AUC-PR: 0.459494
[Result] AUC-PR mean:0.445008 | std:0.040101 | time:11.49 s
[CSV]    Ligne écrite dans rescal_results.csv
=== FIN: nations rank:50 ===
=== DATASET: nations | rank:90 | lambda_A:5.0 | lambda_R:5.0 ===
[Config] maxIter:100 | conv:1.0e-04 | threads:10
[Data]   nnz:1592 | import_time:0.00 s
INFO : RESCAL : [  0] fit: 0.27279 | delta: 2.7e-01 | secs: 0.25358
INFO : RESCAL : [  1] fit: 0.27666 | delta: 3.9e-03 | secs: 0.26428
INFO : RESCAL : [  2] fit: 0.27718 | delta: 5.2e-04 | secs: 0.25178
INFO : RESCAL : [  3] fit: 0.27726 | delta: 8.5e-05 | secs: 0.26003
[Fold 0] AUC-PR: 0.464063
INFO : RESCAL : [  0] fit: 0.26353 | delta: 2.6e-01 | secs: 0.24980
INFO : RESCAL : [  1] fit: 0.27166 | delta: 8.1e-03 | secs: 0.25092
INFO : RESCAL : [  2] fit: 0.27322 | delta: 1.6e-03 | secs: 0.27862
INFO : RESCAL : [  3] fit: 0.27358 | delta: 3.6e-04 | secs: 0.26956
INFO : RESCAL : [  4] fit: 0.27361 | delta: 3.3e-05 | secs: 0.25696
[Fold 1] AUC-PR: 0.453901
INFO : RESCAL : [  0] fit: 0.26835 | delta: 2.7e-01 | secs: 0.25711
INFO : RESCAL : [  1] fit: 0.27691 | delta: 8.6e-03 | secs: 0.24512
INFO : RESCAL : [  2] fit: 0.27880 | delta: 1.9e-03 | secs: 0.23871
INFO : RESCAL : [  3] fit: 0.27923 | delta: 4.3e-04 | secs: 0.23446
INFO : RESCAL : [  4] fit: 0.27927 | delta: 3.6e-05 | secs: 0.23490
[Fold 2] AUC-PR: 0.398012
INFO : RESCAL : [  0] fit: 0.26583 | delta: 2.7e-01 | secs: 0.27186
INFO : RESCAL : [  1] fit: 0.26970 | delta: 3.9e-03 | secs: 0.23774
INFO : RESCAL : [  2] fit: 0.27016 | delta: 4.6e-04 | secs: 0.23357
INFO : RESCAL : [  3] fit: 0.27016 | delta: 5.3e-06 | secs: 0.24220
[Fold 3] AUC-PR: 0.516438
INFO : RESCAL : [  0] fit: 0.26840 | delta: 2.7e-01 | secs: 0.25054
INFO : RESCAL : [  1] fit: 0.27280 | delta: 4.4e-03 | secs: 0.25016
INFO : RESCAL : [  2] fit: 0.27354 | delta: 7.4e-04 | secs: 0.23917
INFO : RESCAL : [  3] fit: 0.27366 | delta: 1.2e-04 | secs: 0.26457
INFO : RESCAL : [  4] fit: 0.27359 | delta: 6.4e-05 | secs: 0.23394
[Fold 4] AUC-PR: 0.487387
INFO : RESCAL : [  0] fit: 0.26356 | delta: 2.6e-01 | secs: 0.23427
INFO : RESCAL : [  1] fit: 0.27050 | delta: 6.9e-03 | secs: 0.23019
INFO : RESCAL : [  2] fit: 0.27172 | delta: 1.2e-03 | secs: 0.23544
INFO : RESCAL : [  3] fit: 0.27192 | delta: 2.0e-04 | secs: 0.23965
INFO : RESCAL : [  4] fit: 0.27186 | delta: 6.4e-05 | secs: 0.24316
[Fold 5] AUC-PR: 0.423779
INFO : RESCAL : [  0] fit: 0.27226 | delta: 2.7e-01 | secs: 0.23975
INFO : RESCAL : [  1] fit: 0.27609 | delta: 3.8e-03 | secs: 0.25443
INFO : RESCAL : [  2] fit: 0.27671 | delta: 6.1e-04 | secs: 0.23334
INFO : RESCAL : [  3] fit: 0.27682 | delta: 1.2e-04 | secs: 0.23214
INFO : RESCAL : [  4] fit: 0.27678 | delta: 3.8e-05 | secs: 0.23593
[Fold 6] AUC-PR: 0.410309
INFO : RESCAL : [  0] fit: 0.27221 | delta: 2.7e-01 | secs: 0.24286
INFO : RESCAL : [  1] fit: 0.27695 | delta: 4.7e-03 | secs: 0.24896
INFO : RESCAL : [  2] fit: 0.27791 | delta: 9.5e-04 | secs: 0.23453
INFO : RESCAL : [  3] fit: 0.27812 | delta: 2.1e-04 | secs: 0.25164
INFO : RESCAL : [  4] fit: 0.27811 | delta: 5.3e-06 | secs: 0.24896
[Fold 7] AUC-PR: 0.482640
INFO : RESCAL : [  0] fit: 0.27522 | delta: 2.8e-01 | secs: 0.24906
INFO : RESCAL : [  1] fit: 0.27996 | delta: 4.7e-03 | secs: 0.25203
INFO : RESCAL : [  2] fit: 0.28124 | delta: 1.3e-03 | secs: 0.24721
INFO : RESCAL : [  3] fit: 0.28155 | delta: 3.1e-04 | secs: 0.24002
INFO : RESCAL : [  4] fit: 0.28158 | delta: 3.4e-05 | secs: 0.25257
[Fold 8] AUC-PR: 0.375168
INFO : RESCAL : [  0] fit: 0.27002 | delta: 2.7e-01 | secs: 0.24582
INFO : RESCAL : [  1] fit: 0.27795 | delta: 7.9e-03 | secs: 0.23207
INFO : RESCAL : [  2] fit: 0.27962 | delta: 1.7e-03 | secs: 0.23381
INFO : RESCAL : [  3] fit: 0.27999 | delta: 3.7e-04 | secs: 0.24186
INFO : RESCAL : [  4] fit: 0.27999 | delta: 2.9e-06 | secs: 0.23404
[Fold 9] AUC-PR: 0.407123
[Result] AUC-PR mean:0.441882 | std:0.043399 | time:9.79 s
[CSV]    Ligne écrite dans rescal_results.csv
=== FIN: nations rank:90 ===
=== DATASET: nations | rank:100 | lambda_A:10.0 | lambda_R:10.0 ===
[Config] maxIter:100 | conv:1.0e-04 | threads:10
[Data]   nnz:1592 | import_time:0.00 s
INFO : RESCAL : [  0] fit: 0.01361 | delta: 1.4e-02 | secs: 0.23172
INFO : RESCAL : [  1] fit: 0.04786 | delta: 3.4e-02 | secs: 0.22426
INFO : RESCAL : [  2] fit: 0.05466 | delta: 6.8e-03 | secs: 0.23827
INFO : RESCAL : [  3] fit: 0.05587 | delta: 1.2e-03 | secs: 0.23485
INFO : RESCAL : [  4] fit: 0.05622 | delta: 3.5e-04 | secs: 0.23251
INFO : RESCAL : [  5] fit: 0.05634 | delta: 1.2e-04 | secs: 0.24399
INFO : RESCAL : [  6] fit: 0.05639 | delta: 5.0e-05 | secs: 0.25417
[Fold 0] AUC-PR: 0.365590
INFO : RESCAL : [  0] fit: 0.00166 | delta: 1.7e-03 | secs: 0.25364
INFO : RESCAL : [  1] fit: 0.04237 | delta: 4.1e-02 | secs: 0.24751
INFO : RESCAL : [  2] fit: 0.04930 | delta: 6.9e-03 | secs: 0.23949
INFO : RESCAL : [  3] fit: 0.05066 | delta: 1.4e-03 | secs: 0.23548
INFO : RESCAL : [  4] fit: 0.05106 | delta: 4.0e-04 | secs: 0.26100
INFO : RESCAL : [  5] fit: 0.05120 | delta: 1.4e-04 | secs: 0.24789
INFO : RESCAL : [  6] fit: 0.05125 | delta: 5.3e-05 | secs: 0.24981
[Fold 1] AUC-PR: 0.348446
INFO : RESCAL : [  0] fit: 0.00750 | delta: 7.5e-03 | secs: 0.23103
INFO : RESCAL : [  1] fit: 0.04733 | delta: 4.0e-02 | secs: 0.23147
INFO : RESCAL : [  2] fit: 0.05380 | delta: 6.5e-03 | secs: 0.22944
INFO : RESCAL : [  3] fit: 0.05505 | delta: 1.3e-03 | secs: 0.24222
INFO : RESCAL : [  4] fit: 0.05543 | delta: 3.8e-04 | secs: 0.23752
INFO : RESCAL : [  5] fit: 0.05557 | delta: 1.4e-04 | secs: 0.23230
INFO : RESCAL : [  6] fit: 0.05562 | delta: 5.5e-05 | secs: 0.22460
[Fold 2] AUC-PR: 0.348330
INFO : RESCAL : [  0] fit: 0.01002 | delta: 1.0e-02 | secs: 0.22684
INFO : RESCAL : [  1] fit: 0.04842 | delta: 3.8e-02 | secs: 0.23032
INFO : RESCAL : [  2] fit: 0.05519 | delta: 6.8e-03 | secs: 0.22904
INFO : RESCAL : [  3] fit: 0.05641 | delta: 1.2e-03 | secs: 0.24608
INFO : RESCAL : [  4] fit: 0.05676 | delta: 3.5e-04 | secs: 0.23779
INFO : RESCAL : [  5] fit: 0.05688 | delta: 1.2e-04 | secs: 0.22244
INFO : RESCAL : [  6] fit: 0.05693 | delta: 4.9e-05 | secs: 0.22631
[Fold 3] AUC-PR: 0.349287
INFO : RESCAL : [  0] fit: 0.00475 | delta: 4.7e-03 | secs: 0.22242
INFO : RESCAL : [  1] fit: 0.04354 | delta: 3.9e-02 | secs: 0.23101
INFO : RESCAL : [  2] fit: 0.05047 | delta: 6.9e-03 | secs: 0.25087
INFO : RESCAL : [  3] fit: 0.05184 | delta: 1.4e-03 | secs: 0.22936
INFO : RESCAL : [  4] fit: 0.05224 | delta: 4.0e-04 | secs: 0.23305
INFO : RESCAL : [  5] fit: 0.05238 | delta: 1.4e-04 | secs: 0.23743
INFO : RESCAL : [  6] fit: 0.05244 | delta: 5.4e-05 | secs: 0.22104
[Fold 4] AUC-PR: 0.329198
INFO : RESCAL : [  0] fit: 0.00874 | delta: 8.7e-03 | secs: 0.23046
INFO : RESCAL : [  1] fit: 0.04575 | delta: 3.7e-02 | secs: 0.23109
INFO : RESCAL : [  2] fit: 0.05158 | delta: 5.8e-03 | secs: 0.24189
INFO : RESCAL : [  3] fit: 0.05280 | delta: 1.2e-03 | secs: 0.23847
INFO : RESCAL : [  4] fit: 0.05319 | delta: 3.9e-04 | secs: 0.24313
INFO : RESCAL : [  5] fit: 0.05333 | delta: 1.4e-04 | secs: 0.23764
INFO : RESCAL : [  6] fit: 0.05338 | delta: 5.7e-05 | secs: 0.22194
[Fold 5] AUC-PR: 0.325672
INFO : RESCAL : [  0] fit: 0.00758 | delta: 7.6e-03 | secs: 0.23468
INFO : RESCAL : [  1] fit: 0.04502 | delta: 3.7e-02 | secs: 0.23399
INFO : RESCAL : [  2] fit: 0.05160 | delta: 6.6e-03 | secs: 0.23778
INFO : RESCAL : [  3] fit: 0.05289 | delta: 1.3e-03 | secs: 0.25821
INFO : RESCAL : [  4] fit: 0.05328 | delta: 3.9e-04 | secs: 0.24386
INFO : RESCAL : [  5] fit: 0.05341 | delta: 1.4e-04 | secs: 0.23302
INFO : RESCAL : [  6] fit: 0.05347 | delta: 5.3e-05 | secs: 0.23751
[Fold 6] AUC-PR: 0.327363
INFO : RESCAL : [  0] fit: 0.00492 | delta: 4.9e-03 | secs: 0.24057
INFO : RESCAL : [  1] fit: 0.04454 | delta: 4.0e-02 | secs: 0.24784
INFO : RESCAL : [  2] fit: 0.05083 | delta: 6.3e-03 | secs: 0.23296
INFO : RESCAL : [  3] fit: 0.05202 | delta: 1.2e-03 | secs: 0.22355
INFO : RESCAL : [  4] fit: 0.05237 | delta: 3.5e-04 | secs: 0.23230
INFO : RESCAL : [  5] fit: 0.05250 | delta: 1.2e-04 | secs: 0.23066
INFO : RESCAL : [  6] fit: 0.05255 | delta: 5.2e-05 | secs: 0.24680
[Fold 7] AUC-PR: 0.347318
INFO : RESCAL : [  0] fit: 0.00322 | delta: 3.2e-03 | secs: 0.23317
INFO : RESCAL : [  1] fit: 0.04399 | delta: 4.1e-02 | secs: 0.26970
INFO : RESCAL : [  2] fit: 0.05054 | delta: 6.6e-03 | secs: 0.24214
INFO : RESCAL : [  3] fit: 0.05179 | delta: 1.2e-03 | secs: 0.25383
INFO : RESCAL : [  4] fit: 0.05218 | delta: 3.9e-04 | secs: 0.26682
INFO : RESCAL : [  5] fit: 0.05231 | delta: 1.4e-04 | secs: 0.25418
INFO : RESCAL : [  6] fit: 0.05237 | delta: 5.6e-05 | secs: 0.24185
[Fold 8] AUC-PR: 0.409683
INFO : RESCAL : [  0] fit: 0.00638 | delta: 6.4e-03 | secs: 0.24477
INFO : RESCAL : [  1] fit: 0.04597 | delta: 4.0e-02 | secs: 0.25612
INFO : RESCAL : [  2] fit: 0.05251 | delta: 6.5e-03 | secs: 0.23227
INFO : RESCAL : [  3] fit: 0.05388 | delta: 1.4e-03 | secs: 0.23369
INFO : RESCAL : [  4] fit: 0.05431 | delta: 4.3e-04 | secs: 0.25470
INFO : RESCAL : [  5] fit: 0.05447 | delta: 1.6e-04 | secs: 0.22681
INFO : RESCAL : [  6] fit: 0.05453 | delta: 6.3e-05 | secs: 0.23217
[Fold 9] AUC-PR: 0.362440
[Result] AUC-PR mean:0.351333 | std:0.023435 | time:14.35 s
[CSV]    Ligne écrite dans rescal_results.csv
=== FIN: nations rank:100 ===
====================================================
RÉSUMÉ FINAL
====================================================
Combinaisons exécutées : 9 / 9
Résultats sauvegardés  : rescal_results.csv
====================================================
