[Threads] Utilisation de 6 thread(s) sur 12 disponibles
[Reprise] Mode force active : les combinaisons deja presentes seront recalculees
=== DATASET: kinships | rank:50 | lambda_A:5.0 | lambda_R:5.0 ===
[Config] maxIter:100 | conv:1.0e-04 | threads:6
[Data]   nnz:10790 | import_time:0.02 s
INFO : RESCAL : [  0] fit: 0.32149 | delta: 3.2e-01 | secs: 0.04954
INFO : RESCAL : [  1] fit: 0.35066 | delta: 2.9e-02 | secs: 0.04719
INFO : RESCAL : [  2] fit: 0.34810 | delta: 2.6e-03 | secs: 0.04975
INFO : RESCAL : [  3] fit: 0.34745 | delta: 6.5e-04 | secs: 0.05002
INFO : RESCAL : [  4] fit: 0.34764 | delta: 2.0e-04 | secs: 0.04766
INFO : RESCAL : [  5] fit: 0.34799 | delta: 3.5e-04 | secs: 0.04775
INFO : RESCAL : [  6] fit: 0.34833 | delta: 3.4e-04 | secs: 0.04811
INFO : RESCAL : [  7] fit: 0.34863 | delta: 2.9e-04 | secs: 0.04918
INFO : RESCAL : [  8] fit: 0.34887 | delta: 2.4e-04 | secs: 0.04723
INFO : RESCAL : [  9] fit: 0.34907 | delta: 2.1e-04 | secs: 0.04905
INFO : RESCAL : [ 10] fit: 0.34925 | delta: 1.8e-04 | secs: 0.04801
INFO : RESCAL : [ 11] fit: 0.34941 | delta: 1.5e-04 | secs: 0.05048
INFO : RESCAL : [ 12] fit: 0.34953 | delta: 1.3e-04 | secs: 0.04970
INFO : RESCAL : [ 13] fit: 0.34963 | delta: 9.8e-05 | secs: 0.05005
[Fold 0] AUC-PR: 0.918883
INFO : RESCAL : [  0] fit: 0.31687 | delta: 3.2e-01 | secs: 0.04950
INFO : RESCAL : [  1] fit: 0.34478 | delta: 2.8e-02 | secs: 0.04691
INFO : RESCAL : [  2] fit: 0.34241 | delta: 2.4e-03 | secs: 0.04631
INFO : RESCAL : [  3] fit: 0.34157 | delta: 8.5e-04 | secs: 0.04790
INFO : RESCAL : [  4] fit: 0.34161 | delta: 4.7e-05 | secs: 0.04798
[Fold 1] AUC-PR: 0.907226
INFO : RESCAL : [  0] fit: 0.32084 | delta: 3.2e-01 | secs: 0.04707
INFO : RESCAL : [  1] fit: 0.34376 | delta: 2.3e-02 | secs: 0.04809
INFO : RESCAL : [  2] fit: 0.34282 | delta: 9.5e-04 | secs: 0.04757
INFO : RESCAL : [  3] fit: 0.34204 | delta: 7.8e-04 | secs: 0.04771
INFO : RESCAL : [  4] fit: 0.34221 | delta: 1.8e-04 | secs: 0.04638
INFO : RESCAL : [  5] fit: 0.34265 | delta: 4.3e-04 | secs: 0.04705
INFO : RESCAL : [  6] fit: 0.34296 | delta: 3.2e-04 | secs: 0.04830
INFO : RESCAL : [  7] fit: 0.34322 | delta: 2.6e-04 | secs: 0.04765
INFO : RESCAL : [  8] fit: 0.34347 | delta: 2.5e-04 | secs: 0.04737
INFO : RESCAL : [  9] fit: 0.34372 | delta: 2.4e-04 | secs: 0.04669
INFO : RESCAL : [ 10] fit: 0.34394 | delta: 2.2e-04 | secs: 0.04740
INFO : RESCAL : [ 11] fit: 0.34414 | delta: 2.0e-04 | secs: 0.04794
INFO : RESCAL : [ 12] fit: 0.34433 | delta: 1.9e-04 | secs: 0.04734
INFO : RESCAL : [ 13] fit: 0.34450 | delta: 1.7e-04 | secs: 0.04742
INFO : RESCAL : [ 14] fit: 0.34465 | delta: 1.5e-04 | secs: 0.04747
INFO : RESCAL : [ 15] fit: 0.34477 | delta: 1.2e-04 | secs: 0.04646
INFO : RESCAL : [ 16] fit: 0.34485 | delta: 8.3e-05 | secs: 0.04848
[Fold 2] AUC-PR: 0.909641
INFO : RESCAL : [  0] fit: 0.32223 | delta: 3.2e-01 | secs: 0.04685
INFO : RESCAL : [  1] fit: 0.34652 | delta: 2.4e-02 | secs: 0.04749
INFO : RESCAL : [  2] fit: 0.34369 | delta: 2.8e-03 | secs: 0.04851
INFO : RESCAL : [  3] fit: 0.34294 | delta: 7.5e-04 | secs: 0.04866
INFO : RESCAL : [  4] fit: 0.34305 | delta: 1.1e-04 | secs: 0.04905
INFO : RESCAL : [  5] fit: 0.34346 | delta: 4.1e-04 | secs: 0.04824
INFO : RESCAL : [  6] fit: 0.34386 | delta: 4.0e-04 | secs: 0.04805
INFO : RESCAL : [  7] fit: 0.34419 | delta: 3.3e-04 | secs: 0.04773
INFO : RESCAL : [  8] fit: 0.34446 | delta: 2.7e-04 | secs: 0.04796
INFO : RESCAL : [  9] fit: 0.34469 | delta: 2.3e-04 | secs: 0.04827
INFO : RESCAL : [ 10] fit: 0.34487 | delta: 1.9e-04 | secs: 0.04878
INFO : RESCAL : [ 11] fit: 0.34503 | delta: 1.6e-04 | secs: 0.04827
INFO : RESCAL : [ 12] fit: 0.34516 | delta: 1.3e-04 | secs: 0.04895
INFO : RESCAL : [ 13] fit: 0.34526 | delta: 1.0e-04 | secs: 0.04655
INFO : RESCAL : [ 14] fit: 0.34535 | delta: 8.5e-05 | secs: 0.04859
[Fold 3] AUC-PR: 0.924860
INFO : RESCAL : [  0] fit: 0.31697 | delta: 3.2e-01 | secs: 0.04593
INFO : RESCAL : [  1] fit: 0.34291 | delta: 2.6e-02 | secs: 0.04704
INFO : RESCAL : [  2] fit: 0.34136 | delta: 1.6e-03 | secs: 0.04747
INFO : RESCAL : [  3] fit: 0.34104 | delta: 3.1e-04 | secs: 0.04744
INFO : RESCAL : [  4] fit: 0.34149 | delta: 4.5e-04 | secs: 0.05308
INFO : RESCAL : [  5] fit: 0.34201 | delta: 5.2e-04 | secs: 0.04830
INFO : RESCAL : [  6] fit: 0.34237 | delta: 3.6e-04 | secs: 0.04872
INFO : RESCAL : [  7] fit: 0.34259 | delta: 2.2e-04 | secs: 0.04786
INFO : RESCAL : [  8] fit: 0.34275 | delta: 1.7e-04 | secs: 0.04889
INFO : RESCAL : [  9] fit: 0.34291 | delta: 1.5e-04 | secs: 0.04811
INFO : RESCAL : [ 10] fit: 0.34306 | delta: 1.5e-04 | secs: 0.04811
INFO : RESCAL : [ 11] fit: 0.34320 | delta: 1.4e-04 | secs: 0.04665
INFO : RESCAL : [ 12] fit: 0.34333 | delta: 1.2e-04 | secs: 0.04829
INFO : RESCAL : [ 13] fit: 0.34343 | delta: 1.1e-04 | secs: 0.04736
INFO : RESCAL : [ 14] fit: 0.34352 | delta: 8.8e-05 | secs: 0.04809
[Fold 4] AUC-PR: 0.920710
INFO : RESCAL : [  0] fit: 0.31524 | delta: 3.2e-01 | secs: 0.04648
INFO : RESCAL : [  1] fit: 0.34410 | delta: 2.9e-02 | secs: 0.04840
INFO : RESCAL : [  2] fit: 0.34116 | delta: 2.9e-03 | secs: 0.04692
INFO : RESCAL : [  3] fit: 0.34037 | delta: 7.9e-04 | secs: 0.04665
INFO : RESCAL : [  4] fit: 0.34052 | delta: 1.6e-04 | secs: 0.04624
INFO : RESCAL : [  5] fit: 0.34101 | delta: 4.8e-04 | secs: 0.04813
INFO : RESCAL : [  6] fit: 0.34148 | delta: 4.7e-04 | secs: 0.04917
INFO : RESCAL : [  7] fit: 0.34186 | delta: 3.8e-04 | secs: 0.04839
INFO : RESCAL : [  8] fit: 0.34213 | delta: 2.8e-04 | secs: 0.04872
INFO : RESCAL : [  9] fit: 0.34233 | delta: 2.0e-04 | secs: 0.04831
INFO : RESCAL : [ 10] fit: 0.34249 | delta: 1.6e-04 | secs: 0.04757
INFO : RESCAL : [ 11] fit: 0.34262 | delta: 1.3e-04 | secs: 0.04802
INFO : RESCAL : [ 12] fit: 0.34273 | delta: 1.1e-04 | secs: 0.04769
INFO : RESCAL : [ 13] fit: 0.34281 | delta: 8.8e-05 | secs: 0.04768
[Fold 5] AUC-PR: 0.922390
INFO : RESCAL : [  0] fit: 0.31488 | delta: 3.1e-01 | secs: 0.04725
INFO : RESCAL : [  1] fit: 0.34203 | delta: 2.7e-02 | secs: 0.04576
INFO : RESCAL : [  2] fit: 0.34007 | delta: 2.0e-03 | secs: 0.04798
INFO : RESCAL : [  3] fit: 0.33933 | delta: 7.5e-04 | secs: 0.05690
INFO : RESCAL : [  4] fit: 0.33920 | delta: 1.2e-04 | secs: 0.04952
INFO : RESCAL : [  5] fit: 0.33934 | delta: 1.4e-04 | secs: 0.05162
INFO : RESCAL : [  6] fit: 0.33960 | delta: 2.5e-04 | secs: 0.05148
INFO : RESCAL : [  7] fit: 0.33992 | delta: 3.2e-04 | secs: 0.05197
INFO : RESCAL : [  8] fit: 0.34023 | delta: 3.2e-04 | secs: 0.05490
INFO : RESCAL : [  9] fit: 0.34048 | delta: 2.5e-04 | secs: 0.05313
INFO : RESCAL : [ 10] fit: 0.34067 | delta: 1.9e-04 | secs: 0.05320
INFO : RESCAL : [ 11] fit: 0.34082 | delta: 1.5e-04 | secs: 0.05307
INFO : RESCAL : [ 12] fit: 0.34095 | delta: 1.3e-04 | secs: 0.05332
INFO : RESCAL : [ 13] fit: 0.34107 | delta: 1.2e-04 | secs: 0.05189
INFO : RESCAL : [ 14] fit: 0.34118 | delta: 1.1e-04 | secs: 0.05055
INFO : RESCAL : [ 15] fit: 0.34128 | delta: 9.8e-05 | secs: 0.05282
[Fold 6] AUC-PR: 0.923712
INFO : RESCAL : [  0] fit: 0.31499 | delta: 3.1e-01 | secs: 0.05263
INFO : RESCAL : [  1] fit: 0.34623 | delta: 3.1e-02 | secs: 0.05221
INFO : RESCAL : [  2] fit: 0.34423 | delta: 2.0e-03 | secs: 0.05303
INFO : RESCAL : [  3] fit: 0.34367 | delta: 5.6e-04 | secs: 0.05316
INFO : RESCAL : [  4] fit: 0.34395 | delta: 2.8e-04 | secs: 0.05890
INFO : RESCAL : [  5] fit: 0.34433 | delta: 3.8e-04 | secs: 0.05123
INFO : RESCAL : [  6] fit: 0.34463 | delta: 2.9e-04 | secs: 0.05073
INFO : RESCAL : [  7] fit: 0.34484 | delta: 2.1e-04 | secs: 0.05149
INFO : RESCAL : [  8] fit: 0.34502 | delta: 1.9e-04 | secs: 0.04948
INFO : RESCAL : [  9] fit: 0.34520 | delta: 1.8e-04 | secs: 0.04855
INFO : RESCAL : [ 10] fit: 0.34537 | delta: 1.7e-04 | secs: 0.04839
INFO : RESCAL : [ 11] fit: 0.34552 | delta: 1.5e-04 | secs: 0.04809
INFO : RESCAL : [ 12] fit: 0.34564 | delta: 1.2e-04 | secs: 0.04755
INFO : RESCAL : [ 13] fit: 0.34575 | delta: 1.1e-04 | secs: 0.05040
INFO : RESCAL : [ 14] fit: 0.34585 | delta: 9.9e-05 | secs: 0.05005
[Fold 7] AUC-PR: 0.932953
INFO : RESCAL : [  0] fit: 0.31921 | delta: 3.2e-01 | secs: 0.05040
INFO : RESCAL : [  1] fit: 0.34557 | delta: 2.6e-02 | secs: 0.05083
INFO : RESCAL : [  2] fit: 0.34346 | delta: 2.1e-03 | secs: 0.05176
INFO : RESCAL : [  3] fit: 0.34260 | delta: 8.6e-04 | secs: 0.05465
INFO : RESCAL : [  4] fit: 0.34255 | delta: 5.6e-05 | secs: 0.05078
[Fold 8] AUC-PR: 0.906301
INFO : RESCAL : [  0] fit: 0.31682 | delta: 3.2e-01 | secs: 0.04956
INFO : RESCAL : [  1] fit: 0.34167 | delta: 2.5e-02 | secs: 0.04728
INFO : RESCAL : [  2] fit: 0.34022 | delta: 1.4e-03 | secs: 0.04693
INFO : RESCAL : [  3] fit: 0.33948 | delta: 7.4e-04 | secs: 0.04817
INFO : RESCAL : [  4] fit: 0.33960 | delta: 1.2e-04 | secs: 0.04744
INFO : RESCAL : [  5] fit: 0.34008 | delta: 4.8e-04 | secs: 0.04879
INFO : RESCAL : [  6] fit: 0.34051 | delta: 4.3e-04 | secs: 0.04765
INFO : RESCAL : [  7] fit: 0.34086 | delta: 3.5e-04 | secs: 0.04760
INFO : RESCAL : [  8] fit: 0.34114 | delta: 2.9e-04 | secs: 0.04834
INFO : RESCAL : [  9] fit: 0.34136 | delta: 2.2e-04 | secs: 0.04861
INFO : RESCAL : [ 10] fit: 0.34154 | delta: 1.7e-04 | secs: 0.04816
INFO : RESCAL : [ 11] fit: 0.34168 | delta: 1.5e-04 | secs: 0.04959
INFO : RESCAL : [ 12] fit: 0.34182 | delta: 1.4e-04 | secs: 0.04774
INFO : RESCAL : [ 13] fit: 0.34195 | delta: 1.3e-04 | secs: 0.04797
INFO : RESCAL : [ 14] fit: 0.34207 | delta: 1.2e-04 | secs: 0.04807
INFO : RESCAL : [ 15] fit: 0.34218 | delta: 1.1e-04 | secs: 0.04785
INFO : RESCAL : [ 16] fit: 0.34227 | delta: 9.2e-05 | secs: 0.04824
[Fold 9] AUC-PR: 0.928442
[Result] AUC-PR mean:0.919512 | std:0.008600 | time:6.74 s
[CSV]    Ligne écrite dans rescal_results.csv
=== FIN: kinships rank:50 ===
=== DATASET: kinships | rank:90 | lambda_A:5.0 | lambda_R:5.0 ===
[Config] maxIter:100 | conv:1.0e-04 | threads:6
[Data]   nnz:10790 | import_time:0.02 s
INFO : RESCAL : [  0] fit: 0.36421 | delta: 3.6e-01 | secs: 0.06311
INFO : RESCAL : [  1] fit: 0.35707 | delta: 7.1e-03 | secs: 0.06752
INFO : RESCAL : [  2] fit: 0.35064 | delta: 6.4e-03 | secs: 0.07085
INFO : RESCAL : [  3] fit: 0.34803 | delta: 2.6e-03 | secs: 0.07269
INFO : RESCAL : [  4] fit: 0.34699 | delta: 1.0e-03 | secs: 0.07765
INFO : RESCAL : [  5] fit: 0.34657 | delta: 4.3e-04 | secs: 0.06741
INFO : RESCAL : [  6] fit: 0.34638 | delta: 1.9e-04 | secs: 0.06641
INFO : RESCAL : [  7] fit: 0.34629 | delta: 8.8e-05 | secs: 0.06787
[Fold 0] AUC-PR: 0.929034
INFO : RESCAL : [  0] fit: 0.36285 | delta: 3.6e-01 | secs: 0.06341
INFO : RESCAL : [  1] fit: 0.35449 | delta: 8.4e-03 | secs: 0.06367
INFO : RESCAL : [  2] fit: 0.34786 | delta: 6.6e-03 | secs: 0.06590
INFO : RESCAL : [  3] fit: 0.34509 | delta: 2.8e-03 | secs: 0.06334
INFO : RESCAL : [  4] fit: 0.34395 | delta: 1.1e-03 | secs: 0.06284
INFO : RESCAL : [  5] fit: 0.34346 | delta: 4.9e-04 | secs: 0.06360
INFO : RESCAL : [  6] fit: 0.34324 | delta: 2.2e-04 | secs: 0.06615
INFO : RESCAL : [  7] fit: 0.34313 | delta: 1.1e-04 | secs: 0.06320
INFO : RESCAL : [  8] fit: 0.34307 | delta: 6.3e-05 | secs: 0.06356
[Fold 1] AUC-PR: 0.928894
INFO : RESCAL : [  0] fit: 0.36888 | delta: 3.7e-01 | secs: 0.06303
INFO : RESCAL : [  1] fit: 0.35988 | delta: 9.0e-03 | secs: 0.06348
INFO : RESCAL : [  2] fit: 0.35346 | delta: 6.4e-03 | secs: 0.06374
INFO : RESCAL : [  3] fit: 0.35082 | delta: 2.6e-03 | secs: 0.06450
INFO : RESCAL : [  4] fit: 0.34976 | delta: 1.1e-03 | secs: 0.06318
INFO : RESCAL : [  5] fit: 0.34932 | delta: 4.4e-04 | secs: 0.06629
INFO : RESCAL : [  6] fit: 0.34913 | delta: 1.9e-04 | secs: 0.06561
INFO : RESCAL : [  7] fit: 0.34905 | delta: 8.4e-05 | secs: 0.06340
[Fold 2] AUC-PR: 0.930083
INFO : RESCAL : [  0] fit: 0.36152 | delta: 3.6e-01 | secs: 0.06478
INFO : RESCAL : [  1] fit: 0.35389 | delta: 7.6e-03 | secs: 0.06377
INFO : RESCAL : [  2] fit: 0.34770 | delta: 6.2e-03 | secs: 0.06514
INFO : RESCAL : [  3] fit: 0.34513 | delta: 2.6e-03 | secs: 0.06187
INFO : RESCAL : [  4] fit: 0.34409 | delta: 1.0e-03 | secs: 0.06413
INFO : RESCAL : [  5] fit: 0.34365 | delta: 4.4e-04 | secs: 0.06521
INFO : RESCAL : [  6] fit: 0.34346 | delta: 2.0e-04 | secs: 0.06560
INFO : RESCAL : [  7] fit: 0.34336 | delta: 9.4e-05 | secs: 0.06664
[Fold 3] AUC-PR: 0.919552
INFO : RESCAL : [  0] fit: 0.36595 | delta: 3.7e-01 | secs: 0.06270
INFO : RESCAL : [  1] fit: 0.35733 | delta: 8.6e-03 | secs: 0.06549
INFO : RESCAL : [  2] fit: 0.35078 | delta: 6.6e-03 | secs: 0.06482
INFO : RESCAL : [  3] fit: 0.34807 | delta: 2.7e-03 | secs: 0.06593
INFO : RESCAL : [  4] fit: 0.34697 | delta: 1.1e-03 | secs: 0.06561
INFO : RESCAL : [  5] fit: 0.34650 | delta: 4.7e-04 | secs: 0.06274
INFO : RESCAL : [  6] fit: 0.34629 | delta: 2.1e-04 | secs: 0.06290
INFO : RESCAL : [  7] fit: 0.34619 | delta: 1.0e-04 | secs: 0.06516
INFO : RESCAL : [  8] fit: 0.34614 | delta: 5.6e-05 | secs: 0.06348
[Fold 4] AUC-PR: 0.935444
INFO : RESCAL : [  0] fit: 0.36328 | delta: 3.6e-01 | secs: 0.06262
INFO : RESCAL : [  1] fit: 0.35553 | delta: 7.7e-03 | secs: 0.06539
INFO : RESCAL : [  2] fit: 0.34882 | delta: 6.7e-03 | secs: 0.06462
INFO : RESCAL : [  3] fit: 0.34599 | delta: 2.8e-03 | secs: 0.06324
INFO : RESCAL : [  4] fit: 0.34483 | delta: 1.2e-03 | secs: 0.06439
INFO : RESCAL : [  5] fit: 0.34433 | delta: 5.0e-04 | secs: 0.06639
INFO : RESCAL : [  6] fit: 0.34411 | delta: 2.2e-04 | secs: 0.06208
INFO : RESCAL : [  7] fit: 0.34400 | delta: 1.1e-04 | secs: 0.06362
INFO : RESCAL : [  8] fit: 0.34394 | delta: 6.0e-05 | secs: 0.06494
[Fold 5] AUC-PR: 0.931765
INFO : RESCAL : [  0] fit: 0.36479 | delta: 3.6e-01 | secs: 0.06113
INFO : RESCAL : [  1] fit: 0.35663 | delta: 8.2e-03 | secs: 0.06368
INFO : RESCAL : [  2] fit: 0.35024 | delta: 6.4e-03 | secs: 0.06370
INFO : RESCAL : [  3] fit: 0.34755 | delta: 2.7e-03 | secs: 0.06887
INFO : RESCAL : [  4] fit: 0.34645 | delta: 1.1e-03 | secs: 0.06921
INFO : RESCAL : [  5] fit: 0.34598 | delta: 4.7e-04 | secs: 0.07258
INFO : RESCAL : [  6] fit: 0.34577 | delta: 2.1e-04 | secs: 0.07454
INFO : RESCAL : [  7] fit: 0.34567 | delta: 1.0e-04 | secs: 0.07249
INFO : RESCAL : [  8] fit: 0.34562 | delta: 5.3e-05 | secs: 0.07282
[Fold 6] AUC-PR: 0.925943
INFO : RESCAL : [  0] fit: 0.36741 | delta: 3.7e-01 | secs: 0.07363
INFO : RESCAL : [  1] fit: 0.36016 | delta: 7.3e-03 | secs: 0.07754
INFO : RESCAL : [  2] fit: 0.35392 | delta: 6.2e-03 | secs: 0.07022
INFO : RESCAL : [  3] fit: 0.35132 | delta: 2.6e-03 | secs: 0.07116
INFO : RESCAL : [  4] fit: 0.35029 | delta: 1.0e-03 | secs: 0.07129
INFO : RESCAL : [  5] fit: 0.34987 | delta: 4.2e-04 | secs: 0.07279
INFO : RESCAL : [  6] fit: 0.34969 | delta: 1.8e-04 | secs: 0.07181
INFO : RESCAL : [  7] fit: 0.34961 | delta: 8.0e-05 | secs: 0.07080
[Fold 7] AUC-PR: 0.921154
INFO : RESCAL : [  0] fit: 0.36380 | delta: 3.6e-01 | secs: 0.07006
INFO : RESCAL : [  1] fit: 0.35715 | delta: 6.7e-03 | secs: 0.07471
INFO : RESCAL : [  2] fit: 0.35074 | delta: 6.4e-03 | secs: 0.07232
INFO : RESCAL : [  3] fit: 0.34804 | delta: 2.7e-03 | secs: 0.06871
INFO : RESCAL : [  4] fit: 0.34694 | delta: 1.1e-03 | secs: 0.06624
INFO : RESCAL : [  5] fit: 0.34649 | delta: 4.6e-04 | secs: 0.06537
INFO : RESCAL : [  6] fit: 0.34628 | delta: 2.0e-04 | secs: 0.06300
INFO : RESCAL : [  7] fit: 0.34619 | delta: 9.4e-05 | secs: 0.07676
[Fold 8] AUC-PR: 0.926598
INFO : RESCAL : [  0] fit: 0.36502 | delta: 3.7e-01 | secs: 0.06876
INFO : RESCAL : [  1] fit: 0.35767 | delta: 7.3e-03 | secs: 0.06971
INFO : RESCAL : [  2] fit: 0.35107 | delta: 6.6e-03 | secs: 0.07155
INFO : RESCAL : [  3] fit: 0.34834 | delta: 2.7e-03 | secs: 0.06652
INFO : RESCAL : [  4] fit: 0.34723 | delta: 1.1e-03 | secs: 0.06686
INFO : RESCAL : [  5] fit: 0.34676 | delta: 4.7e-04 | secs: 0.06648
INFO : RESCAL : [  6] fit: 0.34655 | delta: 2.1e-04 | secs: 0.06494
INFO : RESCAL : [  7] fit: 0.34644 | delta: 1.0e-04 | secs: 0.06537
INFO : RESCAL : [  8] fit: 0.34638 | delta: 5.8e-05 | secs: 0.06467
[Fold 9] AUC-PR: 0.913156
[Result] AUC-PR mean:0.926162 | std:0.006219 | time:5.58 s
[CSV]    Ligne écrite dans rescal_results.csv
=== FIN: kinships rank:90 ===
=== DATASET: kinships | rank:100 | lambda_A:10.0 | lambda_R:10.0 ===
[Config] maxIter:100 | conv:1.0e-04 | threads:6
[Data]   nnz:10790 | import_time:0.02 s
INFO : RESCAL : [  0] fit: 0.08619 | delta: 8.6e-02 | secs: 0.06101
INFO : RESCAL : [  1] fit: 0.09974 | delta: 1.4e-02 | secs: 0.06419
INFO : RESCAL : [  2] fit: 0.10192 | delta: 2.2e-03 | secs: 0.06529
INFO : RESCAL : [  3] fit: 0.10139 | delta: 5.3e-04 | secs: 0.07020
INFO : RESCAL : [  4] fit: 0.10127 | delta: 1.2e-04 | secs: 0.06690
INFO : RESCAL : [  5] fit: 0.10118 | delta: 9.7e-05 | secs: 0.06876
[Fold 0] AUC-PR: 0.672452
INFO : RESCAL : [  0] fit: 0.08414 | delta: 8.4e-02 | secs: 0.06615
INFO : RESCAL : [  1] fit: 0.09741 | delta: 1.3e-02 | secs: 0.06495
INFO : RESCAL : [  2] fit: 0.09953 | delta: 2.1e-03 | secs: 0.06661
INFO : RESCAL : [  3] fit: 0.09899 | delta: 5.4e-04 | secs: 0.06449
INFO : RESCAL : [  4] fit: 0.09888 | delta: 1.1e-04 | secs: 0.06552
INFO : RESCAL : [  5] fit: 0.09879 | delta: 8.9e-05 | secs: 0.06470
[Fold 1] AUC-PR: 0.669077
INFO : RESCAL : [  0] fit: 0.08765 | delta: 8.8e-02 | secs: 0.06400
INFO : RESCAL : [  1] fit: 0.10021 | delta: 1.3e-02 | secs: 0.06622
INFO : RESCAL : [  2] fit: 0.10273 | delta: 2.5e-03 | secs: 0.06495
INFO : RESCAL : [  3] fit: 0.10213 | delta: 5.9e-04 | secs: 0.06716
INFO : RESCAL : [  4] fit: 0.10200 | delta: 1.4e-04 | secs: 0.06386
INFO : RESCAL : [  5] fit: 0.10189 | delta: 1.1e-04 | secs: 0.06694
INFO : RESCAL : [  6] fit: 0.10180 | delta: 8.6e-05 | secs: 0.06527
[Fold 2] AUC-PR: 0.668847
INFO : RESCAL : [  0] fit: 0.08555 | delta: 8.6e-02 | secs: 0.06629
INFO : RESCAL : [  1] fit: 0.09925 | delta: 1.4e-02 | secs: 0.07242
INFO : RESCAL : [  2] fit: 0.10152 | delta: 2.3e-03 | secs: 0.06592
INFO : RESCAL : [  3] fit: 0.10095 | delta: 5.8e-04 | secs: 0.06673
INFO : RESCAL : [  4] fit: 0.10082 | delta: 1.2e-04 | secs: 0.06427
INFO : RESCAL : [  5] fit: 0.10072 | delta: 9.8e-05 | secs: 0.06584
[Fold 3] AUC-PR: 0.685978
INFO : RESCAL : [  0] fit: 0.08688 | delta: 8.7e-02 | secs: 0.06817
INFO : RESCAL : [  1] fit: 0.09918 | delta: 1.2e-02 | secs: 0.06504
INFO : RESCAL : [  2] fit: 0.10213 | delta: 3.0e-03 | secs: 0.06836
INFO : RESCAL : [  3] fit: 0.10152 | delta: 6.1e-04 | secs: 0.06654
INFO : RESCAL : [  4] fit: 0.10141 | delta: 1.2e-04 | secs: 0.06578
INFO : RESCAL : [  5] fit: 0.10131 | delta: 9.2e-05 | secs: 0.06529
[Fold 4] AUC-PR: 0.657678
INFO : RESCAL : [  0] fit: 0.08320 | delta: 8.3e-02 | secs: 0.06637
INFO : RESCAL : [  1] fit: 0.09825 | delta: 1.5e-02 | secs: 0.06358
INFO : RESCAL : [  2] fit: 0.10086 | delta: 2.6e-03 | secs: 0.06503
INFO : RESCAL : [  3] fit: 0.10026 | delta: 5.9e-04 | secs: 0.06767
INFO : RESCAL : [  4] fit: 0.10014 | delta: 1.3e-04 | secs: 0.06609
INFO : RESCAL : [  5] fit: 0.10004 | delta: 9.7e-05 | secs: 0.06520
[Fold 5] AUC-PR: 0.652213
INFO : RESCAL : [  0] fit: 0.08744 | delta: 8.7e-02 | secs: 0.06289
INFO : RESCAL : [  1] fit: 0.10019 | delta: 1.3e-02 | secs: 0.06520
INFO : RESCAL : [  2] fit: 0.10255 | delta: 2.4e-03 | secs: 0.06658
INFO : RESCAL : [  3] fit: 0.10201 | delta: 5.4e-04 | secs: 0.06675
INFO : RESCAL : [  4] fit: 0.10188 | delta: 1.3e-04 | secs: 0.06583
INFO : RESCAL : [  5] fit: 0.10178 | delta: 1.0e-04 | secs: 0.06541
INFO : RESCAL : [  6] fit: 0.10171 | delta: 7.9e-05 | secs: 0.06579
[Fold 6] AUC-PR: 0.673218
INFO : RESCAL : [  0] fit: 0.08877 | delta: 8.9e-02 | secs: 0.06636
INFO : RESCAL : [  1] fit: 0.10079 | delta: 1.2e-02 | secs: 0.06528
INFO : RESCAL : [  2] fit: 0.10287 | delta: 2.1e-03 | secs: 0.06805
INFO : RESCAL : [  3] fit: 0.10238 | delta: 5.0e-04 | secs: 0.06740
INFO : RESCAL : [  4] fit: 0.10227 | delta: 1.1e-04 | secs: 0.06663
INFO : RESCAL : [  5] fit: 0.10218 | delta: 8.9e-05 | secs: 0.06399
[Fold 7] AUC-PR: 0.649934
INFO : RESCAL : [  0] fit: 0.08825 | delta: 8.8e-02 | secs: 0.06682
INFO : RESCAL : [  1] fit: 0.10172 | delta: 1.3e-02 | secs: 0.06609
INFO : RESCAL : [  2] fit: 0.10425 | delta: 2.5e-03 | secs: 0.06502
INFO : RESCAL : [  3] fit: 0.10369 | delta: 5.6e-04 | secs: 0.06656
INFO : RESCAL : [  4] fit: 0.10355 | delta: 1.4e-04 | secs: 0.06539
INFO : RESCAL : [  5] fit: 0.10344 | delta: 1.1e-04 | secs: 0.06704
INFO : RESCAL : [  6] fit: 0.10335 | delta: 8.8e-05 | secs: 0.07121
[Fold 8] AUC-PR: 0.642476
INFO : RESCAL : [  0] fit: 0.08545 | delta: 8.5e-02 | secs: 0.07815
INFO : RESCAL : [  1] fit: 0.09970 | delta: 1.4e-02 | secs: 0.07819
INFO : RESCAL : [  2] fit: 0.10241 | delta: 2.7e-03 | secs: 0.08487
INFO : RESCAL : [  3] fit: 0.10181 | delta: 5.9e-04 | secs: 0.08639
INFO : RESCAL : [  4] fit: 0.10169 | delta: 1.2e-04 | secs: 0.10204
INFO : RESCAL : [  5] fit: 0.10159 | delta: 9.7e-05 | secs: 0.08293
[Fold 9] AUC-PR: 0.651957
[Result] AUC-PR mean:0.662383 | std:0.012836 | time:4.51 s
[CSV]    Ligne écrite dans rescal_results.csv
=== FIN: kinships rank:100 ===
=== DATASET: umls | rank:50 | lambda_A:5.0 | lambda_R:5.0 ===
[Config] maxIter:100 | conv:1.0e-04 | threads:6
[Data]   nnz:5216 | import_time:0.07 s
INFO : RESCAL : [  0] fit: 0.21416 | delta: 2.1e-01 | secs: 0.09052
INFO : RESCAL : [  1] fit: 0.24595 | delta: 3.2e-02 | secs: 0.09044
INFO : RESCAL : [  2] fit: 0.24460 | delta: 1.4e-03 | secs: 0.09311
INFO : RESCAL : [  3] fit: 0.24274 | delta: 1.9e-03 | secs: 0.09375
INFO : RESCAL : [  4] fit: 0.24194 | delta: 8.0e-04 | secs: 0.09734
INFO : RESCAL : [  5] fit: 0.24171 | delta: 2.3e-04 | secs: 0.09482
INFO : RESCAL : [  6] fit: 0.24165 | delta: 6.1e-05 | secs: 0.09312
[Fold 0] AUC-PR: 0.342031
INFO : RESCAL : [  0] fit: 0.21275 | delta: 2.1e-01 | secs: 0.08326
INFO : RESCAL : [  1] fit: 0.24263 | delta: 3.0e-02 | secs: 0.08857
INFO : RESCAL : [  2] fit: 0.24131 | delta: 1.3e-03 | secs: 0.08989
INFO : RESCAL : [  3] fit: 0.24036 | delta: 9.5e-04 | secs: 0.09069
INFO : RESCAL : [  4] fit: 0.24003 | delta: 3.3e-04 | secs: 0.09369
INFO : RESCAL : [  5] fit: 0.24003 | delta: 3.4e-07 | secs: 0.09138
[Fold 1] AUC-PR: 0.335034
INFO : RESCAL : [  0] fit: 0.21290 | delta: 2.1e-01 | secs: 0.08507
INFO : RESCAL : [  1] fit: 0.24311 | delta: 3.0e-02 | secs: 0.08602
INFO : RESCAL : [  2] fit: 0.24244 | delta: 6.7e-04 | secs: 0.08564
INFO : RESCAL : [  3] fit: 0.24104 | delta: 1.4e-03 | secs: 0.08581
INFO : RESCAL : [  4] fit: 0.24043 | delta: 6.2e-04 | secs: 0.08697
INFO : RESCAL : [  5] fit: 0.24026 | delta: 1.7e-04 | secs: 0.08519
INFO : RESCAL : [  6] fit: 0.24023 | delta: 2.8e-05 | secs: 0.08611
[Fold 2] AUC-PR: 0.340063
INFO : RESCAL : [  0] fit: 0.22205 | delta: 2.2e-01 | secs: 0.08233
INFO : RESCAL : [  1] fit: 0.24898 | delta: 2.7e-02 | secs: 0.08412
INFO : RESCAL : [  2] fit: 0.24739 | delta: 1.6e-03 | secs: 0.08564
INFO : RESCAL : [  3] fit: 0.24651 | delta: 8.8e-04 | secs: 0.08672
INFO : RESCAL : [  4] fit: 0.24590 | delta: 6.1e-04 | secs: 0.08468
INFO : RESCAL : [  5] fit: 0.24565 | delta: 2.5e-04 | secs: 0.08625
INFO : RESCAL : [  6] fit: 0.24554 | delta: 1.0e-04 | secs: 0.08571
INFO : RESCAL : [  7] fit: 0.24550 | delta: 3.9e-05 | secs: 0.08584
[Fold 3] AUC-PR: 0.301437
INFO : RESCAL : [  0] fit: 0.21635 | delta: 2.2e-01 | secs: 0.08533
INFO : RESCAL : [  1] fit: 0.24785 | delta: 3.2e-02 | secs: 0.08355
INFO : RESCAL : [  2] fit: 0.24695 | delta: 9.0e-04 | secs: 0.08674
INFO : RESCAL : [  3] fit: 0.24568 | delta: 1.3e-03 | secs: 0.08486
INFO : RESCAL : [  4] fit: 0.24510 | delta: 5.8e-04 | secs: 0.08492
INFO : RESCAL : [  5] fit: 0.24504 | delta: 6.0e-05 | secs: 0.08532
[Fold 4] AUC-PR: 0.328029
INFO : RESCAL : [  0] fit: 0.20453 | delta: 2.0e-01 | secs: 0.08241
INFO : RESCAL : [  1] fit: 0.24555 | delta: 4.1e-02 | secs: 0.08494
INFO : RESCAL : [  2] fit: 0.24417 | delta: 1.4e-03 | secs: 0.08603
INFO : RESCAL : [  3] fit: 0.24260 | delta: 1.6e-03 | secs: 0.08579
INFO : RESCAL : [  4] fit: 0.24187 | delta: 7.4e-04 | secs: 0.08367
INFO : RESCAL : [  5] fit: 0.24173 | delta: 1.4e-04 | secs: 0.08434
INFO : RESCAL : [  6] fit: 0.24181 | delta: 7.4e-05 | secs: 0.08967
[Fold 5] AUC-PR: 0.371576
INFO : RESCAL : [  0] fit: 0.20657 | delta: 2.1e-01 | secs: 0.08245
INFO : RESCAL : [  1] fit: 0.24112 | delta: 3.5e-02 | secs: 0.08358
INFO : RESCAL : [  2] fit: 0.24074 | delta: 3.8e-04 | secs: 0.08444
INFO : RESCAL : [  3] fit: 0.23951 | delta: 1.2e-03 | secs: 0.08476
INFO : RESCAL : [  4] fit: 0.23907 | delta: 4.4e-04 | secs: 0.08752
INFO : RESCAL : [  5] fit: 0.23900 | delta: 6.9e-05 | secs: 0.08660
[Fold 6] AUC-PR: 0.336987
INFO : RESCAL : [  0] fit: 0.20784 | delta: 2.1e-01 | secs: 0.08573
INFO : RESCAL : [  1] fit: 0.24438 | delta: 3.7e-02 | secs: 0.08716
INFO : RESCAL : [  2] fit: 0.24396 | delta: 4.2e-04 | secs: 0.09796
INFO : RESCAL : [  3] fit: 0.24289 | delta: 1.1e-03 | secs: 0.10429
INFO : RESCAL : [  4] fit: 0.24254 | delta: 3.5e-04 | secs: 0.08829
INFO : RESCAL : [  5] fit: 0.24254 | delta: 4.7e-06 | secs: 0.08675
[Fold 7] AUC-PR: 0.308141
INFO : RESCAL : [  0] fit: 0.20994 | delta: 2.1e-01 | secs: 0.08398
INFO : RESCAL : [  1] fit: 0.24200 | delta: 3.2e-02 | secs: 0.08363
INFO : RESCAL : [  2] fit: 0.24230 | delta: 2.9e-04 | secs: 0.08550
INFO : RESCAL : [  3] fit: 0.24119 | delta: 1.1e-03 | secs: 0.08557
INFO : RESCAL : [  4] fit: 0.24082 | delta: 3.7e-04 | secs: 0.08399
INFO : RESCAL : [  5] fit: 0.24069 | delta: 1.3e-04 | secs: 0.08427
INFO : RESCAL : [  6] fit: 0.24060 | delta: 8.5e-05 | secs: 0.08310
[Fold 8] AUC-PR: 0.305947
INFO : RESCAL : [  0] fit: 0.21937 | delta: 2.2e-01 | secs: 0.08407
INFO : RESCAL : [  1] fit: 0.24796 | delta: 2.9e-02 | secs: 0.09065
INFO : RESCAL : [  2] fit: 0.24721 | delta: 7.5e-04 | secs: 0.08991
INFO : RESCAL : [  3] fit: 0.24550 | delta: 1.7e-03 | secs: 0.09262
INFO : RESCAL : [  4] fit: 0.24485 | delta: 6.5e-04 | secs: 0.09497
INFO : RESCAL : [  5] fit: 0.24469 | delta: 1.6e-04 | secs: 0.09463
INFO : RESCAL : [  6] fit: 0.24466 | delta: 2.9e-05 | secs: 0.09257
[Fold 9] AUC-PR: 0.354611
[Result] AUC-PR mean:0.332385 | std:0.021151 | time:6.53 s
[CSV]    Ligne écrite dans rescal_results.csv
=== FIN: umls rank:50 ===
=== DATASET: umls | rank:90 | lambda_A:5.0 | lambda_R:5.0 ===
[Config] maxIter:100 | conv:1.0e-04 | threads:6
[Data]   nnz:5216 | import_time:0.06 s
INFO : RESCAL : [  0] fit: 0.23724 | delta: 2.4e-01 | secs: 0.11974
INFO : RESCAL : [  1] fit: 0.24686 | delta: 9.6e-03 | secs: 0.12590
INFO : RESCAL : [  2] fit: 0.24242 | delta: 4.4e-03 | secs: 0.12550
INFO : RESCAL : [  3] fit: 0.24023 | delta: 2.2e-03 | secs: 0.12194
INFO : RESCAL : [  4] fit: 0.23936 | delta: 8.7e-04 | secs: 0.11031
INFO : RESCAL : [  5] fit: 0.23900 | delta: 3.6e-04 | secs: 0.11223
INFO : RESCAL : [  6] fit: 0.23885 | delta: 1.5e-04 | secs: 0.12441
INFO : RESCAL : [  7] fit: 0.23878 | delta: 7.1e-05 | secs: 0.13011
[Fold 0] AUC-PR: 0.322717
INFO : RESCAL : [  0] fit: 0.25012 | delta: 2.5e-01 | secs: 0.11121
INFO : RESCAL : [  1] fit: 0.25620 | delta: 6.1e-03 | secs: 0.10808
INFO : RESCAL : [  2] fit: 0.25123 | delta: 5.0e-03 | secs: 0.11077
INFO : RESCAL : [  3] fit: 0.24892 | delta: 2.3e-03 | secs: 0.10944
INFO : RESCAL : [  4] fit: 0.24795 | delta: 9.7e-04 | secs: 0.10992
INFO : RESCAL : [  5] fit: 0.24753 | delta: 4.2e-04 | secs: 0.10811
INFO : RESCAL : [  6] fit: 0.24734 | delta: 1.9e-04 | secs: 0.11281
INFO : RESCAL : [  7] fit: 0.24725 | delta: 8.8e-05 | secs: 0.10866
[Fold 1] AUC-PR: 0.335551
INFO : RESCAL : [  0] fit: 0.24620 | delta: 2.5e-01 | secs: 0.10657
INFO : RESCAL : [  1] fit: 0.25307 | delta: 6.9e-03 | secs: 0.10940
INFO : RESCAL : [  2] fit: 0.24805 | delta: 5.0e-03 | secs: 0.11170
INFO : RESCAL : [  3] fit: 0.24571 | delta: 2.3e-03 | secs: 0.11064
INFO : RESCAL : [  4] fit: 0.24473 | delta: 9.8e-04 | secs: 0.11139
INFO : RESCAL : [  5] fit: 0.24431 | delta: 4.2e-04 | secs: 0.11152
INFO : RESCAL : [  6] fit: 0.24412 | delta: 1.9e-04 | secs: 0.11314
INFO : RESCAL : [  7] fit: 0.24403 | delta: 8.8e-05 | secs: 0.11037
[Fold 2] AUC-PR: 0.356999
INFO : RESCAL : [  0] fit: 0.24170 | delta: 2.4e-01 | secs: 0.10816
INFO : RESCAL : [  1] fit: 0.25219 | delta: 1.0e-02 | secs: 0.10704
INFO : RESCAL : [  2] fit: 0.24787 | delta: 4.3e-03 | secs: 0.11052
INFO : RESCAL : [  3] fit: 0.24558 | delta: 2.3e-03 | secs: 0.11268
INFO : RESCAL : [  4] fit: 0.24464 | delta: 9.5e-04 | secs: 0.10805
INFO : RESCAL : [  5] fit: 0.24424 | delta: 4.0e-04 | secs: 0.11101
INFO : RESCAL : [  6] fit: 0.24407 | delta: 1.7e-04 | secs: 0.11063
INFO : RESCAL : [  7] fit: 0.24399 | delta: 7.8e-05 | secs: 0.11199
[Fold 3] AUC-PR: 0.358965
INFO : RESCAL : [  0] fit: 0.23705 | delta: 2.4e-01 | secs: 0.10478
INFO : RESCAL : [  1] fit: 0.24688 | delta: 9.8e-03 | secs: 0.10688
INFO : RESCAL : [  2] fit: 0.24200 | delta: 4.9e-03 | secs: 0.11197
INFO : RESCAL : [  3] fit: 0.23970 | delta: 2.3e-03 | secs: 0.11201
INFO : RESCAL : [  4] fit: 0.23876 | delta: 9.3e-04 | secs: 0.11330
INFO : RESCAL : [  5] fit: 0.23837 | delta: 3.9e-04 | secs: 0.11078
INFO : RESCAL : [  6] fit: 0.23820 | delta: 1.7e-04 | secs: 0.11244
INFO : RESCAL : [  7] fit: 0.23812 | delta: 7.8e-05 | secs: 0.10922
[Fold 4] AUC-PR: 0.345821
INFO : RESCAL : [  0] fit: 0.24343 | delta: 2.4e-01 | secs: 0.10786
INFO : RESCAL : [  1] fit: 0.25071 | delta: 7.3e-03 | secs: 0.10990
INFO : RESCAL : [  2] fit: 0.24639 | delta: 4.3e-03 | secs: 0.11306
INFO : RESCAL : [  3] fit: 0.24436 | delta: 2.0e-03 | secs: 0.10949
INFO : RESCAL : [  4] fit: 0.24352 | delta: 8.4e-04 | secs: 0.11295
INFO : RESCAL : [  5] fit: 0.24316 | delta: 3.6e-04 | secs: 0.12188
INFO : RESCAL : [  6] fit: 0.24300 | delta: 1.6e-04 | secs: 0.12506
INFO : RESCAL : [  7] fit: 0.24293 | delta: 7.6e-05 | secs: 0.13292
[Fold 5] AUC-PR: 0.325264
INFO : RESCAL : [  0] fit: 0.23977 | delta: 2.4e-01 | secs: 0.12538
INFO : RESCAL : [  1] fit: 0.25018 | delta: 1.0e-02 | secs: 0.12405
INFO : RESCAL : [  2] fit: 0.24601 | delta: 4.2e-03 | secs: 0.12791
INFO : RESCAL : [  3] fit: 0.24389 | delta: 2.1e-03 | secs: 0.12979
INFO : RESCAL : [  4] fit: 0.24304 | delta: 8.6e-04 | secs: 0.12853
INFO : RESCAL : [  5] fit: 0.24268 | delta: 3.5e-04 | secs: 0.13176
INFO : RESCAL : [  6] fit: 0.24253 | delta: 1.5e-04 | secs: 0.12065
INFO : RESCAL : [  7] fit: 0.24246 | delta: 7.1e-05 | secs: 0.11741
[Fold 6] AUC-PR: 0.323328
INFO : RESCAL : [  0] fit: 0.23953 | delta: 2.4e-01 | secs: 0.11212
INFO : RESCAL : [  1] fit: 0.24934 | delta: 9.8e-03 | secs: 0.12205
INFO : RESCAL : [  2] fit: 0.24499 | delta: 4.3e-03 | secs: 0.12703
INFO : RESCAL : [  3] fit: 0.24293 | delta: 2.1e-03 | secs: 0.11331
INFO : RESCAL : [  4] fit: 0.24205 | delta: 8.8e-04 | secs: 0.11207
INFO : RESCAL : [  5] fit: 0.24168 | delta: 3.7e-04 | secs: 0.11003
INFO : RESCAL : [  6] fit: 0.24152 | delta: 1.6e-04 | secs: 0.10848
INFO : RESCAL : [  7] fit: 0.24144 | delta: 7.4e-05 | secs: 0.11343
[Fold 7] AUC-PR: 0.342397
INFO : RESCAL : [  0] fit: 0.24782 | delta: 2.5e-01 | secs: 0.11015
INFO : RESCAL : [  1] fit: 0.25619 | delta: 8.4e-03 | secs: 0.11112
INFO : RESCAL : [  2] fit: 0.25093 | delta: 5.3e-03 | secs: 0.10907
INFO : RESCAL : [  3] fit: 0.24851 | delta: 2.4e-03 | secs: 0.11187
INFO : RESCAL : [  4] fit: 0.24748 | delta: 1.0e-03 | secs: 0.12208
INFO : RESCAL : [  5] fit: 0.24704 | delta: 4.4e-04 | secs: 0.11139
INFO : RESCAL : [  6] fit: 0.24684 | delta: 2.0e-04 | secs: 0.10963
INFO : RESCAL : [  7] fit: 0.24675 | delta: 9.0e-05 | secs: 0.11110
[Fold 8] AUC-PR: 0.291122
INFO : RESCAL : [  0] fit: 0.24263 | delta: 2.4e-01 | secs: 0.10836
INFO : RESCAL : [  1] fit: 0.24892 | delta: 6.3e-03 | secs: 0.11033
INFO : RESCAL : [  2] fit: 0.24396 | delta: 5.0e-03 | secs: 0.10730
INFO : RESCAL : [  3] fit: 0.24164 | delta: 2.3e-03 | secs: 0.11102
INFO : RESCAL : [  4] fit: 0.24066 | delta: 9.8e-04 | secs: 0.11025
INFO : RESCAL : [  5] fit: 0.24024 | delta: 4.2e-04 | secs: 0.11398
INFO : RESCAL : [  6] fit: 0.24006 | delta: 1.9e-04 | secs: 0.10889
INFO : RESCAL : [  7] fit: 0.23997 | delta: 8.7e-05 | secs: 0.11222
[Fold 9] AUC-PR: 0.354194
[Result] AUC-PR mean:0.335636 | std:0.019753 | time:9.79 s
[CSV]    Ligne écrite dans rescal_results.csv
=== FIN: umls rank:90 ===
=== DATASET: umls | rank:100 | lambda_A:10.0 | lambda_R:10.0 ===
[Config] maxIter:100 | conv:1.0e-04 | threads:6
[Data]   nnz:5216 | import_time:0.05 s
INFO : RESCAL : [  0] fit: 0.04700 | delta: 4.7e-02 | secs: 0.10335
INFO : RESCAL : [  1] fit: 0.05604 | delta: 9.0e-03 | secs: 0.11863
INFO : RESCAL : [  2] fit: 0.05610 | delta: 5.9e-05 | secs: 0.12590
[Fold 0] AUC-PR: 0.128097
INFO : RESCAL : [  0] fit: 0.04958 | delta: 5.0e-02 | secs: 0.11444
INFO : RESCAL : [  1] fit: 0.05682 | delta: 7.2e-03 | secs: 0.10703
INFO : RESCAL : [  2] fit: 0.05692 | delta: 1.0e-04 | secs: 0.10893
INFO : RESCAL : [  3] fit: 0.05678 | delta: 1.4e-04 | secs: 0.10929
INFO : RESCAL : [  4] fit: 0.05651 | delta: 2.7e-04 | secs: 0.10945
INFO : RESCAL : [  5] fit: 0.05630 | delta: 2.1e-04 | secs: 0.10455
INFO : RESCAL : [  6] fit: 0.05611 | delta: 1.9e-04 | secs: 0.10429
INFO : RESCAL : [  7] fit: 0.05594 | delta: 1.6e-04 | secs: 0.11972
INFO : RESCAL : [  8] fit: 0.05581 | delta: 1.4e-04 | secs: 0.10947
INFO : RESCAL : [  9] fit: 0.05569 | delta: 1.2e-04 | secs: 0.10840
INFO : RESCAL : [ 10] fit: 0.05559 | delta: 1.0e-04 | secs: 0.11153
INFO : RESCAL : [ 11] fit: 0.05550 | delta: 8.6e-05 | secs: 0.13343
[Fold 1] AUC-PR: 0.070461
INFO : RESCAL : [  0] fit: 0.04637 | delta: 4.6e-02 | secs: 0.13153
INFO : RESCAL : [  1] fit: 0.05485 | delta: 8.5e-03 | secs: 0.13886
INFO : RESCAL : [  2] fit: 0.05482 | delta: 3.1e-05 | secs: 0.14471
[Fold 2] AUC-PR: 0.160827
INFO : RESCAL : [  0] fit: 0.04739 | delta: 4.7e-02 | secs: 0.13026
INFO : RESCAL : [  1] fit: 0.05405 | delta: 6.7e-03 | secs: 0.13128
INFO : RESCAL : [  2] fit: 0.05431 | delta: 2.6e-04 | secs: 0.13750
INFO : RESCAL : [  3] fit: 0.05413 | delta: 1.8e-04 | secs: 0.12252
INFO : RESCAL : [  4] fit: 0.05385 | delta: 2.8e-04 | secs: 0.11159
INFO : RESCAL : [  5] fit: 0.05364 | delta: 2.1e-04 | secs: 0.12529
INFO : RESCAL : [  6] fit: 0.05346 | delta: 1.8e-04 | secs: 0.15121
INFO : RESCAL : [  7] fit: 0.05331 | delta: 1.5e-04 | secs: 0.13173
INFO : RESCAL : [  8] fit: 0.05319 | delta: 1.2e-04 | secs: 0.11610
INFO : RESCAL : [  9] fit: 0.05309 | delta: 1.0e-04 | secs: 0.10731
INFO : RESCAL : [ 10] fit: 0.05300 | delta: 8.6e-05 | secs: 0.10758
[Fold 3] AUC-PR: 0.072892
INFO : RESCAL : [  0] fit: 0.04544 | delta: 4.5e-02 | secs: 0.10978
INFO : RESCAL : [  1] fit: 0.05237 | delta: 6.9e-03 | secs: 0.10572
INFO : RESCAL : [  2] fit: 0.05265 | delta: 2.8e-04 | secs: 0.12668
INFO : RESCAL : [  3] fit: 0.05244 | delta: 2.1e-04 | secs: 0.14153
INFO : RESCAL : [  4] fit: 0.05213 | delta: 3.1e-04 | secs: 0.11802
INFO : RESCAL : [  5] fit: 0.05189 | delta: 2.4e-04 | secs: 0.11136
INFO : RESCAL : [  6] fit: 0.05168 | delta: 2.1e-04 | secs: 0.10495
INFO : RESCAL : [  7] fit: 0.05150 | delta: 1.8e-04 | secs: 0.10510
INFO : RESCAL : [  8] fit: 0.05135 | delta: 1.5e-04 | secs: 0.10895
INFO : RESCAL : [  9] fit: 0.05122 | delta: 1.3e-04 | secs: 0.10766
INFO : RESCAL : [ 10] fit: 0.05111 | delta: 1.1e-04 | secs: 0.10661
INFO : RESCAL : [ 11] fit: 0.05102 | delta: 9.3e-05 | secs: 0.10854
[Fold 4] AUC-PR: 0.076923
INFO : RESCAL : [  0] fit: 0.04860 | delta: 4.9e-02 | secs: 0.10692
INFO : RESCAL : [  1] fit: 0.05591 | delta: 7.3e-03 | secs: 0.10598
INFO : RESCAL : [  2] fit: 0.05606 | delta: 1.5e-04 | secs: 0.10656
INFO : RESCAL : [  3] fit: 0.05583 | delta: 2.2e-04 | secs: 0.11051
INFO : RESCAL : [  4] fit: 0.05550 | delta: 3.3e-04 | secs: 0.10973
INFO : RESCAL : [  5] fit: 0.05524 | delta: 2.6e-04 | secs: 0.10572
INFO : RESCAL : [  6] fit: 0.05501 | delta: 2.3e-04 | secs: 0.10770
INFO : RESCAL : [  7] fit: 0.05481 | delta: 2.0e-04 | secs: 0.10829
INFO : RESCAL : [  8] fit: 0.05464 | delta: 1.7e-04 | secs: 0.11059
INFO : RESCAL : [  9] fit: 0.05450 | delta: 1.5e-04 | secs: 0.10764
INFO : RESCAL : [ 10] fit: 0.05437 | delta: 1.3e-04 | secs: 0.10979
INFO : RESCAL : [ 11] fit: 0.05426 | delta: 1.1e-04 | secs: 0.10773
INFO : RESCAL : [ 12] fit: 0.05417 | delta: 9.5e-05 | secs: 0.11113
[Fold 5] AUC-PR: 0.075441
INFO : RESCAL : [  0] fit: 0.04654 | delta: 4.7e-02 | secs: 0.11117
INFO : RESCAL : [  1] fit: 0.05359 | delta: 7.1e-03 | secs: 0.10693
INFO : RESCAL : [  2] fit: 0.05398 | delta: 3.9e-04 | secs: 0.10770
INFO : RESCAL : [  3] fit: 0.05383 | delta: 1.5e-04 | secs: 0.10789
INFO : RESCAL : [  4] fit: 0.05354 | delta: 2.9e-04 | secs: 0.10993
INFO : RESCAL : [  5] fit: 0.05331 | delta: 2.3e-04 | secs: 0.10917
INFO : RESCAL : [  6] fit: 0.05311 | delta: 2.0e-04 | secs: 0.12649
INFO : RESCAL : [  7] fit: 0.05293 | delta: 1.7e-04 | secs: 0.13692
INFO : RESCAL : [  8] fit: 0.05278 | delta: 1.5e-04 | secs: 0.13216
INFO : RESCAL : [  9] fit: 0.05265 | delta: 1.3e-04 | secs: 0.14267
INFO : RESCAL : [ 10] fit: 0.05254 | delta: 1.1e-04 | secs: 0.13492
INFO : RESCAL : [ 11] fit: 0.05245 | delta: 9.6e-05 | secs: 0.13097
[Fold 6] AUC-PR: 0.080747
INFO : RESCAL : [  0] fit: 0.04592 | delta: 4.6e-02 | secs: 0.13076
INFO : RESCAL : [  1] fit: 0.05222 | delta: 6.3e-03 | secs: 0.14204
INFO : RESCAL : [  2] fit: 0.05264 | delta: 4.3e-04 | secs: 0.13554
INFO : RESCAL : [  3] fit: 0.05246 | delta: 1.9e-04 | secs: 0.11348
INFO : RESCAL : [  4] fit: 0.05216 | delta: 2.9e-04 | secs: 0.10759
INFO : RESCAL : [  5] fit: 0.05194 | delta: 2.3e-04 | secs: 0.12348
INFO : RESCAL : [  6] fit: 0.05174 | delta: 2.0e-04 | secs: 0.13495
INFO : RESCAL : [  7] fit: 0.05158 | delta: 1.6e-04 | secs: 0.12613
INFO : RESCAL : [  8] fit: 0.05144 | delta: 1.4e-04 | secs: 0.11687
INFO : RESCAL : [  9] fit: 0.05132 | delta: 1.2e-04 | secs: 0.11838
INFO : RESCAL : [ 10] fit: 0.05122 | delta: 9.7e-05 | secs: 0.10329
[Fold 7] AUC-PR: 0.070959
INFO : RESCAL : [  0] fit: 0.04636 | delta: 4.6e-02 | secs: 0.10809
INFO : RESCAL : [  1] fit: 0.05433 | delta: 8.0e-03 | secs: 0.10470
INFO : RESCAL : [  2] fit: 0.05428 | delta: 5.0e-05 | secs: 0.10661
[Fold 8] AUC-PR: 0.133962
INFO : RESCAL : [  0] fit: 0.04921 | delta: 4.9e-02 | secs: 0.11031
INFO : RESCAL : [  1] fit: 0.05595 | delta: 6.7e-03 | secs: 0.10818
INFO : RESCAL : [  2] fit: 0.05632 | delta: 3.7e-04 | secs: 0.10932
INFO : RESCAL : [  3] fit: 0.05613 | delta: 1.9e-04 | secs: 0.11170
INFO : RESCAL : [  4] fit: 0.05585 | delta: 2.9e-04 | secs: 0.11118
INFO : RESCAL : [  5] fit: 0.05563 | delta: 2.2e-04 | secs: 0.10583
INFO : RESCAL : [  6] fit: 0.05543 | delta: 1.9e-04 | secs: 0.10902
INFO : RESCAL : [  7] fit: 0.05527 | delta: 1.7e-04 | secs: 0.10827
INFO : RESCAL : [  8] fit: 0.05513 | delta: 1.4e-04 | secs: 0.11541
INFO : RESCAL : [  9] fit: 0.05500 | delta: 1.2e-04 | secs: 0.10693
INFO : RESCAL : [ 10] fit: 0.05490 | delta: 1.1e-04 | secs: 0.10747
INFO : RESCAL : [ 11] fit: 0.05480 | delta: 9.3e-05 | secs: 0.10576
[Fold 9] AUC-PR: 0.080353
[Result] AUC-PR mean:0.095066 | std:0.031213 | time:12.23 s
[CSV]    Ligne écrite dans rescal_results.csv
=== FIN: umls rank:100 ===
=== DATASET: nations | rank:50 | lambda_A:5.0 | lambda_R:5.0 ===
[Config] maxIter:100 | conv:1.0e-04 | threads:6
[Data]   nnz:1592 | import_time:0.00 s
INFO : RESCAL : [  0] fit: 0.27286 | delta: 2.7e-01 | secs: 0.09419
INFO : RESCAL : [  1] fit: 0.27461 | delta: 1.8e-03 | secs: 0.08808
INFO : RESCAL : [  2] fit: 0.27596 | delta: 1.3e-03 | secs: 0.08809
INFO : RESCAL : [  3] fit: 0.27640 | delta: 4.4e-04 | secs: 0.08642
INFO : RESCAL : [  4] fit: 0.27657 | delta: 1.7e-04 | secs: 0.08876
INFO : RESCAL : [  5] fit: 0.27664 | delta: 7.6e-05 | secs: 0.08877
[Fold 0] AUC-PR: 0.434078
INFO : RESCAL : [  0] fit: 0.26876 | delta: 2.7e-01 | secs: 0.08751
INFO : RESCAL : [  1] fit: 0.27566 | delta: 6.9e-03 | secs: 0.08920
INFO : RESCAL : [  2] fit: 0.27760 | delta: 1.9e-03 | secs: 0.08995
INFO : RESCAL : [  3] fit: 0.27815 | delta: 5.5e-04 | secs: 0.08703
INFO : RESCAL : [  4] fit: 0.27832 | delta: 1.6e-04 | secs: 0.08687
INFO : RESCAL : [  5] fit: 0.27837 | delta: 5.2e-05 | secs: 0.08675
[Fold 1] AUC-PR: 0.431010
INFO : RESCAL : [  0] fit: 0.26908 | delta: 2.7e-01 | secs: 0.08534
INFO : RESCAL : [  1] fit: 0.27626 | delta: 7.2e-03 | secs: 0.08833
INFO : RESCAL : [  2] fit: 0.27860 | delta: 2.3e-03 | secs: 0.08913
INFO : RESCAL : [  3] fit: 0.27933 | delta: 7.2e-04 | secs: 0.08669
INFO : RESCAL : [  4] fit: 0.27958 | delta: 2.5e-04 | secs: 0.08811
INFO : RESCAL : [  5] fit: 0.27967 | delta: 9.8e-05 | secs: 0.08785
[Fold 2] AUC-PR: 0.425550
INFO : RESCAL : [  0] fit: 0.26469 | delta: 2.6e-01 | secs: 0.08589
INFO : RESCAL : [  1] fit: 0.27406 | delta: 9.4e-03 | secs: 0.08682
INFO : RESCAL : [  2] fit: 0.27684 | delta: 2.8e-03 | secs: 0.08874
INFO : RESCAL : [  3] fit: 0.27760 | delta: 7.6e-04 | secs: 0.09198
INFO : RESCAL : [  4] fit: 0.27781 | delta: 2.1e-04 | secs: 0.10183
INFO : RESCAL : [  5] fit: 0.27786 | delta: 5.2e-05 | secs: 0.09532
[Fold 3] AUC-PR: 0.391147
INFO : RESCAL : [  0] fit: 0.26170 | delta: 2.6e-01 | secs: 0.11335
INFO : RESCAL : [  1] fit: 0.27069 | delta: 9.0e-03 | secs: 0.09583
INFO : RESCAL : [  2] fit: 0.27319 | delta: 2.5e-03 | secs: 0.09417
INFO : RESCAL : [  3] fit: 0.27400 | delta: 8.0e-04 | secs: 0.09358
INFO : RESCAL : [  4] fit: 0.27428 | delta: 2.8e-04 | secs: 0.09474
INFO : RESCAL : [  5] fit: 0.27439 | delta: 1.1e-04 | secs: 0.10096
INFO : RESCAL : [  6] fit: 0.27445 | delta: 5.4e-05 | secs: 0.09874
[Fold 4] AUC-PR: 0.506090
INFO : RESCAL : [  0] fit: 0.26610 | delta: 2.7e-01 | secs: 0.09452
INFO : RESCAL : [  1] fit: 0.27492 | delta: 8.8e-03 | secs: 0.09522
INFO : RESCAL : [  2] fit: 0.27703 | delta: 2.1e-03 | secs: 0.09721
INFO : RESCAL : [  3] fit: 0.27765 | delta: 6.3e-04 | secs: 0.09540
INFO : RESCAL : [  4] fit: 0.27785 | delta: 2.0e-04 | secs: 0.09649
INFO : RESCAL : [  5] fit: 0.27793 | delta: 7.2e-05 | secs: 0.09774
[Fold 5] AUC-PR: 0.448994
INFO : RESCAL : [  0] fit: 0.26316 | delta: 2.6e-01 | secs: 0.09207
INFO : RESCAL : [  1] fit: 0.26948 | delta: 6.3e-03 | secs: 0.08832
INFO : RESCAL : [  2] fit: 0.27150 | delta: 2.0e-03 | secs: 0.08806
INFO : RESCAL : [  3] fit: 0.27210 | delta: 6.0e-04 | secs: 0.08836
INFO : RESCAL : [  4] fit: 0.27230 | delta: 1.9e-04 | secs: 0.08822
INFO : RESCAL : [  5] fit: 0.27237 | delta: 7.1e-05 | secs: 0.08686
[Fold 6] AUC-PR: 0.473792
INFO : RESCAL : [  0] fit: 0.25721 | delta: 2.6e-01 | secs: 0.08767
INFO : RESCAL : [  1] fit: 0.26548 | delta: 8.3e-03 | secs: 0.08688
INFO : RESCAL : [  2] fit: 0.26757 | delta: 2.1e-03 | secs: 0.08865
INFO : RESCAL : [  3] fit: 0.26821 | delta: 6.4e-04 | secs: 0.08891
INFO : RESCAL : [  4] fit: 0.26844 | delta: 2.3e-04 | secs: 0.08822
INFO : RESCAL : [  5] fit: 0.26853 | delta: 9.7e-05 | secs: 0.08795
[Fold 7] AUC-PR: 0.495429
INFO : RESCAL : [  0] fit: 0.27079 | delta: 2.7e-01 | secs: 0.08901
INFO : RESCAL : [  1] fit: 0.27553 | delta: 4.7e-03 | secs: 0.08813
INFO : RESCAL : [  2] fit: 0.27694 | delta: 1.4e-03 | secs: 0.08806
INFO : RESCAL : [  3] fit: 0.27733 | delta: 3.9e-04 | secs: 0.08709
INFO : RESCAL : [  4] fit: 0.27743 | delta: 1.0e-04 | secs: 0.08877
INFO : RESCAL : [  5] fit: 0.27745 | delta: 2.0e-05 | secs: 0.08575
[Fold 8] AUC-PR: 0.417920
INFO : RESCAL : [  0] fit: 0.26413 | delta: 2.6e-01 | secs: 0.08769
INFO : RESCAL : [  1] fit: 0.27206 | delta: 7.9e-03 | secs: 0.08938
INFO : RESCAL : [  2] fit: 0.27429 | delta: 2.2e-03 | secs: 0.08719
INFO : RESCAL : [  3] fit: 0.27488 | delta: 5.9e-04 | secs: 0.08894
INFO : RESCAL : [  4] fit: 0.27501 | delta: 1.3e-04 | secs: 0.08948
INFO : RESCAL : [  5] fit: 0.27503 | delta: 1.4e-05 | secs: 0.08830
[Fold 9] AUC-PR: 0.416811
[Result] AUC-PR mean:0.444082 | std:0.034976 | time:6.02 s
[CSV]    Ligne écrite dans rescal_results.csv
=== FIN: nations rank:50 ===
=== DATASET: nations | rank:90 | lambda_A:5.0 | lambda_R:5.0 ===
[Config] maxIter:100 | conv:1.0e-04 | threads:6
[Data]   nnz:1592 | import_time:0.00 s
INFO : RESCAL : [  0] fit: 0.26884 | delta: 2.7e-01 | secs: 0.10809
INFO : RESCAL : [  1] fit: 0.27209 | delta: 3.2e-03 | secs: 0.11212
INFO : RESCAL : [  2] fit: 0.27270 | delta: 6.1e-04 | secs: 0.11166
INFO : RESCAL : [  3] fit: 0.27279 | delta: 9.0e-05 | secs: 0.11120
[Fold 0] AUC-PR: 0.455335
INFO : RESCAL : [  0] fit: 0.26431 | delta: 2.6e-01 | secs: 0.11331
INFO : RESCAL : [  1] fit: 0.26941 | delta: 5.1e-03 | secs: 0.11068
INFO : RESCAL : [  2] fit: 0.27008 | delta: 6.7e-04 | secs: 0.11309
INFO : RESCAL : [  3] fit: 0.27017 | delta: 8.5e-05 | secs: 0.11186
[Fold 1] AUC-PR: 0.465834
INFO : RESCAL : [  0] fit: 0.26653 | delta: 2.7e-01 | secs: 0.11378
INFO : RESCAL : [  1] fit: 0.27320 | delta: 6.7e-03 | secs: 0.12981
INFO : RESCAL : [  2] fit: 0.27441 | delta: 1.2e-03 | secs: 0.14132
INFO : RESCAL : [  3] fit: 0.27469 | delta: 2.9e-04 | secs: 0.12419
INFO : RESCAL : [  4] fit: 0.27472 | delta: 2.4e-05 | secs: 0.11052
[Fold 2] AUC-PR: 0.458185
INFO : RESCAL : [  0] fit: 0.26523 | delta: 2.7e-01 | secs: 0.11075
INFO : RESCAL : [  1] fit: 0.27142 | delta: 6.2e-03 | secs: 0.11493
INFO : RESCAL : [  2] fit: 0.27266 | delta: 1.2e-03 | secs: 0.11293
INFO : RESCAL : [  3] fit: 0.27290 | delta: 2.4e-04 | secs: 0.11120
INFO : RESCAL : [  4] fit: 0.27288 | delta: 2.2e-05 | secs: 0.11326
[Fold 3] AUC-PR: 0.456419
INFO : RESCAL : [  0] fit: 0.27300 | delta: 2.7e-01 | secs: 0.11751
INFO : RESCAL : [  1] fit: 0.27911 | delta: 6.1e-03 | secs: 0.12427
INFO : RESCAL : [  2] fit: 0.28012 | delta: 1.0e-03 | secs: 0.13139
INFO : RESCAL : [  3] fit: 0.28034 | delta: 2.3e-04 | secs: 0.12828
INFO : RESCAL : [  4] fit: 0.28033 | delta: 9.9e-06 | secs: 0.12208
[Fold 4] AUC-PR: 0.484895
INFO : RESCAL : [  0] fit: 0.27477 | delta: 2.7e-01 | secs: 0.12064
INFO : RESCAL : [  1] fit: 0.28093 | delta: 6.2e-03 | secs: 0.12705
INFO : RESCAL : [  2] fit: 0.28210 | delta: 1.2e-03 | secs: 0.11941
INFO : RESCAL : [  3] fit: 0.28236 | delta: 2.6e-04 | secs: 0.12369
INFO : RESCAL : [  4] fit: 0.28236 | delta: 6.2e-06 | secs: 0.11620
[Fold 5] AUC-PR: 0.438869
INFO : RESCAL : [  0] fit: 0.26508 | delta: 2.7e-01 | secs: 0.11365
INFO : RESCAL : [  1] fit: 0.27450 | delta: 9.4e-03 | secs: 0.12491
INFO : RESCAL : [  2] fit: 0.27640 | delta: 1.9e-03 | secs: 0.12276
INFO : RESCAL : [  3] fit: 0.27684 | delta: 4.4e-04 | secs: 0.12039
INFO : RESCAL : [  4] fit: 0.27688 | delta: 4.0e-05 | secs: 0.11897
[Fold 6] AUC-PR: 0.433844
INFO : RESCAL : [  0] fit: 0.26930 | delta: 2.7e-01 | secs: 0.11447
INFO : RESCAL : [  1] fit: 0.27411 | delta: 4.8e-03 | secs: 0.11327
INFO : RESCAL : [  2] fit: 0.27527 | delta: 1.2e-03 | secs: 0.11143
INFO : RESCAL : [  3] fit: 0.27552 | delta: 2.5e-04 | secs: 0.11121
INFO : RESCAL : [  4] fit: 0.27552 | delta: 1.0e-06 | secs: 0.11127
[Fold 7] AUC-PR: 0.412704
INFO : RESCAL : [  0] fit: 0.26711 | delta: 2.7e-01 | secs: 0.11229
INFO : RESCAL : [  1] fit: 0.27527 | delta: 8.2e-03 | secs: 0.10991
INFO : RESCAL : [  2] fit: 0.27676 | delta: 1.5e-03 | secs: 0.11140
INFO : RESCAL : [  3] fit: 0.27709 | delta: 3.3e-04 | secs: 0.11260
INFO : RESCAL : [  4] fit: 0.27710 | delta: 8.5e-06 | secs: 0.11504
[Fold 8] AUC-PR: 0.489538
INFO : RESCAL : [  0] fit: 0.27405 | delta: 2.7e-01 | secs: 0.11181
INFO : RESCAL : [  1] fit: 0.27741 | delta: 3.4e-03 | secs: 0.11151
INFO : RESCAL : [  2] fit: 0.27816 | delta: 7.5e-04 | secs: 0.11146
INFO : RESCAL : [  3] fit: 0.27828 | delta: 1.2e-04 | secs: 0.11079
INFO : RESCAL : [  4] fit: 0.27823 | delta: 5.0e-05 | secs: 0.11132
[Fold 9] AUC-PR: 0.398804
[Result] AUC-PR mean:0.449443 | std:0.027499 | time:5.79 s
[CSV]    Ligne écrite dans rescal_results.csv
=== FIN: nations rank:90 ===
=== DATASET: nations | rank:100 | lambda_A:10.0 | lambda_R:10.0 ===
[Config] maxIter:100 | conv:1.0e-04 | threads:6
[Data]   nnz:1592 | import_time:0.00 s
INFO : RESCAL : [  0] fit: 0.00884 | delta: 8.8e-03 | secs: 0.11140
INFO : RESCAL : [  1] fit: 0.04712 | delta: 3.8e-02 | secs: 0.11070
INFO : RESCAL : [  2] fit: 0.05363 | delta: 6.5e-03 | secs: 0.11069
INFO : RESCAL : [  3] fit: 0.05479 | delta: 1.2e-03 | secs: 0.11088
INFO : RESCAL : [  4] fit: 0.05512 | delta: 3.3e-04 | secs: 0.11013
INFO : RESCAL : [  5] fit: 0.05523 | delta: 1.2e-04 | secs: 0.10920
INFO : RESCAL : [  6] fit: 0.05528 | delta: 5.0e-05 | secs: 0.11122
[Fold 0] AUC-PR: 0.337627
INFO : RESCAL : [  0] fit: 0.00593 | delta: 5.9e-03 | secs: 0.11924
INFO : RESCAL : [  1] fit: 0.04548 | delta: 4.0e-02 | secs: 0.11045
INFO : RESCAL : [  2] fit: 0.05204 | delta: 6.6e-03 | secs: 0.11025
INFO : RESCAL : [  3] fit: 0.05339 | delta: 1.4e-03 | secs: 0.11317
INFO : RESCAL : [  4] fit: 0.05380 | delta: 4.1e-04 | secs: 0.11164
INFO : RESCAL : [  5] fit: 0.05394 | delta: 1.4e-04 | secs: 0.11039
INFO : RESCAL : [  6] fit: 0.05399 | delta: 5.4e-05 | secs: 0.11282
[Fold 1] AUC-PR: 0.310278
INFO : RESCAL : [  0] fit: 0.00747 | delta: 7.5e-03 | secs: 0.10964
INFO : RESCAL : [  1] fit: 0.04783 | delta: 4.0e-02 | secs: 0.11252
INFO : RESCAL : [  2] fit: 0.05421 | delta: 6.4e-03 | secs: 0.11094
INFO : RESCAL : [  3] fit: 0.05559 | delta: 1.4e-03 | secs: 0.11140
INFO : RESCAL : [  4] fit: 0.05603 | delta: 4.3e-04 | secs: 0.11009
INFO : RESCAL : [  5] fit: 0.05618 | delta: 1.5e-04 | secs: 0.12163
INFO : RESCAL : [  6] fit: 0.05623 | delta: 5.8e-05 | secs: 0.12015
[Fold 2] AUC-PR: 0.335525
INFO : RESCAL : [  0] fit: 0.00548 | delta: 5.5e-03 | secs: 0.12898
INFO : RESCAL : [  1] fit: 0.04484 | delta: 3.9e-02 | secs: 0.13002
INFO : RESCAL : [  2] fit: 0.05126 | delta: 6.4e-03 | secs: 0.13112
INFO : RESCAL : [  3] fit: 0.05254 | delta: 1.3e-03 | secs: 0.12693
INFO : RESCAL : [  4] fit: 0.05292 | delta: 3.9e-04 | secs: 0.13156
INFO : RESCAL : [  5] fit: 0.05306 | delta: 1.4e-04 | secs: 0.13032
INFO : RESCAL : [  6] fit: 0.05311 | delta: 5.4e-05 | secs: 0.12894
[Fold 3] AUC-PR: 0.374928
INFO : RESCAL : [  0] fit: 0.01262 | delta: 1.3e-02 | secs: 0.12644
INFO : RESCAL : [  1] fit: 0.04931 | delta: 3.7e-02 | secs: 0.12091
INFO : RESCAL : [  2] fit: 0.05583 | delta: 6.5e-03 | secs: 0.11331
INFO : RESCAL : [  3] fit: 0.05701 | delta: 1.2e-03 | secs: 0.12651
INFO : RESCAL : [  4] fit: 0.05736 | delta: 3.4e-04 | secs: 0.12347
INFO : RESCAL : [  5] fit: 0.05747 | delta: 1.2e-04 | secs: 0.13041
INFO : RESCAL : [  6] fit: 0.05752 | delta: 4.8e-05 | secs: 0.11859
[Fold 4] AUC-PR: 0.264057
INFO : RESCAL : [  0] fit: 0.00262 | delta: 2.6e-03 | secs: 0.11310
INFO : RESCAL : [  1] fit: 0.04282 | delta: 4.0e-02 | secs: 0.11094
INFO : RESCAL : [  2] fit: 0.04954 | delta: 6.7e-03 | secs: 0.11117
INFO : RESCAL : [  3] fit: 0.05081 | delta: 1.3e-03 | secs: 0.11222
INFO : RESCAL : [  4] fit: 0.05123 | delta: 4.1e-04 | secs: 0.11188
INFO : RESCAL : [  5] fit: 0.05138 | delta: 1.5e-04 | secs: 0.10963
INFO : RESCAL : [  6] fit: 0.05144 | delta: 6.1e-05 | secs: 0.11184
[Fold 5] AUC-PR: 0.367864
INFO : RESCAL : [  0] fit: 0.00413 | delta: 4.1e-03 | secs: 0.11134
INFO : RESCAL : [  1] fit: 0.04500 | delta: 4.1e-02 | secs: 0.11037
INFO : RESCAL : [  2] fit: 0.05166 | delta: 6.7e-03 | secs: 0.11169
INFO : RESCAL : [  3] fit: 0.05281 | delta: 1.2e-03 | secs: 0.11040
INFO : RESCAL : [  4] fit: 0.05313 | delta: 3.2e-04 | secs: 0.11137
INFO : RESCAL : [  5] fit: 0.05324 | delta: 1.1e-04 | secs: 0.11563
INFO : RESCAL : [  6] fit: 0.05329 | delta: 4.6e-05 | secs: 0.11216
[Fold 6] AUC-PR: 0.315735
INFO : RESCAL : [  0] fit: 0.00814 | delta: 8.1e-03 | secs: 0.11107
INFO : RESCAL : [  1] fit: 0.04487 | delta: 3.7e-02 | secs: 0.11472
INFO : RESCAL : [  2] fit: 0.05182 | delta: 6.9e-03 | secs: 0.11284
INFO : RESCAL : [  3] fit: 0.05322 | delta: 1.4e-03 | secs: 0.11071
INFO : RESCAL : [  4] fit: 0.05365 | delta: 4.3e-04 | secs: 0.11089
INFO : RESCAL : [  5] fit: 0.05380 | delta: 1.5e-04 | secs: 0.11190
INFO : RESCAL : [  6] fit: 0.05386 | delta: 6.0e-05 | secs: 0.11266
[Fold 7] AUC-PR: 0.375801
INFO : RESCAL : [  0] fit: 0.00229 | delta: 2.3e-03 | secs: 0.11079
INFO : RESCAL : [  1] fit: 0.04347 | delta: 4.1e-02 | secs: 0.11004
INFO : RESCAL : [  2] fit: 0.04951 | delta: 6.0e-03 | secs: 0.11419
INFO : RESCAL : [  3] fit: 0.05071 | delta: 1.2e-03 | secs: 0.10846
INFO : RESCAL : [  4] fit: 0.05107 | delta: 3.6e-04 | secs: 0.11110
INFO : RESCAL : [  5] fit: 0.05120 | delta: 1.3e-04 | secs: 0.11175
INFO : RESCAL : [  6] fit: 0.05125 | delta: 5.3e-05 | secs: 0.11254
[Fold 8] AUC-PR: 0.382391
INFO : RESCAL : [  0] fit: 0.00588 | delta: 5.9e-03 | secs: 0.11294
INFO : RESCAL : [  1] fit: 0.04437 | delta: 3.8e-02 | secs: 0.11138
INFO : RESCAL : [  2] fit: 0.05114 | delta: 6.8e-03 | secs: 0.11141
INFO : RESCAL : [  3] fit: 0.05254 | delta: 1.4e-03 | secs: 0.10873
INFO : RESCAL : [  4] fit: 0.05298 | delta: 4.4e-04 | secs: 0.11067
INFO : RESCAL : [  5] fit: 0.05313 | delta: 1.6e-04 | secs: 0.11327
INFO : RESCAL : [  6] fit: 0.05319 | delta: 6.2e-05 | secs: 0.10988
[Fold 9] AUC-PR: 0.399816
[Result] AUC-PR mean:0.346402 | std:0.039381 | time:8.63 s
[CSV]    Ligne écrite dans rescal_results.csv
=== FIN: nations rank:100 ===
====================================================
RÉSUMÉ FINAL
====================================================
Combinaisons exécutées : 9 / 9
Résultats sauvegardés  : rescal_results.csv
====================================================
