[Threads] Utilisation de 2 thread(s) sur 12 disponibles
[Reprise] Mode force active : les combinaisons deja presentes seront recalculees
=== DATASET: kinships | rank:50 | lambda_A:5.0 | lambda_R:5.0 ===
[Config] maxIter:100 | conv:1.0e-04 | threads:2
[Data]   nnz:10790 | import_time:0.02 s
INFO : RESCAL : [  0] fit: 0.32237 | delta: 3.2e-01 | secs: 0.01367
INFO : RESCAL : [  1] fit: 0.34728 | delta: 2.5e-02 | secs: 0.01352
INFO : RESCAL : [  2] fit: 0.34479 | delta: 2.5e-03 | secs: 0.01303
INFO : RESCAL : [  3] fit: 0.34428 | delta: 5.2e-04 | secs: 0.01259
INFO : RESCAL : [  4] fit: 0.34457 | delta: 2.9e-04 | secs: 0.01282
INFO : RESCAL : [  5] fit: 0.34503 | delta: 4.6e-04 | secs: 0.01261
INFO : RESCAL : [  6] fit: 0.34543 | delta: 4.0e-04 | secs: 0.01258
INFO : RESCAL : [  7] fit: 0.34570 | delta: 2.7e-04 | secs: 0.01265
INFO : RESCAL : [  8] fit: 0.34588 | delta: 1.8e-04 | secs: 0.01265
INFO : RESCAL : [  9] fit: 0.34603 | delta: 1.5e-04 | secs: 0.01234
INFO : RESCAL : [ 10] fit: 0.34617 | delta: 1.4e-04 | secs: 0.01275
INFO : RESCAL : [ 11] fit: 0.34629 | delta: 1.2e-04 | secs: 0.01279
INFO : RESCAL : [ 12] fit: 0.34638 | delta: 9.8e-05 | secs: 0.01289
[Fold 0] AUC-PR: 0.930979
INFO : RESCAL : [  0] fit: 0.31176 | delta: 3.1e-01 | secs: 0.01300
INFO : RESCAL : [  1] fit: 0.34472 | delta: 3.3e-02 | secs: 0.01251
INFO : RESCAL : [  2] fit: 0.34213 | delta: 2.6e-03 | secs: 0.01238
INFO : RESCAL : [  3] fit: 0.34118 | delta: 9.6e-04 | secs: 0.01235
INFO : RESCAL : [  4] fit: 0.34133 | delta: 1.5e-04 | secs: 0.01288
INFO : RESCAL : [  5] fit: 0.34176 | delta: 4.2e-04 | secs: 0.01289
INFO : RESCAL : [  6] fit: 0.34218 | delta: 4.2e-04 | secs: 0.01340
INFO : RESCAL : [  7] fit: 0.34254 | delta: 3.6e-04 | secs: 0.01303
INFO : RESCAL : [  8] fit: 0.34283 | delta: 2.9e-04 | secs: 0.01253
INFO : RESCAL : [  9] fit: 0.34306 | delta: 2.3e-04 | secs: 0.01428
INFO : RESCAL : [ 10] fit: 0.34325 | delta: 1.9e-04 | secs: 0.01225
INFO : RESCAL : [ 11] fit: 0.34341 | delta: 1.6e-04 | secs: 0.01231
INFO : RESCAL : [ 12] fit: 0.34354 | delta: 1.4e-04 | secs: 0.01251
INFO : RESCAL : [ 13] fit: 0.34366 | delta: 1.2e-04 | secs: 0.01229
INFO : RESCAL : [ 14] fit: 0.34375 | delta: 9.3e-05 | secs: 0.01243
[Fold 1] AUC-PR: 0.920414
INFO : RESCAL : [  0] fit: 0.31673 | delta: 3.2e-01 | secs: 0.01223
INFO : RESCAL : [  1] fit: 0.34351 | delta: 2.7e-02 | secs: 0.01243
INFO : RESCAL : [  2] fit: 0.34165 | delta: 1.9e-03 | secs: 0.01234
INFO : RESCAL : [  3] fit: 0.34126 | delta: 4.0e-04 | secs: 0.01240
INFO : RESCAL : [  4] fit: 0.34147 | delta: 2.2e-04 | secs: 0.01221
INFO : RESCAL : [  5] fit: 0.34207 | delta: 5.9e-04 | secs: 0.01221
INFO : RESCAL : [  6] fit: 0.34259 | delta: 5.3e-04 | secs: 0.01197
INFO : RESCAL : [  7] fit: 0.34294 | delta: 3.5e-04 | secs: 0.01231
INFO : RESCAL : [  8] fit: 0.34317 | delta: 2.3e-04 | secs: 0.01226
INFO : RESCAL : [  9] fit: 0.34334 | delta: 1.7e-04 | secs: 0.01246
INFO : RESCAL : [ 10] fit: 0.34348 | delta: 1.3e-04 | secs: 0.01256
INFO : RESCAL : [ 11] fit: 0.34359 | delta: 1.1e-04 | secs: 0.01257
INFO : RESCAL : [ 12] fit: 0.34368 | delta: 9.1e-05 | secs: 0.01232
[Fold 2] AUC-PR: 0.935534
INFO : RESCAL : [  0] fit: 0.32158 | delta: 3.2e-01 | secs: 0.01255
INFO : RESCAL : [  1] fit: 0.34778 | delta: 2.6e-02 | secs: 0.01297
INFO : RESCAL : [  2] fit: 0.34502 | delta: 2.8e-03 | secs: 0.01257
INFO : RESCAL : [  3] fit: 0.34394 | delta: 1.1e-03 | secs: 0.01315
INFO : RESCAL : [  4] fit: 0.34399 | delta: 4.9e-05 | secs: 0.01288
[Fold 3] AUC-PR: 0.908292
INFO : RESCAL : [  0] fit: 0.32176 | delta: 3.2e-01 | secs: 0.01795
INFO : RESCAL : [  1] fit: 0.34539 | delta: 2.4e-02 | secs: 0.01357
INFO : RESCAL : [  2] fit: 0.34320 | delta: 2.2e-03 | secs: 0.01256
INFO : RESCAL : [  3] fit: 0.34245 | delta: 7.5e-04 | secs: 0.01277
INFO : RESCAL : [  4] fit: 0.34258 | delta: 1.3e-04 | secs: 0.01324
INFO : RESCAL : [  5] fit: 0.34283 | delta: 2.5e-04 | secs: 0.01291
INFO : RESCAL : [  6] fit: 0.34308 | delta: 2.5e-04 | secs: 0.01287
INFO : RESCAL : [  7] fit: 0.34332 | delta: 2.4e-04 | secs: 0.01274
INFO : RESCAL : [  8] fit: 0.34353 | delta: 2.1e-04 | secs: 0.01308
INFO : RESCAL : [  9] fit: 0.34371 | delta: 1.8e-04 | secs: 0.01615
INFO : RESCAL : [ 10] fit: 0.34385 | delta: 1.4e-04 | secs: 0.01446
INFO : RESCAL : [ 11] fit: 0.34397 | delta: 1.2e-04 | secs: 0.01636
INFO : RESCAL : [ 12] fit: 0.34407 | delta: 1.0e-04 | secs: 0.01389
INFO : RESCAL : [ 13] fit: 0.34417 | delta: 9.4e-05 | secs: 0.01529
[Fold 4] AUC-PR: 0.928885
INFO : RESCAL : [  0] fit: 0.31678 | delta: 3.2e-01 | secs: 0.01334
INFO : RESCAL : [  1] fit: 0.34686 | delta: 3.0e-02 | secs: 0.01323
INFO : RESCAL : [  2] fit: 0.34494 | delta: 1.9e-03 | secs: 0.01247
INFO : RESCAL : [  3] fit: 0.34427 | delta: 6.7e-04 | secs: 0.01282
INFO : RESCAL : [  4] fit: 0.34443 | delta: 1.6e-04 | secs: 0.01257
INFO : RESCAL : [  5] fit: 0.34483 | delta: 3.9e-04 | secs: 0.01421
INFO : RESCAL : [  6] fit: 0.34515 | delta: 3.2e-04 | secs: 0.01265
INFO : RESCAL : [  7] fit: 0.34539 | delta: 2.4e-04 | secs: 0.01279
INFO : RESCAL : [  8] fit: 0.34559 | delta: 2.0e-04 | secs: 0.01301
INFO : RESCAL : [  9] fit: 0.34578 | delta: 1.9e-04 | secs: 0.01336
INFO : RESCAL : [ 10] fit: 0.34596 | delta: 1.8e-04 | secs: 0.01284
INFO : RESCAL : [ 11] fit: 0.34613 | delta: 1.6e-04 | secs: 0.01315
INFO : RESCAL : [ 12] fit: 0.34627 | delta: 1.4e-04 | secs: 0.01299
INFO : RESCAL : [ 13] fit: 0.34638 | delta: 1.1e-04 | secs: 0.01287
INFO : RESCAL : [ 14] fit: 0.34647 | delta: 8.8e-05 | secs: 0.01320
[Fold 5] AUC-PR: 0.920438
INFO : RESCAL : [  0] fit: 0.31954 | delta: 3.2e-01 | secs: 0.01331
INFO : RESCAL : [  1] fit: 0.34461 | delta: 2.5e-02 | secs: 0.01283
INFO : RESCAL : [  2] fit: 0.34374 | delta: 8.7e-04 | secs: 0.01274
INFO : RESCAL : [  3] fit: 0.34285 | delta: 8.8e-04 | secs: 0.01294
INFO : RESCAL : [  4] fit: 0.34267 | delta: 1.8e-04 | secs: 0.01278
INFO : RESCAL : [  5] fit: 0.34286 | delta: 1.9e-04 | secs: 0.01298
INFO : RESCAL : [  6] fit: 0.34318 | delta: 3.2e-04 | secs: 0.01311
INFO : RESCAL : [  7] fit: 0.34350 | delta: 3.2e-04 | secs: 0.01298
INFO : RESCAL : [  8] fit: 0.34377 | delta: 2.7e-04 | secs: 0.01305
INFO : RESCAL : [  9] fit: 0.34397 | delta: 2.0e-04 | secs: 0.01275
INFO : RESCAL : [ 10] fit: 0.34412 | delta: 1.5e-04 | secs: 0.01323
INFO : RESCAL : [ 11] fit: 0.34425 | delta: 1.3e-04 | secs: 0.01312
INFO : RESCAL : [ 12] fit: 0.34437 | delta: 1.2e-04 | secs: 0.01278
INFO : RESCAL : [ 13] fit: 0.34447 | delta: 1.0e-04 | secs: 0.01223
INFO : RESCAL : [ 14] fit: 0.34456 | delta: 8.8e-05 | secs: 0.01256
[Fold 6] AUC-PR: 0.919685
INFO : RESCAL : [  0] fit: 0.31862 | delta: 3.2e-01 | secs: 0.01252
INFO : RESCAL : [  1] fit: 0.34328 | delta: 2.5e-02 | secs: 0.01274
INFO : RESCAL : [  2] fit: 0.34118 | delta: 2.1e-03 | secs: 0.01212
INFO : RESCAL : [  3] fit: 0.34079 | delta: 3.9e-04 | secs: 0.01214
INFO : RESCAL : [  4] fit: 0.34112 | delta: 3.3e-04 | secs: 0.01221
INFO : RESCAL : [  5] fit: 0.34161 | delta: 4.8e-04 | secs: 0.01260
INFO : RESCAL : [  6] fit: 0.34202 | delta: 4.2e-04 | secs: 0.01239
INFO : RESCAL : [  7] fit: 0.34232 | delta: 3.0e-04 | secs: 0.01224
INFO : RESCAL : [  8] fit: 0.34256 | delta: 2.4e-04 | secs: 0.01224
INFO : RESCAL : [  9] fit: 0.34277 | delta: 2.1e-04 | secs: 0.01239
INFO : RESCAL : [ 10] fit: 0.34295 | delta: 1.8e-04 | secs: 0.01201
INFO : RESCAL : [ 11] fit: 0.34310 | delta: 1.4e-04 | secs: 0.01223
INFO : RESCAL : [ 12] fit: 0.34321 | delta: 1.1e-04 | secs: 0.01220
INFO : RESCAL : [ 13] fit: 0.34330 | delta: 8.7e-05 | secs: 0.01229
[Fold 7] AUC-PR: 0.911225
INFO : RESCAL : [  0] fit: 0.31251 | delta: 3.1e-01 | secs: 0.01270
INFO : RESCAL : [  1] fit: 0.34320 | delta: 3.1e-02 | secs: 0.01284
INFO : RESCAL : [  2] fit: 0.34162 | delta: 1.6e-03 | secs: 0.01273
INFO : RESCAL : [  3] fit: 0.34093 | delta: 7.0e-04 | secs: 0.01257
INFO : RESCAL : [  4] fit: 0.34087 | delta: 6.0e-05 | secs: 0.01291
[Fold 8] AUC-PR: 0.906587
INFO : RESCAL : [  0] fit: 0.32100 | delta: 3.2e-01 | secs: 0.01612
INFO : RESCAL : [  1] fit: 0.34427 | delta: 2.3e-02 | secs: 0.01409
INFO : RESCAL : [  2] fit: 0.34220 | delta: 2.1e-03 | secs: 0.01505
INFO : RESCAL : [  3] fit: 0.34190 | delta: 3.0e-04 | secs: 0.01272
INFO : RESCAL : [  4] fit: 0.34204 | delta: 1.4e-04 | secs: 0.01709
INFO : RESCAL : [  5] fit: 0.34251 | delta: 4.6e-04 | secs: 0.01337
INFO : RESCAL : [  6] fit: 0.34300 | delta: 5.0e-04 | secs: 0.01263
INFO : RESCAL : [  7] fit: 0.34339 | delta: 3.9e-04 | secs: 0.01228
INFO : RESCAL : [  8] fit: 0.34365 | delta: 2.6e-04 | secs: 0.01258
INFO : RESCAL : [  9] fit: 0.34383 | delta: 1.8e-04 | secs: 0.01235
INFO : RESCAL : [ 10] fit: 0.34396 | delta: 1.3e-04 | secs: 0.01247
INFO : RESCAL : [ 11] fit: 0.34407 | delta: 1.1e-04 | secs: 0.01268
INFO : RESCAL : [ 12] fit: 0.34416 | delta: 8.7e-05 | secs: 0.01225
[Fold 9] AUC-PR: 0.926327
[Result] AUC-PR mean:0.920837 | std:0.009318 | time:3.02 s
[CSV]    Ligne écrite dans rescal_results.csv
=== FIN: kinships rank:50 ===
=== DATASET: kinships | rank:90 | lambda_A:5.0 | lambda_R:5.0 ===
[Config] maxIter:100 | conv:1.0e-04 | threads:2
[Data]   nnz:10790 | import_time:0.02 s
INFO : RESCAL : [  0] fit: 0.36291 | delta: 3.6e-01 | secs: 0.01741
INFO : RESCAL : [  1] fit: 0.35500 | delta: 7.9e-03 | secs: 0.01777
INFO : RESCAL : [  2] fit: 0.34856 | delta: 6.4e-03 | secs: 0.01703
INFO : RESCAL : [  3] fit: 0.34585 | delta: 2.7e-03 | secs: 0.01748
INFO : RESCAL : [  4] fit: 0.34473 | delta: 1.1e-03 | secs: 0.01660
INFO : RESCAL : [  5] fit: 0.34426 | delta: 4.7e-04 | secs: 0.01717
INFO : RESCAL : [  6] fit: 0.34405 | delta: 2.1e-04 | secs: 0.01772
INFO : RESCAL : [  7] fit: 0.34395 | delta: 1.0e-04 | secs: 0.01791
INFO : RESCAL : [  8] fit: 0.34389 | delta: 5.5e-05 | secs: 0.01747
[Fold 0] AUC-PR: 0.937154
INFO : RESCAL : [  0] fit: 0.36769 | delta: 3.7e-01 | secs: 0.02073
INFO : RESCAL : [  1] fit: 0.36032 | delta: 7.4e-03 | secs: 0.01887
INFO : RESCAL : [  2] fit: 0.35373 | delta: 6.6e-03 | secs: 0.01895
INFO : RESCAL : [  3] fit: 0.35102 | delta: 2.7e-03 | secs: 0.01879
INFO : RESCAL : [  4] fit: 0.34992 | delta: 1.1e-03 | secs: 0.02160
INFO : RESCAL : [  5] fit: 0.34945 | delta: 4.6e-04 | secs: 0.01936
INFO : RESCAL : [  6] fit: 0.34925 | delta: 2.1e-04 | secs: 0.01934
INFO : RESCAL : [  7] fit: 0.34915 | delta: 9.9e-05 | secs: 0.01830
[Fold 1] AUC-PR: 0.922019
INFO : RESCAL : [  0] fit: 0.36390 | delta: 3.6e-01 | secs: 0.02276
INFO : RESCAL : [  1] fit: 0.35648 | delta: 7.4e-03 | secs: 0.02199
INFO : RESCAL : [  2] fit: 0.35017 | delta: 6.3e-03 | secs: 0.01841
INFO : RESCAL : [  3] fit: 0.34753 | delta: 2.6e-03 | secs: 0.01875
INFO : RESCAL : [  4] fit: 0.34645 | delta: 1.1e-03 | secs: 0.01731
INFO : RESCAL : [  5] fit: 0.34600 | delta: 4.5e-04 | secs: 0.01650
INFO : RESCAL : [  6] fit: 0.34581 | delta: 2.0e-04 | secs: 0.01733
INFO : RESCAL : [  7] fit: 0.34571 | delta: 9.3e-05 | secs: 0.01707
[Fold 2] AUC-PR: 0.932914
INFO : RESCAL : [  0] fit: 0.36714 | delta: 3.7e-01 | secs: 0.02343
INFO : RESCAL : [  1] fit: 0.36035 | delta: 6.8e-03 | secs: 0.02129
INFO : RESCAL : [  2] fit: 0.35397 | delta: 6.4e-03 | secs: 0.01806
INFO : RESCAL : [  3] fit: 0.35132 | delta: 2.7e-03 | secs: 0.01598
INFO : RESCAL : [  4] fit: 0.35025 | delta: 1.1e-03 | secs: 0.01600
INFO : RESCAL : [  5] fit: 0.34980 | delta: 4.5e-04 | secs: 0.01810
INFO : RESCAL : [  6] fit: 0.34961 | delta: 1.9e-04 | secs: 0.02107
INFO : RESCAL : [  7] fit: 0.34952 | delta: 8.9e-05 | secs: 0.02088
[Fold 3] AUC-PR: 0.922888
INFO : RESCAL : [  0] fit: 0.36641 | delta: 3.7e-01 | secs: 0.01834
INFO : RESCAL : [  1] fit: 0.35780 | delta: 8.6e-03 | secs: 0.01786
INFO : RESCAL : [  2] fit: 0.35113 | delta: 6.7e-03 | secs: 0.01678
INFO : RESCAL : [  3] fit: 0.34831 | delta: 2.8e-03 | secs: 0.01663
INFO : RESCAL : [  4] fit: 0.34713 | delta: 1.2e-03 | secs: 0.01783
INFO : RESCAL : [  5] fit: 0.34662 | delta: 5.1e-04 | secs: 0.01715
INFO : RESCAL : [  6] fit: 0.34639 | delta: 2.3e-04 | secs: 0.01668
INFO : RESCAL : [  7] fit: 0.34627 | delta: 1.1e-04 | secs: 0.01564
INFO : RESCAL : [  8] fit: 0.34621 | delta: 6.2e-05 | secs: 0.01559
[Fold 4] AUC-PR: 0.926562
INFO : RESCAL : [  0] fit: 0.36391 | delta: 3.6e-01 | secs: 0.01836
INFO : RESCAL : [  1] fit: 0.35798 | delta: 5.9e-03 | secs: 0.01697
INFO : RESCAL : [  2] fit: 0.35143 | delta: 6.5e-03 | secs: 0.01704
INFO : RESCAL : [  3] fit: 0.34865 | delta: 2.8e-03 | secs: 0.02731
INFO : RESCAL : [  4] fit: 0.34752 | delta: 1.1e-03 | secs: 0.02021
INFO : RESCAL : [  5] fit: 0.34705 | delta: 4.8e-04 | secs: 0.01812
INFO : RESCAL : [  6] fit: 0.34684 | delta: 2.1e-04 | secs: 0.01752
INFO : RESCAL : [  7] fit: 0.34674 | delta: 9.9e-05 | secs: 0.01792
[Fold 5] AUC-PR: 0.915928
INFO : RESCAL : [  0] fit: 0.36242 | delta: 3.6e-01 | secs: 0.01949
INFO : RESCAL : [  1] fit: 0.35580 | delta: 6.6e-03 | secs: 0.01859
INFO : RESCAL : [  2] fit: 0.34942 | delta: 6.4e-03 | secs: 0.01603
INFO : RESCAL : [  3] fit: 0.34682 | delta: 2.6e-03 | secs: 0.01831
INFO : RESCAL : [  4] fit: 0.34578 | delta: 1.0e-03 | secs: 0.01751
INFO : RESCAL : [  5] fit: 0.34535 | delta: 4.4e-04 | secs: 0.01772
INFO : RESCAL : [  6] fit: 0.34515 | delta: 1.9e-04 | secs: 0.01756
INFO : RESCAL : [  7] fit: 0.34507 | delta: 9.0e-05 | secs: 0.01737
[Fold 6] AUC-PR: 0.923696
INFO : RESCAL : [  0] fit: 0.36224 | delta: 3.6e-01 | secs: 0.01897
INFO : RESCAL : [  1] fit: 0.35512 | delta: 7.1e-03 | secs: 0.01719
INFO : RESCAL : [  2] fit: 0.34872 | delta: 6.4e-03 | secs: 0.01710
INFO : RESCAL : [  3] fit: 0.34595 | delta: 2.8e-03 | secs: 0.01727
INFO : RESCAL : [  4] fit: 0.34479 | delta: 1.2e-03 | secs: 0.01734
INFO : RESCAL : [  5] fit: 0.34428 | delta: 5.0e-04 | secs: 0.01660
INFO : RESCAL : [  6] fit: 0.34405 | delta: 2.3e-04 | secs: 0.01688
INFO : RESCAL : [  7] fit: 0.34394 | delta: 1.2e-04 | secs: 0.01703
INFO : RESCAL : [  8] fit: 0.34387 | delta: 6.5e-05 | secs: 0.01813
[Fold 7] AUC-PR: 0.928188
INFO : RESCAL : [  0] fit: 0.36343 | delta: 3.6e-01 | secs: 0.01832
INFO : RESCAL : [  1] fit: 0.35637 | delta: 7.1e-03 | secs: 0.01755
INFO : RESCAL : [  2] fit: 0.35022 | delta: 6.2e-03 | secs: 0.01705
INFO : RESCAL : [  3] fit: 0.34759 | delta: 2.6e-03 | secs: 0.01653
INFO : RESCAL : [  4] fit: 0.34652 | delta: 1.1e-03 | secs: 0.01770
INFO : RESCAL : [  5] fit: 0.34607 | delta: 4.5e-04 | secs: 0.01645
INFO : RESCAL : [  6] fit: 0.34587 | delta: 1.9e-04 | secs: 0.01612
INFO : RESCAL : [  7] fit: 0.34579 | delta: 8.8e-05 | secs: 0.01735
[Fold 8] AUC-PR: 0.928381
INFO : RESCAL : [  0] fit: 0.35963 | delta: 3.6e-01 | secs: 0.01903
INFO : RESCAL : [  1] fit: 0.35347 | delta: 6.2e-03 | secs: 0.01786
INFO : RESCAL : [  2] fit: 0.34744 | delta: 6.0e-03 | secs: 0.01632
INFO : RESCAL : [  3] fit: 0.34497 | delta: 2.5e-03 | secs: 0.01756
INFO : RESCAL : [  4] fit: 0.34398 | delta: 9.8e-04 | secs: 0.01698
INFO : RESCAL : [  5] fit: 0.34357 | delta: 4.1e-04 | secs: 0.01734
INFO : RESCAL : [  6] fit: 0.34339 | delta: 1.8e-04 | secs: 0.01636
INFO : RESCAL : [  7] fit: 0.34331 | delta: 8.7e-05 | secs: 0.01716
[Fold 9] AUC-PR: 0.928121
[Result] AUC-PR mean:0.926585 | std:0.005624 | time:4.16 s
[CSV]    Ligne écrite dans rescal_results.csv
=== FIN: kinships rank:90 ===
=== DATASET: kinships | rank:100 | lambda_A:10.0 | lambda_R:10.0 ===
[Config] maxIter:100 | conv:1.0e-04 | threads:2
[Data]   nnz:10790 | import_time:0.02 s
INFO : RESCAL : [  0] fit: 0.08843 | delta: 8.8e-02 | secs: 0.02001
INFO : RESCAL : [  1] fit: 0.10060 | delta: 1.2e-02 | secs: 0.02007
INFO : RESCAL : [  2] fit: 0.10343 | delta: 2.8e-03 | secs: 0.01955
INFO : RESCAL : [  3] fit: 0.10287 | delta: 5.6e-04 | secs: 0.02083
INFO : RESCAL : [  4] fit: 0.10276 | delta: 1.1e-04 | secs: 0.02057
INFO : RESCAL : [  5] fit: 0.10266 | delta: 9.5e-05 | secs: 0.02080
[Fold 0] AUC-PR: 0.664447
INFO : RESCAL : [  0] fit: 0.08790 | delta: 8.8e-02 | secs: 0.01973
INFO : RESCAL : [  1] fit: 0.10058 | delta: 1.3e-02 | secs: 0.02014
INFO : RESCAL : [  2] fit: 0.10268 | delta: 2.1e-03 | secs: 0.02191
INFO : RESCAL : [  3] fit: 0.10214 | delta: 5.5e-04 | secs: 0.02283
INFO : RESCAL : [  4] fit: 0.10200 | delta: 1.4e-04 | secs: 0.02108
INFO : RESCAL : [  5] fit: 0.10189 | delta: 1.1e-04 | secs: 0.02213
INFO : RESCAL : [  6] fit: 0.10181 | delta: 8.5e-05 | secs: 0.02249
[Fold 1] AUC-PR: 0.633745
INFO : RESCAL : [  0] fit: 0.08920 | delta: 8.9e-02 | secs: 0.02226
INFO : RESCAL : [  1] fit: 0.10183 | delta: 1.3e-02 | secs: 0.02110
INFO : RESCAL : [  2] fit: 0.10411 | delta: 2.3e-03 | secs: 0.02326
INFO : RESCAL : [  3] fit: 0.10355 | delta: 5.6e-04 | secs: 0.02094
INFO : RESCAL : [  4] fit: 0.10342 | delta: 1.2e-04 | secs: 0.02125
INFO : RESCAL : [  5] fit: 0.10333 | delta: 9.6e-05 | secs: 0.01978
[Fold 2] AUC-PR: 0.655443
INFO : RESCAL : [  0] fit: 0.08777 | delta: 8.8e-02 | secs: 0.01951
INFO : RESCAL : [  1] fit: 0.09960 | delta: 1.2e-02 | secs: 0.01871
INFO : RESCAL : [  2] fit: 0.10214 | delta: 2.5e-03 | secs: 0.01892
INFO : RESCAL : [  3] fit: 0.10161 | delta: 5.3e-04 | secs: 0.02070
INFO : RESCAL : [  4] fit: 0.10150 | delta: 1.1e-04 | secs: 0.02066
INFO : RESCAL : [  5] fit: 0.10142 | delta: 8.9e-05 | secs: 0.02232
[Fold 3] AUC-PR: 0.664150
INFO : RESCAL : [  0] fit: 0.08791 | delta: 8.8e-02 | secs: 0.02412
INFO : RESCAL : [  1] fit: 0.10086 | delta: 1.3e-02 | secs: 0.02007
INFO : RESCAL : [  2] fit: 0.10351 | delta: 2.7e-03 | secs: 0.01974
INFO : RESCAL : [  3] fit: 0.10296 | delta: 5.5e-04 | secs: 0.01947
INFO : RESCAL : [  4] fit: 0.10285 | delta: 1.1e-04 | secs: 0.02008
INFO : RESCAL : [  5] fit: 0.10275 | delta: 9.5e-05 | secs: 0.02100
[Fold 4] AUC-PR: 0.645114
INFO : RESCAL : [  0] fit: 0.08604 | delta: 8.6e-02 | secs: 0.02118
INFO : RESCAL : [  1] fit: 0.09925 | delta: 1.3e-02 | secs: 0.01879
INFO : RESCAL : [  2] fit: 0.10172 | delta: 2.5e-03 | secs: 0.01905
INFO : RESCAL : [  3] fit: 0.10113 | delta: 5.9e-04 | secs: 0.02021
INFO : RESCAL : [  4] fit: 0.10103 | delta: 1.0e-04 | secs: 0.01980
INFO : RESCAL : [  5] fit: 0.10094 | delta: 8.2e-05 | secs: 0.01982
[Fold 5] AUC-PR: 0.657596
INFO : RESCAL : [  0] fit: 0.08490 | delta: 8.5e-02 | secs: 0.01914
INFO : RESCAL : [  1] fit: 0.09869 | delta: 1.4e-02 | secs: 0.01986
INFO : RESCAL : [  2] fit: 0.10113 | delta: 2.4e-03 | secs: 0.01935
INFO : RESCAL : [  3] fit: 0.10056 | delta: 5.8e-04 | secs: 0.02323
INFO : RESCAL : [  4] fit: 0.10042 | delta: 1.3e-04 | secs: 0.01929
INFO : RESCAL : [  5] fit: 0.10032 | delta: 1.1e-04 | secs: 0.01910
INFO : RESCAL : [  6] fit: 0.10024 | delta: 8.2e-05 | secs: 0.02066
[Fold 6] AUC-PR: 0.657621
INFO : RESCAL : [  0] fit: 0.08289 | delta: 8.3e-02 | secs: 0.01898
INFO : RESCAL : [  1] fit: 0.09836 | delta: 1.5e-02 | secs: 0.01951
INFO : RESCAL : [  2] fit: 0.10066 | delta: 2.3e-03 | secs: 0.01827
INFO : RESCAL : [  3] fit: 0.10005 | delta: 6.1e-04 | secs: 0.02276
INFO : RESCAL : [  4] fit: 0.09991 | delta: 1.4e-04 | secs: 0.02291
INFO : RESCAL : [  5] fit: 0.09981 | delta: 1.0e-04 | secs: 0.02191
INFO : RESCAL : [  6] fit: 0.09973 | delta: 7.6e-05 | secs: 0.02088
[Fold 7] AUC-PR: 0.689523
INFO : RESCAL : [  0] fit: 0.08542 | delta: 8.5e-02 | secs: 0.02380
INFO : RESCAL : [  1] fit: 0.09867 | delta: 1.3e-02 | secs: 0.01995
INFO : RESCAL : [  2] fit: 0.10112 | delta: 2.4e-03 | secs: 0.02079
INFO : RESCAL : [  3] fit: 0.10053 | delta: 5.9e-04 | secs: 0.01810
INFO : RESCAL : [  4] fit: 0.10041 | delta: 1.2e-04 | secs: 0.02016
INFO : RESCAL : [  5] fit: 0.10032 | delta: 9.6e-05 | secs: 0.02028
[Fold 8] AUC-PR: 0.677627
INFO : RESCAL : [  0] fit: 0.08674 | delta: 8.7e-02 | secs: 0.02152
INFO : RESCAL : [  1] fit: 0.09900 | delta: 1.2e-02 | secs: 0.02214
INFO : RESCAL : [  2] fit: 0.10093 | delta: 1.9e-03 | secs: 0.02101
INFO : RESCAL : [  3] fit: 0.10037 | delta: 5.6e-04 | secs: 0.01858
INFO : RESCAL : [  4] fit: 0.10026 | delta: 1.2e-04 | secs: 0.01827
INFO : RESCAL : [  5] fit: 0.10016 | delta: 9.2e-05 | secs: 0.01961
[Fold 9] AUC-PR: 0.667175
[Result] AUC-PR mean:0.661244 | std:0.014827 | time:3.79 s
[CSV]    Ligne écrite dans rescal_results.csv
=== FIN: kinships rank:100 ===
=== DATASET: umls | rank:50 | lambda_A:5.0 | lambda_R:5.0 ===
[Config] maxIter:100 | conv:1.0e-04 | threads:2
[Data]   nnz:5216 | import_time:0.06 s
INFO : RESCAL : [  0] fit: 0.21398 | delta: 2.1e-01 | secs: 0.02915
INFO : RESCAL : [  1] fit: 0.24420 | delta: 3.0e-02 | secs: 0.02550
INFO : RESCAL : [  2] fit: 0.24388 | delta: 3.2e-04 | secs: 0.02300
INFO : RESCAL : [  3] fit: 0.24316 | delta: 7.2e-04 | secs: 0.02382
INFO : RESCAL : [  4] fit: 0.24294 | delta: 2.2e-04 | secs: 0.02328
INFO : RESCAL : [  5] fit: 0.24296 | delta: 1.3e-05 | secs: 0.02507
[Fold 0] AUC-PR: 0.373065
INFO : RESCAL : [  0] fit: 0.20516 | delta: 2.1e-01 | secs: 0.02558
INFO : RESCAL : [  1] fit: 0.24301 | delta: 3.8e-02 | secs: 0.02570
INFO : RESCAL : [  2] fit: 0.24306 | delta: 4.8e-05 | secs: 0.02412
[Fold 1] AUC-PR: 0.310725
INFO : RESCAL : [  0] fit: 0.21658 | delta: 2.2e-01 | secs: 0.02339
INFO : RESCAL : [  1] fit: 0.24435 | delta: 2.8e-02 | secs: 0.02358
INFO : RESCAL : [  2] fit: 0.24330 | delta: 1.0e-03 | secs: 0.02428
INFO : RESCAL : [  3] fit: 0.24194 | delta: 1.4e-03 | secs: 0.02644
INFO : RESCAL : [  4] fit: 0.24144 | delta: 5.0e-04 | secs: 0.02578
INFO : RESCAL : [  5] fit: 0.24131 | delta: 1.3e-04 | secs: 0.02547
INFO : RESCAL : [  6] fit: 0.24127 | delta: 3.9e-05 | secs: 0.02505
[Fold 2] AUC-PR: 0.331649
INFO : RESCAL : [  0] fit: 0.21475 | delta: 2.1e-01 | secs: 0.02347
INFO : RESCAL : [  1] fit: 0.24843 | delta: 3.4e-02 | secs: 0.02413
INFO : RESCAL : [  2] fit: 0.24834 | delta: 8.9e-05 | secs: 0.02510
[Fold 3] AUC-PR: 0.296811
INFO : RESCAL : [  0] fit: 0.22409 | delta: 2.2e-01 | secs: 0.02643
INFO : RESCAL : [  1] fit: 0.24883 | delta: 2.5e-02 | secs: 0.03244
INFO : RESCAL : [  2] fit: 0.24733 | delta: 1.5e-03 | secs: 0.02920
INFO : RESCAL : [  3] fit: 0.24574 | delta: 1.6e-03 | secs: 0.02377
INFO : RESCAL : [  4] fit: 0.24514 | delta: 6.1e-04 | secs: 0.02430
INFO : RESCAL : [  5] fit: 0.24497 | delta: 1.7e-04 | secs: 0.02457
INFO : RESCAL : [  6] fit: 0.24493 | delta: 4.2e-05 | secs: 0.02425
[Fold 4] AUC-PR: 0.332000
INFO : RESCAL : [  0] fit: 0.21117 | delta: 2.1e-01 | secs: 0.02729
INFO : RESCAL : [  1] fit: 0.24298 | delta: 3.2e-02 | secs: 0.02659
INFO : RESCAL : [  2] fit: 0.24239 | delta: 6.0e-04 | secs: 0.02531
INFO : RESCAL : [  3] fit: 0.24066 | delta: 1.7e-03 | secs: 0.02360
INFO : RESCAL : [  4] fit: 0.23997 | delta: 6.9e-04 | secs: 0.02327
INFO : RESCAL : [  5] fit: 0.23980 | delta: 1.8e-04 | secs: 0.02484
INFO : RESCAL : [  6] fit: 0.23980 | delta: 8.4e-06 | secs: 0.02369
[Fold 5] AUC-PR: 0.336014
INFO : RESCAL : [  0] fit: 0.20684 | delta: 2.1e-01 | secs: 0.02380
INFO : RESCAL : [  1] fit: 0.24680 | delta: 4.0e-02 | secs: 0.02392
INFO : RESCAL : [  2] fit: 0.24707 | delta: 2.7e-04 | secs: 0.02336
INFO : RESCAL : [  3] fit: 0.24552 | delta: 1.6e-03 | secs: 0.02440
INFO : RESCAL : [  4] fit: 0.24490 | delta: 6.2e-04 | secs: 0.02423
INFO : RESCAL : [  5] fit: 0.24471 | delta: 1.9e-04 | secs: 0.02999
INFO : RESCAL : [  6] fit: 0.24461 | delta: 1.0e-04 | secs: 0.02749
INFO : RESCAL : [  7] fit: 0.24456 | delta: 4.7e-05 | secs: 0.02540
[Fold 6] AUC-PR: 0.327501
INFO : RESCAL : [  0] fit: 0.21372 | delta: 2.1e-01 | secs: 0.02884
INFO : RESCAL : [  1] fit: 0.24535 | delta: 3.2e-02 | secs: 0.02567
INFO : RESCAL : [  2] fit: 0.24527 | delta: 8.0e-05 | secs: 0.02498
[Fold 7] AUC-PR: 0.345324
INFO : RESCAL : [  0] fit: 0.21467 | delta: 2.1e-01 | secs: 0.02661
INFO : RESCAL : [  1] fit: 0.24643 | delta: 3.2e-02 | secs: 0.02911
INFO : RESCAL : [  2] fit: 0.24422 | delta: 2.2e-03 | secs: 0.02849
INFO : RESCAL : [  3] fit: 0.24290 | delta: 1.3e-03 | secs: 0.02823
INFO : RESCAL : [  4] fit: 0.24239 | delta: 5.2e-04 | secs: 0.02659
INFO : RESCAL : [  5] fit: 0.24226 | delta: 1.3e-04 | secs: 0.02324
INFO : RESCAL : [  6] fit: 0.24224 | delta: 2.5e-05 | secs: 0.02396
[Fold 8] AUC-PR: 0.308420
INFO : RESCAL : [  0] fit: 0.20635 | delta: 2.1e-01 | secs: 0.02462
INFO : RESCAL : [  1] fit: 0.23962 | delta: 3.3e-02 | secs: 0.02560
INFO : RESCAL : [  2] fit: 0.23873 | delta: 8.9e-04 | secs: 0.02512
INFO : RESCAL : [  3] fit: 0.23719 | delta: 1.5e-03 | secs: 0.02534
INFO : RESCAL : [  4] fit: 0.23662 | delta: 5.8e-04 | secs: 0.02634
INFO : RESCAL : [  5] fit: 0.23656 | delta: 5.3e-05 | secs: 0.02489
[Fold 9] AUC-PR: 0.311915
[Result] AUC-PR mean:0.327342 | std:0.020818 | time:3.29 s
[CSV]    Ligne écrite dans rescal_results.csv
=== FIN: umls rank:50 ===
=== DATASET: umls | rank:90 | lambda_A:5.0 | lambda_R:5.0 ===
[Config] maxIter:100 | conv:1.0e-04 | threads:2
[Data]   nnz:5216 | import_time:0.05 s
INFO : RESCAL : [  0] fit: 0.23915 | delta: 2.4e-01 | secs: 0.03455
INFO : RESCAL : [  1] fit: 0.24766 | delta: 8.5e-03 | secs: 0.03215
INFO : RESCAL : [  2] fit: 0.24319 | delta: 4.5e-03 | secs: 0.03389
INFO : RESCAL : [  3] fit: 0.24095 | delta: 2.2e-03 | secs: 0.03402
INFO : RESCAL : [  4] fit: 0.24003 | delta: 9.2e-04 | secs: 0.03377
INFO : RESCAL : [  5] fit: 0.23963 | delta: 4.0e-04 | secs: 0.03370
INFO : RESCAL : [  6] fit: 0.23946 | delta: 1.8e-04 | secs: 0.03607
INFO : RESCAL : [  7] fit: 0.23937 | delta: 8.2e-05 | secs: 0.03380
[Fold 0] AUC-PR: 0.379860
INFO : RESCAL : [  0] fit: 0.24571 | delta: 2.5e-01 | secs: 0.03302
INFO : RESCAL : [  1] fit: 0.25227 | delta: 6.6e-03 | secs: 0.03150
INFO : RESCAL : [  2] fit: 0.24748 | delta: 4.8e-03 | secs: 0.03270
INFO : RESCAL : [  3] fit: 0.24515 | delta: 2.3e-03 | secs: 0.03167
INFO : RESCAL : [  4] fit: 0.24417 | delta: 9.8e-04 | secs: 0.03223
INFO : RESCAL : [  5] fit: 0.24376 | delta: 4.2e-04 | secs: 0.03042
INFO : RESCAL : [  6] fit: 0.24357 | delta: 1.8e-04 | secs: 0.03159
INFO : RESCAL : [  7] fit: 0.24349 | delta: 8.6e-05 | secs: 0.03152
[Fold 1] AUC-PR: 0.357254
INFO : RESCAL : [  0] fit: 0.24017 | delta: 2.4e-01 | secs: 0.03381
INFO : RESCAL : [  1] fit: 0.25167 | delta: 1.1e-02 | secs: 0.03049
INFO : RESCAL : [  2] fit: 0.24707 | delta: 4.6e-03 | secs: 0.03007
INFO : RESCAL : [  3] fit: 0.24480 | delta: 2.3e-03 | secs: 0.03148
INFO : RESCAL : [  4] fit: 0.24390 | delta: 9.0e-04 | secs: 0.03325
INFO : RESCAL : [  5] fit: 0.24353 | delta: 3.7e-04 | secs: 0.03160
INFO : RESCAL : [  6] fit: 0.24338 | delta: 1.6e-04 | secs: 0.03389
INFO : RESCAL : [  7] fit: 0.24331 | delta: 7.1e-05 | secs: 0.03315
[Fold 2] AUC-PR: 0.298364
INFO : RESCAL : [  0] fit: 0.24441 | delta: 2.4e-01 | secs: 0.03280
INFO : RESCAL : [  1] fit: 0.25210 | delta: 7.7e-03 | secs: 0.03212
INFO : RESCAL : [  2] fit: 0.24754 | delta: 4.6e-03 | secs: 0.03260
INFO : RESCAL : [  3] fit: 0.24540 | delta: 2.1e-03 | secs: 0.03388
INFO : RESCAL : [  4] fit: 0.24456 | delta: 8.5e-04 | secs: 0.03025
INFO : RESCAL : [  5] fit: 0.24421 | delta: 3.5e-04 | secs: 0.03144
INFO : RESCAL : [  6] fit: 0.24406 | delta: 1.5e-04 | secs: 0.03102
INFO : RESCAL : [  7] fit: 0.24400 | delta: 6.4e-05 | secs: 0.03175
[Fold 3] AUC-PR: 0.326373
INFO : RESCAL : [  0] fit: 0.23860 | delta: 2.4e-01 | secs: 0.03284
INFO : RESCAL : [  1] fit: 0.24737 | delta: 8.8e-03 | secs: 0.03243
INFO : RESCAL : [  2] fit: 0.24282 | delta: 4.6e-03 | secs: 0.03209
INFO : RESCAL : [  3] fit: 0.24064 | delta: 2.2e-03 | secs: 0.03306
INFO : RESCAL : [  4] fit: 0.23973 | delta: 9.1e-04 | secs: 0.03181
INFO : RESCAL : [  5] fit: 0.23934 | delta: 3.8e-04 | secs: 0.03130
INFO : RESCAL : [  6] fit: 0.23917 | delta: 1.7e-04 | secs: 0.03317
INFO : RESCAL : [  7] fit: 0.23910 | delta: 7.8e-05 | secs: 0.03110
[Fold 4] AUC-PR: 0.343319
INFO : RESCAL : [  0] fit: 0.24635 | delta: 2.5e-01 | secs: 0.03209
INFO : RESCAL : [  1] fit: 0.25351 | delta: 7.2e-03 | secs: 0.03151
INFO : RESCAL : [  2] fit: 0.24880 | delta: 4.7e-03 | secs: 0.03322
INFO : RESCAL : [  3] fit: 0.24659 | delta: 2.2e-03 | secs: 0.03157
INFO : RESCAL : [  4] fit: 0.24569 | delta: 9.0e-04 | secs: 0.03147
INFO : RESCAL : [  5] fit: 0.24531 | delta: 3.7e-04 | secs: 0.03523
INFO : RESCAL : [  6] fit: 0.24515 | delta: 1.6e-04 | secs: 0.03461
INFO : RESCAL : [  7] fit: 0.24508 | delta: 7.4e-05 | secs: 0.03156
[Fold 5] AUC-PR: 0.319821
INFO : RESCAL : [  0] fit: 0.24129 | delta: 2.4e-01 | secs: 0.03383
INFO : RESCAL : [  1] fit: 0.24892 | delta: 7.6e-03 | secs: 0.03229
INFO : RESCAL : [  2] fit: 0.24381 | delta: 5.1e-03 | secs: 0.03181
INFO : RESCAL : [  3] fit: 0.24155 | delta: 2.3e-03 | secs: 0.03295
INFO : RESCAL : [  4] fit: 0.24060 | delta: 9.4e-04 | secs: 0.03876
INFO : RESCAL : [  5] fit: 0.24020 | delta: 4.0e-04 | secs: 0.04276
INFO : RESCAL : [  6] fit: 0.24002 | delta: 1.8e-04 | secs: 0.03442
INFO : RESCAL : [  7] fit: 0.23994 | delta: 8.0e-05 | secs: 0.03839
[Fold 6] AUC-PR: 0.324058
INFO : RESCAL : [  0] fit: 0.24247 | delta: 2.4e-01 | secs: 0.03464
INFO : RESCAL : [  1] fit: 0.25085 | delta: 8.4e-03 | secs: 0.03291
INFO : RESCAL : [  2] fit: 0.24629 | delta: 4.6e-03 | secs: 0.03812
INFO : RESCAL : [  3] fit: 0.24400 | delta: 2.3e-03 | secs: 0.03658
INFO : RESCAL : [  4] fit: 0.24305 | delta: 9.5e-04 | secs: 0.04222
INFO : RESCAL : [  5] fit: 0.24265 | delta: 4.0e-04 | secs: 0.04045
INFO : RESCAL : [  6] fit: 0.24247 | delta: 1.8e-04 | secs: 0.04009
INFO : RESCAL : [  7] fit: 0.24239 | delta: 7.9e-05 | secs: 0.03940
[Fold 7] AUC-PR: 0.367006
INFO : RESCAL : [  0] fit: 0.24299 | delta: 2.4e-01 | secs: 0.03648
INFO : RESCAL : [  1] fit: 0.25249 | delta: 9.5e-03 | secs: 0.03741
INFO : RESCAL : [  2] fit: 0.24755 | delta: 4.9e-03 | secs: 0.06369
INFO : RESCAL : [  3] fit: 0.24531 | delta: 2.2e-03 | secs: 0.05831
INFO : RESCAL : [  4] fit: 0.24438 | delta: 9.4e-04 | secs: 0.03927
INFO : RESCAL : [  5] fit: 0.24398 | delta: 4.0e-04 | secs: 0.03709
INFO : RESCAL : [  6] fit: 0.24380 | delta: 1.8e-04 | secs: 0.03593
INFO : RESCAL : [  7] fit: 0.24372 | delta: 8.0e-05 | secs: 0.03454
[Fold 8] AUC-PR: 0.316489
INFO : RESCAL : [  0] fit: 0.24863 | delta: 2.5e-01 | secs: 0.04213
INFO : RESCAL : [  1] fit: 0.25536 | delta: 6.7e-03 | secs: 0.03393
INFO : RESCAL : [  2] fit: 0.25010 | delta: 5.3e-03 | secs: 0.03387
INFO : RESCAL : [  3] fit: 0.24772 | delta: 2.4e-03 | secs: 0.03357
INFO : RESCAL : [  4] fit: 0.24675 | delta: 9.7e-04 | secs: 0.03654
INFO : RESCAL : [  5] fit: 0.24635 | delta: 4.1e-04 | secs: 0.03758
INFO : RESCAL : [  6] fit: 0.24617 | delta: 1.8e-04 | secs: 0.03469
INFO : RESCAL : [  7] fit: 0.24609 | delta: 8.1e-05 | secs: 0.03246
[Fold 9] AUC-PR: 0.314143
[Result] AUC-PR mean:0.334669 | std:0.024788 | time:7.99 s
[CSV]    Ligne écrite dans rescal_results.csv
=== FIN: umls rank:90 ===
=== DATASET: umls | rank:100 | lambda_A:10.0 | lambda_R:10.0 ===
[Config] maxIter:100 | conv:1.0e-04 | threads:2
[Data]   nnz:5216 | import_time:0.06 s
INFO : RESCAL : [  0] fit: 0.04639 | delta: 4.6e-02 | secs: 0.04037
INFO : RESCAL : [  1] fit: 0.05342 | delta: 7.0e-03 | secs: 0.03909
INFO : RESCAL : [  2] fit: 0.05371 | delta: 2.9e-04 | secs: 0.03908
INFO : RESCAL : [  3] fit: 0.05350 | delta: 2.1e-04 | secs: 0.03839
INFO : RESCAL : [  4] fit: 0.05317 | delta: 3.4e-04 | secs: 0.03588
INFO : RESCAL : [  5] fit: 0.05290 | delta: 2.6e-04 | secs: 0.03919
INFO : RESCAL : [  6] fit: 0.05267 | delta: 2.3e-04 | secs: 0.03656
INFO : RESCAL : [  7] fit: 0.05248 | delta: 1.9e-04 | secs: 0.03498
INFO : RESCAL : [  8] fit: 0.05231 | delta: 1.6e-04 | secs: 0.03658
INFO : RESCAL : [  9] fit: 0.05217 | delta: 1.4e-04 | secs: 0.03780
INFO : RESCAL : [ 10] fit: 0.05206 | delta: 1.2e-04 | secs: 0.03919
INFO : RESCAL : [ 11] fit: 0.05195 | delta: 1.0e-04 | secs: 0.06405
INFO : RESCAL : [ 12] fit: 0.05187 | delta: 8.7e-05 | secs: 0.05662
[Fold 0] AUC-PR: 0.075729
INFO : RESCAL : [  0] fit: 0.04812 | delta: 4.8e-02 | secs: 0.04045
INFO : RESCAL : [  1] fit: 0.05651 | delta: 8.4e-03 | secs: 0.03933
INFO : RESCAL : [  2] fit: 0.05658 | delta: 6.7e-05 | secs: 0.03537
[Fold 1] AUC-PR: 0.135257
INFO : RESCAL : [  0] fit: 0.04714 | delta: 4.7e-02 | secs: 0.03961
INFO : RESCAL : [  1] fit: 0.05528 | delta: 8.1e-03 | secs: 0.03719
INFO : RESCAL : [  2] fit: 0.05540 | delta: 1.1e-04 | secs: 0.03823
INFO : RESCAL : [  3] fit: 0.05523 | delta: 1.7e-04 | secs: 0.03866
INFO : RESCAL : [  4] fit: 0.05495 | delta: 2.8e-04 | secs: 0.03653
INFO : RESCAL : [  5] fit: 0.05474 | delta: 2.1e-04 | secs: 0.03943
INFO : RESCAL : [  6] fit: 0.05455 | delta: 1.9e-04 | secs: 0.03950
INFO : RESCAL : [  7] fit: 0.05440 | delta: 1.6e-04 | secs: 0.03706
INFO : RESCAL : [  8] fit: 0.05426 | delta: 1.3e-04 | secs: 0.03675
INFO : RESCAL : [  9] fit: 0.05415 | delta: 1.1e-04 | secs: 0.03885
INFO : RESCAL : [ 10] fit: 0.05406 | delta: 9.7e-05 | secs: 0.03783
[Fold 2] AUC-PR: 0.078674
INFO : RESCAL : [  0] fit: 0.04867 | delta: 4.9e-02 | secs: 0.04388
INFO : RESCAL : [  1] fit: 0.05572 | delta: 7.0e-03 | secs: 0.04130
INFO : RESCAL : [  2] fit: 0.05602 | delta: 3.0e-04 | secs: 0.04015
INFO : RESCAL : [  3] fit: 0.05583 | delta: 1.9e-04 | secs: 0.03633
INFO : RESCAL : [  4] fit: 0.05555 | delta: 2.8e-04 | secs: 0.03931
INFO : RESCAL : [  5] fit: 0.05533 | delta: 2.2e-04 | secs: 0.04358
INFO : RESCAL : [  6] fit: 0.05513 | delta: 1.9e-04 | secs: 0.03912
INFO : RESCAL : [  7] fit: 0.05497 | delta: 1.6e-04 | secs: 0.04004
INFO : RESCAL : [  8] fit: 0.05483 | delta: 1.4e-04 | secs: 0.03800
INFO : RESCAL : [  9] fit: 0.05471 | delta: 1.2e-04 | secs: 0.03839
INFO : RESCAL : [ 10] fit: 0.05460 | delta: 1.0e-04 | secs: 0.03605
INFO : RESCAL : [ 11] fit: 0.05451 | delta: 9.0e-05 | secs: 0.03945
[Fold 3] AUC-PR: 0.077635
INFO : RESCAL : [  0] fit: 0.04758 | delta: 4.8e-02 | secs: 0.04085
INFO : RESCAL : [  1] fit: 0.05487 | delta: 7.3e-03 | secs: 0.03901
INFO : RESCAL : [  2] fit: 0.05501 | delta: 1.4e-04 | secs: 0.03885
INFO : RESCAL : [  3] fit: 0.05486 | delta: 1.5e-04 | secs: 0.03679
INFO : RESCAL : [  4] fit: 0.05457 | delta: 2.9e-04 | secs: 0.03798
INFO : RESCAL : [  5] fit: 0.05436 | delta: 2.1e-04 | secs: 0.03585
INFO : RESCAL : [  6] fit: 0.05417 | delta: 1.9e-04 | secs: 0.03839
INFO : RESCAL : [  7] fit: 0.05400 | delta: 1.6e-04 | secs: 0.03997
INFO : RESCAL : [  8] fit: 0.05387 | delta: 1.4e-04 | secs: 0.03908
INFO : RESCAL : [  9] fit: 0.05375 | delta: 1.2e-04 | secs: 0.03685
INFO : RESCAL : [ 10] fit: 0.05365 | delta: 1.0e-04 | secs: 0.03700
INFO : RESCAL : [ 11] fit: 0.05356 | delta: 8.7e-05 | secs: 0.03763
[Fold 4] AUC-PR: 0.075108
INFO : RESCAL : [  0] fit: 0.04403 | delta: 4.4e-02 | secs: 0.03838
INFO : RESCAL : [  1] fit: 0.05190 | delta: 7.9e-03 | secs: 0.03661
INFO : RESCAL : [  2] fit: 0.05210 | delta: 1.9e-04 | secs: 0.04091
INFO : RESCAL : [  3] fit: 0.05189 | delta: 2.1e-04 | secs: 0.04108
INFO : RESCAL : [  4] fit: 0.05155 | delta: 3.4e-04 | secs: 0.04475
INFO : RESCAL : [  5] fit: 0.05128 | delta: 2.7e-04 | secs: 0.04564
INFO : RESCAL : [  6] fit: 0.05105 | delta: 2.3e-04 | secs: 0.04643
INFO : RESCAL : [  7] fit: 0.05086 | delta: 1.9e-04 | secs: 0.03716
INFO : RESCAL : [  8] fit: 0.05069 | delta: 1.6e-04 | secs: 0.03813
INFO : RESCAL : [  9] fit: 0.05056 | delta: 1.4e-04 | secs: 0.03764
INFO : RESCAL : [ 10] fit: 0.05044 | delta: 1.2e-04 | secs: 0.03913
INFO : RESCAL : [ 11] fit: 0.05034 | delta: 9.8e-05 | secs: 0.04140
[Fold 5] AUC-PR: 0.074571
INFO : RESCAL : [  0] fit: 0.04741 | delta: 4.7e-02 | secs: 0.03753
INFO : RESCAL : [  1] fit: 0.05640 | delta: 9.0e-03 | secs: 0.03965
INFO : RESCAL : [  2] fit: 0.05645 | delta: 4.5e-05 | secs: 0.03621
[Fold 6] AUC-PR: 0.124791
INFO : RESCAL : [  0] fit: 0.04322 | delta: 4.3e-02 | secs: 0.04254
INFO : RESCAL : [  1] fit: 0.05104 | delta: 7.8e-03 | secs: 0.03764
INFO : RESCAL : [  2] fit: 0.05123 | delta: 1.9e-04 | secs: 0.03810
INFO : RESCAL : [  3] fit: 0.05103 | delta: 2.0e-04 | secs: 0.03732
INFO : RESCAL : [  4] fit: 0.05071 | delta: 3.2e-04 | secs: 0.03927
INFO : RESCAL : [  5] fit: 0.05047 | delta: 2.4e-04 | secs: 0.03967
INFO : RESCAL : [  6] fit: 0.05026 | delta: 2.1e-04 | secs: 0.03994
INFO : RESCAL : [  7] fit: 0.05009 | delta: 1.7e-04 | secs: 0.04118
INFO : RESCAL : [  8] fit: 0.04995 | delta: 1.4e-04 | secs: 0.03864
INFO : RESCAL : [  9] fit: 0.04983 | delta: 1.2e-04 | secs: 0.03978
INFO : RESCAL : [ 10] fit: 0.04973 | delta: 9.9e-05 | secs: 0.03856
[Fold 7] AUC-PR: 0.076875
INFO : RESCAL : [  0] fit: 0.05061 | delta: 5.1e-02 | secs: 0.03993
INFO : RESCAL : [  1] fit: 0.05699 | delta: 6.4e-03 | secs: 0.04445
INFO : RESCAL : [  2] fit: 0.05711 | delta: 1.3e-04 | secs: 0.04139
INFO : RESCAL : [  3] fit: 0.05694 | delta: 1.8e-04 | secs: 0.03956
INFO : RESCAL : [  4] fit: 0.05664 | delta: 2.9e-04 | secs: 0.03748
INFO : RESCAL : [  5] fit: 0.05641 | delta: 2.3e-04 | secs: 0.03929
INFO : RESCAL : [  6] fit: 0.05620 | delta: 2.1e-04 | secs: 0.04154
INFO : RESCAL : [  7] fit: 0.05603 | delta: 1.8e-04 | secs: 0.04245
INFO : RESCAL : [  8] fit: 0.05587 | delta: 1.5e-04 | secs: 0.03696
INFO : RESCAL : [  9] fit: 0.05574 | delta: 1.3e-04 | secs: 0.03574
INFO : RESCAL : [ 10] fit: 0.05563 | delta: 1.2e-04 | secs: 0.03515
INFO : RESCAL : [ 11] fit: 0.05552 | delta: 1.0e-04 | secs: 0.03635
INFO : RESCAL : [ 12] fit: 0.05544 | delta: 8.9e-05 | secs: 0.03830
[Fold 8] AUC-PR: 0.088901
INFO : RESCAL : [  0] fit: 0.04558 | delta: 4.6e-02 | secs: 0.03704
INFO : RESCAL : [  1] fit: 0.05397 | delta: 8.4e-03 | secs: 0.03870
INFO : RESCAL : [  2] fit: 0.05411 | delta: 1.4e-04 | secs: 0.03925
INFO : RESCAL : [  3] fit: 0.05394 | delta: 1.7e-04 | secs: 0.03720
INFO : RESCAL : [  4] fit: 0.05363 | delta: 3.1e-04 | secs: 0.03625
INFO : RESCAL : [  5] fit: 0.05339 | delta: 2.4e-04 | secs: 0.03646
INFO : RESCAL : [  6] fit: 0.05318 | delta: 2.1e-04 | secs: 0.03588
INFO : RESCAL : [  7] fit: 0.05300 | delta: 1.8e-04 | secs: 0.03895
INFO : RESCAL : [  8] fit: 0.05285 | delta: 1.5e-04 | secs: 0.03537
INFO : RESCAL : [  9] fit: 0.05272 | delta: 1.3e-04 | secs: 0.03972
INFO : RESCAL : [ 10] fit: 0.05262 | delta: 1.1e-04 | secs: 0.03964
INFO : RESCAL : [ 11] fit: 0.05253 | delta: 9.0e-05 | secs: 0.04609
[Fold 9] AUC-PR: 0.073874
[Result] AUC-PR mean:0.088141 | std:0.021453 | time:11.76 s
[CSV]    Ligne écrite dans rescal_results.csv
=== FIN: umls rank:100 ===
=== DATASET: nations | rank:50 | lambda_A:5.0 | lambda_R:5.0 ===
[Config] maxIter:100 | conv:1.0e-04 | threads:2
[Data]   nnz:1592 | import_time:0.02 s
INFO : RESCAL : [  0] fit: 0.26686 | delta: 2.7e-01 | secs: 0.02378
INFO : RESCAL : [  1] fit: 0.27092 | delta: 4.1e-03 | secs: 0.02346
INFO : RESCAL : [  2] fit: 0.27240 | delta: 1.5e-03 | secs: 0.02349
INFO : RESCAL : [  3] fit: 0.27285 | delta: 4.5e-04 | secs: 0.02370
INFO : RESCAL : [  4] fit: 0.27301 | delta: 1.6e-04 | secs: 0.02326
INFO : RESCAL : [  5] fit: 0.27308 | delta: 6.6e-05 | secs: 0.02289
[Fold 0] AUC-PR: 0.421225
INFO : RESCAL : [  0] fit: 0.26260 | delta: 2.6e-01 | secs: 0.02356
INFO : RESCAL : [  1] fit: 0.27020 | delta: 7.6e-03 | secs: 0.02374
INFO : RESCAL : [  2] fit: 0.27261 | delta: 2.4e-03 | secs: 0.02370
INFO : RESCAL : [  3] fit: 0.27334 | delta: 7.3e-04 | secs: 0.02384
INFO : RESCAL : [  4] fit: 0.27360 | delta: 2.5e-04 | secs: 0.02391
INFO : RESCAL : [  5] fit: 0.27370 | delta: 1.0e-04 | secs: 0.02531
INFO : RESCAL : [  6] fit: 0.27375 | delta: 4.9e-05 | secs: 0.02931
[Fold 1] AUC-PR: 0.434727
INFO : RESCAL : [  0] fit: 0.26490 | delta: 2.6e-01 | secs: 0.02773
INFO : RESCAL : [  1] fit: 0.27385 | delta: 9.0e-03 | secs: 0.02356
INFO : RESCAL : [  2] fit: 0.27634 | delta: 2.5e-03 | secs: 0.02325
INFO : RESCAL : [  3] fit: 0.27706 | delta: 7.3e-04 | secs: 0.02360
INFO : RESCAL : [  4] fit: 0.27729 | delta: 2.3e-04 | secs: 0.02336
INFO : RESCAL : [  5] fit: 0.27736 | delta: 7.5e-05 | secs: 0.02321
[Fold 2] AUC-PR: 0.402651
INFO : RESCAL : [  0] fit: 0.26612 | delta: 2.7e-01 | secs: 0.02235
INFO : RESCAL : [  1] fit: 0.27403 | delta: 7.9e-03 | secs: 0.02217
INFO : RESCAL : [  2] fit: 0.27624 | delta: 2.2e-03 | secs: 0.02428
INFO : RESCAL : [  3] fit: 0.27691 | delta: 6.7e-04 | secs: 0.02234
INFO : RESCAL : [  4] fit: 0.27713 | delta: 2.2e-04 | secs: 0.02234
INFO : RESCAL : [  5] fit: 0.27722 | delta: 8.2e-05 | secs: 0.02230
[Fold 3] AUC-PR: 0.453261
INFO : RESCAL : [  0] fit: 0.26340 | delta: 2.6e-01 | secs: 0.02252
INFO : RESCAL : [  1] fit: 0.27293 | delta: 9.5e-03 | secs: 0.02402
INFO : RESCAL : [  2] fit: 0.27573 | delta: 2.8e-03 | secs: 0.02364
INFO : RESCAL : [  3] fit: 0.27657 | delta: 8.4e-04 | secs: 0.02434
INFO : RESCAL : [  4] fit: 0.27683 | delta: 2.6e-04 | secs: 0.02390
INFO : RESCAL : [  5] fit: 0.27691 | delta: 8.7e-05 | secs: 0.02368
[Fold 4] AUC-PR: 0.414672
INFO : RESCAL : [  0] fit: 0.26462 | delta: 2.6e-01 | secs: 0.02382
INFO : RESCAL : [  1] fit: 0.27231 | delta: 7.7e-03 | secs: 0.02355
INFO : RESCAL : [  2] fit: 0.27454 | delta: 2.2e-03 | secs: 0.02561
INFO : RESCAL : [  3] fit: 0.27516 | delta: 6.1e-04 | secs: 0.02261
INFO : RESCAL : [  4] fit: 0.27531 | delta: 1.5e-04 | secs: 0.02235
INFO : RESCAL : [  5] fit: 0.27533 | delta: 2.4e-05 | secs: 0.02228
[Fold 5] AUC-PR: 0.456547
INFO : RESCAL : [  0] fit: 0.26973 | delta: 2.7e-01 | secs: 0.02240
INFO : RESCAL : [  1] fit: 0.27368 | delta: 4.0e-03 | secs: 0.02240
INFO : RESCAL : [  2] fit: 0.27493 | delta: 1.3e-03 | secs: 0.02289
INFO : RESCAL : [  3] fit: 0.27528 | delta: 3.4e-04 | secs: 0.02238
INFO : RESCAL : [  4] fit: 0.27538 | delta: 9.9e-05 | secs: 0.02489
[Fold 6] AUC-PR: 0.467763
INFO : RESCAL : [  0] fit: 0.27243 | delta: 2.7e-01 | secs: 0.02370
INFO : RESCAL : [  1] fit: 0.27824 | delta: 5.8e-03 | secs: 0.02219
INFO : RESCAL : [  2] fit: 0.27994 | delta: 1.7e-03 | secs: 0.02250
INFO : RESCAL : [  3] fit: 0.28043 | delta: 4.8e-04 | secs: 0.02257
INFO : RESCAL : [  4] fit: 0.28055 | delta: 1.2e-04 | secs: 0.02243
INFO : RESCAL : [  5] fit: 0.28057 | delta: 1.8e-05 | secs: 0.02247
[Fold 7] AUC-PR: 0.419917
INFO : RESCAL : [  0] fit: 0.26383 | delta: 2.6e-01 | secs: 0.02218
INFO : RESCAL : [  1] fit: 0.27125 | delta: 7.4e-03 | secs: 0.02258
INFO : RESCAL : [  2] fit: 0.27315 | delta: 1.9e-03 | secs: 0.02261
INFO : RESCAL : [  3] fit: 0.27369 | delta: 5.4e-04 | secs: 0.02242
INFO : RESCAL : [  4] fit: 0.27384 | delta: 1.5e-04 | secs: 0.02258
INFO : RESCAL : [  5] fit: 0.27388 | delta: 4.3e-05 | secs: 0.02245
[Fold 8] AUC-PR: 0.512686
INFO : RESCAL : [  0] fit: 0.26408 | delta: 2.6e-01 | secs: 0.02261
INFO : RESCAL : [  1] fit: 0.27202 | delta: 7.9e-03 | secs: 0.02267
INFO : RESCAL : [  2] fit: 0.27428 | delta: 2.3e-03 | secs: 0.02261
INFO : RESCAL : [  3] fit: 0.27498 | delta: 7.0e-04 | secs: 0.02246
INFO : RESCAL : [  4] fit: 0.27522 | delta: 2.4e-04 | secs: 0.02247
INFO : RESCAL : [  5] fit: 0.27531 | delta: 9.6e-05 | secs: 0.02236
[Fold 9] AUC-PR: 0.450932
[Result] AUC-PR mean:0.443438 | std:0.030537 | time:2.29 s
[CSV]    Ligne écrite dans rescal_results.csv
=== FIN: nations rank:50 ===
=== DATASET: nations | rank:90 | lambda_A:5.0 | lambda_R:5.0 ===
[Config] maxIter:100 | conv:1.0e-04 | threads:2
[Data]   nnz:1592 | import_time:0.00 s
INFO : RESCAL : [  0] fit: 0.27467 | delta: 2.7e-01 | secs: 0.02900
INFO : RESCAL : [  1] fit: 0.28005 | delta: 5.4e-03 | secs: 0.02861
INFO : RESCAL : [  2] fit: 0.28093 | delta: 8.8e-04 | secs: 0.02838
INFO : RESCAL : [  3] fit: 0.28108 | delta: 1.5e-04 | secs: 0.02969
INFO : RESCAL : [  4] fit: 0.28104 | delta: 4.3e-05 | secs: 0.02866
[Fold 0] AUC-PR: 0.437269
INFO : RESCAL : [  0] fit: 0.26926 | delta: 2.7e-01 | secs: 0.02817
INFO : RESCAL : [  1] fit: 0.27184 | delta: 2.6e-03 | secs: 0.02796
INFO : RESCAL : [  2] fit: 0.27239 | delta: 5.5e-04 | secs: 0.03033
INFO : RESCAL : [  3] fit: 0.27245 | delta: 6.0e-05 | secs: 0.02856
[Fold 1] AUC-PR: 0.443711
INFO : RESCAL : [  0] fit: 0.26624 | delta: 2.7e-01 | secs: 0.02929
INFO : RESCAL : [  1] fit: 0.27071 | delta: 4.5e-03 | secs: 0.02881
INFO : RESCAL : [  2] fit: 0.27128 | delta: 5.7e-04 | secs: 0.02793
INFO : RESCAL : [  3] fit: 0.27138 | delta: 9.8e-05 | secs: 0.02889
[Fold 2] AUC-PR: 0.470507
INFO : RESCAL : [  0] fit: 0.27210 | delta: 2.7e-01 | secs: 0.02877
INFO : RESCAL : [  1] fit: 0.27948 | delta: 7.4e-03 | secs: 0.02873
INFO : RESCAL : [  2] fit: 0.28072 | delta: 1.2e-03 | secs: 0.02834
INFO : RESCAL : [  3] fit: 0.28096 | delta: 2.4e-04 | secs: 0.03020
INFO : RESCAL : [  4] fit: 0.28093 | delta: 3.1e-05 | secs: 0.03048
[Fold 3] AUC-PR: 0.392517
INFO : RESCAL : [  0] fit: 0.27111 | delta: 2.7e-01 | secs: 0.02854
INFO : RESCAL : [  1] fit: 0.27799 | delta: 6.9e-03 | secs: 0.02721
INFO : RESCAL : [  2] fit: 0.27934 | delta: 1.3e-03 | secs: 0.02830
INFO : RESCAL : [  3] fit: 0.27968 | delta: 3.4e-04 | secs: 0.02828
INFO : RESCAL : [  4] fit: 0.27972 | delta: 3.7e-05 | secs: 0.02762
[Fold 4] AUC-PR: 0.397479
INFO : RESCAL : [  0] fit: 0.26732 | delta: 2.7e-01 | secs: 0.02786
INFO : RESCAL : [  1] fit: 0.27771 | delta: 1.0e-02 | secs: 0.02839
INFO : RESCAL : [  2] fit: 0.28011 | delta: 2.4e-03 | secs: 0.02909
INFO : RESCAL : [  3] fit: 0.28073 | delta: 6.1e-04 | secs: 0.02851
INFO : RESCAL : [  4] fit: 0.28083 | delta: 1.1e-04 | secs: 0.02871
INFO : RESCAL : [  5] fit: 0.28082 | delta: 1.6e-05 | secs: 0.02813
[Fold 5] AUC-PR: 0.442347
INFO : RESCAL : [  0] fit: 0.26584 | delta: 2.7e-01 | secs: 0.02853
INFO : RESCAL : [  1] fit: 0.27324 | delta: 7.4e-03 | secs: 0.02815
INFO : RESCAL : [  2] fit: 0.27484 | delta: 1.6e-03 | secs: 0.03152
INFO : RESCAL : [  3] fit: 0.27517 | delta: 3.3e-04 | secs: 0.02871
INFO : RESCAL : [  4] fit: 0.27517 | delta: 1.6e-06 | secs: 0.03061
[Fold 6] AUC-PR: 0.422234
INFO : RESCAL : [  0] fit: 0.26653 | delta: 2.7e-01 | secs: 0.02920
INFO : RESCAL : [  1] fit: 0.27233 | delta: 5.8e-03 | secs: 0.03249
INFO : RESCAL : [  2] fit: 0.27345 | delta: 1.1e-03 | secs: 0.03474
INFO : RESCAL : [  3] fit: 0.27365 | delta: 2.0e-04 | secs: 0.03156
INFO : RESCAL : [  4] fit: 0.27361 | delta: 4.2e-05 | secs: 0.02990
[Fold 7] AUC-PR: 0.443856
INFO : RESCAL : [  0] fit: 0.26696 | delta: 2.7e-01 | secs: 0.02906
INFO : RESCAL : [  1] fit: 0.27237 | delta: 5.4e-03 | secs: 0.02900
INFO : RESCAL : [  2] fit: 0.27322 | delta: 8.5e-04 | secs: 0.02907
INFO : RESCAL : [  3] fit: 0.27339 | delta: 1.7e-04 | secs: 0.02824
INFO : RESCAL : [  4] fit: 0.27337 | delta: 2.1e-05 | secs: 0.02811
[Fold 8] AUC-PR: 0.472574
INFO : RESCAL : [  0] fit: 0.26990 | delta: 2.7e-01 | secs: 0.02817
INFO : RESCAL : [  1] fit: 0.27265 | delta: 2.8e-03 | secs: 0.02923
INFO : RESCAL : [  2] fit: 0.27306 | delta: 4.1e-04 | secs: 0.02936
INFO : RESCAL : [  3] fit: 0.27310 | delta: 4.1e-05 | secs: 0.02961
[Fold 9] AUC-PR: 0.503488
[Result] AUC-PR mean:0.442598 | std:0.032210 | time:3.42 s
[CSV]    Ligne écrite dans rescal_results.csv
=== FIN: nations rank:90 ===
=== DATASET: nations | rank:100 | lambda_A:10.0 | lambda_R:10.0 ===
[Config] maxIter:100 | conv:1.0e-04 | threads:2
[Data]   nnz:1592 | import_time:0.00 s
INFO : RESCAL : [  0] fit: 0.00096 | delta: 9.6e-04 | secs: 0.03395
INFO : RESCAL : [  1] fit: 0.04290 | delta: 4.2e-02 | secs: 0.03385
INFO : RESCAL : [  2] fit: 0.04903 | delta: 6.1e-03 | secs: 0.03338
INFO : RESCAL : [  3] fit: 0.05021 | delta: 1.2e-03 | secs: 0.03325
INFO : RESCAL : [  4] fit: 0.05055 | delta: 3.4e-04 | secs: 0.03322
INFO : RESCAL : [  5] fit: 0.05067 | delta: 1.2e-04 | secs: 0.03203
INFO : RESCAL : [  6] fit: 0.05072 | delta: 5.0e-05 | secs: 0.03791
[Fold 0] AUC-PR: 0.384583
INFO : RESCAL : [  0] fit: 0.00922 | delta: 9.2e-03 | secs: 0.03696
INFO : RESCAL : [  1] fit: 0.04696 | delta: 3.8e-02 | secs: 0.03388
INFO : RESCAL : [  2] fit: 0.05365 | delta: 6.7e-03 | secs: 0.03238
INFO : RESCAL : [  3] fit: 0.05490 | delta: 1.3e-03 | secs: 0.03334
INFO : RESCAL : [  4] fit: 0.05528 | delta: 3.7e-04 | secs: 0.03296
INFO : RESCAL : [  5] fit: 0.05541 | delta: 1.3e-04 | secs: 0.03180
INFO : RESCAL : [  6] fit: 0.05546 | delta: 5.4e-05 | secs: 0.03218
[Fold 1] AUC-PR: 0.346167
INFO : RESCAL : [  0] fit: 0.00797 | delta: 8.0e-03 | secs: 0.03120
INFO : RESCAL : [  1] fit: 0.04535 | delta: 3.7e-02 | secs: 0.03042
INFO : RESCAL : [  2] fit: 0.05152 | delta: 6.2e-03 | secs: 0.03404
INFO : RESCAL : [  3] fit: 0.05274 | delta: 1.2e-03 | secs: 0.03463
INFO : RESCAL : [  4] fit: 0.05311 | delta: 3.7e-04 | secs: 0.03399
INFO : RESCAL : [  5] fit: 0.05324 | delta: 1.3e-04 | secs: 0.03387
INFO : RESCAL : [  6] fit: 0.05330 | delta: 5.4e-05 | secs: 0.03116
[Fold 2] AUC-PR: 0.384829
INFO : RESCAL : [  0] fit: 0.00897 | delta: 9.0e-03 | secs: 0.03152
INFO : RESCAL : [  1] fit: 0.04852 | delta: 4.0e-02 | secs: 0.03147
INFO : RESCAL : [  2] fit: 0.05551 | delta: 7.0e-03 | secs: 0.03241
INFO : RESCAL : [  3] fit: 0.05680 | delta: 1.3e-03 | secs: 0.03098
INFO : RESCAL : [  4] fit: 0.05718 | delta: 3.8e-04 | secs: 0.03032
INFO : RESCAL : [  5] fit: 0.05731 | delta: 1.3e-04 | secs: 0.03124
INFO : RESCAL : [  6] fit: 0.05737 | delta: 5.4e-05 | secs: 0.03344
[Fold 3] AUC-PR: 0.268633
INFO : RESCAL : [  0] fit: 0.01108 | delta: 1.1e-02 | secs: 0.03051
INFO : RESCAL : [  1] fit: 0.04735 | delta: 3.6e-02 | secs: 0.03123
INFO : RESCAL : [  2] fit: 0.05388 | delta: 6.5e-03 | secs: 0.03110
INFO : RESCAL : [  3] fit: 0.05511 | delta: 1.2e-03 | secs: 0.02996
INFO : RESCAL : [  4] fit: 0.05548 | delta: 3.7e-04 | secs: 0.03064
INFO : RESCAL : [  5] fit: 0.05561 | delta: 1.3e-04 | secs: 0.03113
INFO : RESCAL : [  6] fit: 0.05566 | delta: 5.4e-05 | secs: 0.03164
[Fold 4] AUC-PR: 0.328641
INFO : RESCAL : [  0] fit: 0.00195 | delta: 1.9e-03 | secs: 0.03188
INFO : RESCAL : [  1] fit: 0.04268 | delta: 4.1e-02 | secs: 0.03087
INFO : RESCAL : [  2] fit: 0.04906 | delta: 6.4e-03 | secs: 0.03143
INFO : RESCAL : [  3] fit: 0.05025 | delta: 1.2e-03 | secs: 0.03282
INFO : RESCAL : [  4] fit: 0.05060 | delta: 3.5e-04 | secs: 0.03072
INFO : RESCAL : [  5] fit: 0.05073 | delta: 1.3e-04 | secs: 0.03289
INFO : RESCAL : [  6] fit: 0.05078 | delta: 5.2e-05 | secs: 0.03180
[Fold 5] AUC-PR: 0.326373
INFO : RESCAL : [  0] fit: 0.00890 | delta: 8.9e-03 | secs: 0.03157
INFO : RESCAL : [  1] fit: 0.04639 | delta: 3.7e-02 | secs: 0.03241
INFO : RESCAL : [  2] fit: 0.05340 | delta: 7.0e-03 | secs: 0.03198
INFO : RESCAL : [  3] fit: 0.05472 | delta: 1.3e-03 | secs: 0.03165
INFO : RESCAL : [  4] fit: 0.05512 | delta: 3.9e-04 | secs: 0.03001
INFO : RESCAL : [  5] fit: 0.05525 | delta: 1.4e-04 | secs: 0.03062
INFO : RESCAL : [  6] fit: 0.05531 | delta: 5.7e-05 | secs: 0.03148
[Fold 6] AUC-PR: 0.329180
INFO : RESCAL : [  0] fit: 0.01377 | delta: 1.4e-02 | secs: 0.03194
INFO : RESCAL : [  1] fit: 0.04802 | delta: 3.4e-02 | secs: 0.03072
INFO : RESCAL : [  2] fit: 0.05444 | delta: 6.4e-03 | secs: 0.03088
INFO : RESCAL : [  3] fit: 0.05565 | delta: 1.2e-03 | secs: 0.03099
INFO : RESCAL : [  4] fit: 0.05602 | delta: 3.7e-04 | secs: 0.03246
INFO : RESCAL : [  5] fit: 0.05616 | delta: 1.3e-04 | secs: 0.03004
INFO : RESCAL : [  6] fit: 0.05621 | delta: 5.5e-05 | secs: 0.03130
[Fold 7] AUC-PR: 0.316466
INFO : RESCAL : [  0] fit: 0.00720 | delta: 7.2e-03 | secs: 0.03046
INFO : RESCAL : [  1] fit: 0.04378 | delta: 3.7e-02 | secs: 0.03280
INFO : RESCAL : [  2] fit: 0.05017 | delta: 6.4e-03 | secs: 0.03488
INFO : RESCAL : [  3] fit: 0.05165 | delta: 1.5e-03 | secs: 0.03077
INFO : RESCAL : [  4] fit: 0.05212 | delta: 4.6e-04 | secs: 0.03171
INFO : RESCAL : [  5] fit: 0.05227 | delta: 1.5e-04 | secs: 0.03133
INFO : RESCAL : [  6] fit: 0.05232 | delta: 5.0e-05 | secs: 0.03049
[Fold 8] AUC-PR: 0.388147
INFO : RESCAL : [  0] fit: 0.00415 | delta: 4.2e-03 | secs: 0.04966
INFO : RESCAL : [  1] fit: 0.04390 | delta: 4.0e-02 | secs: 0.03494
INFO : RESCAL : [  2] fit: 0.05002 | delta: 6.1e-03 | secs: 0.03269
INFO : RESCAL : [  3] fit: 0.05121 | delta: 1.2e-03 | secs: 0.03139
INFO : RESCAL : [  4] fit: 0.05160 | delta: 3.9e-04 | secs: 0.03184
INFO : RESCAL : [  5] fit: 0.05174 | delta: 1.5e-04 | secs: 0.03115
INFO : RESCAL : [  6] fit: 0.05180 | delta: 6.0e-05 | secs: 0.03054
[Fold 9] AUC-PR: 0.376224
[Result] AUC-PR mean:0.344924 | std:0.036745 | time:5.73 s
[CSV]    Ligne écrite dans rescal_results.csv
=== FIN: nations rank:100 ===
====================================================
RÉSUMÉ FINAL
====================================================
Combinaisons exécutées : 9 / 9
Résultats sauvegardés  : rescal_results.csv
====================================================
