Thread(s) : 6
Fold      : 01
Debut     : 2026-05-28 04:31:46
====================================================

====================================================
Fold 01
====================================================
=== DATASET: fb15k237 | rank:200 | lambda_A:0.1 | lambda_R:0.1 ===
[Config] maxIter:20 | conv:1.0e-06 | threads:6
[Data]   n_entities:14541 | n_relations:237 | total_nnz:310116
[Data]   nnz:310116 | import_time:0.04 s
[Eval]   positifs:2000 | neg/pos:1 | folds:10 | mode:cross-validation CSR echantillonnee
INFO : RESCAL : [  0] fit: 0.29001 | delta: 2.9e-01 | secs: 26.45558
INFO : RESCAL : [  1] fit: 0.40346 | delta: 1.1e-01 | secs: 31.48000
INFO : RESCAL : [  2] fit: 0.41635 | delta: 1.3e-02 | secs: 28.90167
INFO : RESCAL : [  3] fit: 0.42102 | delta: 4.7e-03 | secs: 28.17509
INFO : RESCAL : [  4] fit: 0.42338 | delta: 2.4e-03 | secs: 28.64559
INFO : RESCAL : [  5] fit: 0.42477 | delta: 1.4e-03 | secs: 29.37993
INFO : RESCAL : [  6] fit: 0.42569 | delta: 9.2e-04 | secs: 28.83715
INFO : RESCAL : [  7] fit: 0.42634 | delta: 6.5e-04 | secs: 27.24418
INFO : RESCAL : [  8] fit: 0.42677 | delta: 4.3e-04 | secs: 28.48421
INFO : RESCAL : [  9] fit: 0.42706 | delta: 2.9e-04 | secs: 31.21934
INFO : RESCAL : [ 10] fit: 0.42728 | delta: 2.2e-04 | secs: 30.36172
INFO : RESCAL : [ 11] fit: 0.42747 | delta: 1.9e-04 | secs: 26.35921
INFO : RESCAL : [ 12] fit: 0.42765 | delta: 1.7e-04 | secs: 31.30923
INFO : RESCAL : [ 13] fit: 0.42780 | delta: 1.5e-04 | secs: 28.43386
INFO : RESCAL : [ 14] fit: 0.42793 | delta: 1.3e-04 | secs: 32.57808
INFO : RESCAL : [ 15] fit: 0.42805 | delta: 1.2e-04 | secs: 30.09720
INFO : RESCAL : [ 16] fit: 0.42815 | delta: 1.0e-04 | secs: 28.10819
INFO : RESCAL : [ 17] fit: 0.42824 | delta: 9.0e-05 | secs: 28.47718
INFO : RESCAL : [ 18] fit: 0.42832 | delta: 7.8e-05 | secs: 28.38543
INFO : RESCAL : [ 19] fit: 0.42839 | delta: 7.1e-05 | secs: 28.76824
[Fold 1] AUC-PR: 0.979240
