Thread(s) : 6
Fold      : 05
Debut     : 2026-05-28 04:31:46
====================================================

====================================================
Fold 05
====================================================
=== DATASET: fb15k237 | rank:200 | lambda_A:0.1 | lambda_R:0.1 ===
[Config] maxIter:20 | conv:1.0e-06 | threads:6
[Data]   n_entities:14541 | n_relations:237 | total_nnz:310116
[Data]   nnz:310116 | import_time:0.04 s
[Eval]   positifs:2000 | neg/pos:1 | folds:10 | mode:cross-validation CSR echantillonnee
INFO : RESCAL : [  0] fit: 0.29075 | delta: 2.9e-01 | secs: 26.72090
INFO : RESCAL : [  1] fit: 0.40403 | delta: 1.1e-01 | secs: 31.50234
INFO : RESCAL : [  2] fit: 0.41702 | delta: 1.3e-02 | secs: 28.78068
INFO : RESCAL : [  3] fit: 0.42175 | delta: 4.7e-03 | secs: 28.19861
INFO : RESCAL : [  4] fit: 0.42410 | delta: 2.4e-03 | secs: 27.34602
INFO : RESCAL : [  5] fit: 0.42532 | delta: 1.2e-03 | secs: 30.24528
INFO : RESCAL : [  6] fit: 0.42607 | delta: 7.5e-04 | secs: 29.10178
INFO : RESCAL : [  7] fit: 0.42656 | delta: 4.9e-04 | secs: 26.81529
INFO : RESCAL : [  8] fit: 0.42693 | delta: 3.7e-04 | secs: 30.40666
INFO : RESCAL : [  9] fit: 0.42722 | delta: 2.9e-04 | secs: 27.33566
INFO : RESCAL : [ 10] fit: 0.42749 | delta: 2.6e-04 | secs: 32.96279
INFO : RESCAL : [ 11] fit: 0.42772 | delta: 2.4e-04 | secs: 30.92363
INFO : RESCAL : [ 12] fit: 0.42794 | delta: 2.2e-04 | secs: 27.14767
INFO : RESCAL : [ 13] fit: 0.42813 | delta: 1.9e-04 | secs: 27.34967
INFO : RESCAL : [ 14] fit: 0.42830 | delta: 1.7e-04 | secs: 28.91929
INFO : RESCAL : [ 15] fit: 0.42846 | delta: 1.5e-04 | secs: 27.74335
INFO : RESCAL : [ 16] fit: 0.42859 | delta: 1.4e-04 | secs: 28.98403
INFO : RESCAL : [ 17] fit: 0.42871 | delta: 1.2e-04 | secs: 27.66562
INFO : RESCAL : [ 18] fit: 0.42882 | delta: 1.1e-04 | secs: 27.77537
INFO : RESCAL : [ 19] fit: 0.42892 | delta: 9.7e-05 | secs: 27.72704
[Fold 5] AUC-PR: 0.984494
