Thread(s) : 6
Fold      : 04
Debut     : 2026-05-28 04:31:46
====================================================

====================================================
Fold 04
====================================================
=== DATASET: fb15k237 | rank:200 | lambda_A:0.1 | lambda_R:0.1 ===
[Config] maxIter:20 | conv:1.0e-06 | threads:6
[Data]   n_entities:14541 | n_relations:237 | total_nnz:310116
[Data]   nnz:310116 | import_time:0.04 s
[Eval]   positifs:2000 | neg/pos:1 | folds:10 | mode:cross-validation CSR echantillonnee
INFO : RESCAL : [  0] fit: 0.28909 | delta: 2.9e-01 | secs: 27.99406
INFO : RESCAL : [  1] fit: 0.40331 | delta: 1.1e-01 | secs: 32.47160
INFO : RESCAL : [  2] fit: 0.41635 | delta: 1.3e-02 | secs: 29.19114
INFO : RESCAL : [  3] fit: 0.42102 | delta: 4.7e-03 | secs: 26.99200
INFO : RESCAL : [  4] fit: 0.42325 | delta: 2.2e-03 | secs: 32.39039
INFO : RESCAL : [  5] fit: 0.42452 | delta: 1.3e-03 | secs: 27.24449
INFO : RESCAL : [  6] fit: 0.42536 | delta: 8.4e-04 | secs: 32.34770
INFO : RESCAL : [  7] fit: 0.42597 | delta: 6.1e-04 | secs: 28.95707
INFO : RESCAL : [  8] fit: 0.42645 | delta: 4.8e-04 | secs: 28.25456
INFO : RESCAL : [  9] fit: 0.42684 | delta: 3.9e-04 | secs: 28.70899
INFO : RESCAL : [ 10] fit: 0.42716 | delta: 3.2e-04 | secs: 29.45940
INFO : RESCAL : [ 11] fit: 0.42742 | delta: 2.6e-04 | secs: 27.81504
INFO : RESCAL : [ 12] fit: 0.42763 | delta: 2.1e-04 | secs: 28.16848
INFO : RESCAL : [ 13] fit: 0.42781 | delta: 1.8e-04 | secs: 27.38351
INFO : RESCAL : [ 14] fit: 0.42796 | delta: 1.5e-04 | secs: 32.39537
INFO : RESCAL : [ 15] fit: 0.42809 | delta: 1.3e-04 | secs: 28.86616
INFO : RESCAL : [ 16] fit: 0.42821 | delta: 1.1e-04 | secs: 28.33542
INFO : RESCAL : [ 17] fit: 0.42831 | delta: 9.9e-05 | secs: 26.83162
INFO : RESCAL : [ 18] fit: 0.42839 | delta: 8.5e-05 | secs: 28.14014
INFO : RESCAL : [ 19] fit: 0.42847 | delta: 7.5e-05 | secs: 27.83620
[Fold 4] AUC-PR: 0.974277
