Thread(s) : 6
Fold      : 03
Debut     : 2026-05-28 04:31:46
====================================================

====================================================
Fold 03
====================================================
=== DATASET: fb15k237 | rank:200 | lambda_A:0.1 | lambda_R:0.1 ===
[Config] maxIter:20 | conv:1.0e-06 | threads:6
[Data]   n_entities:14541 | n_relations:237 | total_nnz:310116
[Data]   nnz:310116 | import_time:0.04 s
[Eval]   positifs:2000 | neg/pos:1 | folds:10 | mode:cross-validation CSR echantillonnee
INFO : RESCAL : [  0] fit: 0.29182 | delta: 2.9e-01 | secs: 27.94118
INFO : RESCAL : [  1] fit: 0.40396 | delta: 1.1e-01 | secs: 32.59798
INFO : RESCAL : [  2] fit: 0.41652 | delta: 1.3e-02 | secs: 29.07300
INFO : RESCAL : [  3] fit: 0.42122 | delta: 4.7e-03 | secs: 28.04103
INFO : RESCAL : [  4] fit: 0.42343 | delta: 2.2e-03 | secs: 32.64458
INFO : RESCAL : [  5] fit: 0.42481 | delta: 1.4e-03 | secs: 30.33651
INFO : RESCAL : [  6] fit: 0.42572 | delta: 9.1e-04 | secs: 27.66626
INFO : RESCAL : [  7] fit: 0.42629 | delta: 5.7e-04 | secs: 28.81236
INFO : RESCAL : [  8] fit: 0.42664 | delta: 3.5e-04 | secs: 29.01441
INFO : RESCAL : [  9] fit: 0.42687 | delta: 2.4e-04 | secs: 30.36557
INFO : RESCAL : [ 10] fit: 0.42707 | delta: 2.0e-04 | secs: 27.41556
INFO : RESCAL : [ 11] fit: 0.42724 | delta: 1.7e-04 | secs: 28.96660
INFO : RESCAL : [ 12] fit: 0.42740 | delta: 1.6e-04 | secs: 27.76544
INFO : RESCAL : [ 13] fit: 0.42754 | delta: 1.4e-04 | secs: 28.80003
INFO : RESCAL : [ 14] fit: 0.42768 | delta: 1.3e-04 | secs: 27.74781
INFO : RESCAL : [ 15] fit: 0.42780 | delta: 1.2e-04 | secs: 28.94811
INFO : RESCAL : [ 16] fit: 0.42792 | delta: 1.1e-04 | secs: 27.83498
INFO : RESCAL : [ 17] fit: 0.42802 | delta: 1.0e-04 | secs: 27.59491
INFO : RESCAL : [ 18] fit: 0.42812 | delta: 9.6e-05 | secs: 27.82557
INFO : RESCAL : [ 19] fit: 0.42820 | delta: 8.8e-05 | secs: 28.74128
[Fold 3] AUC-PR: 0.978994
