Thread(s) : 6
Fold      : 08
Debut     : 2026-05-28 04:31:46
====================================================

====================================================
Fold 08
====================================================
=== DATASET: fb15k237 | rank:200 | lambda_A:0.1 | lambda_R:0.1 ===
[Config] maxIter:20 | conv:1.0e-06 | threads:6
[Data]   n_entities:14541 | n_relations:237 | total_nnz:310116
[Data]   nnz:310116 | import_time:0.04 s
[Eval]   positifs:2000 | neg/pos:1 | folds:10 | mode:cross-validation CSR echantillonnee
INFO : RESCAL : [  0] fit: 0.29164 | delta: 2.9e-01 | secs: 27.52511
INFO : RESCAL : [  1] fit: 0.40310 | delta: 1.1e-01 | secs: 31.21652
INFO : RESCAL : [  2] fit: 0.41648 | delta: 1.3e-02 | secs: 29.20201
INFO : RESCAL : [  3] fit: 0.42123 | delta: 4.7e-03 | secs: 27.97550
INFO : RESCAL : [  4] fit: 0.42377 | delta: 2.5e-03 | secs: 32.46556
INFO : RESCAL : [  5] fit: 0.42541 | delta: 1.6e-03 | secs: 27.21329
INFO : RESCAL : [  6] fit: 0.42640 | delta: 9.9e-04 | secs: 32.39745
INFO : RESCAL : [  7] fit: 0.42707 | delta: 6.6e-04 | secs: 28.94621
INFO : RESCAL : [  8] fit: 0.42756 | delta: 4.9e-04 | secs: 28.30172
INFO : RESCAL : [  9] fit: 0.42795 | delta: 4.0e-04 | secs: 28.86914
INFO : RESCAL : [ 10] fit: 0.42828 | delta: 3.2e-04 | secs: 28.09209
INFO : RESCAL : [ 11] fit: 0.42855 | delta: 2.8e-04 | secs: 27.86408
INFO : RESCAL : [ 12] fit: 0.42879 | delta: 2.4e-04 | secs: 28.64964
INFO : RESCAL : [ 13] fit: 0.42900 | delta: 2.1e-04 | secs: 27.54042
INFO : RESCAL : [ 14] fit: 0.42919 | delta: 1.9e-04 | secs: 31.29627
INFO : RESCAL : [ 15] fit: 0.42935 | delta: 1.7e-04 | secs: 30.12682
INFO : RESCAL : [ 16] fit: 0.42950 | delta: 1.5e-04 | secs: 27.62103
INFO : RESCAL : [ 17] fit: 0.42964 | delta: 1.3e-04 | secs: 27.40470
INFO : RESCAL : [ 18] fit: 0.42976 | delta: 1.2e-04 | secs: 28.21234
INFO : RESCAL : [ 19] fit: 0.42987 | delta: 1.1e-04 | secs: 29.08657
[Fold 8] AUC-PR: 0.989720
