Thread(s) : 6
Fold      : 02
Debut     : 2026-05-28 04:31:46
====================================================

====================================================
Fold 02
====================================================
=== DATASET: fb15k237 | rank:200 | lambda_A:0.1 | lambda_R:0.1 ===
[Config] maxIter:20 | conv:1.0e-06 | threads:6
[Data]   n_entities:14541 | n_relations:237 | total_nnz:310116
[Data]   nnz:310116 | import_time:0.04 s
[Eval]   positifs:2000 | neg/pos:1 | folds:10 | mode:cross-validation CSR echantillonnee
INFO : RESCAL : [  0] fit: 0.28901 | delta: 2.9e-01 | secs: 26.65924
INFO : RESCAL : [  1] fit: 0.39945 | delta: 1.1e-01 | secs: 32.45326
INFO : RESCAL : [  2] fit: 0.41206 | delta: 1.3e-02 | secs: 29.21596
INFO : RESCAL : [  3] fit: 0.41651 | delta: 4.4e-03 | secs: 26.63140
INFO : RESCAL : [  4] fit: 0.41876 | delta: 2.3e-03 | secs: 32.40539
INFO : RESCAL : [  5] fit: 0.42010 | delta: 1.3e-03 | secs: 30.40482
INFO : RESCAL : [  6] fit: 0.42091 | delta: 8.0e-04 | secs: 27.57533
INFO : RESCAL : [  7] fit: 0.42151 | delta: 6.0e-04 | secs: 27.61395
INFO : RESCAL : [  8] fit: 0.42196 | delta: 4.5e-04 | secs: 27.70782
INFO : RESCAL : [  9] fit: 0.42233 | delta: 3.7e-04 | secs: 27.75499
INFO : RESCAL : [ 10] fit: 0.42264 | delta: 3.0e-04 | secs: 27.77163
INFO : RESCAL : [ 11] fit: 0.42290 | delta: 2.6e-04 | secs: 28.85842
INFO : RESCAL : [ 12] fit: 0.42312 | delta: 2.2e-04 | secs: 27.93099
INFO : RESCAL : [ 13] fit: 0.42332 | delta: 2.0e-04 | secs: 30.19723
INFO : RESCAL : [ 14] fit: 0.42349 | delta: 1.7e-04 | secs: 27.45523
INFO : RESCAL : [ 15] fit: 0.42364 | delta: 1.5e-04 | secs: 27.86949
INFO : RESCAL : [ 16] fit: 0.42377 | delta: 1.3e-04 | secs: 28.70883
INFO : RESCAL : [ 17] fit: 0.42389 | delta: 1.1e-04 | secs: 31.49521
INFO : RESCAL : [ 18] fit: 0.42398 | delta: 9.6e-05 | secs: 28.76542
INFO : RESCAL : [ 19] fit: 0.42407 | delta: 8.3e-05 | secs: 31.17085
[Fold 2] AUC-PR: 0.973298
