Thread(s) : 6
Fold      : 07
Debut     : 2026-05-28 04:31:46
====================================================

====================================================
Fold 07
====================================================
=== DATASET: fb15k237 | rank:200 | lambda_A:0.1 | lambda_R:0.1 ===
[Config] maxIter:20 | conv:1.0e-06 | threads:6
[Data]   n_entities:14541 | n_relations:237 | total_nnz:310116
[Data]   nnz:310116 | import_time:0.04 s
[Eval]   positifs:2000 | neg/pos:1 | folds:10 | mode:cross-validation CSR echantillonnee
INFO : RESCAL : [  0] fit: 0.28925 | delta: 2.9e-01 | secs: 26.90647
INFO : RESCAL : [  1] fit: 0.40101 | delta: 1.1e-01 | secs: 31.27249
INFO : RESCAL : [  2] fit: 0.41392 | delta: 1.3e-02 | secs: 29.38202
INFO : RESCAL : [  3] fit: 0.41828 | delta: 4.4e-03 | secs: 26.89858
INFO : RESCAL : [  4] fit: 0.42039 | delta: 2.1e-03 | secs: 32.48397
INFO : RESCAL : [  5] fit: 0.42158 | delta: 1.2e-03 | secs: 27.32134
INFO : RESCAL : [  6] fit: 0.42228 | delta: 7.0e-04 | secs: 32.65106
INFO : RESCAL : [  7] fit: 0.42279 | delta: 5.1e-04 | secs: 29.01556
INFO : RESCAL : [  8] fit: 0.42319 | delta: 4.0e-04 | secs: 27.70589
INFO : RESCAL : [  9] fit: 0.42353 | delta: 3.5e-04 | secs: 31.61981
INFO : RESCAL : [ 10] fit: 0.42384 | delta: 3.1e-04 | secs: 26.89423
INFO : RESCAL : [ 11] fit: 0.42411 | delta: 2.7e-04 | secs: 31.16582
INFO : RESCAL : [ 12] fit: 0.42436 | delta: 2.4e-04 | secs: 29.05061
INFO : RESCAL : [ 13] fit: 0.42458 | delta: 2.2e-04 | secs: 28.30152
INFO : RESCAL : [ 14] fit: 0.42479 | delta: 2.1e-04 | secs: 28.19350
INFO : RESCAL : [ 15] fit: 0.42499 | delta: 2.0e-04 | secs: 28.26018
INFO : RESCAL : [ 16] fit: 0.42516 | delta: 1.8e-04 | secs: 28.95690
INFO : RESCAL : [ 17] fit: 0.42533 | delta: 1.6e-04 | secs: 26.91329
INFO : RESCAL : [ 18] fit: 0.42547 | delta: 1.4e-04 | secs: 31.39312
INFO : RESCAL : [ 19] fit: 0.42560 | delta: 1.3e-04 | secs: 27.96715
[Fold 7] AUC-PR: 0.982274
