Thread(s) : 26
Fold      : 09
Debut     : 2026-05-28 16:46:15
====================================================

====================================================
Fold 09
====================================================
=== DATASET: fb15k237 | rank:200 | lambda_A:0.1 | lambda_R:0.1 ===
[Config] maxIter:20 | conv:1.0e-06 | threads:26
[Data]   n_entities:14541 | n_relations:237 | total_nnz:310116
[Data]   nnz:310116 | import_time:0.04 s
[Eval]   positifs:2000 | neg/pos:1 | folds:10 | mode:cross-validation CSR echantillonnee
INFO : RESCAL : [  0] fit: 0.28605 | delta: 2.9e-01 | secs: 18.21116
INFO : RESCAL : [  1] fit: 0.39929 | delta: 1.1e-01 | secs: 18.66400
INFO : RESCAL : [  2] fit: 0.41244 | delta: 1.3e-02 | secs: 17.50530
INFO : RESCAL : [  3] fit: 0.41749 | delta: 5.1e-03 | secs: 17.87711
INFO : RESCAL : [  4] fit: 0.41983 | delta: 2.3e-03 | secs: 17.70939
INFO : RESCAL : [  5] fit: 0.42105 | delta: 1.2e-03 | secs: 17.95234
INFO : RESCAL : [  6] fit: 0.42176 | delta: 7.0e-04 | secs: 18.00210
INFO : RESCAL : [  7] fit: 0.42228 | delta: 5.2e-04 | secs: 18.27952
INFO : RESCAL : [  8] fit: 0.42268 | delta: 4.0e-04 | secs: 17.89362
INFO : RESCAL : [  9] fit: 0.42303 | delta: 3.5e-04 | secs: 17.99561
INFO : RESCAL : [ 10] fit: 0.42332 | delta: 2.9e-04 | secs: 18.26499
INFO : RESCAL : [ 11] fit: 0.42358 | delta: 2.5e-04 | secs: 17.89064
INFO : RESCAL : [ 12] fit: 0.42379 | delta: 2.1e-04 | secs: 18.13934
INFO : RESCAL : [ 13] fit: 0.42397 | delta: 1.8e-04 | secs: 18.44374
INFO : RESCAL : [ 14] fit: 0.42411 | delta: 1.5e-04 | secs: 17.42939
INFO : RESCAL : [ 15] fit: 0.42424 | delta: 1.3e-04 | secs: 18.12856
INFO : RESCAL : [ 16] fit: 0.42434 | delta: 1.1e-04 | secs: 17.44428
INFO : RESCAL : [ 17] fit: 0.42444 | delta: 9.2e-05 | secs: 17.46142
INFO : RESCAL : [ 18] fit: 0.42451 | delta: 7.7e-05 | secs: 18.23838
INFO : RESCAL : [ 19] fit: 0.42458 | delta: 6.7e-05 | secs: 17.54321
[Fold 9] AUC-PR: 0.981678
