Thread(s) : 26
Fold      : 05
Debut     : 2026-05-28 16:46:15
====================================================

====================================================
Fold 05
====================================================
=== DATASET: fb15k237 | rank:200 | lambda_A:0.1 | lambda_R:0.1 ===
[Config] maxIter:20 | conv:1.0e-06 | threads:26
[Data]   n_entities:14541 | n_relations:237 | total_nnz:310116
[Data]   nnz:310116 | import_time:0.04 s
[Eval]   positifs:2000 | neg/pos:1 | folds:10 | mode:cross-validation CSR echantillonnee
INFO : RESCAL : [  0] fit: 0.28882 | delta: 2.9e-01 | secs: 17.67031
INFO : RESCAL : [  1] fit: 0.39939 | delta: 1.1e-01 | secs: 17.88047
INFO : RESCAL : [  2] fit: 0.41202 | delta: 1.3e-02 | secs: 16.96195
INFO : RESCAL : [  3] fit: 0.41718 | delta: 5.2e-03 | secs: 18.34800
INFO : RESCAL : [  4] fit: 0.41973 | delta: 2.5e-03 | secs: 18.28561
INFO : RESCAL : [  5] fit: 0.42104 | delta: 1.3e-03 | secs: 19.67674
INFO : RESCAL : [  6] fit: 0.42180 | delta: 7.6e-04 | secs: 18.42419
INFO : RESCAL : [  7] fit: 0.42232 | delta: 5.2e-04 | secs: 20.15984
INFO : RESCAL : [  8] fit: 0.42271 | delta: 3.9e-04 | secs: 18.05067
INFO : RESCAL : [  9] fit: 0.42303 | delta: 3.2e-04 | secs: 18.30810
INFO : RESCAL : [ 10] fit: 0.42328 | delta: 2.6e-04 | secs: 17.44567
INFO : RESCAL : [ 11] fit: 0.42349 | delta: 2.1e-04 | secs: 18.22717
INFO : RESCAL : [ 12] fit: 0.42366 | delta: 1.7e-04 | secs: 17.68796
INFO : RESCAL : [ 13] fit: 0.42381 | delta: 1.4e-04 | secs: 17.87335
INFO : RESCAL : [ 14] fit: 0.42392 | delta: 1.2e-04 | secs: 17.22152
INFO : RESCAL : [ 15] fit: 0.42402 | delta: 1.0e-04 | secs: 18.55994
INFO : RESCAL : [ 16] fit: 0.42411 | delta: 8.5e-05 | secs: 17.46258
INFO : RESCAL : [ 17] fit: 0.42418 | delta: 7.7e-05 | secs: 18.33946
INFO : RESCAL : [ 18] fit: 0.42425 | delta: 6.7e-05 | secs: 17.25230
INFO : RESCAL : [ 19] fit: 0.42431 | delta: 6.3e-05 | secs: 18.02749
[Fold 5] AUC-PR: 0.968932
