Thread(s) : 26
Fold      : 06
Debut     : 2026-05-28 16:46:15
====================================================

====================================================
Fold 06
====================================================
=== DATASET: fb15k237 | rank:200 | lambda_A:0.1 | lambda_R:0.1 ===
[Config] maxIter:20 | conv:1.0e-06 | threads:26
[Data]   n_entities:14541 | n_relations:237 | total_nnz:310116
[Data]   nnz:310116 | import_time:0.04 s
[Eval]   positifs:2000 | neg/pos:1 | folds:10 | mode:cross-validation CSR echantillonnee
INFO : RESCAL : [  0] fit: 0.28988 | delta: 2.9e-01 | secs: 17.98398
INFO : RESCAL : [  1] fit: 0.39901 | delta: 1.1e-01 | secs: 17.69382
INFO : RESCAL : [  2] fit: 0.41121 | delta: 1.2e-02 | secs: 17.83377
INFO : RESCAL : [  3] fit: 0.41563 | delta: 4.4e-03 | secs: 18.21508
INFO : RESCAL : [  4] fit: 0.41778 | delta: 2.2e-03 | secs: 17.61077
INFO : RESCAL : [  5] fit: 0.41903 | delta: 1.2e-03 | secs: 17.99349
INFO : RESCAL : [  6] fit: 0.41986 | delta: 8.4e-04 | secs: 18.61429
INFO : RESCAL : [  7] fit: 0.42050 | delta: 6.3e-04 | secs: 17.59584
INFO : RESCAL : [  8] fit: 0.42098 | delta: 4.8e-04 | secs: 17.51984
INFO : RESCAL : [  9] fit: 0.42134 | delta: 3.7e-04 | secs: 18.61639
INFO : RESCAL : [ 10] fit: 0.42162 | delta: 2.8e-04 | secs: 17.46342
INFO : RESCAL : [ 11] fit: 0.42184 | delta: 2.2e-04 | secs: 17.98071
INFO : RESCAL : [ 12] fit: 0.42203 | delta: 1.9e-04 | secs: 17.43342
INFO : RESCAL : [ 13] fit: 0.42219 | delta: 1.6e-04 | secs: 18.01937
INFO : RESCAL : [ 14] fit: 0.42233 | delta: 1.4e-04 | secs: 17.44816
INFO : RESCAL : [ 15] fit: 0.42246 | delta: 1.3e-04 | secs: 18.01848
INFO : RESCAL : [ 16] fit: 0.42258 | delta: 1.2e-04 | secs: 18.00657
INFO : RESCAL : [ 17] fit: 0.42269 | delta: 1.1e-04 | secs: 17.61811
INFO : RESCAL : [ 18] fit: 0.42279 | delta: 1.0e-04 | secs: 17.93654
INFO : RESCAL : [ 19] fit: 0.42288 | delta: 9.6e-05 | secs: 17.50707
[Fold 6] AUC-PR: 0.965508
