Thread(s) : 26
Fold      : 04
Debut     : 2026-05-28 16:46:15
====================================================

====================================================
Fold 04
====================================================
=== DATASET: fb15k237 | rank:200 | lambda_A:0.1 | lambda_R:0.1 ===
[Config] maxIter:20 | conv:1.0e-06 | threads:26
[Data]   n_entities:14541 | n_relations:237 | total_nnz:310116
[Data]   nnz:310116 | import_time:0.04 s
[Eval]   positifs:2000 | neg/pos:1 | folds:10 | mode:cross-validation CSR echantillonnee
INFO : RESCAL : [  0] fit: 0.28617 | delta: 2.9e-01 | secs: 17.76658
INFO : RESCAL : [  1] fit: 0.39855 | delta: 1.1e-01 | secs: 18.20262
INFO : RESCAL : [  2] fit: 0.41170 | delta: 1.3e-02 | secs: 16.98231
INFO : RESCAL : [  3] fit: 0.41659 | delta: 4.9e-03 | secs: 17.81712
INFO : RESCAL : [  4] fit: 0.41897 | delta: 2.4e-03 | secs: 18.29545
INFO : RESCAL : [  5] fit: 0.42027 | delta: 1.3e-03 | secs: 19.62482
INFO : RESCAL : [  6] fit: 0.42113 | delta: 8.6e-04 | secs: 17.56273
INFO : RESCAL : [  7] fit: 0.42171 | delta: 5.8e-04 | secs: 17.77763
INFO : RESCAL : [  8] fit: 0.42216 | delta: 4.5e-04 | secs: 17.80637
INFO : RESCAL : [  9] fit: 0.42248 | delta: 3.2e-04 | secs: 17.66390
INFO : RESCAL : [ 10] fit: 0.42274 | delta: 2.6e-04 | secs: 18.39143
INFO : RESCAL : [ 11] fit: 0.42295 | delta: 2.1e-04 | secs: 19.96972
INFO : RESCAL : [ 12] fit: 0.42313 | delta: 1.8e-04 | secs: 17.24479
INFO : RESCAL : [ 13] fit: 0.42329 | delta: 1.6e-04 | secs: 20.30928
INFO : RESCAL : [ 14] fit: 0.42343 | delta: 1.4e-04 | secs: 17.69286
INFO : RESCAL : [ 15] fit: 0.42355 | delta: 1.2e-04 | secs: 17.67333
INFO : RESCAL : [ 16] fit: 0.42366 | delta: 1.1e-04 | secs: 17.66476
INFO : RESCAL : [ 17] fit: 0.42375 | delta: 9.4e-05 | secs: 19.68709
INFO : RESCAL : [ 18] fit: 0.42384 | delta: 8.6e-05 | secs: 18.08933
INFO : RESCAL : [ 19] fit: 0.42392 | delta: 7.6e-05 | secs: 20.03456
[Fold 4] AUC-PR: 0.983344
