Thread(s) : 26
Fold      : 07
Debut     : 2026-05-28 16:46:15
====================================================

====================================================
Fold 07
====================================================
=== DATASET: fb15k237 | rank:200 | lambda_A:0.1 | lambda_R:0.1 ===
[Config] maxIter:20 | conv:1.0e-06 | threads:26
[Data]   n_entities:14541 | n_relations:237 | total_nnz:310116
[Data]   nnz:310116 | import_time:0.04 s
[Eval]   positifs:2000 | neg/pos:1 | folds:10 | mode:cross-validation CSR echantillonnee
INFO : RESCAL : [  0] fit: 0.28716 | delta: 2.9e-01 | secs: 18.15504
INFO : RESCAL : [  1] fit: 0.40066 | delta: 1.1e-01 | secs: 17.96762
INFO : RESCAL : [  2] fit: 0.41346 | delta: 1.3e-02 | secs: 18.17076
INFO : RESCAL : [  3] fit: 0.41840 | delta: 4.9e-03 | secs: 17.84596
INFO : RESCAL : [  4] fit: 0.42061 | delta: 2.2e-03 | secs: 18.05331
INFO : RESCAL : [  5] fit: 0.42183 | delta: 1.2e-03 | secs: 18.31184
INFO : RESCAL : [  6] fit: 0.42261 | delta: 7.7e-04 | secs: 18.44869
INFO : RESCAL : [  7] fit: 0.42320 | delta: 6.0e-04 | secs: 18.00333
INFO : RESCAL : [  8] fit: 0.42364 | delta: 4.4e-04 | secs: 18.28339
INFO : RESCAL : [  9] fit: 0.42399 | delta: 3.5e-04 | secs: 18.27813
INFO : RESCAL : [ 10] fit: 0.42426 | delta: 2.7e-04 | secs: 17.87372
INFO : RESCAL : [ 11] fit: 0.42450 | delta: 2.3e-04 | secs: 17.83598
INFO : RESCAL : [ 12] fit: 0.42468 | delta: 1.9e-04 | secs: 17.68075
INFO : RESCAL : [ 13] fit: 0.42485 | delta: 1.7e-04 | secs: 18.30227
INFO : RESCAL : [ 14] fit: 0.42500 | delta: 1.4e-04 | secs: 17.21333
INFO : RESCAL : [ 15] fit: 0.42513 | delta: 1.3e-04 | secs: 18.42270
INFO : RESCAL : [ 16] fit: 0.42525 | delta: 1.2e-04 | secs: 17.32104
INFO : RESCAL : [ 17] fit: 0.42536 | delta: 1.1e-04 | secs: 17.55144
INFO : RESCAL : [ 18] fit: 0.42546 | delta: 9.7e-05 | secs: 17.80405
INFO : RESCAL : [ 19] fit: 0.42555 | delta: 8.9e-05 | secs: 17.67707
[Fold 7] AUC-PR: 0.981381
