Thread(s) : 26
Fold      : 02
Debut     : 2026-05-28 16:46:15
====================================================

====================================================
Fold 02
====================================================
=== DATASET: fb15k237 | rank:200 | lambda_A:0.1 | lambda_R:0.1 ===
[Config] maxIter:20 | conv:1.0e-06 | threads:26
[Data]   n_entities:14541 | n_relations:237 | total_nnz:310116
[Data]   nnz:310116 | import_time:0.04 s
[Eval]   positifs:2000 | neg/pos:1 | folds:10 | mode:cross-validation CSR echantillonnee
INFO : RESCAL : [  0] fit: 0.29110 | delta: 2.9e-01 | secs: 17.68143
INFO : RESCAL : [  1] fit: 0.40159 | delta: 1.1e-01 | secs: 18.16632
INFO : RESCAL : [  2] fit: 0.41438 | delta: 1.3e-02 | secs: 17.45432
INFO : RESCAL : [  3] fit: 0.41925 | delta: 4.9e-03 | secs: 17.95557
INFO : RESCAL : [  4] fit: 0.42172 | delta: 2.5e-03 | secs: 17.84355
INFO : RESCAL : [  5] fit: 0.42310 | delta: 1.4e-03 | secs: 17.94239
INFO : RESCAL : [  6] fit: 0.42396 | delta: 8.6e-04 | secs: 17.71081
INFO : RESCAL : [  7] fit: 0.42458 | delta: 6.2e-04 | secs: 18.36249
INFO : RESCAL : [  8] fit: 0.42506 | delta: 4.8e-04 | secs: 18.20914
INFO : RESCAL : [  9] fit: 0.42542 | delta: 3.7e-04 | secs: 18.31604
INFO : RESCAL : [ 10] fit: 0.42570 | delta: 2.8e-04 | secs: 17.53253
INFO : RESCAL : [ 11] fit: 0.42591 | delta: 2.1e-04 | secs: 17.58635
INFO : RESCAL : [ 12] fit: 0.42609 | delta: 1.7e-04 | secs: 17.93773
INFO : RESCAL : [ 13] fit: 0.42623 | delta: 1.5e-04 | secs: 18.09863
INFO : RESCAL : [ 14] fit: 0.42636 | delta: 1.3e-04 | secs: 17.37311
INFO : RESCAL : [ 15] fit: 0.42648 | delta: 1.1e-04 | secs: 17.97162
INFO : RESCAL : [ 16] fit: 0.42658 | delta: 1.0e-04 | secs: 17.86536
INFO : RESCAL : [ 17] fit: 0.42667 | delta: 9.3e-05 | secs: 18.10526
INFO : RESCAL : [ 18] fit: 0.42676 | delta: 8.4e-05 | secs: 17.93343
INFO : RESCAL : [ 19] fit: 0.42683 | delta: 7.5e-05 | secs: 17.80573
[Fold 2] AUC-PR: 0.977494
