[Threads] Utilisation de 14 thread(s) sur 64 disponibles
[Reprise] Mode force active : les combinaisons deja presentes seront recalculees
=== DATASET: fb15k237 | rank:200 | lambda_A:0.1 | lambda_R:0.1 ===
[Config] maxIter:20 | conv:1.0e-06 | threads:14
[Data]   n_entities:14541 | n_relations:237 | total_nnz:310116
[Data]   nnz:310116 | import_time:0.04 s
[Eval]   positifs:2000 | neg/pos:1 | folds:10 | mode:cross-validation CSR echantillonnee
INFO : RESCAL : [  0] fit: 0.29106 | delta: 2.9e-01 | secs: 21.31210
INFO : RESCAL : [  1] fit: 0.40353 | delta: 1.1e-01 | secs: 21.09869
INFO : RESCAL : [  2] fit: 0.41662 | delta: 1.3e-02 | secs: 21.03027
INFO : RESCAL : [  3] fit: 0.42141 | delta: 4.8e-03 | secs: 20.98804
INFO : RESCAL : [  4] fit: 0.42383 | delta: 2.4e-03 | secs: 21.49759
INFO : RESCAL : [  5] fit: 0.42536 | delta: 1.5e-03 | secs: 21.03439
INFO : RESCAL : [  6] fit: 0.42627 | delta: 9.2e-04 | secs: 21.72126
INFO : RESCAL : [  7] fit: 0.42689 | delta: 6.2e-04 | secs: 20.86484
INFO : RESCAL : [  8] fit: 0.42734 | delta: 4.5e-04 | secs: 20.51478
INFO : RESCAL : [  9] fit: 0.42769 | delta: 3.5e-04 | secs: 20.99585
INFO : RESCAL : [ 10] fit: 0.42798 | delta: 2.9e-04 | secs: 21.42172
INFO : RESCAL : [ 11] fit: 0.42823 | delta: 2.5e-04 | secs: 20.77994
INFO : RESCAL : [ 12] fit: 0.42845 | delta: 2.2e-04 | secs: 21.39708
INFO : RESCAL : [ 13] fit: 0.42863 | delta: 1.9e-04 | secs: 21.46584
INFO : RESCAL : [ 14] fit: 0.42880 | delta: 1.6e-04 | secs: 20.92909
INFO : RESCAL : [ 15] fit: 0.42894 | delta: 1.4e-04 | secs: 20.69869
INFO : RESCAL : [ 16] fit: 0.42906 | delta: 1.2e-04 | secs: 21.38756
INFO : RESCAL : [ 17] fit: 0.42917 | delta: 1.1e-04 | secs: 21.44439
INFO : RESCAL : [ 18] fit: 0.42926 | delta: 9.2e-05 | secs: 20.69382
INFO : RESCAL : [ 19] fit: 0.42934 | delta: 8.1e-05 | secs: 20.89079
[Fold 0] AUC-PR: 0.977664
INFO : RESCAL : [  0] fit: 0.29102 | delta: 2.9e-01 | secs: 21.21337
INFO : RESCAL : [  1] fit: 0.40481 | delta: 1.1e-01 | secs: 20.66101
INFO : RESCAL : [  2] fit: 0.41793 | delta: 1.3e-02 | secs: 21.19785
INFO : RESCAL : [  3] fit: 0.42287 | delta: 4.9e-03 | secs: 21.61252
INFO : RESCAL : [  4] fit: 0.42517 | delta: 2.3e-03 | secs: 20.99171
INFO : RESCAL : [  5] fit: 0.42650 | delta: 1.3e-03 | secs: 21.41722
INFO : RESCAL : [  6] fit: 0.42746 | delta: 9.6e-04 | secs: 20.96820
INFO : RESCAL : [  7] fit: 0.42828 | delta: 8.2e-04 | secs: 21.50702
INFO : RESCAL : [  8] fit: 0.42887 | delta: 5.9e-04 | secs: 21.10035
INFO : RESCAL : [  9] fit: 0.42923 | delta: 3.6e-04 | secs: 21.34355
INFO : RESCAL : [ 10] fit: 0.42951 | delta: 2.7e-04 | secs: 21.13457
INFO : RESCAL : [ 11] fit: 0.42974 | delta: 2.4e-04 | secs: 21.42167
INFO : RESCAL : [ 12] fit: 0.42995 | delta: 2.1e-04 | secs: 20.65159
INFO : RESCAL : [ 13] fit: 0.43014 | delta: 1.9e-04 | secs: 24.41364
INFO : RESCAL : [ 14] fit: 0.43030 | delta: 1.7e-04 | secs: 20.74485
INFO : RESCAL : [ 15] fit: 0.43045 | delta: 1.5e-04 | secs: 21.69000
INFO : RESCAL : [ 16] fit: 0.43059 | delta: 1.3e-04 | secs: 20.74955
INFO : RESCAL : [ 17] fit: 0.43071 | delta: 1.2e-04 | secs: 24.09868
INFO : RESCAL : [ 18] fit: 0.43082 | delta: 1.1e-04 | secs: 21.88621
INFO : RESCAL : [ 19] fit: 0.43091 | delta: 9.8e-05 | secs: 23.70817
[Fold 1] AUC-PR: 0.978003
INFO : RESCAL : [  0] fit: 0.29178 | delta: 2.9e-01 | secs: 21.21515
INFO : RESCAL : [  1] fit: 0.40196 | delta: 1.1e-01 | secs: 20.92060
INFO : RESCAL : [  2] fit: 0.41505 | delta: 1.3e-02 | secs: 21.56129
INFO : RESCAL : [  3] fit: 0.41990 | delta: 4.9e-03 | secs: 20.84672
INFO : RESCAL : [  4] fit: 0.42233 | delta: 2.4e-03 | secs: 21.46796
INFO : RESCAL : [  5] fit: 0.42374 | delta: 1.4e-03 | secs: 20.70296
INFO : RESCAL : [  6] fit: 0.42468 | delta: 9.4e-04 | secs: 21.21054
INFO : RESCAL : [  7] fit: 0.42540 | delta: 7.2e-04 | secs: 20.85428
INFO : RESCAL : [  8] fit: 0.42590 | delta: 5.0e-04 | secs: 20.84859
INFO : RESCAL : [  9] fit: 0.42624 | delta: 3.4e-04 | secs: 21.18785
INFO : RESCAL : [ 10] fit: 0.42650 | delta: 2.6e-04 | secs: 21.21524
INFO : RESCAL : [ 11] fit: 0.42672 | delta: 2.2e-04 | secs: 20.84625
INFO : RESCAL : [ 12] fit: 0.42691 | delta: 1.9e-04 | secs: 20.89146
INFO : RESCAL : [ 13] fit: 0.42708 | delta: 1.7e-04 | secs: 21.36016
INFO : RESCAL : [ 14] fit: 0.42724 | delta: 1.6e-04 | secs: 20.76175
INFO : RESCAL : [ 15] fit: 0.42738 | delta: 1.4e-04 | secs: 21.49970
INFO : RESCAL : [ 16] fit: 0.42751 | delta: 1.3e-04 | secs: 21.42802
INFO : RESCAL : [ 17] fit: 0.42762 | delta: 1.2e-04 | secs: 20.94093
INFO : RESCAL : [ 18] fit: 0.42773 | delta: 1.1e-04 | secs: 21.64978
INFO : RESCAL : [ 19] fit: 0.42782 | delta: 9.7e-05 | secs: 21.86284
[Fold 2] AUC-PR: 0.973788
INFO : RESCAL : [  0] fit: 0.29176 | delta: 2.9e-01 | secs: 21.49894
INFO : RESCAL : [  1] fit: 0.40619 | delta: 1.1e-01 | secs: 20.56729
INFO : RESCAL : [  2] fit: 0.41929 | delta: 1.3e-02 | secs: 20.84280
INFO : RESCAL : [  3] fit: 0.42398 | delta: 4.7e-03 | secs: 21.24664
INFO : RESCAL : [  4] fit: 0.42641 | delta: 2.4e-03 | secs: 21.40198
INFO : RESCAL : [  5] fit: 0.42777 | delta: 1.4e-03 | secs: 20.71248
INFO : RESCAL : [  6] fit: 0.42857 | delta: 8.0e-04 | secs: 20.82876
INFO : RESCAL : [  7] fit: 0.42906 | delta: 4.9e-04 | secs: 21.26497
INFO : RESCAL : [  8] fit: 0.42942 | delta: 3.7e-04 | secs: 21.38823
INFO : RESCAL : [  9] fit: 0.42972 | delta: 3.0e-04 | secs: 21.41698
INFO : RESCAL : [ 10] fit: 0.42997 | delta: 2.5e-04 | secs: 21.44885
INFO : RESCAL : [ 11] fit: 0.43018 | delta: 2.1e-04 | secs: 21.48170
INFO : RESCAL : [ 12] fit: 0.43036 | delta: 1.8e-04 | secs: 21.45892
INFO : RESCAL : [ 13] fit: 0.43051 | delta: 1.5e-04 | secs: 20.57164
INFO : RESCAL : [ 14] fit: 0.43064 | delta: 1.3e-04 | secs: 21.39327
INFO : RESCAL : [ 15] fit: 0.43074 | delta: 1.0e-04 | secs: 20.86608
INFO : RESCAL : [ 16] fit: 0.43083 | delta: 8.6e-05 | secs: 21.54876
INFO : RESCAL : [ 17] fit: 0.43090 | delta: 7.0e-05 | secs: 20.80652
INFO : RESCAL : [ 18] fit: 0.43096 | delta: 6.0e-05 | secs: 21.58500
INFO : RESCAL : [ 19] fit: 0.43101 | delta: 5.0e-05 | secs: 20.71341
[Fold 3] AUC-PR: 0.966972
INFO : RESCAL : [  0] fit: 0.29068 | delta: 2.9e-01 | secs: 21.44946
INFO : RESCAL : [  1] fit: 0.40306 | delta: 1.1e-01 | secs: 20.87523
INFO : RESCAL : [  2] fit: 0.41622 | delta: 1.3e-02 | secs: 20.91641
INFO : RESCAL : [  3] fit: 0.42105 | delta: 4.8e-03 | secs: 21.44466
INFO : RESCAL : [  4] fit: 0.42361 | delta: 2.6e-03 | secs: 21.24100
INFO : RESCAL : [  5] fit: 0.42517 | delta: 1.6e-03 | secs: 20.74800
INFO : RESCAL : [  6] fit: 0.42626 | delta: 1.1e-03 | secs: 21.25314
INFO : RESCAL : [  7] fit: 0.42702 | delta: 7.6e-04 | secs: 20.89819
INFO : RESCAL : [  8] fit: 0.42756 | delta: 5.4e-04 | secs: 20.71496
INFO : RESCAL : [  9] fit: 0.42794 | delta: 3.9e-04 | secs: 21.28863
INFO : RESCAL : [ 10] fit: 0.42826 | delta: 3.1e-04 | secs: 20.80884
INFO : RESCAL : [ 11] fit: 0.42851 | delta: 2.5e-04 | secs: 21.56170
INFO : RESCAL : [ 12] fit: 0.42872 | delta: 2.1e-04 | secs: 21.45468
INFO : RESCAL : [ 13] fit: 0.42888 | delta: 1.7e-04 | secs: 22.00714
INFO : RESCAL : [ 14] fit: 0.42903 | delta: 1.4e-04 | secs: 21.10990
INFO : RESCAL : [ 15] fit: 0.42914 | delta: 1.2e-04 | secs: 22.06058
INFO : RESCAL : [ 16] fit: 0.42924 | delta: 9.8e-05 | secs: 21.07642
INFO : RESCAL : [ 17] fit: 0.42932 | delta: 8.0e-05 | secs: 21.47177
INFO : RESCAL : [ 18] fit: 0.42939 | delta: 6.6e-05 | secs: 20.93726
INFO : RESCAL : [ 19] fit: 0.42944 | delta: 5.4e-05 | secs: 21.43730
[Fold 4] AUC-PR: 0.987474
INFO : RESCAL : [  0] fit: 0.29135 | delta: 2.9e-01 | secs: 21.49599
INFO : RESCAL : [  1] fit: 0.40365 | delta: 1.1e-01 | secs: 20.68780
INFO : RESCAL : [  2] fit: 0.41644 | delta: 1.3e-02 | secs: 21.00866
INFO : RESCAL : [  3] fit: 0.42122 | delta: 4.8e-03 | secs: 21.45544
INFO : RESCAL : [  4] fit: 0.42340 | delta: 2.2e-03 | secs: 21.21486
INFO : RESCAL : [  5] fit: 0.42455 | delta: 1.1e-03 | secs: 20.91912
INFO : RESCAL : [  6] fit: 0.42531 | delta: 7.6e-04 | secs: 20.89016
INFO : RESCAL : [  7] fit: 0.42589 | delta: 5.8e-04 | secs: 21.45857
INFO : RESCAL : [  8] fit: 0.42634 | delta: 4.4e-04 | secs: 21.32537
INFO : RESCAL : [  9] fit: 0.42669 | delta: 3.5e-04 | secs: 20.93338
INFO : RESCAL : [ 10] fit: 0.42698 | delta: 2.9e-04 | secs: 20.90380
INFO : RESCAL : [ 11] fit: 0.42723 | delta: 2.5e-04 | secs: 21.44712
INFO : RESCAL : [ 12] fit: 0.42745 | delta: 2.2e-04 | secs: 21.15459
INFO : RESCAL : [ 13] fit: 0.42764 | delta: 1.9e-04 | secs: 20.98674
INFO : RESCAL : [ 14] fit: 0.42781 | delta: 1.7e-04 | secs: 20.96025
INFO : RESCAL : [ 15] fit: 0.42796 | delta: 1.5e-04 | secs: 21.24436
INFO : RESCAL : [ 16] fit: 0.42810 | delta: 1.4e-04 | secs: 21.31310
INFO : RESCAL : [ 17] fit: 0.42822 | delta: 1.2e-04 | secs: 20.86349
INFO : RESCAL : [ 18] fit: 0.42833 | delta: 1.1e-04 | secs: 20.82683
INFO : RESCAL : [ 19] fit: 0.42843 | delta: 9.9e-05 | secs: 21.40460
[Fold 5] AUC-PR: 0.987293
INFO : RESCAL : [  0] fit: 0.28694 | delta: 2.9e-01 | secs: 21.45142
INFO : RESCAL : [  1] fit: 0.40086 | delta: 1.1e-01 | secs: 20.67976
INFO : RESCAL : [  2] fit: 0.41372 | delta: 1.3e-02 | secs: 20.81671
INFO : RESCAL : [  3] fit: 0.41834 | delta: 4.6e-03 | secs: 21.32461
INFO : RESCAL : [  4] fit: 0.42062 | delta: 2.3e-03 | secs: 21.18731
INFO : RESCAL : [  5] fit: 0.42188 | delta: 1.3e-03 | secs: 20.59330
INFO : RESCAL : [  6] fit: 0.42266 | delta: 7.8e-04 | secs: 21.05117
INFO : RESCAL : [  7] fit: 0.42321 | delta: 5.5e-04 | secs: 21.35868
INFO : RESCAL : [  8] fit: 0.42364 | delta: 4.3e-04 | secs: 21.14196
INFO : RESCAL : [  9] fit: 0.42399 | delta: 3.5e-04 | secs: 20.58113
INFO : RESCAL : [ 10] fit: 0.42428 | delta: 2.9e-04 | secs: 21.03983
INFO : RESCAL : [ 11] fit: 0.42453 | delta: 2.5e-04 | secs: 21.90002
INFO : RESCAL : [ 12] fit: 0.42473 | delta: 2.0e-04 | secs: 20.66298
INFO : RESCAL : [ 13] fit: 0.42490 | delta: 1.7e-04 | secs: 21.50096
INFO : RESCAL : [ 14] fit: 0.42503 | delta: 1.3e-04 | secs: 21.39541
INFO : RESCAL : [ 15] fit: 0.42514 | delta: 1.1e-04 | secs: 21.30365
INFO : RESCAL : [ 16] fit: 0.42523 | delta: 8.8e-05 | secs: 20.90341
INFO : RESCAL : [ 17] fit: 0.42530 | delta: 7.4e-05 | secs: 21.39593
INFO : RESCAL : [ 18] fit: 0.42537 | delta: 6.3e-05 | secs: 21.46085
INFO : RESCAL : [ 19] fit: 0.42542 | delta: 5.6e-05 | secs: 21.90376
[Fold 6] AUC-PR: 0.982118
INFO : RESCAL : [  0] fit: 0.29098 | delta: 2.9e-01 | secs: 21.43417
INFO : RESCAL : [  1] fit: 0.40292 | delta: 1.1e-01 | secs: 20.76412
INFO : RESCAL : [  2] fit: 0.41579 | delta: 1.3e-02 | secs: 20.71968
INFO : RESCAL : [  3] fit: 0.42014 | delta: 4.4e-03 | secs: 21.44455
INFO : RESCAL : [  4] fit: 0.42212 | delta: 2.0e-03 | secs: 20.79521
INFO : RESCAL : [  5] fit: 0.42319 | delta: 1.1e-03 | secs: 21.24939
INFO : RESCAL : [  6] fit: 0.42391 | delta: 7.2e-04 | secs: 21.37360
INFO : RESCAL : [  7] fit: 0.42440 | delta: 4.9e-04 | secs: 20.75443
INFO : RESCAL : [  8] fit: 0.42481 | delta: 4.1e-04 | secs: 21.55111
INFO : RESCAL : [  9] fit: 0.42513 | delta: 3.2e-04 | secs: 20.85856
INFO : RESCAL : [ 10] fit: 0.42542 | delta: 2.9e-04 | secs: 20.90817
INFO : RESCAL : [ 11] fit: 0.42568 | delta: 2.5e-04 | secs: 21.22049
INFO : RESCAL : [ 12] fit: 0.42593 | delta: 2.5e-04 | secs: 20.85288
INFO : RESCAL : [ 13] fit: 0.42617 | delta: 2.5e-04 | secs: 21.34693
INFO : RESCAL : [ 14] fit: 0.42642 | delta: 2.5e-04 | secs: 21.34122
INFO : RESCAL : [ 15] fit: 0.42664 | delta: 2.2e-04 | secs: 20.90849
INFO : RESCAL : [ 16] fit: 0.42683 | delta: 1.8e-04 | secs: 20.82762
INFO : RESCAL : [ 17] fit: 0.42698 | delta: 1.5e-04 | secs: 21.56506
INFO : RESCAL : [ 18] fit: 0.42711 | delta: 1.3e-04 | secs: 21.04331
INFO : RESCAL : [ 19] fit: 0.42723 | delta: 1.2e-04 | secs: 20.75941
[Fold 7] AUC-PR: 0.976475
INFO : RESCAL : [  0] fit: 0.29106 | delta: 2.9e-01 | secs: 21.42771
INFO : RESCAL : [  1] fit: 0.40330 | delta: 1.1e-01 | secs: 20.74658
INFO : RESCAL : [  2] fit: 0.41602 | delta: 1.3e-02 | secs: 20.76215
INFO : RESCAL : [  3] fit: 0.42076 | delta: 4.7e-03 | secs: 21.09603
INFO : RESCAL : [  4] fit: 0.42321 | delta: 2.4e-03 | secs: 21.04369
INFO : RESCAL : [  5] fit: 0.42481 | delta: 1.6e-03 | secs: 21.85424
INFO : RESCAL : [  6] fit: 0.42588 | delta: 1.1e-03 | secs: 20.96727
INFO : RESCAL : [  7] fit: 0.42664 | delta: 7.7e-04 | secs: 21.49218
INFO : RESCAL : [  8] fit: 0.42717 | delta: 5.3e-04 | secs: 20.91766
INFO : RESCAL : [  9] fit: 0.42756 | delta: 3.9e-04 | secs: 21.19383
INFO : RESCAL : [ 10] fit: 0.42784 | delta: 2.9e-04 | secs: 21.04519
INFO : RESCAL : [ 11] fit: 0.42809 | delta: 2.4e-04 | secs: 21.47959
INFO : RESCAL : [ 12] fit: 0.42829 | delta: 2.0e-04 | secs: 21.12692
INFO : RESCAL : [ 13] fit: 0.42846 | delta: 1.7e-04 | secs: 21.91308
INFO : RESCAL : [ 14] fit: 0.42861 | delta: 1.5e-04 | secs: 21.06302
INFO : RESCAL : [ 15] fit: 0.42873 | delta: 1.3e-04 | secs: 21.67579
INFO : RESCAL : [ 16] fit: 0.42884 | delta: 1.1e-04 | secs: 21.56214
INFO : RESCAL : [ 17] fit: 0.42893 | delta: 9.2e-05 | secs: 20.66955
INFO : RESCAL : [ 18] fit: 0.42901 | delta: 7.9e-05 | secs: 21.00129
INFO : RESCAL : [ 19] fit: 0.42908 | delta: 7.2e-05 | secs: 21.27342
[Fold 8] AUC-PR: 0.987727
INFO : RESCAL : [  0] fit: 0.29194 | delta: 2.9e-01 | secs: 21.56392
INFO : RESCAL : [  1] fit: 0.40597 | delta: 1.1e-01 | secs: 21.24961
INFO : RESCAL : [  2] fit: 0.41909 | delta: 1.3e-02 | secs: 21.40247
INFO : RESCAL : [  3] fit: 0.42402 | delta: 4.9e-03 | secs: 21.23087
INFO : RESCAL : [  4] fit: 0.42630 | delta: 2.3e-03 | secs: 20.74424
INFO : RESCAL : [  5] fit: 0.42762 | delta: 1.3e-03 | secs: 21.67464
INFO : RESCAL : [  6] fit: 0.42841 | delta: 7.9e-04 | secs: 20.52143
INFO : RESCAL : [  7] fit: 0.42895 | delta: 5.4e-04 | secs: 21.46242
INFO : RESCAL : [  8] fit: 0.42939 | delta: 4.3e-04 | secs: 20.90036
INFO : RESCAL : [  9] fit: 0.42975 | delta: 3.6e-04 | secs: 21.29260
INFO : RESCAL : [ 10] fit: 0.43006 | delta: 3.1e-04 | secs: 21.57637
INFO : RESCAL : [ 11] fit: 0.43033 | delta: 2.7e-04 | secs: 20.81083
INFO : RESCAL : [ 12] fit: 0.43057 | delta: 2.3e-04 | secs: 20.86307
INFO : RESCAL : [ 13] fit: 0.43076 | delta: 1.9e-04 | secs: 21.27632
INFO : RESCAL : [ 14] fit: 0.43092 | delta: 1.6e-04 | secs: 21.24577
INFO : RESCAL : [ 15] fit: 0.43106 | delta: 1.4e-04 | secs: 20.94815
INFO : RESCAL : [ 16] fit: 0.43118 | delta: 1.2e-04 | secs: 21.05539
INFO : RESCAL : [ 17] fit: 0.43130 | delta: 1.1e-04 | secs: 21.37209
INFO : RESCAL : [ 18] fit: 0.43140 | delta: 1.1e-04 | secs: 20.84489
INFO : RESCAL : [ 19] fit: 0.43150 | delta: 9.9e-05 | secs: 21.43239
[Fold 9] AUC-PR: 0.975639
[Result] AUC-PR mean:0.979315 | std:0.006464 | time:4296.43 s
[CSV]    Ligne écrite dans rescal_results.csv
=== FIN: fb15k237 rank:200 ===
====================================================
RÉSUMÉ FINAL
====================================================
Combinaisons exécutées : 1 / 1
Résultats sauvegardés  : rescal_results.csv
====================================================
