Thread(s) : 62
Fold      : 05
Debut     : 2026-05-30 16:04:41
====================================================

====================================================
Fold 05
====================================================
=== DATASET: fb15k237 | rank:200 | lambda_A:0.1 | lambda_R:0.1 ===
[Config] maxIter:20 | conv:1.0e-06 | threads:62
[Data]   n_entities:14541 | n_relations:237 | total_nnz:310116
[Data]   nnz:310116 | import_time:0.04 s
[Eval]   positifs:2000 | neg/pos:1 | folds:10 | mode:cross-validation CSR echantillonnee
INFO : RESCAL : [  0] fit: 0.28407 | delta: 2.8e-01 | secs: 18.92691
INFO : RESCAL : [  1] fit: 0.39690 | delta: 1.1e-01 | secs: 18.71800
INFO : RESCAL : [  2] fit: 0.41034 | delta: 1.3e-02 | secs: 18.84396
INFO : RESCAL : [  3] fit: 0.41543 | delta: 5.1e-03 | secs: 18.42115
INFO : RESCAL : [  4] fit: 0.41821 | delta: 2.8e-03 | secs: 18.79307
INFO : RESCAL : [  5] fit: 0.41983 | delta: 1.6e-03 | secs: 19.00561
INFO : RESCAL : [  6] fit: 0.42072 | delta: 8.9e-04 | secs: 18.84391
INFO : RESCAL : [  7] fit: 0.42123 | delta: 5.1e-04 | secs: 18.19398
INFO : RESCAL : [  8] fit: 0.42162 | delta: 3.9e-04 | secs: 18.74872
INFO : RESCAL : [  9] fit: 0.42194 | delta: 3.2e-04 | secs: 18.72736
INFO : RESCAL : [ 10] fit: 0.42222 | delta: 2.8e-04 | secs: 18.87947
INFO : RESCAL : [ 11] fit: 0.42247 | delta: 2.6e-04 | secs: 18.39659
INFO : RESCAL : [ 12] fit: 0.42271 | delta: 2.4e-04 | secs: 18.80253
INFO : RESCAL : [ 13] fit: 0.42293 | delta: 2.2e-04 | secs: 18.76513
INFO : RESCAL : [ 14] fit: 0.42312 | delta: 2.0e-04 | secs: 18.93991
INFO : RESCAL : [ 15] fit: 0.42330 | delta: 1.8e-04 | secs: 18.98478
INFO : RESCAL : [ 16] fit: 0.42347 | delta: 1.6e-04 | secs: 18.68229
INFO : RESCAL : [ 17] fit: 0.42361 | delta: 1.5e-04 | secs: 18.24355
INFO : RESCAL : [ 18] fit: 0.42375 | delta: 1.3e-04 | secs: 18.60648
INFO : RESCAL : [ 19] fit: 0.42387 | delta: 1.2e-04 | secs: 18.18251
[Fold 5] AUC-PR: 0.987404
