Thread(s) : 62
Fold      : 09
Debut     : 2026-05-30 16:04:41
====================================================

====================================================
Fold 09
====================================================
=== DATASET: fb15k237 | rank:200 | lambda_A:0.1 | lambda_R:0.1 ===
[Config] maxIter:20 | conv:1.0e-06 | threads:62
[Data]   n_entities:14541 | n_relations:237 | total_nnz:310116
[Data]   nnz:310116 | import_time:0.04 s
[Eval]   positifs:2000 | neg/pos:1 | folds:10 | mode:cross-validation CSR echantillonnee
INFO : RESCAL : [  0] fit: 0.29158 | delta: 2.9e-01 | secs: 18.80702
INFO : RESCAL : [  1] fit: 0.40415 | delta: 1.1e-01 | secs: 18.37776
INFO : RESCAL : [  2] fit: 0.41693 | delta: 1.3e-02 | secs: 18.50405
INFO : RESCAL : [  3] fit: 0.42164 | delta: 4.7e-03 | secs: 18.17311
INFO : RESCAL : [  4] fit: 0.42401 | delta: 2.4e-03 | secs: 18.50232
INFO : RESCAL : [  5] fit: 0.42542 | delta: 1.4e-03 | secs: 18.36147
INFO : RESCAL : [  6] fit: 0.42628 | delta: 8.6e-04 | secs: 18.81025
INFO : RESCAL : [  7] fit: 0.42683 | delta: 5.4e-04 | secs: 18.21234
INFO : RESCAL : [  8] fit: 0.42722 | delta: 3.9e-04 | secs: 18.74318
INFO : RESCAL : [  9] fit: 0.42752 | delta: 3.0e-04 | secs: 18.67903
INFO : RESCAL : [ 10] fit: 0.42778 | delta: 2.6e-04 | secs: 19.01926
INFO : RESCAL : [ 11] fit: 0.42800 | delta: 2.2e-04 | secs: 18.48995
INFO : RESCAL : [ 12] fit: 0.42820 | delta: 2.0e-04 | secs: 18.95837
INFO : RESCAL : [ 13] fit: 0.42837 | delta: 1.7e-04 | secs: 18.36427
INFO : RESCAL : [ 14] fit: 0.42853 | delta: 1.5e-04 | secs: 18.95411
INFO : RESCAL : [ 15] fit: 0.42866 | delta: 1.3e-04 | secs: 18.27977
INFO : RESCAL : [ 16] fit: 0.42878 | delta: 1.2e-04 | secs: 18.91676
INFO : RESCAL : [ 17] fit: 0.42888 | delta: 1.0e-04 | secs: 18.60157
INFO : RESCAL : [ 18] fit: 0.42898 | delta: 9.5e-05 | secs: 19.24620
INFO : RESCAL : [ 19] fit: 0.42906 | delta: 8.4e-05 | secs: 18.66078
[Fold 9] AUC-PR: 0.974336
