Thread(s) : 62
Fold      : 01
Debut     : 2026-05-30 16:04:41
====================================================

====================================================
Fold 01
====================================================
=== DATASET: fb15k237 | rank:200 | lambda_A:0.1 | lambda_R:0.1 ===
[Config] maxIter:20 | conv:1.0e-06 | threads:62
[Data]   n_entities:14541 | n_relations:237 | total_nnz:310116
[Data]   nnz:310116 | import_time:0.04 s
[Eval]   positifs:2000 | neg/pos:1 | folds:10 | mode:cross-validation CSR echantillonnee
INFO : RESCAL : [  0] fit: 0.28983 | delta: 2.9e-01 | secs: 19.13247
INFO : RESCAL : [  1] fit: 0.40060 | delta: 1.1e-01 | secs: 18.99172
INFO : RESCAL : [  2] fit: 0.41312 | delta: 1.3e-02 | secs: 18.67920
INFO : RESCAL : [  3] fit: 0.41793 | delta: 4.8e-03 | secs: 18.06957
INFO : RESCAL : [  4] fit: 0.42032 | delta: 2.4e-03 | secs: 18.36012
INFO : RESCAL : [  5] fit: 0.42162 | delta: 1.3e-03 | secs: 18.57030
INFO : RESCAL : [  6] fit: 0.42247 | delta: 8.5e-04 | secs: 18.72297
INFO : RESCAL : [  7] fit: 0.42306 | delta: 6.0e-04 | secs: 18.82227
INFO : RESCAL : [  8] fit: 0.42351 | delta: 4.5e-04 | secs: 18.72395
INFO : RESCAL : [  9] fit: 0.42387 | delta: 3.6e-04 | secs: 19.00394
INFO : RESCAL : [ 10] fit: 0.42418 | delta: 3.0e-04 | secs: 19.02624
INFO : RESCAL : [ 11] fit: 0.42443 | delta: 2.5e-04 | secs: 18.87494
INFO : RESCAL : [ 12] fit: 0.42465 | delta: 2.2e-04 | secs: 18.83691
INFO : RESCAL : [ 13] fit: 0.42483 | delta: 1.9e-04 | secs: 19.08113
INFO : RESCAL : [ 14] fit: 0.42499 | delta: 1.6e-04 | secs: 18.96052
INFO : RESCAL : [ 15] fit: 0.42513 | delta: 1.3e-04 | secs: 18.68849
INFO : RESCAL : [ 16] fit: 0.42524 | delta: 1.1e-04 | secs: 18.63545
INFO : RESCAL : [ 17] fit: 0.42533 | delta: 9.3e-05 | secs: 18.42795
INFO : RESCAL : [ 18] fit: 0.42541 | delta: 7.5e-05 | secs: 18.44853
INFO : RESCAL : [ 19] fit: 0.42547 | delta: 5.9e-05 | secs: 18.25430
[Fold 1] AUC-PR: 0.978897
