Thread(s) : 62
Fold      : 04
Debut     : 2026-05-30 16:04:41
====================================================

====================================================
Fold 04
====================================================
=== DATASET: fb15k237 | rank:200 | lambda_A:0.1 | lambda_R:0.1 ===
[Config] maxIter:20 | conv:1.0e-06 | threads:62
[Data]   n_entities:14541 | n_relations:237 | total_nnz:310116
[Data]   nnz:310116 | import_time:0.04 s
[Eval]   positifs:2000 | neg/pos:1 | folds:10 | mode:cross-validation CSR echantillonnee
INFO : RESCAL : [  0] fit: 0.29103 | delta: 2.9e-01 | secs: 18.62241
INFO : RESCAL : [  1] fit: 0.40260 | delta: 1.1e-01 | secs: 18.99513
INFO : RESCAL : [  2] fit: 0.41514 | delta: 1.3e-02 | secs: 19.11505
INFO : RESCAL : [  3] fit: 0.41960 | delta: 4.5e-03 | secs: 18.85239
INFO : RESCAL : [  4] fit: 0.42182 | delta: 2.2e-03 | secs: 18.99641
INFO : RESCAL : [  5] fit: 0.42298 | delta: 1.2e-03 | secs: 18.94738
INFO : RESCAL : [  6] fit: 0.42378 | delta: 8.0e-04 | secs: 18.85476
INFO : RESCAL : [  7] fit: 0.42432 | delta: 5.4e-04 | secs: 18.43633
INFO : RESCAL : [  8] fit: 0.42476 | delta: 4.4e-04 | secs: 18.30261
INFO : RESCAL : [  9] fit: 0.42509 | delta: 3.3e-04 | secs: 19.17691
INFO : RESCAL : [ 10] fit: 0.42538 | delta: 2.9e-04 | secs: 18.65735
INFO : RESCAL : [ 11] fit: 0.42562 | delta: 2.3e-04 | secs: 18.23169
INFO : RESCAL : [ 12] fit: 0.42582 | delta: 2.1e-04 | secs: 18.64597
INFO : RESCAL : [ 13] fit: 0.42600 | delta: 1.7e-04 | secs: 18.42842
INFO : RESCAL : [ 14] fit: 0.42615 | delta: 1.5e-04 | secs: 18.42538
INFO : RESCAL : [ 15] fit: 0.42628 | delta: 1.3e-04 | secs: 18.66091
INFO : RESCAL : [ 16] fit: 0.42640 | delta: 1.2e-04 | secs: 18.94604
INFO : RESCAL : [ 17] fit: 0.42650 | delta: 1.0e-04 | secs: 18.66092
INFO : RESCAL : [ 18] fit: 0.42659 | delta: 9.0e-05 | secs: 18.71335
INFO : RESCAL : [ 19] fit: 0.42666 | delta: 7.8e-05 | secs: 18.52404
[Fold 4] AUC-PR: 0.978569
