Thread(s) : 62
Fold      : 07
Debut     : 2026-05-30 16:04:41
====================================================

====================================================
Fold 07
====================================================
=== DATASET: fb15k237 | rank:200 | lambda_A:0.1 | lambda_R:0.1 ===
[Config] maxIter:20 | conv:1.0e-06 | threads:62
[Data]   n_entities:14541 | n_relations:237 | total_nnz:310116
[Data]   nnz:310116 | import_time:0.04 s
[Eval]   positifs:2000 | neg/pos:1 | folds:10 | mode:cross-validation CSR echantillonnee
INFO : RESCAL : [  0] fit: 0.29067 | delta: 2.9e-01 | secs: 18.85664
INFO : RESCAL : [  1] fit: 0.40357 | delta: 1.1e-01 | secs: 18.86986
INFO : RESCAL : [  2] fit: 0.41660 | delta: 1.3e-02 | secs: 18.56086
INFO : RESCAL : [  3] fit: 0.42129 | delta: 4.7e-03 | secs: 18.29580
INFO : RESCAL : [  4] fit: 0.42362 | delta: 2.3e-03 | secs: 18.78342
INFO : RESCAL : [  5] fit: 0.42500 | delta: 1.4e-03 | secs: 18.89585
INFO : RESCAL : [  6] fit: 0.42589 | delta: 8.9e-04 | secs: 18.55564
INFO : RESCAL : [  7] fit: 0.42645 | delta: 5.6e-04 | secs: 19.06042
INFO : RESCAL : [  8] fit: 0.42689 | delta: 4.4e-04 | secs: 18.36262
INFO : RESCAL : [  9] fit: 0.42722 | delta: 3.3e-04 | secs: 18.56531
INFO : RESCAL : [ 10] fit: 0.42749 | delta: 2.7e-04 | secs: 18.30971
INFO : RESCAL : [ 11] fit: 0.42770 | delta: 2.1e-04 | secs: 18.62979
INFO : RESCAL : [ 12] fit: 0.42788 | delta: 1.8e-04 | secs: 18.74219
INFO : RESCAL : [ 13] fit: 0.42803 | delta: 1.5e-04 | secs: 18.72037
INFO : RESCAL : [ 14] fit: 0.42817 | delta: 1.4e-04 | secs: 18.19702
INFO : RESCAL : [ 15] fit: 0.42829 | delta: 1.2e-04 | secs: 18.74493
INFO : RESCAL : [ 16] fit: 0.42840 | delta: 1.1e-04 | secs: 18.54051
INFO : RESCAL : [ 17] fit: 0.42850 | delta: 9.9e-05 | secs: 18.73122
INFO : RESCAL : [ 18] fit: 0.42860 | delta: 9.7e-05 | secs: 18.25302
INFO : RESCAL : [ 19] fit: 0.42868 | delta: 8.6e-05 | secs: 18.73156
[Fold 7] AUC-PR: 0.979600
