Thread(s) : 62
Fold      : 03
Debut     : 2026-05-30 16:04:41
====================================================

====================================================
Fold 03
====================================================
=== DATASET: fb15k237 | rank:200 | lambda_A:0.1 | lambda_R:0.1 ===
[Config] maxIter:20 | conv:1.0e-06 | threads:62
[Data]   n_entities:14541 | n_relations:237 | total_nnz:310116
[Data]   nnz:310116 | import_time:0.04 s
[Eval]   positifs:2000 | neg/pos:1 | folds:10 | mode:cross-validation CSR echantillonnee
INFO : RESCAL : [  0] fit: 0.28986 | delta: 2.9e-01 | secs: 18.55161
INFO : RESCAL : [  1] fit: 0.40242 | delta: 1.1e-01 | secs: 18.38253
INFO : RESCAL : [  2] fit: 0.41537 | delta: 1.3e-02 | secs: 18.97008
INFO : RESCAL : [  3] fit: 0.42006 | delta: 4.7e-03 | secs: 18.54405
INFO : RESCAL : [  4] fit: 0.42222 | delta: 2.2e-03 | secs: 19.01696
INFO : RESCAL : [  5] fit: 0.42333 | delta: 1.1e-03 | secs: 18.76774
INFO : RESCAL : [  6] fit: 0.42395 | delta: 6.1e-04 | secs: 18.82295
INFO : RESCAL : [  7] fit: 0.42439 | delta: 4.4e-04 | secs: 18.28275
INFO : RESCAL : [  8] fit: 0.42473 | delta: 3.4e-04 | secs: 18.69835
INFO : RESCAL : [  9] fit: 0.42503 | delta: 3.0e-04 | secs: 18.20492
INFO : RESCAL : [ 10] fit: 0.42529 | delta: 2.6e-04 | secs: 19.10632
INFO : RESCAL : [ 11] fit: 0.42552 | delta: 2.3e-04 | secs: 18.35243
INFO : RESCAL : [ 12] fit: 0.42573 | delta: 2.0e-04 | secs: 18.71286
INFO : RESCAL : [ 13] fit: 0.42592 | delta: 1.9e-04 | secs: 18.52502
INFO : RESCAL : [ 14] fit: 0.42608 | delta: 1.6e-04 | secs: 18.66807
INFO : RESCAL : [ 15] fit: 0.42623 | delta: 1.5e-04 | secs: 18.78303
INFO : RESCAL : [ 16] fit: 0.42636 | delta: 1.3e-04 | secs: 19.08593
INFO : RESCAL : [ 17] fit: 0.42648 | delta: 1.2e-04 | secs: 18.14209
INFO : RESCAL : [ 18] fit: 0.42658 | delta: 1.1e-04 | secs: 18.69714
INFO : RESCAL : [ 19] fit: 0.42668 | delta: 9.6e-05 | secs: 18.14230
[Fold 3] AUC-PR: 0.972585
