Thread(s) : 62
Fold      : 00
Debut     : 2026-05-30 16:04:41
====================================================

====================================================
Fold 00
====================================================
=== DATASET: fb15k237 | rank:200 | lambda_A:0.1 | lambda_R:0.1 ===
[Config] maxIter:20 | conv:1.0e-06 | threads:62
[Data]   n_entities:14541 | n_relations:237 | total_nnz:310116
[Data]   nnz:310116 | import_time:0.04 s
[Eval]   positifs:2000 | neg/pos:1 | folds:10 | mode:cross-validation CSR echantillonnee
INFO : RESCAL : [  0] fit: 0.28833 | delta: 2.9e-01 | secs: 18.55128
INFO : RESCAL : [  1] fit: 0.39950 | delta: 1.1e-01 | secs: 18.72239
INFO : RESCAL : [  2] fit: 0.41251 | delta: 1.3e-02 | secs: 18.80866
INFO : RESCAL : [  3] fit: 0.41747 | delta: 5.0e-03 | secs: 18.93941
INFO : RESCAL : [  4] fit: 0.42006 | delta: 2.6e-03 | secs: 19.01883
INFO : RESCAL : [  5] fit: 0.42158 | delta: 1.5e-03 | secs: 18.95385
INFO : RESCAL : [  6] fit: 0.42251 | delta: 9.3e-04 | secs: 18.76011
INFO : RESCAL : [  7] fit: 0.42314 | delta: 6.3e-04 | secs: 19.03266
INFO : RESCAL : [  8] fit: 0.42360 | delta: 4.5e-04 | secs: 18.28515
INFO : RESCAL : [  9] fit: 0.42395 | delta: 3.5e-04 | secs: 18.49661
INFO : RESCAL : [ 10] fit: 0.42423 | delta: 2.8e-04 | secs: 18.59600
INFO : RESCAL : [ 11] fit: 0.42446 | delta: 2.4e-04 | secs: 18.73532
INFO : RESCAL : [ 12] fit: 0.42466 | delta: 2.0e-04 | secs: 18.36785
INFO : RESCAL : [ 13] fit: 0.42483 | delta: 1.7e-04 | secs: 18.54846
INFO : RESCAL : [ 14] fit: 0.42497 | delta: 1.4e-04 | secs: 18.59495
INFO : RESCAL : [ 15] fit: 0.42509 | delta: 1.2e-04 | secs: 18.57709
INFO : RESCAL : [ 16] fit: 0.42519 | delta: 9.8e-05 | secs: 18.41822
INFO : RESCAL : [ 17] fit: 0.42527 | delta: 8.2e-05 | secs: 18.62624
INFO : RESCAL : [ 18] fit: 0.42534 | delta: 6.6e-05 | secs: 19.05729
INFO : RESCAL : [ 19] fit: 0.42539 | delta: 5.5e-05 | secs: 18.84978
[Fold 0] AUC-PR: 0.975932
