Thread(s) : 62
Fold      : 06
Debut     : 2026-05-30 16:04:41
====================================================

====================================================
Fold 06
====================================================
=== DATASET: fb15k237 | rank:200 | lambda_A:0.1 | lambda_R:0.1 ===
[Config] maxIter:20 | conv:1.0e-06 | threads:62
[Data]   n_entities:14541 | n_relations:237 | total_nnz:310116
[Data]   nnz:310116 | import_time:0.04 s
[Eval]   positifs:2000 | neg/pos:1 | folds:10 | mode:cross-validation CSR echantillonnee
INFO : RESCAL : [  0] fit: 0.28815 | delta: 2.9e-01 | secs: 18.66174
INFO : RESCAL : [  1] fit: 0.40503 | delta: 1.2e-01 | secs: 18.92799
INFO : RESCAL : [  2] fit: 0.41816 | delta: 1.3e-02 | secs: 18.79451
INFO : RESCAL : [  3] fit: 0.42285 | delta: 4.7e-03 | secs: 17.95500
INFO : RESCAL : [  4] fit: 0.42512 | delta: 2.3e-03 | secs: 18.76834
INFO : RESCAL : [  5] fit: 0.42638 | delta: 1.3e-03 | secs: 18.62596
INFO : RESCAL : [  6] fit: 0.42711 | delta: 7.3e-04 | secs: 19.03779
INFO : RESCAL : [  7] fit: 0.42758 | delta: 4.7e-04 | secs: 18.45930
INFO : RESCAL : [  8] fit: 0.42796 | delta: 3.8e-04 | secs: 18.26802
INFO : RESCAL : [  9] fit: 0.42826 | delta: 3.0e-04 | secs: 18.43362
INFO : RESCAL : [ 10] fit: 0.42853 | delta: 2.6e-04 | secs: 19.22631
INFO : RESCAL : [ 11] fit: 0.42874 | delta: 2.1e-04 | secs: 18.29356
INFO : RESCAL : [ 12] fit: 0.42893 | delta: 1.9e-04 | secs: 18.81779
INFO : RESCAL : [ 13] fit: 0.42909 | delta: 1.6e-04 | secs: 18.36847
INFO : RESCAL : [ 14] fit: 0.42923 | delta: 1.4e-04 | secs: 18.76724
INFO : RESCAL : [ 15] fit: 0.42935 | delta: 1.2e-04 | secs: 18.61564
INFO : RESCAL : [ 16] fit: 0.42947 | delta: 1.2e-04 | secs: 18.57567
INFO : RESCAL : [ 17] fit: 0.42957 | delta: 1.0e-04 | secs: 18.88567
INFO : RESCAL : [ 18] fit: 0.42967 | delta: 9.7e-05 | secs: 19.00157
INFO : RESCAL : [ 19] fit: 0.42975 | delta: 8.7e-05 | secs: 18.48051
[Fold 6] AUC-PR: 0.977554
