Thread(s) : 62
Fold      : 02
Debut     : 2026-05-30 16:04:41
====================================================

====================================================
Fold 02
====================================================
=== DATASET: fb15k237 | rank:200 | lambda_A:0.1 | lambda_R:0.1 ===
[Config] maxIter:20 | conv:1.0e-06 | threads:62
[Data]   n_entities:14541 | n_relations:237 | total_nnz:310116
[Data]   nnz:310116 | import_time:0.04 s
[Eval]   positifs:2000 | neg/pos:1 | folds:10 | mode:cross-validation CSR echantillonnee
INFO : RESCAL : [  0] fit: 0.28775 | delta: 2.9e-01 | secs: 18.96364
INFO : RESCAL : [  1] fit: 0.40082 | delta: 1.1e-01 | secs: 19.06117
INFO : RESCAL : [  2] fit: 0.41424 | delta: 1.3e-02 | secs: 18.85846
INFO : RESCAL : [  3] fit: 0.41931 | delta: 5.1e-03 | secs: 18.00398
INFO : RESCAL : [  4] fit: 0.42186 | delta: 2.5e-03 | secs: 18.34945
INFO : RESCAL : [  5] fit: 0.42335 | delta: 1.5e-03 | secs: 18.61299
INFO : RESCAL : [  6] fit: 0.42425 | delta: 9.0e-04 | secs: 18.62103
INFO : RESCAL : [  7] fit: 0.42481 | delta: 5.6e-04 | secs: 18.68008
INFO : RESCAL : [  8] fit: 0.42522 | delta: 4.1e-04 | secs: 18.72972
INFO : RESCAL : [  9] fit: 0.42555 | delta: 3.3e-04 | secs: 18.54202
INFO : RESCAL : [ 10] fit: 0.42583 | delta: 2.8e-04 | secs: 18.38792
INFO : RESCAL : [ 11] fit: 0.42606 | delta: 2.4e-04 | secs: 18.37582
INFO : RESCAL : [ 12] fit: 0.42628 | delta: 2.1e-04 | secs: 18.67933
INFO : RESCAL : [ 13] fit: 0.42646 | delta: 1.9e-04 | secs: 18.38548
INFO : RESCAL : [ 14] fit: 0.42663 | delta: 1.7e-04 | secs: 18.69131
INFO : RESCAL : [ 15] fit: 0.42678 | delta: 1.5e-04 | secs: 18.46424
INFO : RESCAL : [ 16] fit: 0.42692 | delta: 1.4e-04 | secs: 18.26202
INFO : RESCAL : [ 17] fit: 0.42704 | delta: 1.2e-04 | secs: 18.46253
INFO : RESCAL : [ 18] fit: 0.42714 | delta: 1.0e-04 | secs: 18.74453
INFO : RESCAL : [ 19] fit: 0.42723 | delta: 8.8e-05 | secs: 18.65917
[Fold 2] AUC-PR: 0.972116
