Thread(s) : 2
Fold      : 08
Debut     : 2026-05-27 23:04:33
====================================================

====================================================
Fold 08
====================================================
=== DATASET: fb15k237 | rank:200 | lambda_A:0.1 | lambda_R:0.1 ===
[Config] maxIter:20 | conv:1.0e-06 | threads:2
[Data]   n_entities:14541 | n_relations:237 | total_nnz:310116
[Data]   nnz:310116 | import_time:0.04 s
[Eval]   positifs:2000 | neg/pos:1 | folds:10 | mode:cross-validation CSR echantillonnee
INFO : RESCAL : [  0] fit: 0.28987 | delta: 2.9e-01 | secs: 59.19592
INFO : RESCAL : [  1] fit: 0.40396 | delta: 1.1e-01 | secs: 62.18450
INFO : RESCAL : [  2] fit: 0.41751 | delta: 1.4e-02 | secs: 59.29881
INFO : RESCAL : [  3] fit: 0.42270 | delta: 5.2e-03 | secs: 63.63383
INFO : RESCAL : [  4] fit: 0.42537 | delta: 2.7e-03 | secs: 55.75816
INFO : RESCAL : [  5] fit: 0.42676 | delta: 1.4e-03 | secs: 63.71757
INFO : RESCAL : [  6] fit: 0.42756 | delta: 8.0e-04 | secs: 55.74598
INFO : RESCAL : [  7] fit: 0.42808 | delta: 5.2e-04 | secs: 58.55750
INFO : RESCAL : [  8] fit: 0.42847 | delta: 3.9e-04 | secs: 59.65029
INFO : RESCAL : [  9] fit: 0.42879 | delta: 3.2e-04 | secs: 58.42879
INFO : RESCAL : [ 10] fit: 0.42908 | delta: 2.8e-04 | secs: 59.98439
INFO : RESCAL : [ 11] fit: 0.42933 | delta: 2.5e-04 | secs: 58.62284
INFO : RESCAL : [ 12] fit: 0.42955 | delta: 2.2e-04 | secs: 59.75175
INFO : RESCAL : [ 13] fit: 0.42975 | delta: 2.0e-04 | secs: 58.58382
INFO : RESCAL : [ 14] fit: 0.42992 | delta: 1.7e-04 | secs: 59.38562
INFO : RESCAL : [ 15] fit: 0.43007 | delta: 1.5e-04 | secs: 56.50391
INFO : RESCAL : [ 16] fit: 0.43020 | delta: 1.3e-04 | secs: 59.65796
INFO : RESCAL : [ 17] fit: 0.43031 | delta: 1.1e-04 | secs: 58.51011
INFO : RESCAL : [ 18] fit: 0.43041 | delta: 9.6e-05 | secs: 59.62640
INFO : RESCAL : [ 19] fit: 0.43049 | delta: 8.4e-05 | secs: 56.41963
[Fold 8] AUC-PR: 0.973615
