Thread(s) : 2
Fold      : 02
Debut     : 2026-05-27 23:04:33
====================================================

====================================================
Fold 02
====================================================
=== DATASET: fb15k237 | rank:200 | lambda_A:0.1 | lambda_R:0.1 ===
[Config] maxIter:20 | conv:1.0e-06 | threads:2
[Data]   n_entities:14541 | n_relations:237 | total_nnz:310116
[Data]   nnz:310116 | import_time:0.04 s
[Eval]   positifs:2000 | neg/pos:1 | folds:10 | mode:cross-validation CSR echantillonnee
INFO : RESCAL : [  0] fit: 0.29037 | delta: 2.9e-01 | secs: 55.56193
INFO : RESCAL : [  1] fit: 0.40143 | delta: 1.1e-01 | secs: 63.79681
INFO : RESCAL : [  2] fit: 0.41369 | delta: 1.2e-02 | secs: 55.78919
INFO : RESCAL : [  3] fit: 0.41841 | delta: 4.7e-03 | secs: 58.94873
INFO : RESCAL : [  4] fit: 0.42107 | delta: 2.7e-03 | secs: 63.92800
INFO : RESCAL : [  5] fit: 0.42272 | delta: 1.6e-03 | secs: 59.04962
INFO : RESCAL : [  6] fit: 0.42364 | delta: 9.3e-04 | secs: 57.79308
INFO : RESCAL : [  7] fit: 0.42421 | delta: 5.7e-04 | secs: 59.69347
INFO : RESCAL : [  8] fit: 0.42465 | delta: 4.4e-04 | secs: 56.26703
INFO : RESCAL : [  9] fit: 0.42502 | delta: 3.7e-04 | secs: 59.60814
INFO : RESCAL : [ 10] fit: 0.42533 | delta: 3.1e-04 | secs: 62.37676
INFO : RESCAL : [ 11] fit: 0.42558 | delta: 2.5e-04 | secs: 59.22297
INFO : RESCAL : [ 12] fit: 0.42580 | delta: 2.1e-04 | secs: 63.77317
INFO : RESCAL : [ 13] fit: 0.42597 | delta: 1.8e-04 | secs: 59.27839
INFO : RESCAL : [ 14] fit: 0.42612 | delta: 1.5e-04 | secs: 54.66886
INFO : RESCAL : [ 15] fit: 0.42625 | delta: 1.3e-04 | secs: 59.28339
INFO : RESCAL : [ 16] fit: 0.42635 | delta: 1.1e-04 | secs: 54.87659
INFO : RESCAL : [ 17] fit: 0.42644 | delta: 9.0e-05 | secs: 59.59248
INFO : RESCAL : [ 18] fit: 0.42652 | delta: 7.7e-05 | secs: 54.79923
INFO : RESCAL : [ 19] fit: 0.42658 | delta: 6.4e-05 | secs: 59.85735
[Fold 2] AUC-PR: 0.974826
