Thread(s) : 2
Fold      : 00
Debut     : 2026-05-27 23:04:33
====================================================

====================================================
Fold 00
====================================================
=== DATASET: fb15k237 | rank:200 | lambda_A:0.1 | lambda_R:0.1 ===
[Config] maxIter:20 | conv:1.0e-06 | threads:2
[Data]   n_entities:14541 | n_relations:237 | total_nnz:310116
[Data]   nnz:310116 | import_time:0.04 s
[Eval]   positifs:2000 | neg/pos:1 | folds:10 | mode:cross-validation CSR echantillonnee
INFO : RESCAL : [  0] fit: 0.28972 | delta: 2.9e-01 | secs: 54.83019
INFO : RESCAL : [  1] fit: 0.40280 | delta: 1.1e-01 | secs: 56.95982
INFO : RESCAL : [  2] fit: 0.41582 | delta: 1.3e-02 | secs: 62.43579
INFO : RESCAL : [  3] fit: 0.42055 | delta: 4.7e-03 | secs: 59.56954
INFO : RESCAL : [  4] fit: 0.42290 | delta: 2.4e-03 | secs: 54.65049
INFO : RESCAL : [  5] fit: 0.42423 | delta: 1.3e-03 | secs: 58.36488
INFO : RESCAL : [  6] fit: 0.42506 | delta: 8.3e-04 | secs: 58.32798
INFO : RESCAL : [  7] fit: 0.42567 | delta: 6.2e-04 | secs: 58.46552
INFO : RESCAL : [  8] fit: 0.42618 | delta: 5.1e-04 | secs: 54.65631
INFO : RESCAL : [  9] fit: 0.42662 | delta: 4.4e-04 | secs: 58.07168
INFO : RESCAL : [ 10] fit: 0.42696 | delta: 3.4e-04 | secs: 54.57654
INFO : RESCAL : [ 11] fit: 0.42719 | delta: 2.4e-04 | secs: 58.24413
INFO : RESCAL : [ 12] fit: 0.42737 | delta: 1.8e-04 | secs: 59.99260
INFO : RESCAL : [ 13] fit: 0.42754 | delta: 1.7e-04 | secs: 58.46083
INFO : RESCAL : [ 14] fit: 0.42769 | delta: 1.5e-04 | secs: 60.03316
INFO : RESCAL : [ 15] fit: 0.42782 | delta: 1.4e-04 | secs: 58.27073
INFO : RESCAL : [ 16] fit: 0.42795 | delta: 1.2e-04 | secs: 60.08863
INFO : RESCAL : [ 17] fit: 0.42806 | delta: 1.1e-04 | secs: 58.31699
INFO : RESCAL : [ 18] fit: 0.42816 | delta: 1.0e-04 | secs: 57.98604
INFO : RESCAL : [ 19] fit: 0.42825 | delta: 9.2e-05 | secs: 54.69301
[Fold 0] AUC-PR: 0.985609
