Thread(s) : 2
Fold      : 05
Debut     : 2026-05-27 23:04:33
====================================================

====================================================
Fold 05
====================================================
=== DATASET: fb15k237 | rank:200 | lambda_A:0.1 | lambda_R:0.1 ===
[Config] maxIter:20 | conv:1.0e-06 | threads:2
[Data]   n_entities:14541 | n_relations:237 | total_nnz:310116
[Data]   nnz:310116 | import_time:0.04 s
[Eval]   positifs:2000 | neg/pos:1 | folds:10 | mode:cross-validation CSR echantillonnee
INFO : RESCAL : [  0] fit: 0.28736 | delta: 2.9e-01 | secs: 59.28881
INFO : RESCAL : [  1] fit: 0.39959 | delta: 1.1e-01 | secs: 63.83377
INFO : RESCAL : [  2] fit: 0.41230 | delta: 1.3e-02 | secs: 55.83378
INFO : RESCAL : [  3] fit: 0.41705 | delta: 4.8e-03 | secs: 60.79478
INFO : RESCAL : [  4] fit: 0.41952 | delta: 2.5e-03 | secs: 60.31506
INFO : RESCAL : [  5] fit: 0.42090 | delta: 1.4e-03 | secs: 62.18085
INFO : RESCAL : [  6] fit: 0.42172 | delta: 8.2e-04 | secs: 59.58948
INFO : RESCAL : [  7] fit: 0.42224 | delta: 5.2e-04 | secs: 58.52254
INFO : RESCAL : [  8] fit: 0.42266 | delta: 4.2e-04 | secs: 55.60113
INFO : RESCAL : [  9] fit: 0.42306 | delta: 3.9e-04 | secs: 58.43793
INFO : RESCAL : [ 10] fit: 0.42342 | delta: 3.6e-04 | secs: 59.30280
INFO : RESCAL : [ 11] fit: 0.42367 | delta: 2.5e-04 | secs: 54.61970
INFO : RESCAL : [ 12] fit: 0.42386 | delta: 1.9e-04 | secs: 59.71038
INFO : RESCAL : [ 13] fit: 0.42404 | delta: 1.8e-04 | secs: 58.44132
INFO : RESCAL : [ 14] fit: 0.42420 | delta: 1.7e-04 | secs: 55.87548
INFO : RESCAL : [ 15] fit: 0.42435 | delta: 1.5e-04 | secs: 58.42553
INFO : RESCAL : [ 16] fit: 0.42448 | delta: 1.3e-04 | secs: 55.90999
INFO : RESCAL : [ 17] fit: 0.42459 | delta: 1.1e-04 | secs: 58.51298
INFO : RESCAL : [ 18] fit: 0.42469 | delta: 9.7e-05 | secs: 56.04875
INFO : RESCAL : [ 19] fit: 0.42478 | delta: 8.4e-05 | secs: 58.54267
[Fold 5] AUC-PR: 0.978184
