Thread(s) : 2
Fold      : 06
Debut     : 2026-05-27 23:04:33
====================================================

====================================================
Fold 06
====================================================
=== DATASET: fb15k237 | rank:200 | lambda_A:0.1 | lambda_R:0.1 ===
[Config] maxIter:20 | conv:1.0e-06 | threads:2
[Data]   n_entities:14541 | n_relations:237 | total_nnz:310116
[Data]   nnz:310116 | import_time:0.04 s
[Eval]   positifs:2000 | neg/pos:1 | folds:10 | mode:cross-validation CSR echantillonnee
INFO : RESCAL : [  0] fit: 0.28889 | delta: 2.9e-01 | secs: 59.24648
INFO : RESCAL : [  1] fit: 0.39943 | delta: 1.1e-01 | secs: 59.08644
INFO : RESCAL : [  2] fit: 0.41217 | delta: 1.3e-02 | secs: 55.92789
INFO : RESCAL : [  3] fit: 0.41700 | delta: 4.8e-03 | secs: 58.28533
INFO : RESCAL : [  4] fit: 0.41923 | delta: 2.2e-03 | secs: 55.73789
INFO : RESCAL : [  5] fit: 0.42060 | delta: 1.4e-03 | secs: 62.03090
INFO : RESCAL : [  6] fit: 0.42149 | delta: 8.9e-04 | secs: 55.85209
INFO : RESCAL : [  7] fit: 0.42221 | delta: 7.2e-04 | secs: 60.68599
INFO : RESCAL : [  8] fit: 0.42280 | delta: 6.0e-04 | secs: 59.47580
INFO : RESCAL : [  9] fit: 0.42325 | delta: 4.5e-04 | secs: 54.81839
INFO : RESCAL : [ 10] fit: 0.42358 | delta: 3.3e-04 | secs: 59.59226
INFO : RESCAL : [ 11] fit: 0.42384 | delta: 2.6e-04 | secs: 60.12074
INFO : RESCAL : [ 12] fit: 0.42406 | delta: 2.2e-04 | secs: 59.77486
INFO : RESCAL : [ 13] fit: 0.42425 | delta: 1.9e-04 | secs: 60.18983
INFO : RESCAL : [ 14] fit: 0.42442 | delta: 1.7e-04 | secs: 59.67300
INFO : RESCAL : [ 15] fit: 0.42457 | delta: 1.5e-04 | secs: 60.39236
INFO : RESCAL : [ 16] fit: 0.42470 | delta: 1.3e-04 | secs: 59.75674
INFO : RESCAL : [ 17] fit: 0.42482 | delta: 1.2e-04 | secs: 60.28719
INFO : RESCAL : [ 18] fit: 0.42492 | delta: 1.0e-04 | secs: 59.65795
INFO : RESCAL : [ 19] fit: 0.42500 | delta: 8.9e-05 | secs: 60.25255
[Fold 6] AUC-PR: 0.983018
