Thread(s) : 2
Fold      : 07
Debut     : 2026-05-27 23:04:33
====================================================

====================================================
Fold 07
====================================================
=== DATASET: fb15k237 | rank:200 | lambda_A:0.1 | lambda_R:0.1 ===
[Config] maxIter:20 | conv:1.0e-06 | threads:2
[Data]   n_entities:14541 | n_relations:237 | total_nnz:310116
[Data]   nnz:310116 | import_time:0.04 s
[Eval]   positifs:2000 | neg/pos:1 | folds:10 | mode:cross-validation CSR echantillonnee
INFO : RESCAL : [  0] fit: 0.29181 | delta: 2.9e-01 | secs: 55.34572
INFO : RESCAL : [  1] fit: 0.40539 | delta: 1.1e-01 | secs: 60.09336
INFO : RESCAL : [  2] fit: 0.41829 | delta: 1.3e-02 | secs: 59.68477
INFO : RESCAL : [  3] fit: 0.42330 | delta: 5.0e-03 | secs: 56.39833
INFO : RESCAL : [  4] fit: 0.42586 | delta: 2.6e-03 | secs: 59.37116
INFO : RESCAL : [  5] fit: 0.42741 | delta: 1.5e-03 | secs: 54.65292
INFO : RESCAL : [  6] fit: 0.42839 | delta: 9.8e-04 | secs: 59.37615
INFO : RESCAL : [  7] fit: 0.42904 | delta: 6.5e-04 | secs: 54.55407
INFO : RESCAL : [  8] fit: 0.42945 | delta: 4.1e-04 | secs: 59.75285
INFO : RESCAL : [  9] fit: 0.42974 | delta: 2.9e-04 | secs: 60.06851
INFO : RESCAL : [ 10] fit: 0.42997 | delta: 2.3e-04 | secs: 59.91940
INFO : RESCAL : [ 11] fit: 0.43017 | delta: 2.0e-04 | secs: 63.77307
INFO : RESCAL : [ 12] fit: 0.43035 | delta: 1.8e-04 | secs: 59.56304
INFO : RESCAL : [ 13] fit: 0.43051 | delta: 1.6e-04 | secs: 59.89264
INFO : RESCAL : [ 14] fit: 0.43066 | delta: 1.4e-04 | secs: 59.54606
INFO : RESCAL : [ 15] fit: 0.43079 | delta: 1.3e-04 | secs: 54.72668
INFO : RESCAL : [ 16] fit: 0.43090 | delta: 1.1e-04 | secs: 59.52774
INFO : RESCAL : [ 17] fit: 0.43100 | delta: 1.0e-04 | secs: 54.69099
INFO : RESCAL : [ 18] fit: 0.43109 | delta: 9.0e-05 | secs: 59.44864
INFO : RESCAL : [ 19] fit: 0.43117 | delta: 8.0e-05 | secs: 54.65920
[Fold 7] AUC-PR: 0.981741
