Thread(s) : 2
Fold      : 04
Debut     : 2026-05-27 23:04:33
====================================================

====================================================
Fold 04
====================================================
=== DATASET: fb15k237 | rank:200 | lambda_A:0.1 | lambda_R:0.1 ===
[Config] maxIter:20 | conv:1.0e-06 | threads:2
[Data]   n_entities:14541 | n_relations:237 | total_nnz:310116
[Data]   nnz:310116 | import_time:0.04 s
[Eval]   positifs:2000 | neg/pos:1 | folds:10 | mode:cross-validation CSR echantillonnee
INFO : RESCAL : [  0] fit: 0.29006 | delta: 2.9e-01 | secs: 59.41182
INFO : RESCAL : [  1] fit: 0.40161 | delta: 1.1e-01 | secs: 58.92706
INFO : RESCAL : [  2] fit: 0.41498 | delta: 1.3e-02 | secs: 59.29137
INFO : RESCAL : [  3] fit: 0.41979 | delta: 4.8e-03 | secs: 56.35494
INFO : RESCAL : [  4] fit: 0.42207 | delta: 2.3e-03 | secs: 59.59237
INFO : RESCAL : [  5] fit: 0.42340 | delta: 1.3e-03 | secs: 60.04953
INFO : RESCAL : [  6] fit: 0.42424 | delta: 8.4e-04 | secs: 55.68559
INFO : RESCAL : [  7] fit: 0.42486 | delta: 6.2e-04 | secs: 58.78727
INFO : RESCAL : [  8] fit: 0.42537 | delta: 5.1e-04 | secs: 59.47375
INFO : RESCAL : [  9] fit: 0.42579 | delta: 4.2e-04 | secs: 56.40577
INFO : RESCAL : [ 10] fit: 0.42615 | delta: 3.6e-04 | secs: 55.94355
INFO : RESCAL : [ 11] fit: 0.42646 | delta: 3.1e-04 | secs: 58.50778
INFO : RESCAL : [ 12] fit: 0.42672 | delta: 2.6e-04 | secs: 55.95847
INFO : RESCAL : [ 13] fit: 0.42694 | delta: 2.2e-04 | secs: 58.65069
INFO : RESCAL : [ 14] fit: 0.42712 | delta: 1.8e-04 | secs: 59.72575
INFO : RESCAL : [ 15] fit: 0.42727 | delta: 1.5e-04 | secs: 58.42889
INFO : RESCAL : [ 16] fit: 0.42740 | delta: 1.3e-04 | secs: 59.69744
INFO : RESCAL : [ 17] fit: 0.42751 | delta: 1.1e-04 | secs: 58.49854
INFO : RESCAL : [ 18] fit: 0.42761 | delta: 9.7e-05 | secs: 59.58139
INFO : RESCAL : [ 19] fit: 0.42769 | delta: 8.5e-05 | secs: 58.74531
[Fold 4] AUC-PR: 0.970070
