Thread(s) : 18
Fold      : 01
Debut     : 2026-05-28 12:31:19
====================================================

====================================================
Fold 01
====================================================
=== DATASET: fb15k237 | rank:200 | lambda_A:0.1 | lambda_R:0.1 ===
[Config] maxIter:20 | conv:1.0e-06 | threads:18
[Data]   n_entities:14541 | n_relations:237 | total_nnz:310116
[Data]   nnz:310116 | import_time:0.04 s
[Eval]   positifs:2000 | neg/pos:1 | folds:10 | mode:cross-validation CSR echantillonnee
INFO : RESCAL : [  0] fit: 0.28985 | delta: 2.9e-01 | secs: 19.30181
INFO : RESCAL : [  1] fit: 0.40164 | delta: 1.1e-01 | secs: 19.80024
INFO : RESCAL : [  2] fit: 0.41480 | delta: 1.3e-02 | secs: 18.99613
INFO : RESCAL : [  3] fit: 0.41977 | delta: 5.0e-03 | secs: 19.37834
INFO : RESCAL : [  4] fit: 0.42207 | delta: 2.3e-03 | secs: 19.29298
INFO : RESCAL : [  5] fit: 0.42336 | delta: 1.3e-03 | secs: 19.48187
INFO : RESCAL : [  6] fit: 0.42420 | delta: 8.5e-04 | secs: 19.32636
INFO : RESCAL : [  7] fit: 0.42478 | delta: 5.8e-04 | secs: 19.48482
INFO : RESCAL : [  8] fit: 0.42524 | delta: 4.6e-04 | secs: 18.77517
INFO : RESCAL : [  9] fit: 0.42558 | delta: 3.4e-04 | secs: 19.35287
INFO : RESCAL : [ 10] fit: 0.42586 | delta: 2.8e-04 | secs: 19.20588
INFO : RESCAL : [ 11] fit: 0.42606 | delta: 2.0e-04 | secs: 19.08805
INFO : RESCAL : [ 12] fit: 0.42623 | delta: 1.7e-04 | secs: 18.87256
INFO : RESCAL : [ 13] fit: 0.42636 | delta: 1.3e-04 | secs: 19.85446
INFO : RESCAL : [ 14] fit: 0.42648 | delta: 1.2e-04 | secs: 19.22943
INFO : RESCAL : [ 15] fit: 0.42658 | delta: 9.6e-05 | secs: 19.28762
INFO : RESCAL : [ 16] fit: 0.42667 | delta: 9.0e-05 | secs: 19.24805
INFO : RESCAL : [ 17] fit: 0.42675 | delta: 8.0e-05 | secs: 19.31751
INFO : RESCAL : [ 18] fit: 0.42682 | delta: 7.8e-05 | secs: 18.92668
INFO : RESCAL : [ 19] fit: 0.42690 | delta: 7.1e-05 | secs: 19.32911
[Fold 1] AUC-PR: 0.973934
