Thread(s) : 18
Fold      : 05
Debut     : 2026-05-28 12:31:19
====================================================

====================================================
Fold 05
====================================================
=== DATASET: fb15k237 | rank:200 | lambda_A:0.1 | lambda_R:0.1 ===
[Config] maxIter:20 | conv:1.0e-06 | threads:18
[Data]   n_entities:14541 | n_relations:237 | total_nnz:310116
[Data]   nnz:310116 | import_time:0.04 s
[Eval]   positifs:2000 | neg/pos:1 | folds:10 | mode:cross-validation CSR echantillonnee
INFO : RESCAL : [  0] fit: 0.28943 | delta: 2.9e-01 | secs: 19.18683
INFO : RESCAL : [  1] fit: 0.40131 | delta: 1.1e-01 | secs: 19.81618
INFO : RESCAL : [  2] fit: 0.41393 | delta: 1.3e-02 | secs: 19.11163
INFO : RESCAL : [  3] fit: 0.41852 | delta: 4.6e-03 | secs: 19.85881
INFO : RESCAL : [  4] fit: 0.42077 | delta: 2.3e-03 | secs: 19.75533
INFO : RESCAL : [  5] fit: 0.42204 | delta: 1.3e-03 | secs: 19.16560
INFO : RESCAL : [  6] fit: 0.42282 | delta: 7.9e-04 | secs: 18.92841
INFO : RESCAL : [  7] fit: 0.42338 | delta: 5.6e-04 | secs: 19.59679
INFO : RESCAL : [  8] fit: 0.42381 | delta: 4.3e-04 | secs: 19.71207
INFO : RESCAL : [  9] fit: 0.42418 | delta: 3.8e-04 | secs: 19.19158
INFO : RESCAL : [ 10] fit: 0.42445 | delta: 2.6e-04 | secs: 19.27792
INFO : RESCAL : [ 11] fit: 0.42466 | delta: 2.1e-04 | secs: 19.42224
INFO : RESCAL : [ 12] fit: 0.42484 | delta: 1.8e-04 | secs: 18.85079
INFO : RESCAL : [ 13] fit: 0.42500 | delta: 1.7e-04 | secs: 19.67480
INFO : RESCAL : [ 14] fit: 0.42516 | delta: 1.5e-04 | secs: 19.34096
INFO : RESCAL : [ 15] fit: 0.42530 | delta: 1.5e-04 | secs: 19.72944
INFO : RESCAL : [ 16] fit: 0.42544 | delta: 1.4e-04 | secs: 19.12330
INFO : RESCAL : [ 17] fit: 0.42558 | delta: 1.3e-04 | secs: 19.80659
INFO : RESCAL : [ 18] fit: 0.42570 | delta: 1.3e-04 | secs: 19.56265
INFO : RESCAL : [ 19] fit: 0.42582 | delta: 1.2e-04 | secs: 19.41018
[Fold 5] AUC-PR: 0.984504
