Thread(s) : 18
Fold      : 06
Debut     : 2026-05-28 12:31:19
====================================================

====================================================
Fold 06
====================================================
=== DATASET: fb15k237 | rank:200 | lambda_A:0.1 | lambda_R:0.1 ===
[Config] maxIter:20 | conv:1.0e-06 | threads:18
[Data]   n_entities:14541 | n_relations:237 | total_nnz:310116
[Data]   nnz:310116 | import_time:0.04 s
[Eval]   positifs:2000 | neg/pos:1 | folds:10 | mode:cross-validation CSR echantillonnee
INFO : RESCAL : [  0] fit: 0.28930 | delta: 2.9e-01 | secs: 20.08967
INFO : RESCAL : [  1] fit: 0.40107 | delta: 1.1e-01 | secs: 19.42831
INFO : RESCAL : [  2] fit: 0.41429 | delta: 1.3e-02 | secs: 19.63326
INFO : RESCAL : [  3] fit: 0.41916 | delta: 4.9e-03 | secs: 19.42103
INFO : RESCAL : [  4] fit: 0.42133 | delta: 2.2e-03 | secs: 19.26597
INFO : RESCAL : [  5] fit: 0.42252 | delta: 1.2e-03 | secs: 19.25977
INFO : RESCAL : [  6] fit: 0.42331 | delta: 7.8e-04 | secs: 19.28699
INFO : RESCAL : [  7] fit: 0.42392 | delta: 6.2e-04 | secs: 19.33862
INFO : RESCAL : [  8] fit: 0.42439 | delta: 4.7e-04 | secs: 19.37400
INFO : RESCAL : [  9] fit: 0.42475 | delta: 3.7e-04 | secs: 19.42602
INFO : RESCAL : [ 10] fit: 0.42504 | delta: 2.9e-04 | secs: 19.42179
INFO : RESCAL : [ 11] fit: 0.42528 | delta: 2.4e-04 | secs: 19.15040
INFO : RESCAL : [ 12] fit: 0.42548 | delta: 2.0e-04 | secs: 19.99485
INFO : RESCAL : [ 13] fit: 0.42566 | delta: 1.7e-04 | secs: 19.70146
INFO : RESCAL : [ 14] fit: 0.42580 | delta: 1.5e-04 | secs: 18.80181
INFO : RESCAL : [ 15] fit: 0.42593 | delta: 1.3e-04 | secs: 19.52101
INFO : RESCAL : [ 16] fit: 0.42605 | delta: 1.1e-04 | secs: 20.01743
INFO : RESCAL : [ 17] fit: 0.42615 | delta: 1.0e-04 | secs: 19.75464
INFO : RESCAL : [ 18] fit: 0.42624 | delta: 9.1e-05 | secs: 19.40525
INFO : RESCAL : [ 19] fit: 0.42632 | delta: 8.2e-05 | secs: 19.68744
[Fold 6] AUC-PR: 0.978964
