Thread(s) : 18
Fold      : 02
Debut     : 2026-05-28 12:31:19
====================================================

====================================================
Fold 02
====================================================
=== DATASET: fb15k237 | rank:200 | lambda_A:0.1 | lambda_R:0.1 ===
[Config] maxIter:20 | conv:1.0e-06 | threads:18
[Data]   n_entities:14541 | n_relations:237 | total_nnz:310116
[Data]   nnz:310116 | import_time:0.04 s
[Eval]   positifs:2000 | neg/pos:1 | folds:10 | mode:cross-validation CSR echantillonnee
INFO : RESCAL : [  0] fit: 0.29076 | delta: 2.9e-01 | secs: 19.51589
INFO : RESCAL : [  1] fit: 0.40172 | delta: 1.1e-01 | secs: 19.63490
INFO : RESCAL : [  2] fit: 0.41445 | delta: 1.3e-02 | secs: 19.15511
INFO : RESCAL : [  3] fit: 0.41923 | delta: 4.8e-03 | secs: 19.60929
INFO : RESCAL : [  4] fit: 0.42168 | delta: 2.4e-03 | secs: 19.39332
INFO : RESCAL : [  5] fit: 0.42308 | delta: 1.4e-03 | secs: 19.71152
INFO : RESCAL : [  6] fit: 0.42391 | delta: 8.2e-04 | secs: 18.97736
INFO : RESCAL : [  7] fit: 0.42453 | delta: 6.2e-04 | secs: 19.26584
INFO : RESCAL : [  8] fit: 0.42498 | delta: 4.5e-04 | secs: 19.43387
INFO : RESCAL : [  9] fit: 0.42535 | delta: 3.6e-04 | secs: 19.46241
INFO : RESCAL : [ 10] fit: 0.42562 | delta: 2.8e-04 | secs: 19.54781
INFO : RESCAL : [ 11] fit: 0.42586 | delta: 2.3e-04 | secs: 19.42021
INFO : RESCAL : [ 12] fit: 0.42604 | delta: 1.9e-04 | secs: 19.73696
INFO : RESCAL : [ 13] fit: 0.42620 | delta: 1.6e-04 | secs: 19.45763
INFO : RESCAL : [ 14] fit: 0.42634 | delta: 1.3e-04 | secs: 19.25856
INFO : RESCAL : [ 15] fit: 0.42646 | delta: 1.2e-04 | secs: 18.85040
INFO : RESCAL : [ 16] fit: 0.42656 | delta: 1.0e-04 | secs: 19.36663
INFO : RESCAL : [ 17] fit: 0.42665 | delta: 9.0e-05 | secs: 18.96939
INFO : RESCAL : [ 18] fit: 0.42672 | delta: 7.7e-05 | secs: 19.77611
INFO : RESCAL : [ 19] fit: 0.42679 | delta: 6.9e-05 | secs: 18.67206
[Fold 2] AUC-PR: 0.987019
