Thread(s) : 18
Fold      : 08
Debut     : 2026-05-28 12:31:19
====================================================

====================================================
Fold 08
====================================================
=== DATASET: fb15k237 | rank:200 | lambda_A:0.1 | lambda_R:0.1 ===
[Config] maxIter:20 | conv:1.0e-06 | threads:18
[Data]   n_entities:14541 | n_relations:237 | total_nnz:310116
[Data]   nnz:310116 | import_time:0.04 s
[Eval]   positifs:2000 | neg/pos:1 | folds:10 | mode:cross-validation CSR echantillonnee
INFO : RESCAL : [  0] fit: 0.28860 | delta: 2.9e-01 | secs: 19.51064
INFO : RESCAL : [  1] fit: 0.39856 | delta: 1.1e-01 | secs: 19.31201
INFO : RESCAL : [  2] fit: 0.41108 | delta: 1.3e-02 | secs: 19.42555
INFO : RESCAL : [  3] fit: 0.41573 | delta: 4.7e-03 | secs: 19.68478
INFO : RESCAL : [  4] fit: 0.41822 | delta: 2.5e-03 | secs: 19.27215
INFO : RESCAL : [  5] fit: 0.41970 | delta: 1.5e-03 | secs: 19.95314
INFO : RESCAL : [  6] fit: 0.42066 | delta: 9.7e-04 | secs: 18.62073
INFO : RESCAL : [  7] fit: 0.42137 | delta: 7.0e-04 | secs: 19.92138
INFO : RESCAL : [  8] fit: 0.42192 | delta: 5.5e-04 | secs: 19.37616
INFO : RESCAL : [  9] fit: 0.42234 | delta: 4.2e-04 | secs: 19.47392
INFO : RESCAL : [ 10] fit: 0.42266 | delta: 3.2e-04 | secs: 19.11921
INFO : RESCAL : [ 11] fit: 0.42287 | delta: 2.1e-04 | secs: 19.72220
INFO : RESCAL : [ 12] fit: 0.42301 | delta: 1.4e-04 | secs: 19.22689
INFO : RESCAL : [ 13] fit: 0.42310 | delta: 8.9e-05 | secs: 19.63542
INFO : RESCAL : [ 14] fit: 0.42318 | delta: 7.9e-05 | secs: 18.77781
INFO : RESCAL : [ 15] fit: 0.42325 | delta: 7.0e-05 | secs: 19.74030
INFO : RESCAL : [ 16] fit: 0.42332 | delta: 7.2e-05 | secs: 19.30788
INFO : RESCAL : [ 17] fit: 0.42339 | delta: 6.6e-05 | secs: 19.52320
INFO : RESCAL : [ 18] fit: 0.42345 | delta: 6.6e-05 | secs: 19.04565
INFO : RESCAL : [ 19] fit: 0.42351 | delta: 5.9e-05 | secs: 19.73166
[Fold 8] AUC-PR: 0.975425
