Thread(s) : 18
Fold      : 04
Debut     : 2026-05-28 12:31:19
====================================================

====================================================
Fold 04
====================================================
=== DATASET: fb15k237 | rank:200 | lambda_A:0.1 | lambda_R:0.1 ===
[Config] maxIter:20 | conv:1.0e-06 | threads:18
[Data]   n_entities:14541 | n_relations:237 | total_nnz:310116
[Data]   nnz:310116 | import_time:0.04 s
[Eval]   positifs:2000 | neg/pos:1 | folds:10 | mode:cross-validation CSR echantillonnee
INFO : RESCAL : [  0] fit: 0.28867 | delta: 2.9e-01 | secs: 19.75998
INFO : RESCAL : [  1] fit: 0.39975 | delta: 1.1e-01 | secs: 19.39429
INFO : RESCAL : [  2] fit: 0.41226 | delta: 1.3e-02 | secs: 19.80170
INFO : RESCAL : [  3] fit: 0.41675 | delta: 4.5e-03 | secs: 19.86391
INFO : RESCAL : [  4] fit: 0.41907 | delta: 2.3e-03 | secs: 19.25338
INFO : RESCAL : [  5] fit: 0.42051 | delta: 1.4e-03 | secs: 18.90163
INFO : RESCAL : [  6] fit: 0.42150 | delta: 9.9e-04 | secs: 19.24666
INFO : RESCAL : [  7] fit: 0.42216 | delta: 6.6e-04 | secs: 19.67826
INFO : RESCAL : [  8] fit: 0.42258 | delta: 4.2e-04 | secs: 19.30000
INFO : RESCAL : [  9] fit: 0.42287 | delta: 2.8e-04 | secs: 19.65340
INFO : RESCAL : [ 10] fit: 0.42309 | delta: 2.2e-04 | secs: 18.90963
INFO : RESCAL : [ 11] fit: 0.42328 | delta: 1.9e-04 | secs: 19.84435
INFO : RESCAL : [ 12] fit: 0.42345 | delta: 1.7e-04 | secs: 18.99647
INFO : RESCAL : [ 13] fit: 0.42360 | delta: 1.5e-04 | secs: 19.74126
INFO : RESCAL : [ 14] fit: 0.42374 | delta: 1.4e-04 | secs: 19.58898
INFO : RESCAL : [ 15] fit: 0.42386 | delta: 1.2e-04 | secs: 19.66101
INFO : RESCAL : [ 16] fit: 0.42397 | delta: 1.1e-04 | secs: 19.10048
INFO : RESCAL : [ 17] fit: 0.42407 | delta: 1.0e-04 | secs: 19.21186
INFO : RESCAL : [ 18] fit: 0.42416 | delta: 9.5e-05 | secs: 18.96191
INFO : RESCAL : [ 19] fit: 0.42425 | delta: 8.9e-05 | secs: 19.87368
[Fold 4] AUC-PR: 0.964524
