Thread(s) : 18
Fold      : 07
Debut     : 2026-05-28 12:31:19
====================================================

====================================================
Fold 07
====================================================
=== DATASET: fb15k237 | rank:200 | lambda_A:0.1 | lambda_R:0.1 ===
[Config] maxIter:20 | conv:1.0e-06 | threads:18
[Data]   n_entities:14541 | n_relations:237 | total_nnz:310116
[Data]   nnz:310116 | import_time:0.04 s
[Eval]   positifs:2000 | neg/pos:1 | folds:10 | mode:cross-validation CSR echantillonnee
INFO : RESCAL : [  0] fit: 0.28601 | delta: 2.9e-01 | secs: 19.77678
INFO : RESCAL : [  1] fit: 0.39713 | delta: 1.1e-01 | secs: 19.21666
INFO : RESCAL : [  2] fit: 0.41021 | delta: 1.3e-02 | secs: 19.44120
INFO : RESCAL : [  3] fit: 0.41510 | delta: 4.9e-03 | secs: 19.00426
INFO : RESCAL : [  4] fit: 0.41748 | delta: 2.4e-03 | secs: 19.99408
INFO : RESCAL : [  5] fit: 0.41897 | delta: 1.5e-03 | secs: 18.87705
INFO : RESCAL : [  6] fit: 0.42005 | delta: 1.1e-03 | secs: 20.28437
INFO : RESCAL : [  7] fit: 0.42092 | delta: 8.7e-04 | secs: 19.39562
INFO : RESCAL : [  8] fit: 0.42144 | delta: 5.2e-04 | secs: 19.50375
INFO : RESCAL : [  9] fit: 0.42178 | delta: 3.4e-04 | secs: 19.26604
INFO : RESCAL : [ 10] fit: 0.42205 | delta: 2.7e-04 | secs: 19.71958
INFO : RESCAL : [ 11] fit: 0.42231 | delta: 2.5e-04 | secs: 19.79085
INFO : RESCAL : [ 12] fit: 0.42252 | delta: 2.1e-04 | secs: 19.18892
INFO : RESCAL : [ 13] fit: 0.42271 | delta: 1.9e-04 | secs: 19.00179
INFO : RESCAL : [ 14] fit: 0.42287 | delta: 1.6e-04 | secs: 19.40272
INFO : RESCAL : [ 15] fit: 0.42301 | delta: 1.4e-04 | secs: 19.38853
INFO : RESCAL : [ 16] fit: 0.42313 | delta: 1.2e-04 | secs: 19.67154
INFO : RESCAL : [ 17] fit: 0.42324 | delta: 1.1e-04 | secs: 19.10002
INFO : RESCAL : [ 18] fit: 0.42333 | delta: 9.0e-05 | secs: 19.82638
INFO : RESCAL : [ 19] fit: 0.42341 | delta: 8.2e-05 | secs: 19.31039
[Fold 7] AUC-PR: 0.979778
