Thread(s) : 18
Fold      : 00
Debut     : 2026-05-28 12:31:19
====================================================

====================================================
Fold 00
====================================================
=== DATASET: fb15k237 | rank:200 | lambda_A:0.1 | lambda_R:0.1 ===
[Config] maxIter:20 | conv:1.0e-06 | threads:18
[Data]   n_entities:14541 | n_relations:237 | total_nnz:310116
[Data]   nnz:310116 | import_time:0.04 s
[Eval]   positifs:2000 | neg/pos:1 | folds:10 | mode:cross-validation CSR echantillonnee
INFO : RESCAL : [  0] fit: 0.28956 | delta: 2.9e-01 | secs: 20.17447
INFO : RESCAL : [  1] fit: 0.40125 | delta: 1.1e-01 | secs: 19.75803
INFO : RESCAL : [  2] fit: 0.41411 | delta: 1.3e-02 | secs: 19.20810
INFO : RESCAL : [  3] fit: 0.41856 | delta: 4.4e-03 | secs: 19.83466
INFO : RESCAL : [  4] fit: 0.42053 | delta: 2.0e-03 | secs: 19.63924
INFO : RESCAL : [  5] fit: 0.42175 | delta: 1.2e-03 | secs: 19.76942
INFO : RESCAL : [  6] fit: 0.42263 | delta: 8.8e-04 | secs: 19.12497
INFO : RESCAL : [  7] fit: 0.42341 | delta: 7.8e-04 | secs: 19.81459
INFO : RESCAL : [  8] fit: 0.42395 | delta: 5.4e-04 | secs: 19.10177
INFO : RESCAL : [  9] fit: 0.42425 | delta: 3.0e-04 | secs: 19.65152
INFO : RESCAL : [ 10] fit: 0.42449 | delta: 2.3e-04 | secs: 19.27496
INFO : RESCAL : [ 11] fit: 0.42469 | delta: 2.0e-04 | secs: 19.32607
INFO : RESCAL : [ 12] fit: 0.42485 | delta: 1.7e-04 | secs: 19.61750
INFO : RESCAL : [ 13] fit: 0.42499 | delta: 1.4e-04 | secs: 19.77392
INFO : RESCAL : [ 14] fit: 0.42509 | delta: 1.1e-04 | secs: 19.23596
INFO : RESCAL : [ 15] fit: 0.42518 | delta: 8.4e-05 | secs: 19.29080
INFO : RESCAL : [ 16] fit: 0.42525 | delta: 6.8e-05 | secs: 19.28668
INFO : RESCAL : [ 17] fit: 0.42531 | delta: 5.9e-05 | secs: 19.81180
INFO : RESCAL : [ 18] fit: 0.42536 | delta: 5.3e-05 | secs: 19.12985
INFO : RESCAL : [ 19] fit: 0.42541 | delta: 5.2e-05 | secs: 19.72435
[Fold 0] AUC-PR: 0.987573
