Thread(s) : 18
Fold      : 03
Debut     : 2026-05-28 12:31:19
====================================================

====================================================
Fold 03
====================================================
=== DATASET: fb15k237 | rank:200 | lambda_A:0.1 | lambda_R:0.1 ===
[Config] maxIter:20 | conv:1.0e-06 | threads:18
[Data]   n_entities:14541 | n_relations:237 | total_nnz:310116
[Data]   nnz:310116 | import_time:0.04 s
[Eval]   positifs:2000 | neg/pos:1 | folds:10 | mode:cross-validation CSR echantillonnee
INFO : RESCAL : [  0] fit: 0.29055 | delta: 2.9e-01 | secs: 19.56693
INFO : RESCAL : [  1] fit: 0.40199 | delta: 1.1e-01 | secs: 19.24349
INFO : RESCAL : [  2] fit: 0.41445 | delta: 1.2e-02 | secs: 19.42043
INFO : RESCAL : [  3] fit: 0.41935 | delta: 4.9e-03 | secs: 19.58199
INFO : RESCAL : [  4] fit: 0.42187 | delta: 2.5e-03 | secs: 19.24720
INFO : RESCAL : [  5] fit: 0.42333 | delta: 1.5e-03 | secs: 19.90864
INFO : RESCAL : [  6] fit: 0.42416 | delta: 8.3e-04 | secs: 19.55430
INFO : RESCAL : [  7] fit: 0.42467 | delta: 5.1e-04 | secs: 19.33421
INFO : RESCAL : [  8] fit: 0.42498 | delta: 3.2e-04 | secs: 19.91996
INFO : RESCAL : [  9] fit: 0.42519 | delta: 2.1e-04 | secs: 19.76885
INFO : RESCAL : [ 10] fit: 0.42537 | delta: 1.7e-04 | secs: 19.86352
INFO : RESCAL : [ 11] fit: 0.42552 | delta: 1.5e-04 | secs: 19.56010
INFO : RESCAL : [ 12] fit: 0.42565 | delta: 1.4e-04 | secs: 19.51212
INFO : RESCAL : [ 13] fit: 0.42577 | delta: 1.2e-04 | secs: 19.05886
INFO : RESCAL : [ 14] fit: 0.42588 | delta: 1.1e-04 | secs: 19.50438
INFO : RESCAL : [ 15] fit: 0.42597 | delta: 9.1e-05 | secs: 19.31834
INFO : RESCAL : [ 16] fit: 0.42605 | delta: 8.2e-05 | secs: 19.22250
INFO : RESCAL : [ 17] fit: 0.42612 | delta: 7.2e-05 | secs: 19.93831
INFO : RESCAL : [ 18] fit: 0.42619 | delta: 6.6e-05 | secs: 19.18976
INFO : RESCAL : [ 19] fit: 0.42625 | delta: 5.9e-05 | secs: 19.85450
[Fold 3] AUC-PR: 0.980798
