Thread(s) : 18
Fold      : 09
Debut     : 2026-05-28 12:31:19
====================================================

====================================================
Fold 09
====================================================
=== DATASET: fb15k237 | rank:200 | lambda_A:0.1 | lambda_R:0.1 ===
[Config] maxIter:20 | conv:1.0e-06 | threads:18
[Data]   n_entities:14541 | n_relations:237 | total_nnz:310116
[Data]   nnz:310116 | import_time:0.04 s
[Eval]   positifs:2000 | neg/pos:1 | folds:10 | mode:cross-validation CSR echantillonnee
INFO : RESCAL : [  0] fit: 0.29182 | delta: 2.9e-01 | secs: 19.25481
INFO : RESCAL : [  1] fit: 0.40471 | delta: 1.1e-01 | secs: 19.47630
INFO : RESCAL : [  2] fit: 0.41764 | delta: 1.3e-02 | secs: 18.86416
INFO : RESCAL : [  3] fit: 0.42241 | delta: 4.8e-03 | secs: 19.79988
INFO : RESCAL : [  4] fit: 0.42513 | delta: 2.7e-03 | secs: 19.46855
INFO : RESCAL : [  5] fit: 0.42668 | delta: 1.5e-03 | secs: 19.69343
INFO : RESCAL : [  6] fit: 0.42755 | delta: 8.7e-04 | secs: 18.97261
INFO : RESCAL : [  7] fit: 0.42808 | delta: 5.3e-04 | secs: 19.71672
INFO : RESCAL : [  8] fit: 0.42848 | delta: 4.0e-04 | secs: 18.82402
INFO : RESCAL : [  9] fit: 0.42879 | delta: 3.1e-04 | secs: 19.65729
INFO : RESCAL : [ 10] fit: 0.42907 | delta: 2.8e-04 | secs: 19.48578
INFO : RESCAL : [ 11] fit: 0.42932 | delta: 2.4e-04 | secs: 19.36299
INFO : RESCAL : [ 12] fit: 0.42952 | delta: 2.0e-04 | secs: 19.26014
INFO : RESCAL : [ 13] fit: 0.42968 | delta: 1.6e-04 | secs: 19.58331
INFO : RESCAL : [ 14] fit: 0.42983 | delta: 1.4e-04 | secs: 18.90493
INFO : RESCAL : [ 15] fit: 0.42995 | delta: 1.3e-04 | secs: 19.49044
INFO : RESCAL : [ 16] fit: 0.43007 | delta: 1.1e-04 | secs: 19.42145
INFO : RESCAL : [ 17] fit: 0.43017 | delta: 1.0e-04 | secs: 19.43104
INFO : RESCAL : [ 18] fit: 0.43026 | delta: 9.5e-05 | secs: 18.67261
INFO : RESCAL : [ 19] fit: 0.43035 | delta: 8.7e-05 | secs: 19.29811
[Fold 9] AUC-PR: 0.975843
