Thread(s) : 1
Fold      : 09
Debut     : 2026-05-27 18:02:58
====================================================

====================================================
Fold 09
====================================================
=== DATASET: fb15k237 | rank:200 | lambda_A:0.1 | lambda_R:0.1 ===
[Config] maxIter:20 | conv:1.0e-06 | threads:1
[Data]   n_entities:14541 | n_relations:237 | total_nnz:310116
[Data]   nnz:310116 | import_time:0.04 s
[Eval]   positifs:2000 | neg/pos:1 | folds:10 | mode:cross-validation CSR echantillonnee
INFO : RESCAL : [  0] fit: 0.29117 | delta: 2.9e-01 | secs: 85.87419
INFO : RESCAL : [  1] fit: 0.40216 | delta: 1.1e-01 | secs: 89.75083
INFO : RESCAL : [  2] fit: 0.41478 | delta: 1.3e-02 | secs: 83.49984
INFO : RESCAL : [  3] fit: 0.41981 | delta: 5.0e-03 | secs: 99.47145
INFO : RESCAL : [  4] fit: 0.42229 | delta: 2.5e-03 | secs: 90.92727
INFO : RESCAL : [  5] fit: 0.42362 | delta: 1.3e-03 | secs: 92.55292
INFO : RESCAL : [  6] fit: 0.42436 | delta: 7.4e-04 | secs: 90.90125
INFO : RESCAL : [  7] fit: 0.42491 | delta: 5.5e-04 | secs: 92.44844
INFO : RESCAL : [  8] fit: 0.42531 | delta: 4.0e-04 | secs: 90.93054
INFO : RESCAL : [  9] fit: 0.42564 | delta: 3.4e-04 | secs: 92.50941
INFO : RESCAL : [ 10] fit: 0.42589 | delta: 2.5e-04 | secs: 90.95469
INFO : RESCAL : [ 11] fit: 0.42611 | delta: 2.2e-04 | secs: 92.54181
INFO : RESCAL : [ 12] fit: 0.42628 | delta: 1.7e-04 | secs: 90.91703
INFO : RESCAL : [ 13] fit: 0.42642 | delta: 1.5e-04 | secs: 92.57744
INFO : RESCAL : [ 14] fit: 0.42654 | delta: 1.2e-04 | secs: 90.94338
INFO : RESCAL : [ 15] fit: 0.42665 | delta: 1.1e-04 | secs: 92.55764
INFO : RESCAL : [ 16] fit: 0.42673 | delta: 8.9e-05 | secs: 90.94602
INFO : RESCAL : [ 17] fit: 0.42682 | delta: 8.4e-05 | secs: 92.52248
INFO : RESCAL : [ 18] fit: 0.42689 | delta: 7.4e-05 | secs: 90.94133
INFO : RESCAL : [ 19] fit: 0.42696 | delta: 7.2e-05 | secs: 92.50986
[Fold 9] AUC-PR: 0.988496
