Thread(s) : 1
Fold      : 08
Debut     : 2026-05-27 18:02:58
====================================================

====================================================
Fold 08
====================================================
=== DATASET: fb15k237 | rank:200 | lambda_A:0.1 | lambda_R:0.1 ===
[Config] maxIter:20 | conv:1.0e-06 | threads:1
[Data]   n_entities:14541 | n_relations:237 | total_nnz:310116
[Data]   nnz:310116 | import_time:0.04 s
[Eval]   positifs:2000 | neg/pos:1 | folds:10 | mode:cross-validation CSR echantillonnee
INFO : RESCAL : [  0] fit: 0.28912 | delta: 2.9e-01 | secs: 86.94227
INFO : RESCAL : [  1] fit: 0.40118 | delta: 1.1e-01 | secs: 83.02364
INFO : RESCAL : [  2] fit: 0.41442 | delta: 1.3e-02 | secs: 90.90442
INFO : RESCAL : [  3] fit: 0.41942 | delta: 5.0e-03 | secs: 84.11079
INFO : RESCAL : [  4] fit: 0.42197 | delta: 2.5e-03 | secs: 86.29036
INFO : RESCAL : [  5] fit: 0.42355 | delta: 1.6e-03 | secs: 82.64065
INFO : RESCAL : [  6] fit: 0.42455 | delta: 1.0e-03 | secs: 90.95754
INFO : RESCAL : [  7] fit: 0.42517 | delta: 6.2e-04 | secs: 92.48188
INFO : RESCAL : [  8] fit: 0.42557 | delta: 4.0e-04 | secs: 90.93304
INFO : RESCAL : [  9] fit: 0.42588 | delta: 3.0e-04 | secs: 92.51066
INFO : RESCAL : [ 10] fit: 0.42613 | delta: 2.5e-04 | secs: 83.64362
INFO : RESCAL : [ 11] fit: 0.42634 | delta: 2.1e-04 | secs: 92.57897
INFO : RESCAL : [ 12] fit: 0.42651 | delta: 1.7e-04 | secs: 90.99139
INFO : RESCAL : [ 13] fit: 0.42665 | delta: 1.4e-04 | secs: 92.56624
INFO : RESCAL : [ 14] fit: 0.42677 | delta: 1.2e-04 | secs: 90.96501
INFO : RESCAL : [ 15] fit: 0.42688 | delta: 1.1e-04 | secs: 92.45313
INFO : RESCAL : [ 16] fit: 0.42698 | delta: 9.5e-05 | secs: 90.84013
INFO : RESCAL : [ 17] fit: 0.42706 | delta: 8.4e-05 | secs: 99.54336
INFO : RESCAL : [ 18] fit: 0.42713 | delta: 7.4e-05 | secs: 83.57627
INFO : RESCAL : [ 19] fit: 0.42720 | delta: 6.5e-05 | secs: 92.53145
[Fold 8] AUC-PR: 0.989086
