Thread(s) : 1
Fold      : 05
Debut     : 2026-05-27 18:02:58
====================================================

====================================================
Fold 05
====================================================
=== DATASET: fb15k237 | rank:200 | lambda_A:0.1 | lambda_R:0.1 ===
[Config] maxIter:20 | conv:1.0e-06 | threads:1
[Data]   n_entities:14541 | n_relations:237 | total_nnz:310116
[Data]   nnz:310116 | import_time:0.04 s
[Eval]   positifs:2000 | neg/pos:1 | folds:10 | mode:cross-validation CSR echantillonnee
INFO : RESCAL : [  0] fit: 0.28971 | delta: 2.9e-01 | secs: 85.91539
INFO : RESCAL : [  1] fit: 0.40483 | delta: 1.2e-01 | secs: 80.88849
INFO : RESCAL : [  2] fit: 0.41789 | delta: 1.3e-02 | secs: 93.40502
INFO : RESCAL : [  3] fit: 0.42245 | delta: 4.6e-03 | secs: 79.52099
INFO : RESCAL : [  4] fit: 0.42470 | delta: 2.2e-03 | secs: 90.93997
INFO : RESCAL : [  5] fit: 0.42615 | delta: 1.5e-03 | secs: 92.52367
INFO : RESCAL : [  6] fit: 0.42711 | delta: 9.5e-04 | secs: 90.92513
INFO : RESCAL : [  7] fit: 0.42779 | delta: 6.8e-04 | secs: 84.06595
INFO : RESCAL : [  8] fit: 0.42830 | delta: 5.2e-04 | secs: 79.32303
INFO : RESCAL : [  9] fit: 0.42869 | delta: 3.8e-04 | secs: 91.17852
INFO : RESCAL : [ 10] fit: 0.42898 | delta: 2.9e-04 | secs: 92.39226
INFO : RESCAL : [ 11] fit: 0.42921 | delta: 2.3e-04 | secs: 91.00546
INFO : RESCAL : [ 12] fit: 0.42941 | delta: 1.9e-04 | secs: 92.47999
INFO : RESCAL : [ 13] fit: 0.42957 | delta: 1.6e-04 | secs: 91.02634
INFO : RESCAL : [ 14] fit: 0.42972 | delta: 1.4e-04 | secs: 92.43615
INFO : RESCAL : [ 15] fit: 0.42984 | delta: 1.3e-04 | secs: 91.06874
INFO : RESCAL : [ 16] fit: 0.42996 | delta: 1.1e-04 | secs: 93.21074
INFO : RESCAL : [ 17] fit: 0.43006 | delta: 1.0e-04 | secs: 91.01184
INFO : RESCAL : [ 18] fit: 0.43015 | delta: 9.1e-05 | secs: 92.51710
INFO : RESCAL : [ 19] fit: 0.43023 | delta: 8.0e-05 | secs: 91.03345
[Fold 5] AUC-PR: 0.978304
