Thread(s) : 1
Fold      : 01
Debut     : 2026-05-27 18:02:58
====================================================

====================================================
Fold 01
====================================================
=== DATASET: fb15k237 | rank:200 | lambda_A:0.1 | lambda_R:0.1 ===
[Config] maxIter:20 | conv:1.0e-06 | threads:1
[Data]   n_entities:14541 | n_relations:237 | total_nnz:310116
[Data]   nnz:310116 | import_time:0.04 s
[Eval]   positifs:2000 | neg/pos:1 | folds:10 | mode:cross-validation CSR echantillonnee
INFO : RESCAL : [  0] fit: 0.28955 | delta: 2.9e-01 | secs: 86.78718
INFO : RESCAL : [  1] fit: 0.39995 | delta: 1.1e-01 | secs: 82.97439
INFO : RESCAL : [  2] fit: 0.41258 | delta: 1.3e-02 | secs: 91.04039
INFO : RESCAL : [  3] fit: 0.41711 | delta: 4.5e-03 | secs: 79.47788
INFO : RESCAL : [  4] fit: 0.41927 | delta: 2.2e-03 | secs: 91.22237
INFO : RESCAL : [  5] fit: 0.42053 | delta: 1.3e-03 | secs: 95.75298
INFO : RESCAL : [  6] fit: 0.42145 | delta: 9.2e-04 | secs: 85.66218
INFO : RESCAL : [  7] fit: 0.42210 | delta: 6.4e-04 | secs: 83.00053
INFO : RESCAL : [  8] fit: 0.42252 | delta: 4.2e-04 | secs: 90.84922
INFO : RESCAL : [  9] fit: 0.42285 | delta: 3.3e-04 | secs: 82.83841
INFO : RESCAL : [ 10] fit: 0.42313 | delta: 2.8e-04 | secs: 84.32168
INFO : RESCAL : [ 11] fit: 0.42337 | delta: 2.4e-04 | secs: 93.34863
INFO : RESCAL : [ 12] fit: 0.42357 | delta: 2.0e-04 | secs: 86.34104
INFO : RESCAL : [ 13] fit: 0.42375 | delta: 1.7e-04 | secs: 82.98744
INFO : RESCAL : [ 14] fit: 0.42390 | delta: 1.5e-04 | secs: 90.93770
INFO : RESCAL : [ 15] fit: 0.42403 | delta: 1.3e-04 | secs: 92.46879
INFO : RESCAL : [ 16] fit: 0.42415 | delta: 1.2e-04 | secs: 90.94367
INFO : RESCAL : [ 17] fit: 0.42426 | delta: 1.0e-04 | secs: 92.47277
INFO : RESCAL : [ 18] fit: 0.42435 | delta: 9.2e-05 | secs: 90.95865
INFO : RESCAL : [ 19] fit: 0.42443 | delta: 8.1e-05 | secs: 99.25334
[Fold 1] AUC-PR: 0.978747
