Thread(s) : 1
Fold      : 06
Debut     : 2026-05-27 18:02:58
====================================================

====================================================
Fold 06
====================================================
=== DATASET: fb15k237 | rank:200 | lambda_A:0.1 | lambda_R:0.1 ===
[Config] maxIter:20 | conv:1.0e-06 | threads:1
[Data]   n_entities:14541 | n_relations:237 | total_nnz:310116
[Data]   nnz:310116 | import_time:0.04 s
[Eval]   positifs:2000 | neg/pos:1 | folds:10 | mode:cross-validation CSR echantillonnee
INFO : RESCAL : [  0] fit: 0.28789 | delta: 2.9e-01 | secs: 93.87640
INFO : RESCAL : [  1] fit: 0.40145 | delta: 1.1e-01 | secs: 77.40381
INFO : RESCAL : [  2] fit: 0.41411 | delta: 1.3e-02 | secs: 93.48549
INFO : RESCAL : [  3] fit: 0.41940 | delta: 5.3e-03 | secs: 79.55167
INFO : RESCAL : [  4] fit: 0.42227 | delta: 2.9e-03 | secs: 91.00706
INFO : RESCAL : [  5] fit: 0.42392 | delta: 1.7e-03 | secs: 95.02974
INFO : RESCAL : [  6] fit: 0.42488 | delta: 9.6e-04 | secs: 91.02766
INFO : RESCAL : [  7] fit: 0.42553 | delta: 6.5e-04 | secs: 92.46665
INFO : RESCAL : [  8] fit: 0.42599 | delta: 4.6e-04 | secs: 91.06260
INFO : RESCAL : [  9] fit: 0.42633 | delta: 3.4e-04 | secs: 92.53214
INFO : RESCAL : [ 10] fit: 0.42661 | delta: 2.8e-04 | secs: 91.01467
INFO : RESCAL : [ 11] fit: 0.42685 | delta: 2.4e-04 | secs: 92.51510
INFO : RESCAL : [ 12] fit: 0.42706 | delta: 2.1e-04 | secs: 91.02080
INFO : RESCAL : [ 13] fit: 0.42724 | delta: 1.8e-04 | secs: 92.42231
INFO : RESCAL : [ 14] fit: 0.42740 | delta: 1.6e-04 | secs: 91.02501
INFO : RESCAL : [ 15] fit: 0.42755 | delta: 1.5e-04 | secs: 92.49554
INFO : RESCAL : [ 16] fit: 0.42769 | delta: 1.4e-04 | secs: 91.01787
INFO : RESCAL : [ 17] fit: 0.42782 | delta: 1.3e-04 | secs: 92.48696
INFO : RESCAL : [ 18] fit: 0.42794 | delta: 1.2e-04 | secs: 91.01462
INFO : RESCAL : [ 19] fit: 0.42806 | delta: 1.2e-04 | secs: 92.53763
[Fold 6] AUC-PR: 0.974936
