Thread(s) : 60
Fold      : 00
Debut     : 2026-05-29 10:39:26
====================================================

====================================================
Fold 00
====================================================
=== DATASET: fb15k237 | rank:200 | lambda_A:0.1 | lambda_R:0.1 ===
[Config] maxIter:20 | conv:1.0e-06 | threads:60
[Data]   n_entities:14541 | n_relations:237 | total_nnz:310116
[Data]   nnz:310116 | import_time:0.04 s
[Eval]   positifs:2000 | neg/pos:1 | folds:10 | mode:cross-validation CSR echantillonnee
INFO : RESCAL : [  0] fit: 0.29035 | delta: 2.9e-01 | secs: 18.61195
INFO : RESCAL : [  1] fit: 0.40033 | delta: 1.1e-01 | secs: 18.41421
INFO : RESCAL : [  2] fit: 0.41308 | delta: 1.3e-02 | secs: 19.09404
INFO : RESCAL : [  3] fit: 0.41814 | delta: 5.1e-03 | secs: 18.17859
INFO : RESCAL : [  4] fit: 0.42055 | delta: 2.4e-03 | secs: 19.10084
INFO : RESCAL : [  5] fit: 0.42192 | delta: 1.4e-03 | secs: 18.76419
INFO : RESCAL : [  6] fit: 0.42282 | delta: 9.0e-04 | secs: 19.39199
INFO : RESCAL : [  7] fit: 0.42353 | delta: 7.1e-04 | secs: 18.95920
INFO : RESCAL : [  8] fit: 0.42408 | delta: 5.5e-04 | secs: 21.91855
INFO : RESCAL : [  9] fit: 0.42447 | delta: 3.9e-04 | secs: 18.91217
INFO : RESCAL : [ 10] fit: 0.42477 | delta: 3.0e-04 | secs: 21.99718
INFO : RESCAL : [ 11] fit: 0.42502 | delta: 2.5e-04 | secs: 18.99075
INFO : RESCAL : [ 12] fit: 0.42524 | delta: 2.2e-04 | secs: 21.97643
INFO : RESCAL : [ 13] fit: 0.42544 | delta: 2.0e-04 | secs: 18.80870
INFO : RESCAL : [ 14] fit: 0.42563 | delta: 1.8e-04 | secs: 22.07090
INFO : RESCAL : [ 15] fit: 0.42579 | delta: 1.7e-04 | secs: 18.66340
INFO : RESCAL : [ 16] fit: 0.42594 | delta: 1.5e-04 | secs: 21.89418
INFO : RESCAL : [ 17] fit: 0.42608 | delta: 1.3e-04 | secs: 18.90142
INFO : RESCAL : [ 18] fit: 0.42619 | delta: 1.2e-04 | secs: 21.49710
INFO : RESCAL : [ 19] fit: 0.42630 | delta: 1.0e-04 | secs: 18.68637
[Fold 0] AUC-PR: 0.971595
