Thread(s) : 60
Fold      : 03
Debut     : 2026-05-29 10:39:26
====================================================

====================================================
Fold 03
====================================================
=== DATASET: fb15k237 | rank:200 | lambda_A:0.1 | lambda_R:0.1 ===
[Config] maxIter:20 | conv:1.0e-06 | threads:60
[Data]   n_entities:14541 | n_relations:237 | total_nnz:310116
[Data]   nnz:310116 | import_time:0.04 s
[Eval]   positifs:2000 | neg/pos:1 | folds:10 | mode:cross-validation CSR echantillonnee
INFO : RESCAL : [  0] fit: 0.29026 | delta: 2.9e-01 | secs: 18.99134
INFO : RESCAL : [  1] fit: 0.40293 | delta: 1.1e-01 | secs: 22.05117
INFO : RESCAL : [  2] fit: 0.41632 | delta: 1.3e-02 | secs: 18.95305
INFO : RESCAL : [  3] fit: 0.42110 | delta: 4.8e-03 | secs: 21.72959
INFO : RESCAL : [  4] fit: 0.42321 | delta: 2.1e-03 | secs: 18.81106
INFO : RESCAL : [  5] fit: 0.42430 | delta: 1.1e-03 | secs: 21.87690
INFO : RESCAL : [  6] fit: 0.42496 | delta: 6.6e-04 | secs: 18.50207
INFO : RESCAL : [  7] fit: 0.42546 | delta: 5.0e-04 | secs: 21.49988
INFO : RESCAL : [  8] fit: 0.42588 | delta: 4.2e-04 | secs: 18.68620
INFO : RESCAL : [  9] fit: 0.42625 | delta: 3.7e-04 | secs: 21.97208
INFO : RESCAL : [ 10] fit: 0.42656 | delta: 3.1e-04 | secs: 18.39306
INFO : RESCAL : [ 11] fit: 0.42682 | delta: 2.7e-04 | secs: 21.71025
INFO : RESCAL : [ 12] fit: 0.42705 | delta: 2.3e-04 | secs: 18.88839
INFO : RESCAL : [ 13] fit: 0.42726 | delta: 2.0e-04 | secs: 22.24014
INFO : RESCAL : [ 14] fit: 0.42744 | delta: 1.8e-04 | secs: 18.67313
INFO : RESCAL : [ 15] fit: 0.42760 | delta: 1.6e-04 | secs: 22.16362
INFO : RESCAL : [ 16] fit: 0.42775 | delta: 1.5e-04 | secs: 18.84561
INFO : RESCAL : [ 17] fit: 0.42789 | delta: 1.4e-04 | secs: 22.05808
INFO : RESCAL : [ 18] fit: 0.42802 | delta: 1.3e-04 | secs: 18.81078
INFO : RESCAL : [ 19] fit: 0.42814 | delta: 1.2e-04 | secs: 21.86608
[Fold 3] AUC-PR: 0.996733
