Thread(s) : 60
Fold      : 05
Debut     : 2026-05-29 10:39:26
====================================================

====================================================
Fold 05
====================================================
=== DATASET: fb15k237 | rank:200 | lambda_A:0.1 | lambda_R:0.1 ===
[Config] maxIter:20 | conv:1.0e-06 | threads:60
[Data]   n_entities:14541 | n_relations:237 | total_nnz:310116
[Data]   nnz:310116 | import_time:0.04 s
[Eval]   positifs:2000 | neg/pos:1 | folds:10 | mode:cross-validation CSR echantillonnee
INFO : RESCAL : [  0] fit: 0.28868 | delta: 2.9e-01 | secs: 18.32680
INFO : RESCAL : [  1] fit: 0.40060 | delta: 1.1e-01 | secs: 21.69884
INFO : RESCAL : [  2] fit: 0.41375 | delta: 1.3e-02 | secs: 18.80779
INFO : RESCAL : [  3] fit: 0.41873 | delta: 5.0e-03 | secs: 21.46068
INFO : RESCAL : [  4] fit: 0.42128 | delta: 2.6e-03 | secs: 18.76725
INFO : RESCAL : [  5] fit: 0.42282 | delta: 1.5e-03 | secs: 21.72462
INFO : RESCAL : [  6] fit: 0.42381 | delta: 9.9e-04 | secs: 18.76360
INFO : RESCAL : [  7] fit: 0.42444 | delta: 6.3e-04 | secs: 22.17546
INFO : RESCAL : [  8] fit: 0.42493 | delta: 4.8e-04 | secs: 18.70396
INFO : RESCAL : [  9] fit: 0.42531 | delta: 3.8e-04 | secs: 21.90222
INFO : RESCAL : [ 10] fit: 0.42559 | delta: 2.8e-04 | secs: 18.49143
INFO : RESCAL : [ 11] fit: 0.42579 | delta: 2.0e-04 | secs: 21.90875
INFO : RESCAL : [ 12] fit: 0.42595 | delta: 1.7e-04 | secs: 18.63296
INFO : RESCAL : [ 13] fit: 0.42610 | delta: 1.5e-04 | secs: 21.63010
INFO : RESCAL : [ 14] fit: 0.42624 | delta: 1.4e-04 | secs: 18.66515
INFO : RESCAL : [ 15] fit: 0.42636 | delta: 1.2e-04 | secs: 21.44233
INFO : RESCAL : [ 16] fit: 0.42647 | delta: 1.1e-04 | secs: 18.47385
INFO : RESCAL : [ 17] fit: 0.42657 | delta: 9.8e-05 | secs: 21.86088
INFO : RESCAL : [ 18] fit: 0.42665 | delta: 8.7e-05 | secs: 18.78132
INFO : RESCAL : [ 19] fit: 0.42673 | delta: 7.9e-05 | secs: 21.87253
[Fold 5] AUC-PR: 0.975438
