Thread(s) : 60
Fold      : 04
Debut     : 2026-05-29 10:39:26
====================================================

====================================================
Fold 04
====================================================
=== DATASET: fb15k237 | rank:200 | lambda_A:0.1 | lambda_R:0.1 ===
[Config] maxIter:20 | conv:1.0e-06 | threads:60
[Data]   n_entities:14541 | n_relations:237 | total_nnz:310116
[Data]   nnz:310116 | import_time:0.04 s
[Eval]   positifs:2000 | neg/pos:1 | folds:10 | mode:cross-validation CSR echantillonnee
INFO : RESCAL : [  0] fit: 0.28992 | delta: 2.9e-01 | secs: 19.12423
INFO : RESCAL : [  1] fit: 0.40142 | delta: 1.1e-01 | secs: 22.05798
INFO : RESCAL : [  2] fit: 0.41385 | delta: 1.2e-02 | secs: 19.04373
INFO : RESCAL : [  3] fit: 0.41811 | delta: 4.3e-03 | secs: 21.87630
INFO : RESCAL : [  4] fit: 0.42033 | delta: 2.2e-03 | secs: 18.84171
INFO : RESCAL : [  5] fit: 0.42174 | delta: 1.4e-03 | secs: 21.77163
INFO : RESCAL : [  6] fit: 0.42269 | delta: 9.5e-04 | secs: 18.58409
INFO : RESCAL : [  7] fit: 0.42332 | delta: 6.3e-04 | secs: 22.23910
INFO : RESCAL : [  8] fit: 0.42378 | delta: 4.5e-04 | secs: 18.96926
INFO : RESCAL : [  9] fit: 0.42413 | delta: 3.5e-04 | secs: 21.91893
INFO : RESCAL : [ 10] fit: 0.42441 | delta: 2.8e-04 | secs: 19.06590
INFO : RESCAL : [ 11] fit: 0.42463 | delta: 2.2e-04 | secs: 21.62581
INFO : RESCAL : [ 12] fit: 0.42482 | delta: 1.9e-04 | secs: 18.74020
INFO : RESCAL : [ 13] fit: 0.42498 | delta: 1.6e-04 | secs: 21.99831
INFO : RESCAL : [ 14] fit: 0.42512 | delta: 1.4e-04 | secs: 18.61624
INFO : RESCAL : [ 15] fit: 0.42524 | delta: 1.2e-04 | secs: 21.93972
INFO : RESCAL : [ 16] fit: 0.42535 | delta: 1.1e-04 | secs: 18.70594
INFO : RESCAL : [ 17] fit: 0.42544 | delta: 9.2e-05 | secs: 21.92230
INFO : RESCAL : [ 18] fit: 0.42552 | delta: 7.9e-05 | secs: 18.97968
INFO : RESCAL : [ 19] fit: 0.42559 | delta: 6.6e-05 | secs: 21.91645
[Fold 4] AUC-PR: 0.976580
