Thread(s) : 60
Fold      : 01
Debut     : 2026-05-29 10:39:26
====================================================

====================================================
Fold 01
====================================================
=== DATASET: fb15k237 | rank:200 | lambda_A:0.1 | lambda_R:0.1 ===
[Config] maxIter:20 | conv:1.0e-06 | threads:60
[Data]   n_entities:14541 | n_relations:237 | total_nnz:310116
[Data]   nnz:310116 | import_time:0.04 s
[Eval]   positifs:2000 | neg/pos:1 | folds:10 | mode:cross-validation CSR echantillonnee
INFO : RESCAL : [  0] fit: 0.29019 | delta: 2.9e-01 | secs: 18.52219
INFO : RESCAL : [  1] fit: 0.40079 | delta: 1.1e-01 | secs: 22.02490
INFO : RESCAL : [  2] fit: 0.41390 | delta: 1.3e-02 | secs: 18.75100
INFO : RESCAL : [  3] fit: 0.41890 | delta: 5.0e-03 | secs: 21.92188
INFO : RESCAL : [  4] fit: 0.42121 | delta: 2.3e-03 | secs: 18.29575
INFO : RESCAL : [  5] fit: 0.42253 | delta: 1.3e-03 | secs: 21.52320
INFO : RESCAL : [  6] fit: 0.42333 | delta: 8.0e-04 | secs: 18.66018
INFO : RESCAL : [  7] fit: 0.42390 | delta: 5.7e-04 | secs: 21.85187
INFO : RESCAL : [  8] fit: 0.42430 | delta: 4.0e-04 | secs: 18.70506
INFO : RESCAL : [  9] fit: 0.42462 | delta: 3.1e-04 | secs: 21.74107
INFO : RESCAL : [ 10] fit: 0.42486 | delta: 2.4e-04 | secs: 18.63428
INFO : RESCAL : [ 11] fit: 0.42508 | delta: 2.1e-04 | secs: 22.28569
INFO : RESCAL : [ 12] fit: 0.42526 | delta: 1.8e-04 | secs: 18.66401
INFO : RESCAL : [ 13] fit: 0.42543 | delta: 1.7e-04 | secs: 21.78695
INFO : RESCAL : [ 14] fit: 0.42557 | delta: 1.5e-04 | secs: 18.62576
INFO : RESCAL : [ 15] fit: 0.42571 | delta: 1.4e-04 | secs: 21.58534
INFO : RESCAL : [ 16] fit: 0.42583 | delta: 1.2e-04 | secs: 18.32199
INFO : RESCAL : [ 17] fit: 0.42594 | delta: 1.1e-04 | secs: 21.63516
INFO : RESCAL : [ 18] fit: 0.42604 | delta: 1.0e-04 | secs: 18.78018
INFO : RESCAL : [ 19] fit: 0.42613 | delta: 9.2e-05 | secs: 21.93895
[Fold 1] AUC-PR: 0.971822
