Thread(s) : 60
Fold      : 08
Debut     : 2026-05-29 10:39:26
====================================================

====================================================
Fold 08
====================================================
=== DATASET: fb15k237 | rank:200 | lambda_A:0.1 | lambda_R:0.1 ===
[Config] maxIter:20 | conv:1.0e-06 | threads:60
[Data]   n_entities:14541 | n_relations:237 | total_nnz:310116
[Data]   nnz:310116 | import_time:0.04 s
[Eval]   positifs:2000 | neg/pos:1 | folds:10 | mode:cross-validation CSR echantillonnee
INFO : RESCAL : [  0] fit: 0.29198 | delta: 2.9e-01 | secs: 18.78680
INFO : RESCAL : [  1] fit: 0.40555 | delta: 1.1e-01 | secs: 21.66758
INFO : RESCAL : [  2] fit: 0.41858 | delta: 1.3e-02 | secs: 19.05427
INFO : RESCAL : [  3] fit: 0.42321 | delta: 4.6e-03 | secs: 18.67785
INFO : RESCAL : [  4] fit: 0.42557 | delta: 2.4e-03 | secs: 19.01731
INFO : RESCAL : [  5] fit: 0.42705 | delta: 1.5e-03 | secs: 18.08834
INFO : RESCAL : [  6] fit: 0.42804 | delta: 9.9e-04 | secs: 18.96451
INFO : RESCAL : [  7] fit: 0.42869 | delta: 6.5e-04 | secs: 18.85686
INFO : RESCAL : [  8] fit: 0.42916 | delta: 4.6e-04 | secs: 18.66795
INFO : RESCAL : [  9] fit: 0.42948 | delta: 3.2e-04 | secs: 22.04380
INFO : RESCAL : [ 10] fit: 0.42974 | delta: 2.6e-04 | secs: 18.71784
INFO : RESCAL : [ 11] fit: 0.42994 | delta: 2.0e-04 | secs: 22.29155
INFO : RESCAL : [ 12] fit: 0.43011 | delta: 1.7e-04 | secs: 18.67617
INFO : RESCAL : [ 13] fit: 0.43025 | delta: 1.4e-04 | secs: 21.79423
INFO : RESCAL : [ 14] fit: 0.43038 | delta: 1.2e-04 | secs: 18.58632
INFO : RESCAL : [ 15] fit: 0.43048 | delta: 1.1e-04 | secs: 18.91887
INFO : RESCAL : [ 16] fit: 0.43057 | delta: 9.2e-05 | secs: 18.65929
INFO : RESCAL : [ 17] fit: 0.43065 | delta: 7.8e-05 | secs: 18.54030
INFO : RESCAL : [ 18] fit: 0.43072 | delta: 6.8e-05 | secs: 18.74262
INFO : RESCAL : [ 19] fit: 0.43078 | delta: 5.8e-05 | secs: 19.05625
[Fold 8] AUC-PR: 0.989895
