Thread(s) : 60
Fold      : 07
Debut     : 2026-05-29 10:39:26
====================================================

====================================================
Fold 07
====================================================
=== DATASET: fb15k237 | rank:200 | lambda_A:0.1 | lambda_R:0.1 ===
[Config] maxIter:20 | conv:1.0e-06 | threads:60
[Data]   n_entities:14541 | n_relations:237 | total_nnz:310116
[Data]   nnz:310116 | import_time:0.04 s
[Eval]   positifs:2000 | neg/pos:1 | folds:10 | mode:cross-validation CSR echantillonnee
INFO : RESCAL : [  0] fit: 0.28992 | delta: 2.9e-01 | secs: 18.77569
INFO : RESCAL : [  1] fit: 0.40411 | delta: 1.1e-01 | secs: 21.86048
INFO : RESCAL : [  2] fit: 0.41701 | delta: 1.3e-02 | secs: 19.04367
INFO : RESCAL : [  3] fit: 0.42177 | delta: 4.8e-03 | secs: 21.56567
INFO : RESCAL : [  4] fit: 0.42399 | delta: 2.2e-03 | secs: 18.66030
INFO : RESCAL : [  5] fit: 0.42530 | delta: 1.3e-03 | secs: 21.45728
INFO : RESCAL : [  6] fit: 0.42628 | delta: 9.7e-04 | secs: 18.55609
INFO : RESCAL : [  7] fit: 0.42703 | delta: 7.5e-04 | secs: 22.15980
INFO : RESCAL : [  8] fit: 0.42764 | delta: 6.1e-04 | secs: 19.03562
INFO : RESCAL : [  9] fit: 0.42810 | delta: 4.6e-04 | secs: 21.78184
INFO : RESCAL : [ 10] fit: 0.42848 | delta: 3.8e-04 | secs: 19.10725
INFO : RESCAL : [ 11] fit: 0.42879 | delta: 3.1e-04 | secs: 21.93456
INFO : RESCAL : [ 12] fit: 0.42905 | delta: 2.6e-04 | secs: 18.83733
INFO : RESCAL : [ 13] fit: 0.42928 | delta: 2.2e-04 | secs: 18.54902
INFO : RESCAL : [ 14] fit: 0.42946 | delta: 1.9e-04 | secs: 18.29523
INFO : RESCAL : [ 15] fit: 0.42963 | delta: 1.6e-04 | secs: 18.48416
INFO : RESCAL : [ 16] fit: 0.42976 | delta: 1.4e-04 | secs: 22.26604
INFO : RESCAL : [ 17] fit: 0.42989 | delta: 1.2e-04 | secs: 18.92290
INFO : RESCAL : [ 18] fit: 0.42999 | delta: 1.1e-04 | secs: 21.72706
INFO : RESCAL : [ 19] fit: 0.43009 | delta: 9.4e-05 | secs: 18.78928
[Fold 7] AUC-PR: 0.988994
