Thread(s) : 60
Fold      : 02
Debut     : 2026-05-29 10:39:26
====================================================

====================================================
Fold 02
====================================================
=== DATASET: fb15k237 | rank:200 | lambda_A:0.1 | lambda_R:0.1 ===
[Config] maxIter:20 | conv:1.0e-06 | threads:60
[Data]   n_entities:14541 | n_relations:237 | total_nnz:310116
[Data]   nnz:310116 | import_time:0.04 s
[Eval]   positifs:2000 | neg/pos:1 | folds:10 | mode:cross-validation CSR echantillonnee
INFO : RESCAL : [  0] fit: 0.28533 | delta: 2.9e-01 | secs: 18.93088
INFO : RESCAL : [  1] fit: 0.40163 | delta: 1.2e-01 | secs: 22.06314
INFO : RESCAL : [  2] fit: 0.41471 | delta: 1.3e-02 | secs: 18.94126
INFO : RESCAL : [  3] fit: 0.41954 | delta: 4.8e-03 | secs: 22.15180
INFO : RESCAL : [  4] fit: 0.42202 | delta: 2.5e-03 | secs: 18.84296
INFO : RESCAL : [  5] fit: 0.42343 | delta: 1.4e-03 | secs: 22.15726
INFO : RESCAL : [  6] fit: 0.42425 | delta: 8.2e-04 | secs: 18.66925
INFO : RESCAL : [  7] fit: 0.42483 | delta: 5.8e-04 | secs: 22.12832
INFO : RESCAL : [  8] fit: 0.42526 | delta: 4.3e-04 | secs: 18.67932
INFO : RESCAL : [  9] fit: 0.42561 | delta: 3.5e-04 | secs: 21.93000
INFO : RESCAL : [ 10] fit: 0.42590 | delta: 2.9e-04 | secs: 18.81513
INFO : RESCAL : [ 11] fit: 0.42614 | delta: 2.4e-04 | secs: 22.36378
INFO : RESCAL : [ 12] fit: 0.42634 | delta: 2.0e-04 | secs: 18.82746
INFO : RESCAL : [ 13] fit: 0.42651 | delta: 1.7e-04 | secs: 21.78638
INFO : RESCAL : [ 14] fit: 0.42664 | delta: 1.4e-04 | secs: 18.70574
INFO : RESCAL : [ 15] fit: 0.42676 | delta: 1.2e-04 | secs: 21.78447
INFO : RESCAL : [ 16] fit: 0.42686 | delta: 9.9e-05 | secs: 18.62100
INFO : RESCAL : [ 17] fit: 0.42695 | delta: 8.6e-05 | secs: 21.73009
INFO : RESCAL : [ 18] fit: 0.42702 | delta: 7.4e-05 | secs: 18.68007
INFO : RESCAL : [ 19] fit: 0.42709 | delta: 6.8e-05 | secs: 21.61698
[Fold 2] AUC-PR: 0.969201
