Thread(s) : 60
Fold      : 09
Debut     : 2026-05-29 10:39:26
====================================================

====================================================
Fold 09
====================================================
=== DATASET: fb15k237 | rank:200 | lambda_A:0.1 | lambda_R:0.1 ===
[Config] maxIter:20 | conv:1.0e-06 | threads:60
[Data]   n_entities:14541 | n_relations:237 | total_nnz:310116
[Data]   nnz:310116 | import_time:0.04 s
[Eval]   positifs:2000 | neg/pos:1 | folds:10 | mode:cross-validation CSR echantillonnee
INFO : RESCAL : [  0] fit: 0.28793 | delta: 2.9e-01 | secs: 18.39083
INFO : RESCAL : [  1] fit: 0.40002 | delta: 1.1e-01 | secs: 21.66193
INFO : RESCAL : [  2] fit: 0.41216 | delta: 1.2e-02 | secs: 18.37142
INFO : RESCAL : [  3] fit: 0.41671 | delta: 4.5e-03 | secs: 21.61253
INFO : RESCAL : [  4] fit: 0.41885 | delta: 2.1e-03 | secs: 18.34617
INFO : RESCAL : [  5] fit: 0.42008 | delta: 1.2e-03 | secs: 21.62461
INFO : RESCAL : [  6] fit: 0.42084 | delta: 7.6e-04 | secs: 19.01496
INFO : RESCAL : [  7] fit: 0.42136 | delta: 5.2e-04 | secs: 21.89490
INFO : RESCAL : [  8] fit: 0.42174 | delta: 3.7e-04 | secs: 18.91298
INFO : RESCAL : [  9] fit: 0.42205 | delta: 3.1e-04 | secs: 21.72542
INFO : RESCAL : [ 10] fit: 0.42230 | delta: 2.6e-04 | secs: 18.66021
INFO : RESCAL : [ 11] fit: 0.42253 | delta: 2.2e-04 | secs: 22.03619
INFO : RESCAL : [ 12] fit: 0.42272 | delta: 1.9e-04 | secs: 18.72960
INFO : RESCAL : [ 13] fit: 0.42288 | delta: 1.7e-04 | secs: 22.08984
INFO : RESCAL : [ 14] fit: 0.42303 | delta: 1.4e-04 | secs: 18.89138
INFO : RESCAL : [ 15] fit: 0.42315 | delta: 1.3e-04 | secs: 21.57269
INFO : RESCAL : [ 16] fit: 0.42327 | delta: 1.1e-04 | secs: 18.36997
INFO : RESCAL : [ 17] fit: 0.42338 | delta: 1.1e-04 | secs: 21.58406
INFO : RESCAL : [ 18] fit: 0.42348 | delta: 1.0e-04 | secs: 18.32010
INFO : RESCAL : [ 19] fit: 0.42358 | delta: 9.8e-05 | secs: 21.65501
[Fold 9] AUC-PR: 0.981188
