Thread(s) : 60
Fold      : 06
Debut     : 2026-05-29 10:39:26
====================================================

====================================================
Fold 06
====================================================
=== DATASET: fb15k237 | rank:200 | lambda_A:0.1 | lambda_R:0.1 ===
[Config] maxIter:20 | conv:1.0e-06 | threads:60
[Data]   n_entities:14541 | n_relations:237 | total_nnz:310116
[Data]   nnz:310116 | import_time:0.04 s
[Eval]   positifs:2000 | neg/pos:1 | folds:10 | mode:cross-validation CSR echantillonnee
INFO : RESCAL : [  0] fit: 0.28908 | delta: 2.9e-01 | secs: 19.22122
INFO : RESCAL : [  1] fit: 0.40126 | delta: 1.1e-01 | secs: 21.90595
INFO : RESCAL : [  2] fit: 0.41429 | delta: 1.3e-02 | secs: 18.47934
INFO : RESCAL : [  3] fit: 0.41923 | delta: 4.9e-03 | secs: 21.73896
INFO : RESCAL : [  4] fit: 0.42193 | delta: 2.7e-03 | secs: 18.40562
INFO : RESCAL : [  5] fit: 0.42351 | delta: 1.6e-03 | secs: 21.71146
INFO : RESCAL : [  6] fit: 0.42448 | delta: 9.8e-04 | secs: 18.68874
INFO : RESCAL : [  7] fit: 0.42516 | delta: 6.7e-04 | secs: 21.73419
INFO : RESCAL : [  8] fit: 0.42564 | delta: 4.8e-04 | secs: 18.96536
INFO : RESCAL : [  9] fit: 0.42598 | delta: 3.4e-04 | secs: 21.96242
INFO : RESCAL : [ 10] fit: 0.42622 | delta: 2.4e-04 | secs: 18.65599
INFO : RESCAL : [ 11] fit: 0.42641 | delta: 1.9e-04 | secs: 21.97651
INFO : RESCAL : [ 12] fit: 0.42657 | delta: 1.6e-04 | secs: 18.65746
INFO : RESCAL : [ 13] fit: 0.42670 | delta: 1.3e-04 | secs: 21.90196
INFO : RESCAL : [ 14] fit: 0.42682 | delta: 1.1e-04 | secs: 18.37151
INFO : RESCAL : [ 15] fit: 0.42691 | delta: 9.7e-05 | secs: 21.62011
INFO : RESCAL : [ 16] fit: 0.42700 | delta: 8.3e-05 | secs: 18.54096
INFO : RESCAL : [ 17] fit: 0.42707 | delta: 7.4e-05 | secs: 22.45458
INFO : RESCAL : [ 18] fit: 0.42714 | delta: 6.5e-05 | secs: 18.50124
INFO : RESCAL : [ 19] fit: 0.42719 | delta: 5.9e-05 | secs: 22.12472
[Fold 6] AUC-PR: 0.971700
