Thread(s) : 20
Fold      : 07
Debut     : 2026-05-28 13:36:54
====================================================

====================================================
Fold 07
====================================================
=== DATASET: fb15k237 | rank:200 | lambda_A:0.1 | lambda_R:0.1 ===
[Config] maxIter:20 | conv:1.0e-06 | threads:20
[Data]   n_entities:14541 | n_relations:237 | total_nnz:310116
[Data]   nnz:310116 | import_time:0.04 s
[Eval]   positifs:2000 | neg/pos:1 | folds:10 | mode:cross-validation CSR echantillonnee
INFO : RESCAL : [  0] fit: 0.29009 | delta: 2.9e-01 | secs: 19.61473
INFO : RESCAL : [  1] fit: 0.40448 | delta: 1.1e-01 | secs: 18.41285
INFO : RESCAL : [  2] fit: 0.41781 | delta: 1.3e-02 | secs: 19.24011
INFO : RESCAL : [  3] fit: 0.42258 | delta: 4.8e-03 | secs: 21.87572
INFO : RESCAL : [  4] fit: 0.42497 | delta: 2.4e-03 | secs: 18.67635
INFO : RESCAL : [  5] fit: 0.42634 | delta: 1.4e-03 | secs: 18.91522
INFO : RESCAL : [  6] fit: 0.42715 | delta: 8.1e-04 | secs: 18.81019
INFO : RESCAL : [  7] fit: 0.42772 | delta: 5.7e-04 | secs: 19.29121
INFO : RESCAL : [  8] fit: 0.42820 | delta: 4.8e-04 | secs: 18.98321
INFO : RESCAL : [  9] fit: 0.42858 | delta: 3.8e-04 | secs: 19.38143
INFO : RESCAL : [ 10] fit: 0.42890 | delta: 3.2e-04 | secs: 19.01512
INFO : RESCAL : [ 11] fit: 0.42915 | delta: 2.5e-04 | secs: 19.52133
INFO : RESCAL : [ 12] fit: 0.42937 | delta: 2.2e-04 | secs: 18.27984
INFO : RESCAL : [ 13] fit: 0.42955 | delta: 1.8e-04 | secs: 19.33062
INFO : RESCAL : [ 14] fit: 0.42972 | delta: 1.6e-04 | secs: 19.01966
INFO : RESCAL : [ 15] fit: 0.42985 | delta: 1.4e-04 | secs: 18.85161
INFO : RESCAL : [ 16] fit: 0.42997 | delta: 1.2e-04 | secs: 21.66617
INFO : RESCAL : [ 17] fit: 0.43008 | delta: 1.0e-04 | secs: 19.22554
INFO : RESCAL : [ 18] fit: 0.43017 | delta: 9.5e-05 | secs: 18.88136
INFO : RESCAL : [ 19] fit: 0.43025 | delta: 8.1e-05 | secs: 18.29364
[Fold 7] AUC-PR: 0.981544
