Thread(s) : 20
Fold      : 00
Debut     : 2026-05-28 13:36:54
====================================================

====================================================
Fold 00
====================================================
=== DATASET: fb15k237 | rank:200 | lambda_A:0.1 | lambda_R:0.1 ===
[Config] maxIter:20 | conv:1.0e-06 | threads:20
[Data]   n_entities:14541 | n_relations:237 | total_nnz:310116
[Data]   nnz:310116 | import_time:0.04 s
[Eval]   positifs:2000 | neg/pos:1 | folds:10 | mode:cross-validation CSR echantillonnee
INFO : RESCAL : [  0] fit: 0.28647 | delta: 2.9e-01 | secs: 19.13124
INFO : RESCAL : [  1] fit: 0.40173 | delta: 1.2e-01 | secs: 19.27797
INFO : RESCAL : [  2] fit: 0.41493 | delta: 1.3e-02 | secs: 19.07485
INFO : RESCAL : [  3] fit: 0.42000 | delta: 5.1e-03 | secs: 18.87241
INFO : RESCAL : [  4] fit: 0.42257 | delta: 2.6e-03 | secs: 19.11643
INFO : RESCAL : [  5] fit: 0.42405 | delta: 1.5e-03 | secs: 19.21494
INFO : RESCAL : [  6] fit: 0.42485 | delta: 8.0e-04 | secs: 19.24765
INFO : RESCAL : [  7] fit: 0.42539 | delta: 5.4e-04 | secs: 19.16076
INFO : RESCAL : [  8] fit: 0.42582 | delta: 4.4e-04 | secs: 19.31443
INFO : RESCAL : [  9] fit: 0.42622 | delta: 4.0e-04 | secs: 19.15705
INFO : RESCAL : [ 10] fit: 0.42659 | delta: 3.7e-04 | secs: 19.59000
INFO : RESCAL : [ 11] fit: 0.42691 | delta: 3.2e-04 | secs: 19.36979
INFO : RESCAL : [ 12] fit: 0.42718 | delta: 2.7e-04 | secs: 19.35728
INFO : RESCAL : [ 13] fit: 0.42741 | delta: 2.3e-04 | secs: 19.02299
INFO : RESCAL : [ 14] fit: 0.42760 | delta: 2.0e-04 | secs: 19.26373
INFO : RESCAL : [ 15] fit: 0.42778 | delta: 1.7e-04 | secs: 19.10413
INFO : RESCAL : [ 16] fit: 0.42793 | delta: 1.5e-04 | secs: 19.41515
INFO : RESCAL : [ 17] fit: 0.42807 | delta: 1.4e-04 | secs: 19.03624
INFO : RESCAL : [ 18] fit: 0.42819 | delta: 1.2e-04 | secs: 19.42751
INFO : RESCAL : [ 19] fit: 0.42831 | delta: 1.1e-04 | secs: 19.31153
[Fold 0] AUC-PR: 0.978027
