Thread(s) : 20
Fold      : 06
Debut     : 2026-05-28 13:36:54
====================================================

====================================================
Fold 06
====================================================
=== DATASET: fb15k237 | rank:200 | lambda_A:0.1 | lambda_R:0.1 ===
[Config] maxIter:20 | conv:1.0e-06 | threads:20
[Data]   n_entities:14541 | n_relations:237 | total_nnz:310116
[Data]   nnz:310116 | import_time:0.04 s
[Eval]   positifs:2000 | neg/pos:1 | folds:10 | mode:cross-validation CSR echantillonnee
INFO : RESCAL : [  0] fit: 0.29220 | delta: 2.9e-01 | secs: 19.16586
INFO : RESCAL : [  1] fit: 0.40350 | delta: 1.1e-01 | secs: 18.66717
INFO : RESCAL : [  2] fit: 0.41653 | delta: 1.3e-02 | secs: 19.32035
INFO : RESCAL : [  3] fit: 0.42130 | delta: 4.8e-03 | secs: 21.89832
INFO : RESCAL : [  4] fit: 0.42355 | delta: 2.3e-03 | secs: 19.20338
INFO : RESCAL : [  5] fit: 0.42483 | delta: 1.3e-03 | secs: 18.55534
INFO : RESCAL : [  6] fit: 0.42562 | delta: 8.0e-04 | secs: 18.94080
INFO : RESCAL : [  7] fit: 0.42617 | delta: 5.5e-04 | secs: 19.10611
INFO : RESCAL : [  8] fit: 0.42661 | delta: 4.4e-04 | secs: 18.34891
INFO : RESCAL : [  9] fit: 0.42696 | delta: 3.6e-04 | secs: 19.06778
INFO : RESCAL : [ 10] fit: 0.42728 | delta: 3.2e-04 | secs: 18.22180
INFO : RESCAL : [ 11] fit: 0.42757 | delta: 2.9e-04 | secs: 19.12871
INFO : RESCAL : [ 12] fit: 0.42783 | delta: 2.6e-04 | secs: 18.51551
INFO : RESCAL : [ 13] fit: 0.42803 | delta: 2.0e-04 | secs: 18.95264
INFO : RESCAL : [ 14] fit: 0.42818 | delta: 1.5e-04 | secs: 18.32908
INFO : RESCAL : [ 15] fit: 0.42831 | delta: 1.3e-04 | secs: 18.71494
INFO : RESCAL : [ 16] fit: 0.42843 | delta: 1.2e-04 | secs: 18.50649
INFO : RESCAL : [ 17] fit: 0.42854 | delta: 1.1e-04 | secs: 19.03785
INFO : RESCAL : [ 18] fit: 0.42864 | delta: 9.9e-05 | secs: 18.44847
INFO : RESCAL : [ 19] fit: 0.42873 | delta: 9.0e-05 | secs: 18.97516
[Fold 6] AUC-PR: 0.982217
