Thread(s) : 20
Fold      : 08
Debut     : 2026-05-28 13:36:54
====================================================

====================================================
Fold 08
====================================================
=== DATASET: fb15k237 | rank:200 | lambda_A:0.1 | lambda_R:0.1 ===
[Config] maxIter:20 | conv:1.0e-06 | threads:20
[Data]   n_entities:14541 | n_relations:237 | total_nnz:310116
[Data]   nnz:310116 | import_time:0.04 s
[Eval]   positifs:2000 | neg/pos:1 | folds:10 | mode:cross-validation CSR echantillonnee
INFO : RESCAL : [  0] fit: 0.29269 | delta: 2.9e-01 | secs: 19.67176
INFO : RESCAL : [  1] fit: 0.40306 | delta: 1.1e-01 | secs: 18.75594
INFO : RESCAL : [  2] fit: 0.41602 | delta: 1.3e-02 | secs: 18.47012
INFO : RESCAL : [  3] fit: 0.42104 | delta: 5.0e-03 | secs: 19.08924
INFO : RESCAL : [  4] fit: 0.42335 | delta: 2.3e-03 | secs: 18.92958
INFO : RESCAL : [  5] fit: 0.42462 | delta: 1.3e-03 | secs: 19.10043
INFO : RESCAL : [  6] fit: 0.42546 | delta: 8.4e-04 | secs: 18.85331
INFO : RESCAL : [  7] fit: 0.42609 | delta: 6.3e-04 | secs: 19.60485
INFO : RESCAL : [  8] fit: 0.42657 | delta: 4.8e-04 | secs: 18.89685
INFO : RESCAL : [  9] fit: 0.42694 | delta: 3.7e-04 | secs: 19.34331
INFO : RESCAL : [ 10] fit: 0.42721 | delta: 2.7e-04 | secs: 18.58671
INFO : RESCAL : [ 11] fit: 0.42742 | delta: 2.1e-04 | secs: 19.22876
INFO : RESCAL : [ 12] fit: 0.42757 | delta: 1.5e-04 | secs: 18.71105
INFO : RESCAL : [ 13] fit: 0.42769 | delta: 1.2e-04 | secs: 19.42485
INFO : RESCAL : [ 14] fit: 0.42778 | delta: 9.2e-05 | secs: 18.39755
INFO : RESCAL : [ 15] fit: 0.42786 | delta: 8.1e-05 | secs: 19.03834
INFO : RESCAL : [ 16] fit: 0.42793 | delta: 6.9e-05 | secs: 18.66919
INFO : RESCAL : [ 17] fit: 0.42799 | delta: 6.1e-05 | secs: 18.76117
INFO : RESCAL : [ 18] fit: 0.42804 | delta: 5.2e-05 | secs: 18.85101
INFO : RESCAL : [ 19] fit: 0.42809 | delta: 4.6e-05 | secs: 18.95164
[Fold 8] AUC-PR: 0.985854
