Thread(s) : 20
Fold      : 02
Debut     : 2026-05-28 13:36:54
====================================================

====================================================
Fold 02
====================================================
=== DATASET: fb15k237 | rank:200 | lambda_A:0.1 | lambda_R:0.1 ===
[Config] maxIter:20 | conv:1.0e-06 | threads:20
[Data]   n_entities:14541 | n_relations:237 | total_nnz:310116
[Data]   nnz:310116 | import_time:0.04 s
[Eval]   positifs:2000 | neg/pos:1 | folds:10 | mode:cross-validation CSR echantillonnee
INFO : RESCAL : [  0] fit: 0.28996 | delta: 2.9e-01 | secs: 19.68801
INFO : RESCAL : [  1] fit: 0.40086 | delta: 1.1e-01 | secs: 18.68481
INFO : RESCAL : [  2] fit: 0.41317 | delta: 1.2e-02 | secs: 19.26268
INFO : RESCAL : [  3] fit: 0.41768 | delta: 4.5e-03 | secs: 21.14302
INFO : RESCAL : [  4] fit: 0.41984 | delta: 2.2e-03 | secs: 19.08373
INFO : RESCAL : [  5] fit: 0.42112 | delta: 1.3e-03 | secs: 19.21032
INFO : RESCAL : [  6] fit: 0.42203 | delta: 9.1e-04 | secs: 18.80856
INFO : RESCAL : [  7] fit: 0.42274 | delta: 7.1e-04 | secs: 19.11146
INFO : RESCAL : [  8] fit: 0.42329 | delta: 5.5e-04 | secs: 18.96444
INFO : RESCAL : [  9] fit: 0.42372 | delta: 4.3e-04 | secs: 19.46679
INFO : RESCAL : [ 10] fit: 0.42403 | delta: 3.2e-04 | secs: 19.02600
INFO : RESCAL : [ 11] fit: 0.42427 | delta: 2.4e-04 | secs: 19.03749
INFO : RESCAL : [ 12] fit: 0.42447 | delta: 1.9e-04 | secs: 18.68550
INFO : RESCAL : [ 13] fit: 0.42463 | delta: 1.6e-04 | secs: 18.76083
INFO : RESCAL : [ 14] fit: 0.42477 | delta: 1.4e-04 | secs: 18.83930
INFO : RESCAL : [ 15] fit: 0.42489 | delta: 1.3e-04 | secs: 19.42286
INFO : RESCAL : [ 16] fit: 0.42501 | delta: 1.1e-04 | secs: 19.30786
INFO : RESCAL : [ 17] fit: 0.42511 | delta: 1.0e-04 | secs: 19.63902
INFO : RESCAL : [ 18] fit: 0.42520 | delta: 9.5e-05 | secs: 18.99492
INFO : RESCAL : [ 19] fit: 0.42529 | delta: 8.8e-05 | secs: 18.99303
[Fold 2] AUC-PR: 0.984795
