Thread(s) : 20
Fold      : 03
Debut     : 2026-05-28 13:36:54
====================================================

====================================================
Fold 03
====================================================
=== DATASET: fb15k237 | rank:200 | lambda_A:0.1 | lambda_R:0.1 ===
[Config] maxIter:20 | conv:1.0e-06 | threads:20
[Data]   n_entities:14541 | n_relations:237 | total_nnz:310116
[Data]   nnz:310116 | import_time:0.04 s
[Eval]   positifs:2000 | neg/pos:1 | folds:10 | mode:cross-validation CSR echantillonnee
INFO : RESCAL : [  0] fit: 0.29151 | delta: 2.9e-01 | secs: 19.44631
INFO : RESCAL : [  1] fit: 0.40147 | delta: 1.1e-01 | secs: 18.52878
INFO : RESCAL : [  2] fit: 0.41437 | delta: 1.3e-02 | secs: 19.07232
INFO : RESCAL : [  3] fit: 0.41916 | delta: 4.8e-03 | secs: 21.20574
INFO : RESCAL : [  4] fit: 0.42156 | delta: 2.4e-03 | secs: 18.89696
INFO : RESCAL : [  5] fit: 0.42289 | delta: 1.3e-03 | secs: 18.56636
INFO : RESCAL : [  6] fit: 0.42375 | delta: 8.6e-04 | secs: 19.17925
INFO : RESCAL : [  7] fit: 0.42439 | delta: 6.4e-04 | secs: 18.38418
INFO : RESCAL : [  8] fit: 0.42488 | delta: 4.9e-04 | secs: 19.54663
INFO : RESCAL : [  9] fit: 0.42528 | delta: 4.0e-04 | secs: 18.67682
INFO : RESCAL : [ 10] fit: 0.42560 | delta: 3.3e-04 | secs: 18.91023
INFO : RESCAL : [ 11] fit: 0.42587 | delta: 2.7e-04 | secs: 18.50278
INFO : RESCAL : [ 12] fit: 0.42610 | delta: 2.3e-04 | secs: 19.10328
INFO : RESCAL : [ 13] fit: 0.42629 | delta: 1.9e-04 | secs: 18.56325
INFO : RESCAL : [ 14] fit: 0.42645 | delta: 1.6e-04 | secs: 19.04657
INFO : RESCAL : [ 15] fit: 0.42658 | delta: 1.3e-04 | secs: 18.90802
INFO : RESCAL : [ 16] fit: 0.42668 | delta: 1.1e-04 | secs: 18.90994
INFO : RESCAL : [ 17] fit: 0.42677 | delta: 8.6e-05 | secs: 18.39672
INFO : RESCAL : [ 18] fit: 0.42684 | delta: 7.0e-05 | secs: 19.23987
INFO : RESCAL : [ 19] fit: 0.42690 | delta: 5.8e-05 | secs: 19.00344
[Fold 3] AUC-PR: 0.981004
