Thread(s) : 20
Fold      : 04
Debut     : 2026-05-28 13:36:54
====================================================

====================================================
Fold 04
====================================================
=== DATASET: fb15k237 | rank:200 | lambda_A:0.1 | lambda_R:0.1 ===
[Config] maxIter:20 | conv:1.0e-06 | threads:20
[Data]   n_entities:14541 | n_relations:237 | total_nnz:310116
[Data]   nnz:310116 | import_time:0.04 s
[Eval]   positifs:2000 | neg/pos:1 | folds:10 | mode:cross-validation CSR echantillonnee
INFO : RESCAL : [  0] fit: 0.29110 | delta: 2.9e-01 | secs: 19.35962
INFO : RESCAL : [  1] fit: 0.40337 | delta: 1.1e-01 | secs: 18.74651
INFO : RESCAL : [  2] fit: 0.41595 | delta: 1.3e-02 | secs: 18.77604
INFO : RESCAL : [  3] fit: 0.42085 | delta: 4.9e-03 | secs: 19.35407
INFO : RESCAL : [  4] fit: 0.42333 | delta: 2.5e-03 | secs: 18.93008
INFO : RESCAL : [  5] fit: 0.42487 | delta: 1.5e-03 | secs: 19.23654
INFO : RESCAL : [  6] fit: 0.42589 | delta: 1.0e-03 | secs: 18.08077
INFO : RESCAL : [  7] fit: 0.42660 | delta: 7.1e-04 | secs: 18.57453
INFO : RESCAL : [  8] fit: 0.42710 | delta: 5.0e-04 | secs: 21.61644
INFO : RESCAL : [  9] fit: 0.42749 | delta: 3.8e-04 | secs: 18.53868
INFO : RESCAL : [ 10] fit: 0.42777 | delta: 2.8e-04 | secs: 18.90273
INFO : RESCAL : [ 11] fit: 0.42798 | delta: 2.1e-04 | secs: 18.67393
INFO : RESCAL : [ 12] fit: 0.42817 | delta: 1.9e-04 | secs: 19.11134
INFO : RESCAL : [ 13] fit: 0.42834 | delta: 1.8e-04 | secs: 18.87089
INFO : RESCAL : [ 14] fit: 0.42850 | delta: 1.6e-04 | secs: 18.65000
INFO : RESCAL : [ 15] fit: 0.42865 | delta: 1.5e-04 | secs: 19.05543
INFO : RESCAL : [ 16] fit: 0.42878 | delta: 1.3e-04 | secs: 18.45428
INFO : RESCAL : [ 17] fit: 0.42889 | delta: 1.1e-04 | secs: 18.43425
INFO : RESCAL : [ 18] fit: 0.42899 | delta: 1.0e-04 | secs: 19.23350
INFO : RESCAL : [ 19] fit: 0.42908 | delta: 8.7e-05 | secs: 18.66924
[Fold 4] AUC-PR: 0.988318
