Thread(s) : 54
Fold      : 06
Debut     : 2026-05-29 07:28:06
====================================================

====================================================
Fold 06
====================================================
=== DATASET: fb15k237 | rank:200 | lambda_A:0.1 | lambda_R:0.1 ===
[Config] maxIter:20 | conv:1.0e-06 | threads:54
[Data]   n_entities:14541 | n_relations:237 | total_nnz:310116
[Data]   nnz:310116 | import_time:0.04 s
[Eval]   positifs:2000 | neg/pos:1 | folds:10 | mode:cross-validation CSR echantillonnee
INFO : RESCAL : [  0] fit: 0.28753 | delta: 2.9e-01 | secs: 19.26009
INFO : RESCAL : [  1] fit: 0.39956 | delta: 1.1e-01 | secs: 19.03836
INFO : RESCAL : [  2] fit: 0.41246 | delta: 1.3e-02 | secs: 18.65041
INFO : RESCAL : [  3] fit: 0.41721 | delta: 4.7e-03 | secs: 18.70892
INFO : RESCAL : [  4] fit: 0.41958 | delta: 2.4e-03 | secs: 19.02512
INFO : RESCAL : [  5] fit: 0.42092 | delta: 1.3e-03 | secs: 18.88622
INFO : RESCAL : [  6] fit: 0.42173 | delta: 8.1e-04 | secs: 18.66466
INFO : RESCAL : [  7] fit: 0.42229 | delta: 5.6e-04 | secs: 19.11941
INFO : RESCAL : [  8] fit: 0.42269 | delta: 4.1e-04 | secs: 18.57546
INFO : RESCAL : [  9] fit: 0.42301 | delta: 3.1e-04 | secs: 19.05798
INFO : RESCAL : [ 10] fit: 0.42327 | delta: 2.6e-04 | secs: 19.09988
INFO : RESCAL : [ 11] fit: 0.42350 | delta: 2.3e-04 | secs: 18.80621
INFO : RESCAL : [ 12] fit: 0.42370 | delta: 2.0e-04 | secs: 18.96459
INFO : RESCAL : [ 13] fit: 0.42388 | delta: 1.8e-04 | secs: 19.06856
INFO : RESCAL : [ 14] fit: 0.42404 | delta: 1.6e-04 | secs: 18.59246
INFO : RESCAL : [ 15] fit: 0.42419 | delta: 1.4e-04 | secs: 18.99178
INFO : RESCAL : [ 16] fit: 0.42432 | delta: 1.3e-04 | secs: 18.75644
INFO : RESCAL : [ 17] fit: 0.42443 | delta: 1.2e-04 | secs: 18.99195
INFO : RESCAL : [ 18] fit: 0.42454 | delta: 1.0e-04 | secs: 18.92610
INFO : RESCAL : [ 19] fit: 0.42463 | delta: 9.4e-05 | secs: 18.56928
[Fold 6] AUC-PR: 0.978900
