Thread(s) : 54
Fold      : 03
Debut     : 2026-05-29 07:28:06
====================================================

====================================================
Fold 03
====================================================
=== DATASET: fb15k237 | rank:200 | lambda_A:0.1 | lambda_R:0.1 ===
[Config] maxIter:20 | conv:1.0e-06 | threads:54
[Data]   n_entities:14541 | n_relations:237 | total_nnz:310116
[Data]   nnz:310116 | import_time:0.04 s
[Eval]   positifs:2000 | neg/pos:1 | folds:10 | mode:cross-validation CSR echantillonnee
INFO : RESCAL : [  0] fit: 0.28925 | delta: 2.9e-01 | secs: 19.17081
INFO : RESCAL : [  1] fit: 0.40355 | delta: 1.1e-01 | secs: 19.15880
INFO : RESCAL : [  2] fit: 0.41670 | delta: 1.3e-02 | secs: 18.89445
INFO : RESCAL : [  3] fit: 0.42163 | delta: 4.9e-03 | secs: 22.07947
INFO : RESCAL : [  4] fit: 0.42408 | delta: 2.5e-03 | secs: 18.99167
INFO : RESCAL : [  5] fit: 0.42550 | delta: 1.4e-03 | secs: 18.99854
INFO : RESCAL : [  6] fit: 0.42646 | delta: 9.5e-04 | secs: 18.84365
INFO : RESCAL : [  7] fit: 0.42715 | delta: 7.0e-04 | secs: 18.68447
INFO : RESCAL : [  8] fit: 0.42771 | delta: 5.6e-04 | secs: 18.42543
INFO : RESCAL : [  9] fit: 0.42814 | delta: 4.3e-04 | secs: 18.61231
INFO : RESCAL : [ 10] fit: 0.42848 | delta: 3.4e-04 | secs: 18.76953
INFO : RESCAL : [ 11] fit: 0.42874 | delta: 2.6e-04 | secs: 18.87047
INFO : RESCAL : [ 12] fit: 0.42896 | delta: 2.2e-04 | secs: 19.04709
INFO : RESCAL : [ 13] fit: 0.42913 | delta: 1.7e-04 | secs: 18.43441
INFO : RESCAL : [ 14] fit: 0.42929 | delta: 1.6e-04 | secs: 18.66830
INFO : RESCAL : [ 15] fit: 0.42942 | delta: 1.3e-04 | secs: 18.87517
INFO : RESCAL : [ 16] fit: 0.42954 | delta: 1.2e-04 | secs: 19.02297
INFO : RESCAL : [ 17] fit: 0.42964 | delta: 9.6e-05 | secs: 19.06103
INFO : RESCAL : [ 18] fit: 0.42972 | delta: 8.9e-05 | secs: 18.31067
INFO : RESCAL : [ 19] fit: 0.42980 | delta: 7.3e-05 | secs: 18.83027
[Fold 3] AUC-PR: 0.983607
