Thread(s) : 54
Fold      : 00
Debut     : 2026-05-29 07:28:06
====================================================

====================================================
Fold 00
====================================================
=== DATASET: fb15k237 | rank:200 | lambda_A:0.1 | lambda_R:0.1 ===
[Config] maxIter:20 | conv:1.0e-06 | threads:54
[Data]   n_entities:14541 | n_relations:237 | total_nnz:310116
[Data]   nnz:310116 | import_time:0.04 s
[Eval]   positifs:2000 | neg/pos:1 | folds:10 | mode:cross-validation CSR echantillonnee
INFO : RESCAL : [  0] fit: 0.28990 | delta: 2.9e-01 | secs: 18.69764
INFO : RESCAL : [  1] fit: 0.40218 | delta: 1.1e-01 | secs: 19.17666
INFO : RESCAL : [  2] fit: 0.41482 | delta: 1.3e-02 | secs: 18.78828
INFO : RESCAL : [  3] fit: 0.41948 | delta: 4.7e-03 | secs: 18.99598
INFO : RESCAL : [  4] fit: 0.42168 | delta: 2.2e-03 | secs: 18.96029
INFO : RESCAL : [  5] fit: 0.42294 | delta: 1.3e-03 | secs: 18.92461
INFO : RESCAL : [  6] fit: 0.42375 | delta: 8.1e-04 | secs: 18.59937
INFO : RESCAL : [  7] fit: 0.42433 | delta: 5.8e-04 | secs: 18.50296
INFO : RESCAL : [  8] fit: 0.42478 | delta: 4.5e-04 | secs: 18.78730
INFO : RESCAL : [  9] fit: 0.42515 | delta: 3.7e-04 | secs: 18.62231
INFO : RESCAL : [ 10] fit: 0.42546 | delta: 3.1e-04 | secs: 18.83932
INFO : RESCAL : [ 11] fit: 0.42572 | delta: 2.6e-04 | secs: 18.37842
INFO : RESCAL : [ 12] fit: 0.42594 | delta: 2.2e-04 | secs: 18.84538
INFO : RESCAL : [ 13] fit: 0.42611 | delta: 1.7e-04 | secs: 18.46598
INFO : RESCAL : [ 14] fit: 0.42625 | delta: 1.4e-04 | secs: 18.94074
INFO : RESCAL : [ 15] fit: 0.42639 | delta: 1.4e-04 | secs: 18.65565
INFO : RESCAL : [ 16] fit: 0.42654 | delta: 1.5e-04 | secs: 18.93442
INFO : RESCAL : [ 17] fit: 0.42670 | delta: 1.6e-04 | secs: 18.63937
INFO : RESCAL : [ 18] fit: 0.42686 | delta: 1.6e-04 | secs: 18.86916
INFO : RESCAL : [ 19] fit: 0.42700 | delta: 1.4e-04 | secs: 18.51425
[Fold 0] AUC-PR: 0.982161
