Thread(s) : 54
Fold      : 01
Debut     : 2026-05-29 07:28:06
====================================================

====================================================
Fold 01
====================================================
=== DATASET: fb15k237 | rank:200 | lambda_A:0.1 | lambda_R:0.1 ===
[Config] maxIter:20 | conv:1.0e-06 | threads:54
[Data]   n_entities:14541 | n_relations:237 | total_nnz:310116
[Data]   nnz:310116 | import_time:0.04 s
[Eval]   positifs:2000 | neg/pos:1 | folds:10 | mode:cross-validation CSR echantillonnee
INFO : RESCAL : [  0] fit: 0.28928 | delta: 2.9e-01 | secs: 18.83575
INFO : RESCAL : [  1] fit: 0.40024 | delta: 1.1e-01 | secs: 18.23128
INFO : RESCAL : [  2] fit: 0.41291 | delta: 1.3e-02 | secs: 18.81488
INFO : RESCAL : [  3] fit: 0.41770 | delta: 4.8e-03 | secs: 18.22996
INFO : RESCAL : [  4] fit: 0.42009 | delta: 2.4e-03 | secs: 18.68109
INFO : RESCAL : [  5] fit: 0.42155 | delta: 1.5e-03 | secs: 18.66846
INFO : RESCAL : [  6] fit: 0.42258 | delta: 1.0e-03 | secs: 18.61680
INFO : RESCAL : [  7] fit: 0.42334 | delta: 7.6e-04 | secs: 18.77484
INFO : RESCAL : [  8] fit: 0.42385 | delta: 5.1e-04 | secs: 18.91133
INFO : RESCAL : [  9] fit: 0.42422 | delta: 3.7e-04 | secs: 18.82011
INFO : RESCAL : [ 10] fit: 0.42453 | delta: 3.0e-04 | secs: 18.99146
INFO : RESCAL : [ 11] fit: 0.42479 | delta: 2.6e-04 | secs: 18.78951
INFO : RESCAL : [ 12] fit: 0.42501 | delta: 2.3e-04 | secs: 18.98705
INFO : RESCAL : [ 13] fit: 0.42522 | delta: 2.0e-04 | secs: 18.66616
INFO : RESCAL : [ 14] fit: 0.42540 | delta: 1.9e-04 | secs: 19.17328
INFO : RESCAL : [ 15] fit: 0.42557 | delta: 1.7e-04 | secs: 18.82058
INFO : RESCAL : [ 16] fit: 0.42572 | delta: 1.5e-04 | secs: 18.72393
INFO : RESCAL : [ 17] fit: 0.42586 | delta: 1.4e-04 | secs: 19.11530
INFO : RESCAL : [ 18] fit: 0.42599 | delta: 1.3e-04 | secs: 18.95260
INFO : RESCAL : [ 19] fit: 0.42610 | delta: 1.1e-04 | secs: 19.31304
[Fold 1] AUC-PR: 0.986138
