Thread(s) : 54
Fold      : 09
Debut     : 2026-05-29 07:28:06
====================================================

====================================================
Fold 09
====================================================
=== DATASET: fb15k237 | rank:200 | lambda_A:0.1 | lambda_R:0.1 ===
[Config] maxIter:20 | conv:1.0e-06 | threads:54
[Data]   n_entities:14541 | n_relations:237 | total_nnz:310116
[Data]   nnz:310116 | import_time:0.04 s
[Eval]   positifs:2000 | neg/pos:1 | folds:10 | mode:cross-validation CSR echantillonnee
INFO : RESCAL : [  0] fit: 0.28805 | delta: 2.9e-01 | secs: 18.88315
INFO : RESCAL : [  1] fit: 0.39893 | delta: 1.1e-01 | secs: 19.17292
INFO : RESCAL : [  2] fit: 0.41199 | delta: 1.3e-02 | secs: 18.81322
INFO : RESCAL : [  3] fit: 0.41664 | delta: 4.6e-03 | secs: 19.36092
INFO : RESCAL : [  4] fit: 0.41874 | delta: 2.1e-03 | secs: 18.63102
INFO : RESCAL : [  5] fit: 0.41996 | delta: 1.2e-03 | secs: 22.28378
INFO : RESCAL : [  6] fit: 0.42085 | delta: 8.9e-04 | secs: 19.29407
INFO : RESCAL : [  7] fit: 0.42149 | delta: 6.4e-04 | secs: 21.81342
INFO : RESCAL : [  8] fit: 0.42195 | delta: 4.6e-04 | secs: 18.79920
INFO : RESCAL : [  9] fit: 0.42231 | delta: 3.6e-04 | secs: 18.46523
INFO : RESCAL : [ 10] fit: 0.42261 | delta: 3.0e-04 | secs: 18.67788
INFO : RESCAL : [ 11] fit: 0.42287 | delta: 2.7e-04 | secs: 18.80158
INFO : RESCAL : [ 12] fit: 0.42311 | delta: 2.4e-04 | secs: 18.47045
INFO : RESCAL : [ 13] fit: 0.42332 | delta: 2.1e-04 | secs: 18.94044
INFO : RESCAL : [ 14] fit: 0.42350 | delta: 1.8e-04 | secs: 19.14789
INFO : RESCAL : [ 15] fit: 0.42365 | delta: 1.5e-04 | secs: 18.73745
INFO : RESCAL : [ 16] fit: 0.42378 | delta: 1.3e-04 | secs: 19.22475
INFO : RESCAL : [ 17] fit: 0.42389 | delta: 1.1e-04 | secs: 19.09285
INFO : RESCAL : [ 18] fit: 0.42399 | delta: 9.5e-05 | secs: 18.56830
INFO : RESCAL : [ 19] fit: 0.42407 | delta: 8.2e-05 | secs: 18.83346
[Fold 9] AUC-PR: 0.972900
