Thread(s) : 54
Fold      : 02
Debut     : 2026-05-29 07:28:06
====================================================

====================================================
Fold 02
====================================================
=== DATASET: fb15k237 | rank:200 | lambda_A:0.1 | lambda_R:0.1 ===
[Config] maxIter:20 | conv:1.0e-06 | threads:54
[Data]   n_entities:14541 | n_relations:237 | total_nnz:310116
[Data]   nnz:310116 | import_time:0.04 s
[Eval]   positifs:2000 | neg/pos:1 | folds:10 | mode:cross-validation CSR echantillonnee
INFO : RESCAL : [  0] fit: 0.29389 | delta: 2.9e-01 | secs: 19.08794
INFO : RESCAL : [  1] fit: 0.40459 | delta: 1.1e-01 | secs: 18.89989
INFO : RESCAL : [  2] fit: 0.41711 | delta: 1.3e-02 | secs: 19.06301
INFO : RESCAL : [  3] fit: 0.42194 | delta: 4.8e-03 | secs: 18.75383
INFO : RESCAL : [  4] fit: 0.42435 | delta: 2.4e-03 | secs: 18.83517
INFO : RESCAL : [  5] fit: 0.42569 | delta: 1.3e-03 | secs: 19.01317
INFO : RESCAL : [  6] fit: 0.42652 | delta: 8.3e-04 | secs: 18.70279
INFO : RESCAL : [  7] fit: 0.42708 | delta: 5.5e-04 | secs: 18.81912
INFO : RESCAL : [  8] fit: 0.42752 | delta: 4.4e-04 | secs: 19.10438
INFO : RESCAL : [  9] fit: 0.42787 | delta: 3.5e-04 | secs: 18.70692
INFO : RESCAL : [ 10] fit: 0.42817 | delta: 3.0e-04 | secs: 18.75345
INFO : RESCAL : [ 11] fit: 0.42842 | delta: 2.5e-04 | secs: 18.94342
INFO : RESCAL : [ 12] fit: 0.42865 | delta: 2.2e-04 | secs: 18.96328
INFO : RESCAL : [ 13] fit: 0.42884 | delta: 1.9e-04 | secs: 18.62474
INFO : RESCAL : [ 14] fit: 0.42901 | delta: 1.7e-04 | secs: 18.55443
INFO : RESCAL : [ 15] fit: 0.42915 | delta: 1.4e-04 | secs: 18.46900
INFO : RESCAL : [ 16] fit: 0.42927 | delta: 1.2e-04 | secs: 19.06981
INFO : RESCAL : [ 17] fit: 0.42938 | delta: 1.1e-04 | secs: 19.07101
INFO : RESCAL : [ 18] fit: 0.42947 | delta: 9.4e-05 | secs: 18.48156
INFO : RESCAL : [ 19] fit: 0.42956 | delta: 8.4e-05 | secs: 18.72254
[Fold 2] AUC-PR: 0.982376
