Thread(s) : 54
Fold      : 07
Debut     : 2026-05-29 07:28:06
====================================================

====================================================
Fold 07
====================================================
=== DATASET: fb15k237 | rank:200 | lambda_A:0.1 | lambda_R:0.1 ===
[Config] maxIter:20 | conv:1.0e-06 | threads:54
[Data]   n_entities:14541 | n_relations:237 | total_nnz:310116
[Data]   nnz:310116 | import_time:0.04 s
[Eval]   positifs:2000 | neg/pos:1 | folds:10 | mode:cross-validation CSR echantillonnee
INFO : RESCAL : [  0] fit: 0.29117 | delta: 2.9e-01 | secs: 19.05486
INFO : RESCAL : [  1] fit: 0.40333 | delta: 1.1e-01 | secs: 18.94714
INFO : RESCAL : [  2] fit: 0.41564 | delta: 1.2e-02 | secs: 18.94031
INFO : RESCAL : [  3] fit: 0.42015 | delta: 4.5e-03 | secs: 18.75510
INFO : RESCAL : [  4] fit: 0.42267 | delta: 2.5e-03 | secs: 18.85120
INFO : RESCAL : [  5] fit: 0.42434 | delta: 1.7e-03 | secs: 18.71734
INFO : RESCAL : [  6] fit: 0.42540 | delta: 1.1e-03 | secs: 18.32918
INFO : RESCAL : [  7] fit: 0.42609 | delta: 7.0e-04 | secs: 18.83960
INFO : RESCAL : [  8] fit: 0.42660 | delta: 5.0e-04 | secs: 18.57614
INFO : RESCAL : [  9] fit: 0.42699 | delta: 3.9e-04 | secs: 18.79831
INFO : RESCAL : [ 10] fit: 0.42730 | delta: 3.2e-04 | secs: 18.65055
INFO : RESCAL : [ 11] fit: 0.42757 | delta: 2.7e-04 | secs: 18.91350
INFO : RESCAL : [ 12] fit: 0.42781 | delta: 2.3e-04 | secs: 19.06650
INFO : RESCAL : [ 13] fit: 0.42801 | delta: 2.0e-04 | secs: 18.37972
INFO : RESCAL : [ 14] fit: 0.42818 | delta: 1.8e-04 | secs: 18.78699
INFO : RESCAL : [ 15] fit: 0.42834 | delta: 1.5e-04 | secs: 18.85005
INFO : RESCAL : [ 16] fit: 0.42847 | delta: 1.4e-04 | secs: 18.42237
INFO : RESCAL : [ 17] fit: 0.42859 | delta: 1.2e-04 | secs: 18.76699
INFO : RESCAL : [ 18] fit: 0.42870 | delta: 1.1e-04 | secs: 18.74767
INFO : RESCAL : [ 19] fit: 0.42879 | delta: 9.5e-05 | secs: 19.07991
[Fold 7] AUC-PR: 0.974960
